I/ActivityManager(  667): Delaying start of: ServiceRecord{52ab6854 u0 com.android.exchange/.service.EmailSyncAdapterService}
I/ActivityManager(  667): Start proc com.android.exchange for service com.android.exchange/.service.EmailSyncAdapterService: pid=1672 uid=10027 gids={50027, 3003, 1028, 1015}
I/ActivityManager(  667): Killing 919:com.android.settings/1000 (adj 15): empty #17
I/ActivityManager(  667): Resuming delayed broadcast
I/ActivityManager(  667): Killing 1191:eu.chainfire.supersu/u0a76 (adj 15): empty #17
I/ActivityManager(  667): Start proc com.genymotion.superuser for broadcast com.genymotion.superuser/com.koushikdutta.superuser.SuCheckerReceiver: pid=1688 uid=10049 gids={50049}
I/ActivityManager(  667): Start proc android.process.acore for content provider com.android.providers.contacts/.ContactsProvider2: pid=1716 uid=10002 gids={50002, 3003, 1028, 1015}
I/ActivityManager(  667): Killing 906:com.android.printspooler/u0a45 (adj 15): empty #17
I/ActivityManager(  667): Delay finish: com.google.android.gms/.app.receiver.SystemBroadcastReceiver
E/ActivityThread( 1144): Failed to find provider info for com.google.android.wearable.settings
I/ActivityManager(  667): Start proc com.google.android.gms.unstable for service com.google.android.gms/.droidguard.DroidGuardService: pid=1775 uid=10058 gids={50058, 3003, 1007, 1028, 1015, 3002, 3001, 3007, 2001, 3006}
W/SocketClient(  274): write error (Broken pipe)
I/ActivityManager(  667): Resuming delayed broadcast
I/ActivityManager(  667): Delay finish: com.google.android.gms/.security.verifier.BootCompleteReceiver
I/ActivityManager(  667): Resuming delayed broadcast
I/ActivityManager(  667): Delay finish: com.google.android.gms/.auth.api.credentials.sync.CredentialSyncReceiverService$Receiver
I/ActivityManager(  667): Resuming delayed broadcast
I/ActivityManager(  667): Killing 1244:com.google.android.marvin.talkback/u0a70 (adj 15): empty #17
I/ActivityManager(  667): Killing 1208:com.android.dialer/u0a4 (adj 15): empty #18
I/ActivityManager(  667): Start proc com.android.vending for broadcast com.android.vending/com.google.android.finsky.receivers.BootCompletedReceiver: pid=1812 uid=10067 gids={50067, 3003, 1028, 1015}
I/ActivityManager(  667): Killing 1401:com.android.mms/u0a9 (adj 15): empty #17
D/CountryDetector(  667): No listener is left
I/ActivityManager(  667): Start proc com.google.android.googlequicksearchbox:search for broadcast com.google.android.googlequicksearchbox/com.google.android.apps.gsa.search.core.StartUpReceiver: pid=1846 uid=10069 gids={50069, 3003, 1028, 3002, 1015, 3001}
I/ActivityManager(  667): Killing 1438:com.android.onetimeinitializer/u0a11 (adj 15): empty #17
D/ConnectivityService(  667): setProvNotificationVisible: E visible=false networkType=1 extraInfo=null url=null
D/ConnectivityService(  667): captivePortalCheckCompleted: ni=NetworkInfo: type: WIFI[], state: CONNECTED/CONNECTED, reason: (unspecified), extra: "WiredSSID", roaming: false, failover: false, isAvailable: true, isConnectedToProvisioningNetwork: false captive=false
W/SocketClient(  274): write error (Broken pipe)
I/ActivityManager(  667): Delay finish: com.google.android.googlequicksearchbox/com.google.android.apps.gsa.search.core.StartUpReceiver
I/ActivityManager(  667): Delaying start of: ServiceRecord{52aaa7ec u0 com.google.android.googlequicksearchbox/com.google.android.apps.gsa.sidekick.main.kato.ScreenOnService}
D/ConnectivityService(  667): handleInetConditionHoldEnd: net=1, condition=0, published condition=0
I/ActivityManager(  667): Waited long enough for: ServiceRecord{52a34d30 u0 com.android.music/.MediaPlaybackService}
I/ActivityManager(  667): Start proc com.google.android.googlequicksearchbox:interactor for service com.google.android.googlequicksearchbox/com.google.android.apps.gsa.sidekick.main.kato.ScreenOnService: pid=1961 uid=10069 gids={50069, 3003, 1028, 3002, 1015, 3001}
I/ActivityManager(  667): Resuming delayed broadcast
I/ActivityManager(  667): Delay finish: com.google.android.gm/.GoogleMailDeviceStartupReceiver
I/ActivityManager(  667): Resuming delayed broadcast
I/ActivityManager(  667): Delay finish: com.google.android.gm/.MailIntentReceiver
I/ActivityManager(  667): Resuming delayed broadcast
I/ActivityManager(  667): Delay finish: com.google.android.gm/com.android.email.service.EmailBroadcastReceiver
W/ActivityManager(  667): Unable to start service Intent { act=com.google.android.gm.email.EXCHANGE_INTENT pkg=com.google.android.gm.exchange } U=0: not found
W/ActivityManager(  667): Unable to start service Intent { act=com.google.android.gm.email.EXCHANGE_INTENT pkg=com.google.android.gm.exchange } U=0: not found
I/ActivityManager(  667): Resuming delayed broadcast
E/ActivityThread( 1306): Service com.android.email.service.EmailBroadcastProcessorService has leaked ServiceConnection com.android.emailcommon.service.as@5282dce8 that was originally bound here
E/ActivityThread( 1306): android.app.ServiceConnectionLeaked: Service com.android.email.service.EmailBroadcastProcessorService has leaked ServiceConnection com.android.emailcommon.service.as@5282dce8 that was originally bound here
E/ActivityThread( 1306): 	at android.app.LoadedApk$ServiceDispatcher.<init>(LoadedApk.java:979)
E/ActivityThread( 1306): 	at android.app.LoadedApk.getServiceDispatcher(LoadedApk.java:873)
E/ActivityThread( 1306): 	at android.app.ContextImpl.bindServiceCommon(ContextImpl.java:1569)
E/ActivityThread( 1306): 	at android.app.ContextImpl.bindService(ContextImpl.java:1552)
E/ActivityThread( 1306): 	at android.content.ContextWrapper.bindService(ContextWrapper.java:517)
E/ActivityThread( 1306): 	at com.android.emailcommon.service.aq.a(SourceFile:181)
E/ActivityThread( 1306): 	at com.android.emailcommon.service.aq.e(SourceFile:224)
E/ActivityThread( 1306): 	at com.android.email.service.l.c(SourceFile:168)
E/ActivityThread( 1306): 	at com.android.email.provider.b.a(SourceFile:201)
E/ActivityThread( 1306): 	at com.android.email.provider.b.a(SourceFile:145)
E/ActivityThread( 1306): 	at com.android.email.service.EmailBroadcastProcessorService.c(SourceFile:347)
E/ActivityThread( 1306): 	at com.android.email.service.EmailBroadcastProcessorService.onHandleIntent(SourceFile:1332)
E/ActivityThread( 1306): 	at android.app.IntentService$ServiceHandler.handleMessage(IntentService.java:65)
E/ActivityThread( 1306): 	at android.os.Handler.dispatchMessage(Handler.java:102)
E/ActivityThread( 1306): 	at android.os.Looper.loop(Looper.java:136)
E/ActivityThread( 1306): 	at android.os.HandlerThread.run(HandlerThread.java:61)
W/ActivityManager(  667): Unbind failed: could not find connection for android.os.BinderProxy@52a733f8
I/ActivityManager(  667): Delay finish: com.google.android.gms/.init.InitializeGmsReceiver
I/ActivityManager(  667): Resuming delayed broadcast
I/ActivityManager(  667): Delay finish: com.google.android.gms/.auth.be.account.AccountStatusChecker$InitializeReceiver
I/ActivityManager(  667): Resuming delayed broadcast
I/ActivityManager(  667): Start proc com.android.mms for broadcast com.android.mms/.transaction.MmsSystemEventReceiver: pid=1984 uid=10009 gids={50009, 3003, 1028, 1015}
D/CountryDetector(  667): The first listener is added
I/ActivityManager(  667): Start proc com.google.android.setupwizard for broadcast com.google.android.setupwizard/.MobileConnectivityChangeReceiver: pid=2009 uid=10068 gids={50068, 3003}
I/ActivityManager(  667): Killing 1457:com.android.voicedialer/u0a14 (adj 15): empty #17
I/ActivityManager(  667): Killing 1475:com.google.android.configupdater/u0a63 (adj 15): empty #17
W/SocketClient(  274): write error (Broken pipe)
E/ActivityThread( 1144): Failed to find provider info for com.google.android.wearable.settings
I/ActivityManager(  667): Start proc com.android.settings for broadcast com.android.settings/.widget.SettingsAppWidgetProvider: pid=2040 uid=1000 gids={41000, 1028, 1015, 3002, 3001, 3003}
I/ActivityManager(  667): Delay finish: com.google.android.gm/.MailIntentReceiver
I/ActivityManager(  667): Resuming delayed broadcast
I/ActivityManager(  667): Delay finish: com.google.android.gm/.widget.GmailWidgetProvider
I/ActivityManager(  667): Resuming delayed broadcast
I/ActivityManager(  667): Delay finish: com.google.android.gm/.widget.GmailWidgetProvider
I/ActivityManager(  667): Resuming delayed broadcast
I/ActivityManager(  667): Killing 1510:com.google.android.onetimeinitializer/u0a65 (adj 15): empty #17
I/ActivityManager(  667): Delay finish: com.android.calendar/.alerts.AlertReceiver
W/SocketClient(  274): write error (Broken pipe)
I/ActivityManager(  667): Resuming delayed broadcast
I/ActivityManager(  667): Delay finish: com.android.mms/.transaction.SmsReceiver
I/ActivityManager(  667): Resuming delayed broadcast
I/ActivityManager(  667): Delay finish: com.android.providers.calendar/.CalendarProviderBroadcastReceiver
I/ActivityManager(  667): Resuming delayed broadcast
I/ActivityManager(  667): Delay finish: com.android.mms/.transaction.SmsReceiver
I/ActivityManager(  667): Resuming delayed broadcast
I/ActivityManager(  667): Delay finish: com.google.android.gm/.widget.GmailWidgetProvider
I/ActivityManager(  667): Resuming delayed broadcast
I/ActivityManager(  667): Start proc eu.chainfire.supersu for broadcast eu.chainfire.supersu/.UserPresentReceiver: pid=2116 uid=10076 gids={50076}
I/PackageManager(  667): Adding preferred activity ComponentInfo{com.android.mms/com.android.mms.ui.ComposeMessageActivity} for user 0 :
I/PackageManager(  667): Adding preferred activity ComponentInfo{com.android.mms/com.android.mms.ui.ComposeMessageActivity} for user 0 :
I/PackageManager(  667): Adding preferred activity ComponentInfo{com.android.mms/com.android.mms.ui.ComposeMessageActivity} for user 0 :
I/PackageManager(  667): Adding preferred activity ComponentInfo{com.android.mms/com.android.mms.ui.ComposeMessageActivity} for user 0 :
I/PackageManager(  667): Adding preferred activity ComponentInfo{com.android.mms/com.android.mms.ui.ComposeMessageActivity} for user 0 :
I/PackageManager(  667): Adding preferred activity ComponentInfo{com.android.mms/com.android.mms.ui.ComposeMessageActivity} for user 0 :
I/PackageManager(  667): Adding preferred activity ComponentInfo{com.android.mms/com.android.mms.ui.ComposeMessageActivity} for user 0 :
I/PackageManager(  667): Adding preferred activity ComponentInfo{com.android.mms/com.android.mms.ui.ComposeMessageActivity} for user 0 :
I/ActivityManager(  667): Killing 1128:com.google.android.partnersetup/u0a66 (adj 15): empty #17
I/ActivityManager(  667): Start proc com.android.voicedialer for broadcast com.android.voicedialer/.VoiceDialerReceiver: pid=2132 uid=10014 gids={50014, 3002}
I/ActivityManager(  667): Killing 1672:com.android.exchange/u0a27 (adj 15): empty #17
I/ActivityManager(  667): Delay finish: com.google.android.googlequicksearchbox/com.google.android.apps.gsa.search.core.icingsync.IcingCorporaChangedReceiver
I/ActivityManager(  667): Resuming delayed broadcast
I/ActivityManager(  667): Start proc de.robv.android.xposed.installer for broadcast de.robv.android.xposed.installer/.PackageChangeReceiver: pid=2148 uid=10085 gids={50085, 1028, 1015, 3003}
I/ActivityManager(  667): Killing 1688:com.genymotion.superuser/u0a49 (adj 15): empty #17
D/ConnectivityService(  667): handleInetConditionHoldEnd: net=1, condition=0, published condition=0
I/ActivityManager(  667): START u0 {act=android.intent.action.MAIN cat=[android.intent.category.LAUNCHER] flg=0x10200000 cmp=com.android.dialer/.DialtactsActivity bnds=[72,1040][200,1168]} from pid 874
W/WindowManager(  667): Screenshot failure taking screenshot for (328x524) to layer 21005
I/ActivityManager(  667): Start proc com.android.dialer for activity com.android.dialer/.DialtactsActivity: pid=2172 uid=10004 gids={50004, 3003, 1028, 1015}
I/ActivityManager(  667): Waited long enough for: ServiceRecord{529d46ec u0 com.android.calendar/.alerts.InitAlarmsService}
I/ActivityManager(  667): Killing 1659:com.google.android.apps.genie.geniewidget/u0a55 (adj 15): empty #17
E/ActivityThread( 1144): Failed to find provider info for com.google.android.wearable.settings
W/SocketClient(  274): write error (Broken pipe)
I/ActivityManager(  667): START u0 {act=android.intent.action.CALL_PRIVILEGED dat=tel:xxxxxxxxxxxx flg=0x10000000 cmp=com.android.phone/.PrivilegedOutgoingCallBroadcaster} from pid 2172
W/WindowManager(  667): Screenshot failure taking screenshot for (328x524) to layer 21010
I/ActivityManager(  667): START u0 {act=com.android.phone.SIP_SELECT_PHONE dat=tel:xxxxxxxxxxxx flg=0x10000000 cmp=com.android.phone/.SipCallOptionHandler (has extras)} from pid 863
W/InputMethodManagerService(  667): Focus gain on non-focused client com.android.internal.view.IInputMethodClient$Stub$Proxy@52a971f4 (uid=1001 pid=863)
I/ActivityManager(  667): START u0 {flg=0x10800000 cmp=com.android.phone/.ErrorDialogActivity (has extras)} from pid 863
W/WindowManager(  667): Screenshot failure taking screenshot for (328x524) to layer 21020
D/ConnectivityService(  667): handleInetConditionHoldEnd: net=1, condition=0, published condition=0
I/ActivityManager(  667): Killing 1961:com.google.android.googlequicksearchbox:interactor/u0a69 (adj 15): empty #17
W/WindowManager(  667): Screenshot failure taking screenshot for (958x1533) to layer 21020
W/InputMethodManagerService(  667): Window already focused, ignoring focus gain of: com.android.internal.view.IInputMethodClient$Stub$Proxy@52aac19c attribute=null, token = android.os.BinderProxy@5299ed0c
I/ActivityManager(  667): Start proc com.google.android.apps.genie.geniewidget for service com.google.android.apps.genie.geniewidget/.sync.SyncAdapterService: pid=2213 uid=10055 gids={50055, 3003}
W/WindowManager(  667): Screenshot failure taking screenshot for (328x524) to layer 21010
W/WindowManager(  667): Screenshot failure taking screenshot for (328x524) to layer 21010
I/ActivityManager(  667): START u0 {act=android.intent.action.MAIN cat=[android.intent.category.HOME] flg=0x10200000 cmp=com.android.launcher/com.android.launcher2.Launcher} from pid 667
W/WindowManager(  667): Screenshot failure taking screenshot for (328x524) to layer 21010
W/InputMethodManagerService(  667): Starting input on non-focused client com.android.internal.view.IInputMethodClient$Stub$Proxy@529b46d8 (uid=10004 pid=2172)
I/PackageManager(  667): Adding preferred activity ComponentInfo{com.android.mms/com.android.mms.ui.ComposeMessageActivity} for user 0 :
I/PackageManager(  667): Adding preferred activity ComponentInfo{com.android.mms/com.android.mms.ui.ComposeMessageActivity} for user 0 :
I/PackageManager(  667): Adding preferred activity ComponentInfo{com.android.mms/com.android.mms.ui.ComposeMessageActivity} for user 0 :
I/PackageManager(  667): Adding preferred activity ComponentInfo{com.android.mms/com.android.mms.ui.ComposeMessageActivity} for user 0 :
I/PackageManager(  667): Adding preferred activity ComponentInfo{com.android.mms/com.android.mms.ui.ComposeMessageActivity} for user 0 :
I/PackageManager(  667): Adding preferred activity ComponentInfo{com.android.mms/com.android.mms.ui.ComposeMessageActivity} for user 0 :
I/PackageManager(  667): Adding preferred activity ComponentInfo{com.android.mms/com.android.mms.ui.ComposeMessageActivity} for user 0 :
I/PackageManager(  667): Adding preferred activity ComponentInfo{com.android.mms/com.android.mms.ui.ComposeMessageActivity} for user 0 :
I/ActivityManager(  667): START u0 {act=android.intent.action.MAIN cat=[android.intent.category.LAUNCHER] flg=0x10200000 cmp=jackpal.androidterm/.Term} from pid 874
W/WindowManager(  667): Screenshot failure taking screenshot for (328x524) to layer 21010
I/ActivityManager(  667): Start proc jackpal.androidterm for activity jackpal.androidterm/.Term: pid=2246 uid=10073 gids={50073, 3003, 1028, 1015}
W/WindowManager(  667): Screenshot failure taking screenshot for (328x524) to layer 21015
W/WindowManager(  667): Screenshot failure taking screenshot for (328x524) to layer 21015
I/ActivityManager(  667): Killing 2009:com.google.android.setupwizard/u0a68 (adj 15): empty #17
I/ActivityManager(  667): START u0 {act=android.intent.action.MAIN cat=[android.intent.category.HOME] flg=0x10200000 cmp=com.android.launcher/com.android.launcher2.Launcher} from pid 667
W/WindowManager(  667): Screenshot failure taking screenshot for (328x524) to layer 21015
W/InputMethodManagerService(  667): Starting input on non-focused client com.android.internal.view.IInputMethodClient$Stub$Proxy@52a224f4 (uid=10073 pid=2246)
I/ActivityManager(  667): Killing 2040:com.android.settings/1000 (adj 15): empty #17
I/ActivityManager(  667): START u0 {act=android.intent.action.MAIN cat=[android.intent.category.LAUNCHER] flg=0x10200000 cmp=com.android.settings/.Settings} from pid 874
W/WindowManager(  667): Screenshot failure taking screenshot for (328x524) to layer 21015
I/ActivityManager(  667): Start proc com.android.settings for activity com.android.settings/.Settings: pid=2294 uid=1000 gids={41000, 1028, 1015, 3002, 3001, 3003}
D/WifiService(  667): setWifiEnabled: true pid=2294, uid=1000
I/ActivityManager(  667): START u0 {act=android.intent.action.MAIN cmp=com.android.settings/.SubSettings (has extras)} from pid 2294
D/ConnectivityService(  667): handleInetConditionHoldEnd: net=1, condition=0, published condition=0
W/WindowManager(  667): Screenshot failure taking screenshot for (328x524) to layer 21025
W/WindowManager(  667): Screenshot failure taking screenshot for (328x524) to layer 21025
I/ActivityManager(  667): START u0 {act=android.intent.action.MAIN cat=[android.intent.category.HOME] flg=0x10200000 cmp=com.android.launcher/com.android.launcher2.Launcher} from pid 667
W/WindowManager(  667): Screenshot failure taking screenshot for (328x524) to layer 21025
W/InputMethodManagerService(  667): Starting input on non-focused client com.android.internal.view.IInputMethodClient$Stub$Proxy@52a54314 (uid=1000 pid=2294)
I/ActivityManager(  667): START u0 {act=android.intent.action.MAIN cat=[android.intent.category.HOME] flg=0x10200000 cmp=com.android.launcher/com.android.launcher2.Launcher} from pid 667
I/ActivityManager(  667): Start proc com.android.musicfx for broadcast com.android.musicfx/.ControlPanelReceiver: pid=2325 uid=10010 gids={50010, 3003, 3002}
I/ActivityManager(  667): Killing 1079:com.android.music/u0a36 (adj 15): empty #17
I/ActivityManager(  667): Killing 1575:com.android.deskclock/u0a24 (adj 15): empty #17
D/ConnectivityService(  667): Sampling interval elapsed, updating statistics ..
D/ConnectivityService(  667): Done.
D/ConnectivityService(  667): Setting timer for 720seconds
E/ActivityThread( 1144): Failed to find provider info for com.google.android.wearable.settings
W/SocketClient(  274): write error (Broken pipe)
I/ActivityManager(  667): Start proc com.android.defcontainer for service com.android.defcontainer/.DefaultContainerService: pid=2369 uid=10003 gids={50003, 1028, 1015, 1023, 2001, 1035}
W/ActivityManager(  667): No content provider found for permission revoke: file:///data/local/tmp/test.apk
W/ActivityManager(  667): No content provider found for permission revoke: file:///data/local/tmp/test.apk
I/PackageManager(  667): Copying native libraries to /data/app-lib/vmdl-1096916608
I/ActivityManager(  667): Force stopping com.dumplingsandwich.pencilsketch appid=10019 user=-1: update pkg
W/PackageSettings(  667): Skipping PackageSetting{5283b45c com.example.android.apis/10053} due to missing metadata
W/PackageManager(  667): Not granting permission android.permission.SEND_DOWNLOAD_COMPLETED_INTENTS to package com.dumplingsandwich.pencilsketch (protectionLevel=2 flags=0x18bc44)
W/PackageSettings(  667): Skipping PackageSetting{5283b45c com.example.android.apis/10053} due to missing metadata
I/PackageManager(  667): Adding preferred activity ComponentInfo{com.android.mms/com.android.mms.ui.ComposeMessageActivity} for user 0 :
I/PackageManager(  667): Adding preferred activity ComponentInfo{com.android.mms/com.android.mms.ui.ComposeMessageActivity} for user 0 :
I/PackageManager(  667): Adding preferred activity ComponentInfo{com.android.mms/com.android.mms.ui.ComposeMessageActivity} for user 0 :
I/PackageManager(  667): Adding preferred activity ComponentInfo{com.android.mms/com.android.mms.ui.ComposeMessageActivity} for user 0 :
I/PackageManager(  667): Adding preferred activity ComponentInfo{com.android.mms/com.android.mms.ui.ComposeMessageActivity} for user 0 :
I/PackageManager(  667): Adding preferred activity ComponentInfo{com.android.mms/com.android.mms.ui.ComposeMessageActivity} for user 0 :
I/PackageManager(  667): Adding preferred activity ComponentInfo{com.android.mms/com.android.mms.ui.ComposeMessageActivity} for user 0 :
D/BackupManagerService(  667): Received broadcast Intent { act=android.intent.action.PACKAGE_ADDED dat=package:com.dumplingsandwich.pencilsketch flg=0x4000010 (has extras) }
V/BackupManagerService(  667): addPackageParticipantsLocked: #1
I/PackageManager(  667): Adding preferred activity ComponentInfo{com.android.mms/com.android.mms.ui.ComposeMessageActivity} for user 0 :
I/ActivityManager(  667): Delay finish: com.android.musicfx/.Compatibility$Receiver
I/PackageManager(  667): Adding preferred activity ComponentInfo{com.android.mms/com.android.mms.ui.ComposeMessageActivity} for user 0 :
I/PackageManager(  667): Adding preferred activity ComponentInfo{com.android.mms/com.android.mms.ui.ComposeMessageActivity} for user 0 :
I/PackageManager(  667): Adding preferred activity ComponentInfo{com.android.mms/com.android.mms.ui.ComposeMessageActivity} for user 0 :
I/PackageManager(  667): Adding preferred activity ComponentInfo{com.android.mms/com.android.mms.ui.ComposeMessageActivity} for user 0 :
I/PackageManager(  667): Adding preferred activity ComponentInfo{com.android.mms/com.android.mms.ui.ComposeMessageActivity} for user 0 :
I/ActivityManager(  667): Resuming delayed broadcast
I/PackageManager(  667): Adding preferred activity ComponentInfo{com.android.mms/com.android.mms.ui.ComposeMessageActivity} for user 0 :
I/PackageManager(  667): Adding preferred activity ComponentInfo{com.android.mms/com.android.mms.ui.ComposeMessageActivity} for user 0 :
I/PackageManager(  667): Adding preferred activity ComponentInfo{com.android.mms/com.android.mms.ui.ComposeMessageActivity} for user 0 :
I/ActivityManager(  667): Start proc com.google.android.partnersetup for broadcast com.google.android.partnersetup/.RlzPingBroadcastReceiver: pid=2393 uid=10066 gids={50066, 3003}
I/ActivityManager(  667): Start proc com.svox.pico for broadcast com.svox.pico/.VoiceDataInstallerReceiver: pid=2411 uid=10043 gids={50043, 1028, 1015}
I/ActivityManager(  667): Start proc com.genymotion.superuser for broadcast com.genymotion.superuser/com.koushikdutta.superuser.PackageChangeReceiver: pid=2425 uid=10049 gids={50049}
I/ActivityManager(  667): Killing 1600:com.android.email/u0a26 (adj 15): empty #17
I/ActivityManager(  667): Killing 1099:android.process.media/u0a5 (adj 15): empty #17
I/ActivityManager(  667): Delay finish: com.google.android.gms/.wallet.receiver.PackageAddedBroadcastReceiver
I/ActivityManager(  667): Resuming delayed broadcast
I/ActivityManager(  667): Delay finish: com.android.vending/com.google.android.finsky.receivers.PackageMonitorReceiver$RegisteredReceiver
I/ActivityManager(  667): Resuming delayed broadcast
I/ActivityManager(  667): Delay finish: com.google.android.googlequicksearchbox/com.google.android.apps.gsa.search.core.icingsync.IcingCorporaChangedReceiver
I/ActivityManager(  667): Resuming delayed broadcast
I/ActivityManager(  667): START u0 {flg=0x10000000 cmp=com.dumplingsandwich.pencilsketch/.activities.SplashScreenActivity} from pid 2437
W/WindowManager(  667): Screenshot failure taking screenshot for (328x524) to layer 21025
I/ActivityManager(  667): Start proc com.dumplingsandwich.pencilsketch for activity com.dumplingsandwich.pencilsketch/.activities.SplashScreenActivity: pid=2458 uid=10019 gids={50019, 3003, 1028, 1015}
I/ActivityManager(  667): START u0 {flg=0x10000000 cmp=com.dumplingsandwich.pencilsketch/.activities.SplashScreenActivity} from pid 2471
W/ActivityManager(  667): Permission Denial: getTasks() from pid=2458, uid=10019 requires android.permission.GET_TASKS
E/ActivityThread( 2458): Failed to find provider info for com.facebook.katana.provider.AttributionIdProvider
E/ActivityThread( 2458): Failed to find provider info for com.facebook.katana.provider.AttributionIdProvider
W/ActivityThread( 2458): ClassLoader.loadClass: The class loader returned by Thread.getContextClassLoader() may fail for processes that host multiple applications. You should explicitly specify a context class loader. For example: Thread.setContextClassLoader(getClass().getClassLoader());
I/ActivityManager(  667): START u0 {cmp=com.dumplingsandwich.pencilsketch/.activities.MainActivity} from pid 2458
I/ActivityManager(  667): Force stopping com.dumplingsandwich.pencilsketch appid=10019 user=0: from pid 2562
I/ActivityManager(  667): Killing 2458:com.dumplingsandwich.pencilsketch/u0a19 (adj 0): stop com.dumplingsandwich.pencilsketch
W/ActivityManager(  667): Force removing ActivityRecord{52a315b4 u0 com.dumplingsandwich.pencilsketch/.activities.MainActivity t7}: app died, no saved state
I/WindowState(  667): WIN DEATH: Window{529fe488 u0 com.dumplingsandwich.pencilsketch/com.dumplingsandwich.pencilsketch.activities.MainActivity}
W/InputMethodManagerService(  667): Got RemoteException sending setActive(false) notification to pid 2458 uid 10019
I/ActivityManager(  667): START u0 {flg=0x10000000 cmp=com.dumplingsandwich.pencilsketch/com.adobe.creativesdk.aviary.AdobeImageEditorActivity} from pid 2573
W/WindowManager(  667): Screenshot failure taking screenshot for (328x524) to layer 21025
I/ActivityManager(  667): Start proc com.dumplingsandwich.pencilsketch for activity com.dumplingsandwich.pencilsketch/com.adobe.creativesdk.aviary.AdobeImageEditorActivity: pid=2584 uid=10019 gids={50019, 3003, 1028, 1015}
I/ActivityManager(  667): Start proc com.dumplingsandwich.pencilsketch:cds for service com.dumplingsandwich.pencilsketch/com.adobe.creativesdk.aviary.internal.cds.CdsService: pid=2612 uid=10019 gids={50019, 3003, 1028, 1015}
I/WindowManager(  667): Screenshot max retries 4 of Token{529b925c ActivityRecord{52a4c288 u0 com.dumplingsandwich.pencilsketch/com.adobe.creativesdk.aviary.AdobeImageEditorActivity t8 f}} appWin=Window{52a76368 u0 Starting com.dumplingsandwich.pencilsketch} drawState=4
W/WindowManager(  667): Screenshot failure taking screenshot for (800x1280) to layer 21030
E/ActivityThread( 2584): Failed to find provider info for com.facebook.katana.provider.AttributionIdProvider
W/InputMethodManagerService(  667): Window already focused, ignoring focus gain of: com.android.internal.view.IInputMethodClient$Stub$Proxy@52a6a3bc attribute=null, token = android.os.BinderProxy@52a45f30
W/ActivityManager(  667): Unbind failed: could not find connection for android.os.BinderProxy@52a0ecf8
W/WindowManager(  667): Rebuild removed 6 windows but added 5
W/WindowManager(  667): java.lang.RuntimeException: here
W/WindowManager(  667): 	at com.android.server.wm.WindowManagerService.rebuildAppWindowListLocked(WindowManagerService.java:8011)
W/WindowManager(  667): 	at com.android.server.wm.WindowManagerService.rebuildAppWindowListLocked(WindowManagerService.java:7947)
W/WindowManager(  667): 	at com.android.server.wm.WindowManagerService.handleAnimatingStoppedAndTransitionLocked(WindowManagerService.java:8691)
W/WindowManager(  667): 	at com.android.server.wm.WindowManagerService.performLayoutAndPlaceSurfacesLockedInner(WindowManagerService.java:9205)
W/WindowManager(  667): 	at com.android.server.wm.WindowManagerService.performLayoutAndPlaceSurfacesLockedLoop(WindowManagerService.java:8163)
W/WindowManager(  667): 	at com.android.server.wm.WindowManagerService.performLayoutAndPlaceSurfacesLocked(WindowManagerService.java:8105)
W/WindowManager(  667): 	at com.android.server.wm.WindowManagerService.access$300(WindowManagerService.java:157)
W/WindowManager(  667): 	at com.android.server.wm.WindowManagerService$H.handleMessage(WindowManagerService.java:7139)
W/WindowManager(  667): 	at android.os.Handler.dispatchMessage(Handler.java:102)
W/WindowManager(  667): 	at android.os.Looper.loop(Looper.java:136)
W/WindowManager(  667): 	at android.os.HandlerThread.run(HandlerThread.java:61)
W/WindowManager(  667): This window was lost: Window{52a76368 u0 Starting com.dumplingsandwich.pencilsketch}
W/WindowManager(  667): mDisplayId=0 mSession=Session{529f5d04 667:1000} mClient=android.view.ViewRootImpl$W@52a3f778
W/WindowManager(  667): mOwnerUid=1000 mShowToOwnerOnly=false package=com.dumplingsandwich.pencilsketch appop=NONE
W/WindowManager(  667): mAttrs=WM.LayoutParams{(0,0)(fillxfill) sim=#20 ty=3 fl=#1830118 pfl=0x19 wanim=0x10302a1}
W/WindowManager(  667): Requested w=800 h=1184 mLayoutSeq=201
W/WindowManager(  667): mBaseLayer=21000 mSubLayer=0 mAnimLayer=21025+0=21025 mLastLayer=22025
W/WindowManager(  667): mToken=AppWindowToken{52ad42c0 token=Token{529b925c ActivityRecord{52a4c288 u0 com.dumplingsandwich.pencilsketch/com.adobe.creativesdk.aviary.AdobeImageEditorActivity t8}}}
W/WindowManager(  667): mRootToken=AppWindowToken{52ad42c0 token=Token{529b925c ActivityRecord{52a4c288 u0 com.dumplingsandwich.pencilsketch/com.adobe.creativesdk.aviary.AdobeImageEditorActivity t8}}}
W/WindowManager(  667): mAppToken=AppWindowToken{52ad42c0 token=Token{529b925c ActivityRecord{52a4c288 u0 com.dumplingsandwich.pencilsketch/com.adobe.creativesdk.aviary.AdobeImageEditorActivity t8}}}
W/WindowManager(  667): mViewVisibility=0x0 mHaveFrame=true mObscured=false
W/WindowManager(  667): mSeq=0 mSystemUiVisibility=0x0
W/WindowManager(  667): mGivenContentInsets=[0,0][0,0] mGivenVisibleInsets=[0,0][0,0]
W/WindowManager(  667): mConfiguration={1.0 ?mcc?mnc en_US ldltr sw400dp w400dp h567dp 320dpi nrml port -touch qwerty/v/v -nav/h s.5}
W/WindowManager(  667): mHasSurface=true mShownFrame=[0.0,0.0][800.0,1184.0] isReadyForDisplay()=false
W/WindowManager(  667): mFrame=[0,0][800,1184] last=[0,0][800,1184]
W/WindowManager(  667): mSystemDecorRect=[0,50][800,1184] last=[0,50][800,1184]
W/WindowManager(  667): Frames: containing=[0,0][800,1184] parent=[0,0][800,1184]
W/WindowManager(  667):     display=[0,0][800,1184] overscan=[0,0][800,1280]
W/WindowManager(  667):     content=[0,50][800,1184] visible=[0,50][800,1184]
W/WindowManager(  667):     decor=[0,50][800,1184]
W/WindowManager(  667): Cur insets: overscan=[0,0][0,0] content=[0,50][0,0] visible=[0,50][0,0]
W/WindowManager(  667): Lst insets: overscan=[0,0][0,0] content=[0,50][0,0] visible=[0,50][0,0]
W/WindowManager(  667): WindowStateAnimator{52b4928c Starting com.dumplingsandwich.pencilsketch}:
W/WindowManager(  667):   mSurface=Surface(name=Starting com.dumplingsandwich.pencilsketch)
W/WindowManager(  667):   mDrawState=HAS_DRAWN mLastHidden=true
W/WindowManager(  667):   Surface: shown=false layer=22025 alpha=0.0 rect=(0.0,0.0) 800.0 x 1184.0
W/WindowManager(  667):   mShownAlpha=1.0 mAlpha=1.0 mLastAlpha=0.0
W/WindowManager(  667): Current app token list:
V/WindowManager(  667):   Display 0
V/WindowManager(  667):   #4: Token{529f2eb0 ActivityRecord{529d16b8 u0 com.android.launcher/com.android.launcher2.Launcher t1}}
V/WindowManager(  667):   #3: Token{52a5e918 ActivityRecord{52a32e28 u0 com.android.settings/.SubSettings t6}}
V/WindowManager(  667):   #2: Token{52a42d54 ActivityRecord{529f530c u0 com.android.settings/.Settings t6}}
V/WindowManager(  667):   #1: Token{52ae0158 ActivityRecord{52ae00a8 u0 jackpal.androidterm/.Term t5}}
V/WindowManager(  667):   #0: Token{529b5e48 ActivityRecord{529ce0bc u0 com.android.dialer/.DialtactsActivity t2}}
W/WindowManager(  667): Final window list:
V/WindowManager(  667):   #0: Window{529d98cc u0 SearchPanel}
V/WindowManager(  667):   #1: Window{529d0acc u0 NavigationBar}
V/WindowManager(  667):   #2: Window{529bb87c u0 StatusBar}
V/WindowManager(  667):   #3: Window{529aa2b0 u0 Keyguard}
V/WindowManager(  667):   #4: Window{529f6690 u0 KeyguardScrim}
V/WindowManager(  667):   #5: Window{52a2c63c u0 com.android.launcher/com.android.launcher2.Launcher}
V/WindowManager(  667):   #6: Window{52aacc60 u0 com.android.settings/com.android.settings.SubSettings}
V/WindowManager(  667):   #7: Window{52a7ba38 u0 com.android.settings/com.android.settings.Settings}
V/WindowManager(  667):   #8: Window{52a14510 u0 jackpal.androidterm/jackpal.androidterm.Term}
V/WindowManager(  667):   #9: Window{52a42054 u0 com.android.dialer/com.android.dialer.DialtactsActivity}
V/WindowManager(  667):   #10: Window{52a1db68 u0 com.android.systemui.ImageWallpaper}
I/ActivityManager(  667): Killing 1984:com.android.mms/u0a9 (adj 15): empty #17
I/ActivityManager(  667): Killing 1546:com.android.calendar/u0a21 (adj 15): empty #17
I/ActivityManager(  667): Force stopping com.dumplingsandwich.pencilsketch appid=10019 user=0: from pid 2655
I/ActivityManager(  667): Killing 2612:com.dumplingsandwich.pencilsketch:cds/u0a19 (adj 11): stop com.dumplingsandwich.pencilsketch
I/ActivityManager(  667): Killing 2584:com.dumplingsandwich.pencilsketch/u0a19 (adj 9): stop com.dumplingsandwich.pencilsketch
I/ActivityManager(  667): START u0 {flg=0x10000000 cmp=com.dumplingsandwich.pencilsketch/com.adobe.creativesdk.foundation.internal.storage.utils.CopyToClipboardActivity} from pid 2665
W/WindowManager(  667): Screenshot failure taking screenshot for (328x524) to layer 21025
I/ActivityManager(  667): Start proc com.dumplingsandwich.pencilsketch for activity com.dumplingsandwich.pencilsketch/com.adobe.creativesdk.foundation.internal.storage.utils.CopyToClipboardActivity: pid=2675 uid=10019 gids={50019, 3003, 1028, 1015}
I/WindowManager(  667): Screenshot max retries 4 of Token{52a64ae8 ActivityRecord{52b79954 u0 com.dumplingsandwich.pencilsketch/com.adobe.creativesdk.foundation.internal.storage.utils.CopyToClipboardActivity t9 f}} appWin=Window{52ad3224 u0 Starting com.dumplingsandwich.pencilsketch} drawState=4
W/WindowManager(  667): Screenshot failure taking screenshot for (800x1280) to layer 21030
W/InputMethodManagerService(  667): Window already focused, ignoring focus gain of: com.android.internal.view.IInputMethodClient$Stub$Proxy@529d0620 attribute=null, token = android.os.BinderProxy@52a45f30
D/ConnectivityService(  667): handleInetConditionHoldEnd: net=1, condition=0, published condition=0
I/ActivityManager(  667): Force stopping com.dumplingsandwich.pencilsketch appid=10019 user=0: from pid 2697
I/ActivityManager(  667): Killing 2675:com.dumplingsandwich.pencilsketch/u0a19 (adj 9): stop com.dumplingsandwich.pencilsketch
I/ActivityManager(  667): START u0 {flg=0x10000000 cmp=com.dumplingsandwich.pencilsketch/.activities.SplashScreenActivity} from pid 2707
W/WindowManager(  667): Screenshot failure taking screenshot for (328x524) to layer 21025
I/ActivityManager(  667): Start proc com.dumplingsandwich.pencilsketch for activity com.dumplingsandwich.pencilsketch/.activities.SplashScreenActivity: pid=2717 uid=10019 gids={50019, 3003, 1028, 1015}
W/ActivityManager(  667): Permission Denial: getTasks() from pid=2717, uid=10019 requires android.permission.GET_TASKS
E/ActivityThread( 2717): Failed to find provider info for com.facebook.katana.provider.AttributionIdProvider
W/ActivityThread( 2717): ClassLoader.loadClass: The class loader returned by Thread.getContextClassLoader() may fail for processes that host multiple applications. You should explicitly specify a context class loader. For example: Thread.setContextClassLoader(getClass().getClassLoader());
--------- beginning of /dev/log/main
I/Xposed  ( 2717): Droidmon-apimonitor-com.dumplingsandwich.pencilsketch:{"timestamp":1464091590417,"class":"javax.crypto.spec.SecretKeySpec","method":"javax.crypto.spec.SecretKeySpec","type":"crypto","args":["\n0x00000000 AD 30 AE 7D 0C 88 1F DB 69 BF 49 45 21 67 9C E2 .0.}....i.IE!g..","AES"]}
I/Xposed  ( 2717): Droidmon-apimonitor-com.dumplingsandwich.pencilsketch:{"timestamp":1464091590418,"result":"\n0x00000000 50 4B 03 04 14 00 08 08 08 00 65 62 53 47 00 00 PK........ebSG..\n0x00000010 00 00 00 00 00 00 00 00 00 00 09 00 04 00 4D 45 ..............ME\n0x00000020 54 41 2D 49 4E 46 2F FE CA 00 00 03 00 50 4B 07 TA-INF\/......PK.\n0x00000030 08 00 00 00 00 02 00 00 00 00 00 00 00 50 4B 03 .............PK.\n0x00000040 04 14 00 08 08 08 00 65 62 53 47 00 00 00 00 00 .......ebSG.....\n0x00000050 00 00 00 00 00 00 00 14 00 00 00 4D 45 54 41 2D ...........META-\n0x00000060 49 4E 46 2F 4D 41 4E 49 46 45 53 54 2E 4D 46 F3 INF\/MANIFEST.MF.\n0x00000070 4D CC CB 4C 4B 2D 2E D1 0D 4B 2D 2A CE CC CF B3 M..LK-...K-*....\n0x00000080 52 30 D4 33 E0 E5 72 2E 4A 4D 2C 49 4D D1 75 AA R0.3..r.JM,IM.u.\n0x00000090 04 09 98 EB 19 C4 9B 5B 2A 68 F8 17 25 26 E7 A4 .......[*h..%&..\n0x000000A0 2A 38 E7 17 15 E4 17 25 96 00 95 6B F2 72 F1 72 *8.....%...k.r.r\n0x000000B0 01 00 50 4B 07 08 B7 8C 71 89 43 00 00 00 44 00 ..PK....q.C...D.\n0x000000C0 00 00 50 4B 03 04 14 00 08 08 08 00 65 62 53 47 ..PK........ebSG\n0x000000D0 00 00 00 00 00 00 00 00 00 00 00 00 0B 00 00 00 ................\n0x000000E0 63 6C 61 73 73 65 73 2E 64 65 78 CD 9A 7B 70 DC classes.dex..{p.\n0x000000F0 D5 75 C7 CF FD ED 7B B5 92 57 3F BD D7 B2 BD 92 .u....{..W?.....\n0x00000100 6C B3 F2 43 BB 96 64 5B B6 6C D0 D3 20 2C DB 8A l..C..d[.l...,..\n0x00000110 24 0B 1B 27 C0 4F BB 3F AD D7 5E FD 76 BD 0F 59 $..'.O.?..^.v..Y\n0x00000120 26 85 E0 92 04 17 48 13 52 D2 42 4B 5A D3 90 52 &.....H.R.BKZ..R\n0x00000130 5A 77 C2 34 4D DB 0C 84 B6 19 32 75 A7 38 93 B6 Zw.4M.....2u.8..\n0x00000140 94 81 34 24 33 19 D3 52 1A 08 D3 12 DA 50 27 EE ..4$3..R.....P'.\n0x00000150 F7 DC DF 5D 69 8D 2D 2B FF B4 53 69 3E 7B CE 7D ...]i.-+..Si>{.}\n0x00000160 FE EE E3 9C 73 EF 3E 12 E6 BC 3F D6 B5 95 5E F9 ....s.>...?...^.\n0x00000170 FC 85 6F DC 73 E6 F1 17 BA DF 9C F5 36 25 CF 1C ..o.s.......6%..\n0x00000180 6C 3D 52 F7 F1 9B 5E DA F9 7E ED 3A A2 2C 11 CD l=R...^....:.,..\n0x00000190 4F 75 EB A4 FE EE 5B 4B 74 8E EC FC 61 10 76 10 Ou....[Kt...a.v.\n0x000001A0 6D 87 EC 76 12 AD 80 3C EF 26 BA 03 B2 CF 43 54 m..v...<.&....CT\n0x000001B0 09 19 F3 13 0D 35 11 7D A7 82 E8 D6 46 A2 51 30 .....5.}....F.Q0\n0x000001C0 01 0E 03 13 9C 02 0F 80 47 C0 E3 E0 2C 78 1A 7C ........G...,x.|\n0x000001D0 05 FC 31 F8 1A F8 3A F8 06 F8 26 F8 16 38 0F 2E ..1...:...&..8..\n0x000001E0 80 BF 03 FF 08 BE 0B 7E 00 DE 00 21 3C 6B 07 B8 ...........!<k..\n0x000001F0 03 9C 06 4F 80 3F 05 AF 80 FF 02 5D 21 A2 43 60 ...O.?.....]!.C`\n0x00000200 1E 7C 11 BC 00 BE 0B DE 01 FA 4A A2 2D 60 04 98 .|........J.-`..\n0x00000210 E0 7E F0 14 F8 16 F8 67 E0 69 26 8A 80 11 70 0C .......g.i&...p.\n0x00000220 3C 04 CE 81 0B E0 1D B0 62 15 E6 0B FA C0 11 90 <.......b.......\n0x00000230 03 9F 02 CF 80 E7 C0 F7 01 AD 26 AA 05 5D E0 66 ..........&..].f\n0x00000240 30 0D 3E 03 9E 07 AF 82 77 81 67 0D D1 7A 30 06 0.>.....w.g..z0.\n0x00000250 92 E0 1E F0 59 F0 65 F0 67 E0 6F C1 0F C0 45 F0 ....Y.e.g.o...E.\n0x00000260 36 78 0F FC 0C 88 30 91 13 78 41 25 A8 06 75 60 6x....0..xA%..u`\n0x00000270 25 58 0D 5A C1 7A B0 01 EC 05 77 82 02 38 09 4E %X.Z.z....w..8.N\n0x00000280 83 4F 83 3F 02 5F 07 7F 05 5E 04 17 C0 CB E0 75 .O.?._...^.....u\n0x00000290 F0 06 F8 31 F8 4F 70 19 78 5A 88 82 A0 0E 84 C1 ...1.Op.xZ......\n0x000002A0 06 B0 0B 8C 81 38 C8 82 7B C1 43 E0 31 F0 25 F0 .....8..{.C.1.%.\n0x000002B0 15 F0 17 E0 EF C1 0F C1 07 C0 D3 4A D4 00 D6 81 ...........J....\n0x000002C0 DD E0 16 70 3B 88 83 1C 98 07 F7 82 07 C0 17 C0 ...p;...........\n0x000002D0 93 E0 19 F0 55 F0 1C F8 26 B8 00 FE 01 7C 0F FC ....U...&....|..\n0x000002E0 2B 78 1F 5C 02 55 6D 18 1F 68 01 ED A0 1B F4 83 +x.\\.Um..h......\n0x000002F0 BD E0 10 30 40 0A E4 C0 27 C0 C3 E0 71 F0 24 80 ...0@...'...q.$.\n0x00000300 C9 52 00 04 01 4C 8B 60 3E 04 33 21 98 02 61 BB .R...L.`>.3!..a.\n0x00000310 49 6D 27 AD 61 3F 00 98 0A E1 91 84 A6 04 37 21 Im'.a?........7!\n0x00000320 B8 0F AD 07 37 80 08 68 07 1B C0 46 B0 09 6C 06 ....7..h...F..l.\n0x00000330 1D 20 CA 7E 02 B6 80 4E D0 C5 FE 
I/Xposed  ( 2717): Droidmon-apimonitor-com.dumplingsandwich.pencilsketch:{"timestamp":1464091590565,"result":{"descriptor":96},"class":"libcore.io.IoBridge","method":"open","type":"file","args":["\/data\/data\/com.dumplingsandwich.pencilsketch\/cache\/ads1463872402.jar","577"]}
W/linker  ( 2772): libdvm.so has text relocations. This is wasting memory and is a security risk. Please fix.
I/Xposed  ( 2717): Droidmon-apimonitor-com.dumplingsandwich.pencilsketch:{"timestamp":1464091590641,"class":"dalvik.system.DexFile","method":"dalvik.system.DexFile","type":"dex","args":["\/data\/data\/com.dumplingsandwich.pencilsketch\/cache\/ads1463872402.jar","\/data\/data\/com.dumplingsandwich.pencilsketch\/cache\/ads1463872402.dex","0"]}
I/Xposed  ( 2717): Droidmon-apimonitor-com.dumplingsandwich.pencilsketch:{"timestamp":1464091590642,"result":{"mCookie":-1201281448,"mFileName":"\/data\/data\/com.dumplingsandwich.pencilsketch\/cache\/ads1463872402.jar","guard":{}},"class":"dalvik.system.DexFile","method":"loadDex","type":"dex","args":["\/data\/data\/com.dumplingsandwich.pencilsketch\/cache\/ads1463872402.jar","\/data\/data\/com.dumplingsandwich.pencilsketch\/cache\/ads1463872402.dex","0"]}
I/Xposed  ( 2717): Droidmon-apimonitor-com.dumplingsandwich.pencilsketch:{"timestamp":1464091590644,"class":"dalvik.system.DexClassLoader","method":"dalvik.system.DexClassLoader","type":"dex","args":["\/data\/data\/com.dumplingsandwich.pencilsketch\/cache\/ads1463872402.jar","\/data\/data\/com.dumplingsandwich.pencilsketch\/cache","dalvik.system.PathClassLoader[DexPathList[[zip file \"\/data\/app\/com.dumplingsandwich.pencilsketch-1.apk\"],nativeLibraryDirectories=[\/data\/app-lib\/com.dumplingsandwich.pencilsketch-1, \/system\/lib]]]"]}
I/Xposed  ( 2717): Droidmon-apimonitor-com.dumplingsandwich.pencilsketch:{"timestamp":1464091590645,"result":"\n0x00000000 92 DA 11 7F 23 A7 A0 ED 54 8D 01 E7 0A 4A B9 22 ....#...T....J.\"\n0x00000010 D3 A9 5B 46 B1 50 CB D6 77 37 08 C2 3D F0 C1 6F ..[F.P..w7..=..o\n0x00000020 05 9D 50 B9 84 87 D8 90 6C 22 46 E3 C2 06 7A BE ..P.....l\"F...z.","class":"android.util.Base64","method":"decode","type":"generic","args":["ktoRfyOnoO1UjQHnCkq5ItOpW0axUMvWdzcIwj3wwW8FnVC5hIfYkGwiRuPCBnq+","0","64","2"]}
I/Xposed  ( 2717): Droidmon-apimonitor-com.dumplingsandwich.pencilsketch:{"timestamp":1464091590646,"result":"\n0x00000000 92 DA 11 7F 23 A7 A0 ED 54 8D 01 E7 0A 4A B9 22 ....#...T....J.\"\n0x00000010 D3 A9 5B 46 B1 50 CB D6 77 37 08 C2 3D F0 C1 6F ..[F.P..w7..=..o\n0x00000020 05 9D 50 B9 84 87 D8 90 6C 22 46 E3 C2 06 7A BE ..P.....l\"F...z.","class":"android.util.Base64","method":"decode","type":"generic","args":["ktoRfyOnoO1UjQHnCkq5ItOpW0axUMvWdzcIwj3wwW8FnVC5hIfYkGwiRuPCBnq+","2"]}
I/Xposed  ( 2717): Droidmon-apimonitor-com.dumplingsandwich.pencilsketch:{"timestamp":1464091590646,"result":"\n0x00000000 92 DA 11 7F 23 A7 A0 ED 54 8D 01 E7 0A 4A B9 22 ....#...T....J.\"\n0x00000010 D3 A9 5B 46 B1 50 CB D6 77 37 08 C2 3D F0 C1 6F ..[F.P..w7..=..o\n0x00000020 05 9D 50 B9 84 87 D8 90 6C 22 46 E3 C2 06 7A BE ..P.....l\"F...z.","class":"android.util.Base64","method":"decode","type":"generic","args":["ktoRfyOnoO1UjQHnCkq5ItOpW0axUMvWdzcIwj3wwW8FnVC5hIfYkGwiRuPCBnq+","2"]}
I/Xposed  ( 2717): Droidmon-apimonitor-com.dumplingsandwich.pencilsketch:{"timestamp":1464091590646,"class":"javax.crypto.spec.SecretKeySpec","method":"javax.crypto.spec.SecretKeySpec","type":"crypto","args":["\n0x00000000 AD 30 AE 7D 0C 88 1F DB 69 BF 49 45 21 67 9C E2 .0.}....i.IE!g..","AES"]}
I/Xposed  ( 2717): Droidmon-apimonitor-com.dumplingsandwich.pencilsketch:{"timestamp":1464091590647,"result":"com.google.android.ads.zxxz.e","class":"javax.crypto.Cipher","method":"doFinal","type":"crypto","this":{"mode":2},"args":["\n0x00000000 D3 A9 5B 46 B1 50 CB D6 77 37 08 C2 3D F0 C1 6F ..[F.P..w7..=..o\n0x00000010 05 9D 50 B9 84 87 D8 90 6C 22 46 E3 C2 06 7A BE ..P.....l\"F...z."]}
I/Xposed  ( 2717): Droidmon-apimonitor-com.dumplingsandwich.pencilsketch:{"timestamp":1464091590677,"result":"\n0x00000000 7E 57 55 FE 6D C3 41 FA 4C 87 F5 E4 67 B3 D5 7C .WU.m.A.L...g..|\n0x00000010 C6 75 22 EB 66 D1 26 F4 D1 62 B4 B4 70 CE C5 71 .u\".f.&..b..p..q\n0x00000020 4C 7D C6 5B 40 E2 F6 9B 4A F4 7C 30 29 5F 98 49 L}.[@...J.|0)_.I","class":"android.util.Base64","method":"decode","type":"generic","args":["fldV\/m3DQfpMh\/XkZ7PVfMZ1Iutm0Sb00WK0tHDOxXFMfcZbQOL2m0r0fDApX5hJ","0","64","2"]}
I/Xposed  ( 2717): Droidmon-apimonitor-com.dumplingsandwich.pencilsketch:{"timestamp":1464091590677,"result":"\n0x00000000 7E 57 55 FE 6D C3 41 FA 4C 87 F5 E4 67 B3 D5 7C .WU.m.A.L...g..|\n0x00000010 C6 75 22 EB 66 D1 26 F4 D1 62 B4 B4 70 CE C5 71 .u\".f.&..b..p..q\n0x00000020 4C 7D C6 5B 40 E2 F6 9B 4A F4 7C 30 29 5F 98 49 L}.[@...J.|0)_.I","class":"android.util.Base64","method":"decode","type":"generic","args":["fldV\/m3DQfpMh\/XkZ7PVfMZ1Iutm0Sb00WK0tHDOxXFMfcZbQOL2m0r0fDApX5hJ","2"]}
I/Xposed  ( 2717): Droidmon-apimonitor-com.dumplingsandwich.pencilsketch:{"timestamp":1464091590678,"result":"\n0x00000000 7E 57 55 FE 6D C3 41 FA 4C 87 F5 E4 67 B3 D5 7C .WU.m.A.L...g..|\n0x00000010 C6 75 22 EB 66 D1 26 F4 D1 62 B4 B4 70 CE C5 71 .u\".f.&..b..p..q\n0x00000020 4C 7D C6 5B 40 E2 F6 9B 4A F4 7C 30 29 5F 98 49 L}.[@...J.|0)_.I","class":"android.util.Base64","method":"decode","type":"generic","args":["fldV\/m3DQfpMh\/XkZ7PVfMZ1Iutm0Sb00WK0tHDOxXFMfcZbQOL2m0r0fDApX5hJ","2"]}
I/Xposed  ( 2717): Droidmon-apimonitor-com.dumplingsandwich.pencilsketch:{"timestamp":1464091590678,"class":"javax.crypto.spec.SecretKeySpec","method":"javax.crypto.spec.SecretKeySpec","type":"crypto","args":["\n0x00000000 AD 30 AE 7D 0C 88 1F DB 69 BF 49 45 21 67 9C E2 .0.}....i.IE!g..","AES"]}
I/Xposed  ( 2717): Droidmon-apimonitor-com.dumplingsandwich.pencilsketch:{"timestamp":1464091590678,"result":"com.google.android.ads.zxxz.l","class":"javax.crypto.Cipher","method":"doFinal","type":"crypto","this":{"mode":2},"args":["\n0x00000000 C6 75 22 EB 66 D1 26 F4 D1 62 B4 B4 70 CE C5 71 .u\".f.&..b..p..q\n0x00000010 4C 7D C6 5B 40 E2 F6 9B 4A F4 7C 30 29 5F 98 49 L}.[@...J.|0)_.I"]}
I/Xposed  ( 2717): Droidmon-apimonitor-com.dumplingsandwich.pencilsketch:{"timestamp":1464091590735,"result":"\n0x00000000 02 7C 9C 85 98 00 94 05 77 66 7A 01 31 00 D5 A4 .|......wfz.1...\n0x00000010 2E A2 CC C9 AD FF FB 9D DE D0 26 FB 8D B8 BA A1 ..........&.....\n0x00000020 D9 5B 59 17 06 4B 43 17 F6 CD 3D B1 25 B9 57 36 .[Y..KC...=.%.W6","class":"android.util.Base64","method":"decode","type":"generic","args":["AnychZgAlAV3ZnoBMQDVpC6izMmt\/\/ud3tAm+424uqHZW1kXBktDF\/bNPbEluVc2","0","64","2"]}
I/Xposed  ( 2717): Droidmon-apimonitor-com.dumplingsandwich.pencilsketch:{"timestamp":1464091590736,"result":"\n0x00000000 02 7C 9C 85 98 00 94 05 77 66 7A 01 31 00 D5 A4 .|......wfz.1...\n0x00000010 2E A2 CC C9 AD FF FB 9D DE D0 26 FB 8D B8 BA A1 ..........&.....\n0x00000020 D9 5B 59 17 06 4B 43 17 F6 CD 3D B1 25 B9 57 36 .[Y..KC...=.%.W6","class":"android.util.Base64","method":"decode","type":"generic","args":["AnychZgAlAV3ZnoBMQDVpC6izMmt\/\/ud3tAm+424uqHZW1kXBktDF\/bNPbEluVc2","2"]}
I/Xposed  ( 2717): Droidmon-apimonitor-com.dumplingsandwich.pencilsketch:{"timestamp":1464091590737,"result":"\n0x00000000 02 7C 9C 85 98 00 94 05 77 66 7A 01 31 00 D5 A4 .|......wfz.1...\n0x00000010 2E A2 CC C9 AD FF FB 9D DE D0 26 FB 8D B8 BA A1 ..........&.....\n0x00000020 D9 5B 59 17 06 4B 43 17 F6 CD 3D B1 25 B9 57 36 .[Y..KC...=.%.W6","class":"android.util.Base64","method":"decode","type":"generic","args":["AnychZgAlAV3ZnoBMQDVpC6izMmt\/\/ud3tAm+424uqHZW1kXBktDF\/bNPbEluVc2","2"]}
I/Xposed  ( 2717): Droidmon-apimonitor-com.dumplingsandwich.pencilsketch:{"timestamp":1464091590737,"class":"javax.crypto.spec.SecretKeySpec","method":"javax.crypto.spec.SecretKeySpec","type":"crypto","args":["\n0x00000000 AD 30 AE 7D 0C 88 1F DB 69 BF 49 45 21 67 9C E2 .0.}....i.IE!g..","AES"]}
I/Xposed  ( 2717): Droidmon-apimonitor-com.dumplingsandwich.pencilsketch:{"timestamp":1464091590737,"result":"com.google.android.ads.zxxz.i","class":"javax.crypto.Cipher","method":"doFinal","type":"crypto","this":{"mode":2},"args":["\n0x00000000 2E A2 CC C9 AD FF FB 9D DE D0 26 FB 8D B8 BA A1 ..........&.....\n0x00000010 D9 5B 59 17 06 4B 43 17 F6 CD 3D B1 25 B9 57 36 .[Y..KC...=.%.W6"]}
I/Xposed  ( 2213): Droidmon-apimonitor-com.google.android.apps.genie.geniewidget:{"timestamp":1464091590777,"result":{"act":"android.intent.action.BATTERY_CHANGED","extras":[{"value":"Unknown","key":"technology"},{"value":"17302955","key":"icon-small"},{"value":"1","key":"health"},{"value":"1","key":"status"},{"value":"1","key":"plugged"},{"value":"true","key":"present"},{"value":"246","key":"level"},{"value":"100","key":"scale"},{"value":"0","key":"temperature"},{"value":"10000","key":"voltage"},{"value":"0","key":"invalid_charger"}]},"class":"android.app.ContextImpl","method":"registerReceiver","type":"binder","args":[{"mPriority":0,"mActions":["android.intent.action.BATTERY_CHANGED"],"mHasPartialTypes":false}]}
I/Xposed  ( 2213): Droidmon-apimonitor-com.google.android.apps.genie.geniewidget:{"timestamp":1464091590780,"result":{"act":"android.intent.action.BATTERY_CHANGED","extras":[{"value":"Unknown","key":"technology"},{"value":"17302955","key":"icon-small"},{"value":"1","key":"health"},{"value":"1","key":"status"},{"value":"1","key":"plugged"},{"value":"true","key":"present"},{"value":"246","key":"level"},{"value":"100","key":"scale"},{"value":"0","key":"temperature"},{"value":"10000","key":"voltage"},{"value":"0","key":"invalid_charger"}]},"class":"android.app.ContextImpl","method":"registerReceiver","type":"binder","args":[{"mPriority":0,"mActions":["android.intent.action.BATTERY_CHANGED"],"mHasPartialTypes":false}]}
