I/Xposed  ( 2213): Droidmon-apimonitor-com.google.android.apps.genie.geniewidget:{"timestamp":1464091591743,"class":"android.content.ContentResolver","method":"registerContentObserver","type":"content","args":[{"port":-2,"authority":{"encoded":"com.google.android.apps.genie.geniewidget","decoded":"com.google.android.apps.genie.geniewidget"},"cachedSsi":7,"host":"NOT CACHED","scheme":"content","uriString":"content:\/\/com.google.android.apps.genie.geniewidget","query":{},"path":{"encoded":"","decoded":""},"cachedFsi":-1,"fragment":{}},"true","android.database.AbstractCursor$SelfContentObserver@52865d94","0"]}
E/cutils-trace( 2780): Error opening trace file: No such file or directory (2)
D/gralloc_vbox86( 2780): Emulator without GPU emulation detected.
D/gralloc (  275): Registering a buffer in the process that created it. This may cause memory ordering problems.
E/libEGL  (  275): called unimplemented OpenGL ES API
E/libEGL  (  275): called unimplemented OpenGL ES API
E/libEGL  (  275): called unimplemented OpenGL ES API
E/libEGL  (  275): called unimplemented OpenGL ES API
E/libEGL  (  275): called unimplemented OpenGL ES API
E/libEGL  (  275): called unimplemented OpenGL ES API
E/libEGL  (  275): called unimplemented OpenGL ES API
E/SurfaceFlinger(  275): glCheckFramebufferStatusOES error 908003643
E/SurfaceFlinger(  275): got GL_FRAMEBUFFER_COMPLETE_OES error while taking screenshot
E/libEGL  (  275): called unimplemented OpenGL ES API
E/libEGL  (  275): called unimplemented OpenGL ES API
E/libEGL  (  275): called unimplemented OpenGL ES API
I/Xposed  ( 2213): Droidmon-apimonitor-com.google.android.apps.genie.geniewidget:{"timestamp":1464091592558,"result":"android.content.ContentResolver$CursorWrapperInner@5283d7dc","class":"android.content.ContentResolver","method":"query","type":"content","args":[{"port":-2,"authority":{"encoded":"com.google.android.apps.genie.geniewidget","decoded":"com.google.android.apps.genie.geniewidget"},"host":"NOT CACHED","scheme":"content","uriString":"NOT CACHED","query":{"encoded":"account_name=yodleebanglore%40gmail.com&fromSyncAdapter=1","decoded":"NOT CACHED"},"path":{"encoded":"\/edition","pathSegments":["edition"],"decoded":"NOT CACHED"},"fragment":{}},["_id","lu_edition_id"],"account_id=? AND is_dirty=?",["3","1"]]}
I/Xposed  ( 2213): Droidmon-apimonitor-com.google.android.apps.genie.geniewidget:{"timestamp":1464091592832,"result":"android.content.ContentResolver$CursorWrapperInner@5283d7dc","class":"android.content.ContentResolver","method":"query","type":"content","args":[{"port":-2,"authority":{"encoded":"com.google.android.apps.genie.geniewidget","decoded":"com.google.android.apps.genie.geniewidget"},"host":"NOT CACHED","scheme":"content","uriString":"NOT CACHED","query":{"encoded":"account_name=yodleebanglore%40gmail.com&fromSyncAdapter=1","decoded":"NOT CACHED"},"path":{"encoded":"\/edition","pathSegments":["edition"],"decoded":"NOT CACHED"},"fragment":{}},["_id","lu_edition_id"],"account_id=? AND is_dirty=?",["3","1"]]}
I/Xposed  ( 2717): Droidmon-apimonitor-com.dumplingsandwich.pencilsketch:{"timestamp":1464091594223,"class":"android.app.Activity","method":"startActivity","type":"binder","args":[{"cmp":"com.dumplingsandwich.pencilsketch\/com.dumplingsandwich.pencilsketch.activities.MainActivity"}]}
I/Xposed  ( 2717): Droidmon-apimonitor-com.dumplingsandwich.pencilsketch:{"timestamp":1464091594224,"class":"android.app.Activity","method":"startActivity","type":"binder","args":[{"cmp":"com.dumplingsandwich.pencilsketch\/com.dumplingsandwich.pencilsketch.activities.MainActivity"}]}
I/ActivityManager(  667): START u0 {cmp=com.dumplingsandwich.pencilsketch/.activities.MainActivity} from pid 2717
I/Xposed  ( 2717): Droidmon-apimonitor-com.dumplingsandwich.pencilsketch:{"timestamp":1464091594225,"result":"","class":"android.os.SystemProperties","method":"get","type":"content","args":["debug.second-display.pkg"]}
I/dalvikvm-heap( 2717): Grow heap (frag case) to 10.871MB for 897772-byte allocation
I/ActivityManager(  667): Displayed com.dumplingsandwich.pencilsketch/.activities.MainActivity: +169ms
W/linker  ( 2785): libdvm.so has text relocations. This is wasting memory and is a security risk. Please fix.
W/linker  ( 2785): app_process has text relocations. This is wasting memory and is a security risk. Please fix.
D/AndroidRuntime( 2785): 
D/AndroidRuntime( 2785): >>>>>> AndroidRuntime START com.android.internal.os.RuntimeInit <<<<<<
D/AndroidRuntime( 2785): CheckJNI is OFF
W/SurfaceFlinger(  275): couldn't log to binary event log: overflow.
E/cutils-trace( 2785): Error opening trace file: No such file or directory (2)
E/memtrack( 2785): Couldn't load memtrack module (No such file or directory)
E/android.os.Debug( 2785): failed to load memtrack module: -2
D/AndroidRuntime( 2785): Calling main entry com.android.commands.am.Am
I/Xposed  ( 2213): Droidmon-apimonitor-com.google.android.apps.genie.geniewidget:{"timestamp":1464091593439,"class":"android.content.ContentResolver","method":"registerContentObserver","type":"content","args":[{"port":-2,"authority":{"encoded":"com.google.android.apps.genie.geniewidget","decoded":"com.google.android.apps.genie.geniewidget"},"cachedSsi":7,"host":"NOT CACHED","scheme":"content","uriString":"content:\/\/com.google.android.apps.genie.geniewidget","query":{},"path":{"encoded":"","decoded":""},"cachedFsi":-1,"fragment":{}},"true","android.database.AbstractCursor$SelfContentObserver@5283fed0","0"]}
I/ActivityManager(  667): Force stopping com.dumplingsandwich.pencilsketch appid=10019 user=0: from pid 2785
I/ActivityManager(  667): Killing 2717:com.dumplingsandwich.pencilsketch/u0a19 (adj 0): stop com.dumplingsandwich.pencilsketch
W/ActivityManager(  667): Force removing ActivityRecord{52bd2cd0 u0 com.dumplingsandwich.pencilsketch/.activities.MainActivity t10}: app died, no saved state
D/AndroidRuntime( 2785): Shutting down VM
I/AndroidRuntime( 2785): NOTE: attach of thread 'Binder_1' failed
I/WindowState(  667): WIN DEATH: Window{52a436f4 u0 com.dumplingsandwich.pencilsketch/com.dumplingsandwich.pencilsketch.activities.MainActivity}
W/Binder  (  836): Caught a RuntimeException from the binder stub implementation.
W/Binder  (  836): java.lang.NullPointerException
W/Binder  (  836): 	at android.inputmethodservice.IInputMethodWrapper.setSessionEnabled(IInputMethodWrapper.java:280)
W/Binder  (  836): 	at com.android.internal.view.IInputMethod$Stub.onTransact(IInputMethod.java:129)
W/Binder  (  836): 	at android.os.Binder.execTransact(Binder.java:404)
W/Binder  (  836): 	at dalvik.system.NativeStart.run(Native Method)
W/InputMethodManagerService(  667): Got RemoteException sending setActive(false) notification to pid 2717 uid 10019
I/Xposed  ( 2213): Droidmon-apimonitor-com.google.android.apps.genie.geniewidget:{"timestamp":1464091595261,"result":"android.content.ContentResolver$CursorWrapperInner@52885938","class":"android.content.ContentResolver","method":"query","type":"content","args":[{"port":-2,"authority":{"encoded":"com.google.android.apps.genie.geniewidget","decoded":"com.google.android.apps.genie.geniewidget"},"host":"NOT CACHED","scheme":"content","uriString":"NOT CACHED","query":{"encoded":"account_name=yodleebanglore%40gmail.com","decoded":"NOT CACHED"},"path":{"encoded":"\/interest","pathSegments":["interest"],"decoded":"NOT CACHED"},"fragment":{}},["_id","interest_id","is_interested"],"(synced_at IS NULL OR synced_at<modified_at) AND modified_at<?",["1464091593424"]]}
I/Xposed  ( 2213): Droidmon-apimonitor-com.google.android.apps.genie.geniewidget:{"timestamp":1464091595311,"result":"android.content.ContentResolver$CursorWrapperInner@52885938","class":"android.content.ContentResolver","method":"query","type":"content","args":[{"port":-2,"authority":{"encoded":"com.google.android.apps.genie.geniewidget","decoded":"com.google.android.apps.genie.geniewidget"},"host":"NOT CACHED","scheme":"content","uriString":"NOT CACHED","query":{"encoded":"account_name=yodleebanglore%40gmail.com","decoded":"NOT CACHED"},"path":{"encoded":"\/interest","pathSegments":["interest"],"decoded":"NOT CACHED"},"fragment":{}},["_id","interest_id","is_interested"],"(synced_at IS NULL OR synced_at<modified_at) AND modified_at<?",["1464091593424"]]}
I/Xposed  ( 2213): Droidmon-apimonitor-com.google.android.apps.genie.geniewidget:{"timestamp":1464091595368,"class":"android.content.ContentResolver","method":"registerContentObserver","type":"content","args":[{"port":-2,"authority":{"encoded":"com.google.android.apps.genie.geniewidget","decoded":"com.google.android.apps.genie.geniewidget"},"cachedSsi":7,"host":"NOT CACHED","scheme":"content","uriString":"content:\/\/com.google.android.apps.genie.geniewidget","query":{},"path":{"encoded":"","decoded":""},"cachedFsi":-1,"fragment":{}},"true","android.database.AbstractCursor$SelfContentObserver@5285fc88","0"]}
I/Xposed  ( 2213): Droidmon-apimonitor-com.google.android.apps.genie.geniewidget:{"timestamp":1464091595450,"result":"android.content.ContentResolver$CursorWrapperInner@52887738","class":"android.content.ContentResolver","method":"query","type":"content","args":[{"port":-2,"authority":{"encoded":"com.google.android.apps.genie.geniewidget","decoded":"com.google.android.apps.genie.geniewidget"},"host":"NOT CACHED","scheme":"content","uriString":"NOT CACHED","query":{"encoded":"account_name=yodleebanglore%40gmail.com","decoded":"NOT CACHED"},"path":{"encoded":"\/edition","pathSegments":["edition"],"decoded":"NOT CACHED"},"fragment":{}},["_id","lu_edition_id","is_personalizable","is_weather_hidden"],"is_active=?",["1"]]}
I/Xposed  ( 2213): Droidmon-apimonitor-com.google.android.apps.genie.geniewidget:{"timestamp":1464091595466,"result":"android.content.ContentResolver$CursorWrapperInner@52887738","class":"android.content.ContentResolver","method":"query","type":"content","args":[{"port":-2,"authority":{"encoded":"com.google.android.apps.genie.geniewidget","decoded":"com.google.android.apps.genie.geniewidget"},"host":"NOT CACHED","scheme":"content","uriString":"NOT CACHED","query":{"encoded":"account_name=yodleebanglore%40gmail.com","decoded":"NOT CACHED"},"path":{"encoded":"\/edition","pathSegments":["edition"],"decoded":"NOT CACHED"},"fragment":{}},["_id","lu_edition_id","is_personalizable","is_weather_hidden"],"is_active=?",["1"]]}
W/linker  ( 2795): libdvm.so has text relocations. This is wasting memory and is a security risk. Please fix.
W/linker  ( 2795): app_process has text relocations. This is wasting memory and is a security risk. Please fix.
D/AndroidRuntime( 2795): 
D/AndroidRuntime( 2795): >>>>>> AndroidRuntime START com.android.internal.os.RuntimeInit <<<<<<
D/AndroidRuntime( 2795): CheckJNI is OFF
E/cutils-trace( 2795): Error opening trace file: No such file or directory (2)
E/memtrack( 2795): Couldn't load memtrack module (No such file or directory)
E/android.os.Debug( 2795): failed to load memtrack module: -2
D/AndroidRuntime( 2795): Calling main entry com.android.commands.am.Am
I/ActivityManager(  667): START u0 {flg=0x10000000 cmp=com.dumplingsandwich.pencilsketch/.activities.ImagePreprocessActivity} from pid 2795
D/gralloc (  275): Registering a buffer in the process that created it. This may cause memory ordering problems.
E/libEGL  (  275): called unimplemented OpenGL ES API
E/libEGL  (  275): called unimplemented OpenGL ES API
E/libEGL  (  275): called unimplemented OpenGL ES API
E/libEGL  (  275): called unimplemented OpenGL ES API
E/libEGL  (  275): called unimplemented OpenGL ES API
E/libEGL  (  275): called unimplemented OpenGL ES API
E/libEGL  (  275): called unimplemented OpenGL ES API
E/SurfaceFlinger(  275): glCheckFramebufferStatusOES error 908003643
E/SurfaceFlinger(  275): got GL_FRAMEBUFFER_COMPLETE_OES error while taking screenshot
E/libEGL  (  275): called unimplemented OpenGL ES API
E/libEGL  (  275): called unimplemented OpenGL ES API
E/libEGL  (  275): called unimplemented OpenGL ES API
D/AndroidRuntime( 2795): Shutting down VM
W/WindowManager(  667): Screenshot failure taking screenshot for (328x524) to layer 21025
I/AndroidRuntime( 2795): NOTE: attach of thread 'Binder_1' failed
I/Xposed  ( 2213): Droidmon-apimonitor-com.google.android.apps.genie.geniewidget:{"timestamp":1464091595488,"class":"android.content.ContentResolver","method":"registerContentObserver","type":"content","args":[{"port":-2,"authority":{"encoded":"com.google.android.apps.genie.geniewidget","decoded":"com.google.android.apps.genie.geniewidget"},"cachedSsi":7,"host":"NOT CACHED","scheme":"content","uriString":"content:\/\/com.google.android.apps.genie.geniewidget","query":{},"path":{"encoded":"","decoded":""},"cachedFsi":-1,"fragment":{}},"true","android.database.AbstractCursor$SelfContentObserver@528764f4","0"]}
I/ActivityManager(  667): Start proc com.dumplingsandwich.pencilsketch for activity com.dumplingsandwich.pencilsketch/.activities.ImagePreprocessActivity: pid=2805 uid=10019 gids={50019, 3003, 1028, 1015}
D/JustTrustMe( 2805): Hooking DefaultHTTPClient for: com.dumplingsandwich.pencilsketch
D/JustTrustMe( 2805): Hooking DefaultHTTPClient(HttpParams) for: com.dumplingsandwich.pencilsketch
D/JustTrustMe( 2805): Hooking DefaultHTTPClient(ClientConnectionManager, HttpParams) for: com.dumplingsandwich.pencilsketch
D/JustTrustMe( 2805): Hooking SSLSocketFactory(String, KeyStore, String, KeyStore) for: com.dumplingsandwich.pencilsketch
D/JustTrustMe( 2805): Hooking static SSLSocketFactory(String, KeyStore, String, KeyStore) for: com.dumplingsandwich.pencilsketch
D/JustTrustMe( 2805): Hooking SSLSocketFactory(Socket) for: com.dumplingsandwich.pencilsketch
D/JustTrustMe( 2805): Hooking TrustManagerFactory.getTrustManagers() for: com.dumplingsandwich.pencilsketch
D/JustTrustMe( 2805): Hooking HttpsURLConnection.setDefaultHostnameVerifier for: com.dumplingsandwich.pencilsketch
D/JustTrustMe( 2805): Hooking HttpsURLConnection.setSSLSocketFactory for: com.dumplingsandwich.pencilsketch
D/JustTrustMe( 2805): Hooking HttpsURLConnection.setHostnameVerifier for: com.dumplingsandwich.pencilsketch
D/JustTrustMe( 2805): Hooking WebViewClient.onReceivedSslError(WebView, SslErrorHandler, SslError) for: com.dumplingsandwich.pencilsketch
D/JustTrustMe( 2805): Hooking WebViewClient.onReceivedSslError(WebView, int, string, string) for: com.dumplingsandwich.pencilsketch
D/JustTrustMe( 2805): Hooking com.android.org.conscrypt.TrustManagerImpl.checkServerTrusted(X509Certificate[]) for: com.dumplingsandwich.pencilsketch
I/MultiDex( 2805): VM with version 1.6.0 does not have multidex support
I/MultiDex( 2805): install
I/MultiDex( 2805): MultiDexExtractor.load(/data/app/com.dumplingsandwich.pencilsketch-1.apk, false)
I/Xposed  ( 2805): Droidmon-apimonitor-com.dumplingsandwich.pencilsketch:{"timestamp":1464091595981,"result":{"descriptor":55},"class":"libcore.io.IoBridge","method":"open","type":"file","args":["\/data\/app\/com.dumplingsandwich.pencilsketch-1.apk","0"]}
I/Xposed  ( 2805): Droidmon-apimonitor-com.dumplingsandwich.pencilsketch:{"timestamp":1464091596000,"result":{"descriptor":55},"class":"libcore.io.IoBridge","method":"open","type":"file","args":["\/data\/data\/com.dumplingsandwich.pencilsketch\/shared_prefs\/multidex.version.xml","0"]}
I/MultiDex( 2805): loading existing secondary dex files
I/MultiDex( 2805): load found 0 secondary dex files
I/MultiDex( 2805): install done
D/JustTrustMe( 2805): Hooking com.squareup.okhttp.CertificatePinner.check(String,List) (2.5) for: com.dumplingsandwich.pencilsketch
I/Xposed  ( 2805): java.lang.NoSuchMethodError: com.squareup.okhttp.CertificatePinner#check(java.lang.String,java.util.List)#exact
I/Xposed  ( 2805): 	at de.robv.android.xposed.XposedHelpers.findMethodExact(XposedHelpers.java:179)
I/Xposed  ( 2805): 	at de.robv.android.xposed.XposedHelpers.findAndHookMethod(XposedHelpers.java:129)
I/Xposed  ( 2805): 	at de.robv.android.xposed.XposedHelpers.findAndHookMethod(XposedHelpers.java:136)
I/Xposed  ( 2805): 	at just.trust.me.Main.processOkHttp(Main.java:354)
I/Xposed  ( 2805): 	at just.trust.me.Main$13.afterHookedMethod(Main.java:243)
I/Xposed  ( 2805): 	at de.robv.android.xposed.XposedBridge.handleHookedMethod(XposedBridge.java:645)
I/Xposed  ( 2805): 	at android.app.Application.attach(Native Method)
I/Xposed  ( 2805): 	at android.app.Instrumentation.newApplication(Instrumentation.java:991)
I/Xposed  ( 2805): 	at android.app.Instrumentation.newApplication(Instrumentation.java:975)
I/Xposed  ( 2805): 	at android.app.LoadedApk.makeApplication(LoadedApk.java:511)
I/Xposed  ( 2805): 	at android.app.ActivityThread.handleBindApplication(ActivityThread.java:4317)
I/Xposed  ( 2805): 	at de.robv.android.xposed.XposedBridge.invokeOriginalMethodNative(Native Method)
I/Xposed  ( 2805): 	at de.robv.android.xposed.XposedBridge.handleHookedMethod(XposedBridge.java:631)
I/Xposed  ( 2805): 	at android.app.ActivityThread.handleBindApplication(Native Method)
I/Xposed  ( 2805): 	at android.app.ActivityThread.access$1500(ActivityThread.java:135)
I/Xposed  ( 2805): 	at android.app.ActivityThread$H.handleMessage(ActivityThread.java:1256)
I/Xposed  ( 2805): 	at android.os.Handler.dispatchMessage(Handler.java:102)
I/Xposed  ( 2805): 	at android.os.Looper.loop(Looper.java:136)
I/Xposed  ( 2805): 	at android.app.ActivityThread.main(ActivityThread.java:5017)
I/Xposed  ( 2805): 	at java.lang.reflect.Method.invokeNative(Native Method)
I/Xposed  ( 2805): 	at java.lang.reflect.Method.invoke(Native Method)
I/Xposed  ( 2805): 	at com.android.internal.os.ZygoteInit$MethodAndArgsCaller.run(ZygoteInit.java:779)
I/Xposed  ( 2805): 	at com.android.internal.os.ZygoteInit.main(ZygoteInit.java:595)
I/Xposed  ( 2805): 	at de.robv.android.xposed.XposedBridge.main(XposedBridge.java:132)
I/Xposed  ( 2805): 	at dalvik.system.NativeStart.main(Native Method)
I/AdobeImageCdsProvider( 2805): onCreate
I/Xposed  ( 2805): Droidmon-apimonitor-com.dumplingsandwich.pencilsketch:{"timestamp":1464091596013,"result":{"descriptor":55},"class":"libcore.io.IoBridge","method":"open","type":"file","args":["\/data\/data\/com.dumplingsandwich.pencilsketch\/shared_prefs\/Foundation.xml","0"]}
I/Xposed  ( 2805): Droidmon-apimonitor-com.dumplingsandwich.pencilsketch:{"timestamp":1464091596040,"result":{"descriptor":55},"class":"libcore.io.IoBridge","method":"open","type":"file","args":["\/data\/data\/com.dumplingsandwich.pencilsketch\/shared_prefs\/adb_foundation_auth_aes_preference.xml","0"]}
I/Xposed  ( 2805): Droidmon-apimonitor-com.dumplingsandwich.pencilsketch:{"timestamp":1464091596050,"result":"\n0x00000000 D5 D2 0B 99 7D 2B 37 30 23 9F 05 63 CE F3 FF EA ....}+70#..c....","class":"android.util.Base64","method":"decode","type":"generic","args":["1dILmX0rNzAjnwVjzvP\/6g==","0","24","2"]}
I/Xposed  ( 2805): Droidmon-apimonitor-com.dumplingsandwich.pencilsketch:{"timestamp":1464091596051,"result":"\n0x00000000 D5 D2 0B 99 7D 2B 37 30 23 9F 05 63 CE F3 FF EA ....}+70#..c....","class":"android.util.Base64","method":"decode","type":"generic","args":["1dILmX0rNzAjnwVjzvP\/6g==","2"]}
I/Xposed  ( 2805): Droidmon-apimonitor-com.dumplingsandwich.pencilsketch:{"timestamp":1464091596051,"result":"\n0x00000000 D5 D2 0B 99 7D 2B 37 30 23 9F 05 63 CE F3 FF EA ....}+70#..c....","class":"android.util.Base64","method":"decode","type":"generic","args":["1dILmX0rNzAjnwVjzvP\/6g==","2"]}
I/Xposed  ( 2805): Droidmon-apimonitor-com.dumplingsandwich.pencilsketch:{"timestamp":1464091596051,"class":"javax.crypto.spec.SecretKeySpec","method":"javax.crypto.spec.SecretKeySpec","type":"crypto","args":["\n0x00000000 D5 D2 0B 99 7D 2B 37 30 23 9F 05 63 CE F3 FF EA ....}+70#..c....","AES"]}
I/Xposed  ( 2805): Droidmon-apimonitor-com.dumplingsandwich.pencilsketch:{"timestamp":1464091596055,"result":"\n0x00000000 B1 12 2A 02 96 73 FC 65 E1 B1 89 3A D7 A6 A2 B0 ..*..s.e...:....\n0x00000010 A2 29 F5 38 7D ED 26 27 9D 1F 9A 73 B9 40 B4 69 .).8}.&'...s.@.i\n0x00000020 B4 8E 88 10 FF 57 B4 06 AA 38 FB 28 06 3F 55 75 .....W...8.(.?Uu","class":"javax.crypto.Cipher","method":"doFinal","type":"crypto","this":{"mode":1},"args":["5bdd636e3694470fa58e0ea0f195e0d3"]}
I/Xposed  ( 2805): Droidmon-apimonitor-com.dumplingsandwich.pencilsketch:{"timestamp":1464091596180,"result":"sRIqApZz\/GXhsYk616aisKIp9Th97SYnnR+ac7lAtGm0jogQ\/1e0Bqo4+ygGP1V1","class":"android.util.Base64","method":"encode","type":"generic","args":["\n0x00000000 B1 12 2A 02 96 73 FC 65 E1 B1 89 3A D7 A6 A2 B0 ..*..s.e...:....\n0x00000010 A2 29 F5 38 7D ED 26 27 9D 1F 9A 73 B9 40 B4 69 .).8}.&'...s.@.i\n0x00000020 B4 8E 88 10 FF 57 B4 06 AA 38 FB 28 06 3F 55 75 .....W...8.(.?Uu","0","48","2"]}
I/Xposed  ( 2805): Droidmon-apimonitor-com.dumplingsandwich.pencilsketch:{"timestamp":1464091596181,"result":"sRIqApZz\/GXhsYk616aisKIp9Th97SYnnR+ac7lAtGm0jogQ\/1e0Bqo4+ygGP1V1","class":"android.util.Base64","method":"encode","type":"generic","args":["\n0x00000000 B1 12 2A 02 96 73 FC 65 E1 B1 89 3A D7 A6 A2 B0 ..*..s.e...:....\n0x00000010 A2 29 F5 38 7D ED 26 27 9D 1F 9A 73 B9 40 B4 69 .).8}.&'...s.@.i\n0x00000020 B4 8E 88 10 FF 57 B4 06 AA 38 FB 28 06 3F 55 75 .....W...8.(.?Uu","2"]}
I/Xposed  ( 2805): Droidmon-apimonitor-com.dumplingsandwich.pencilsketch:{"timestamp":1464091596181,"result":{"mModified":{"ClientId":"sRIqApZz\/GXhsYk616aisKIp9Th97SYnnR+ac7lAtGm0jogQ\/1e0Bqo4+ygGP1V1"},"mClear":false},"class":"android.app.SharedPreferencesImpl$EditorImpl","method":"putString","type":"globals","args":["ClientId","sRIqApZz\/GXhsYk616aisKIp9Th97SYnnR+ac7lAtGm0jogQ\/1e0Bqo4+ygGP1V1"]}
I/dalvikvm-heap( 2805): Grow heap (frag case) to 3.493MB for 87216-byte allocation
I/Xposed  ( 2805): Droidmon-apimonitor-com.dumplingsandwich.pencilsketch:{"timestamp":1464091596210,"result":"\n0x00000000 A0 00 53 FE 82 D1 5A AB 23 C6 53 10 36 8A CB 72 ..S...Z.#.S.6..r\n0x00000010 26 BE A9 97 0B A3 D9 1A 4D EF F8 AF 4D B6 3B A1 &.......M...M.;.\n0x00000020 61 99 BB 02 78 E0 46 FE DB A4 2D F9 E1 1A F2 FE a...x.F...-.....","class":"javax.crypto.Cipher","method":"doFinal","type":"crypto","this":{"mode":1},"args":["89baf2ee-6c90-4c15-ad1c-f7c2b6719753"]}
I/Xposed  ( 2805): Droidmon-apimonitor-com.dumplingsandwich.pencilsketch:{"timestamp":1464091596330,"result":"oABT\/oLRWqsjxlMQNorLcia+qZcLo9kaTe\/4r022O6FhmbsCeOBG\/tukLfnhGvL+","class":"android.util.Base64","method":"encode","type":"generic","args":["\n0x00000000 A0 00 53 FE 82 D1 5A AB 23 C6 53 10 36 8A CB 72 ..S...Z.#.S.6..r\n0x00000010 26 BE A9 97 0B A3 D9 1A 4D EF F8 AF 4D B6 3B A1 &.......M...M.;.\n0x00000020 61 99 BB 02 78 E0 46 FE DB A4 2D F9 E1 1A F2 FE a...x.F...-.....","0","48","2"]}
I/Xposed  ( 2805): Droidmon-apimonitor-com.dumplingsandwich.pencilsketch:{"timestamp":1464091596331,"result":"oABT\/oLRWqsjxlMQNorLcia+qZcLo9kaTe\/4r022O6FhmbsCeOBG\/tukLfnhGvL+","class":"android.util.Base64","method":"encode","type":"generic","args":["\n0x00000000 A0 00 53 FE 82 D1 5A AB 23 C6 53 10 36 8A CB 72 ..S...Z.#.S.6..r\n0x00000010 26 BE A9 97 0B A3 D9 1A 4D EF F8 AF 4D B6 3B A1 &.......M...M.;.\n0x00000020 61 99 BB 02 78 E0 46 FE DB A4 2D F9 E1 1A F2 FE a...x.F...-.....","2"]}
I/Xposed  ( 2805): Droidmon-apimonitor-com.dumplingsandwich.pencilsketch:{"timestamp":1464091596331,"result":{"mModified":{"ClientSecret":"oABT\/oLRWqsjxlMQNorLcia+qZcLo9kaTe\/4r022O6FhmbsCeOBG\/tukLfnhGvL+"},"mClear":false},"class":"android.app.SharedPreferencesImpl$EditorImpl","method":"putString","type":"globals","args":["ClientSecret","oABT\/oLRWqsjxlMQNorLcia+qZcLo9kaTe\/4r022O6FhmbsCeOBG\/tukLfnhGvL+"]}
I/Xposed  ( 2805): Droidmon-apimonitor-com.dumplingsandwich.pencilsketch:{"timestamp":1464091596332,"result":"","class":"android.os.SystemProperties","method":"get","type":"content","args":["debug.second-display.pkg"]}
I/Xposed  ( 2805): Droidmon-apimonitor-com.dumplingsandwich.pencilsketch:{"timestamp":1464091596378,"class":"java.lang.reflect.Method","method":"invoke","hooked_method":"makeOptionalFitsSystemWindows","hooked_class":"android.support.v7.internal.widget.ActionBarOverlayLayout","type":"reflection","args":[]}
I/dalvikvm-heap( 2805): Grow heap (frag case) to 5.772MB for 2457612-byte allocation
I/Xposed  ( 2213): Droidmon-apimonitor-com.google.android.apps.genie.geniewidget:{"timestamp":1464091595667,"result":"android.content.ContentResolver$CursorWrapperInner@52887044","class":"android.content.ContentResolver","method":"query","type":"content","args":[{"port":-2,"authority":{"encoded":"com.google.android.apps.genie.geniewidget","decoded":"com.google.android.apps.genie.geniewidget"},"host":"NOT CACHED","scheme":"content","uriString":"NOT CACHED","query":{},"path":{"encoded":"\/account","pathSegments":["account"],"decoded":"NOT CACHED"},"fragment":{}},["version"],"name=?",["yodleebanglore@gmail.com"]]}
I/Xposed  ( 2213): Droidmon-apimonitor-com.google.android.apps.genie.geniewidget:{"timestamp":1464091596492,"result":"android.content.ContentResolver$CursorWrapperInner@52887044","class":"android.content.ContentResolver","method":"query","type":"content","args":[{"port":-2,"authority":{"encoded":"com.google.android.apps.genie.geniewidget","decoded":"com.google.android.apps.genie.geniewidget"},"host":"NOT CACHED","scheme":"content","uriString":"NOT CACHED","query":{},"path":{"encoded":"\/account","pathSegments":["account"],"decoded":"NOT CACHED"},"fragment":{}},["version"],"name=?",["yodleebanglore@gmail.com"]]}
I/Xposed  ( 2213): Droidmon-apimonitor-com.google.android.apps.genie.geniewidget:{"timestamp":1464091596514,"class":"android.content.ContentResolver","method":"registerContentObserver","type":"content","args":[{"port":-2,"authority":{"encoded":"com.google.android.apps.genie.geniewidget","decoded":"com.google.android.apps.genie.geniewidget"},"cachedSsi":7,"host":"NOT CACHED","scheme":"content","uriString":"content:\/\/com.google.android.apps.genie.geniewidget","query":{},"path":{"encoded":"","decoded":""},"cachedFsi":-1,"fragment":{}},"true","android.database.AbstractCursor$SelfContentObserver@5287a58c","0"]}
I/Xposed  ( 2213): Droidmon-apimonitor-com.google.android.apps.genie.geniewidget:{"timestamp":1464091596603,"result":"android.content.ContentResolver$CursorWrapperInner@528613f8","class":"android.content.ContentResolver","method":"query","type":"content","args":[{"port":-2,"authority":{"encoded":"com.google.android.apps.genie.geniewidget","decoded":"com.google.android.apps.genie.geniewidget"},"host":"NOT CACHED","scheme":"content","uriString":"NOT CACHED","query":{},"path":{"encoded":"\/account","pathSegments":["account"],"decoded":"NOT CACHED"},"fragment":{}},["zipit_version"],"name=?",["yodleebanglore@gmail.com"]]}
I/Xposed  ( 2213): Droidmon-apimonitor-com.google.android.apps.genie.geniewidget:{"timestamp":1464091596619,"result":"android.content.ContentResolver$CursorWrapperInner@528613f8","class":"android.content.ContentResolver","method":"query","type":"content","args":[{"port":-2,"authority":{"encoded":"com.google.android.apps.genie.geniewidget","decoded":"com.google.android.apps.genie.geniewidget"},"host":"NOT CACHED","scheme":"content","uriString":"NOT CACHED","query":{},"path":{"encoded":"\/account","pathSegments":["account"],"decoded":"NOT CACHED"},"fragment":{}},["zipit_version"],"name=?",["yodleebanglore@gmail.com"]]}
I/NewsWeather( 2213): ApiOperation url https://news.google.com/news/exec/fetchNewsEditions
V/GLSActivity( 1017): AuthDelegateWrapperCreated with selected intent: Intent { cmp=com.google.android.gms/.auth.DefaultAuthDelegateService }
V/GLSActivity( 1017): AuthDelegateWrapperCreated with selected intent: Intent { cmp=com.google.android.gms/.auth.DefaultAuthDelegateService }
I/WindowManager(  667): Screenshot max retries 4 of Token{52a9493c ActivityRecord{52ad3d30 u0 com.dumplingsandwich.pencilsketch/.activities.ImagePreprocessActivity t11 f}} appWin=Window{52ad9c24 u0 Starting com.dumplingsandwich.pencilsketch} drawState=4
W/WindowManager(  667): Screenshot failure taking screenshot for (800x1280) to layer 21030
W/InputMethodManagerService(  667): Window already focused, ignoring focus gain of: com.android.internal.view.IInputMethodClient$Stub$Proxy@52b6dcdc attribute=null, token = android.os.BinderProxy@52a45f30
D/gralloc_vbox86( 2805): Emulator without GPU emulation detected.
W/WindowManager(  667): Rebuild removed 6 windows but added 5
W/WindowManager(  667): java.lang.RuntimeException: here
W/WindowManager(  667): 	at com.android.server.wm.WindowManagerService.rebuildAppWindowListLocked(WindowManagerService.java:8011)
W/WindowManager(  667): 	at com.android.server.wm.WindowManagerService.rebuildAppWindowListLocked(WindowManagerService.java:7947)
W/WindowManager(  667): 	at com.android.server.wm.WindowManagerService.handleAnimatingStoppedAndTransitionLocked(WindowManagerService.java:8691)
W/WindowManager(  667): 	at com.android.server.wm.WindowManagerService.performLayoutAndPlaceSurfacesLockedInner(WindowManagerService.java:9205)
W/WindowManager(  667): 	at com.android.server.wm.WindowManagerService.performLayoutAndPlaceSurfacesLockedLoop(WindowManagerService.java:8163)
W/WindowManager(  667): 	at com.android.server.wm.WindowManagerService.performLayoutAndPlaceSurfacesLocked(WindowManagerService.java:8105)
W/WindowManager(  667): 	at com.android.server.wm.WindowManagerService.access$300(WindowManagerService.java:157)
W/WindowManager(  667): 	at com.android.server.wm.WindowManagerService$H.handleMessage(WindowManagerService.java:7139)
W/WindowManager(  667): 	at android.os.Handler.dispatchMessage(Handler.java:102)
W/WindowManager(  667): 	at android.os.Looper.loop(Looper.java:136)
W/WindowManager(  667): 	at android.os.HandlerThread.run(HandlerThread.java:61)
W/WindowManager(  667): This window was lost: Window{52ad9c24 u0 Starting com.dumplingsandwich.pencilsketch EXITING}
W/WindowManager(  667): mDisplayId=0 mSession=Session{529f5d04 667:1000} mClient=android.view.ViewRootImpl$W@52a9c850
W/WindowManager(  667): mOwnerUid=1000 mShowToOwnerOnly=false package=com.dumplingsandwich.pencilsketch appop=NONE
W/WindowManager(  667): mAttrs=WM.LayoutParams{(0,0)(fillxfill) sim=#20 ty=3 fl=#1830118 pfl=0x19 wanim=0x10302a1}
W/WindowManager(  667): Requested w=800 h=1184 mLayoutSeq=259
W/WindowManager(  667): mBaseLayer=21000 mSubLayer=0 mAnimLayer=21025+1000=22025 mLastLayer=21030
W/WindowManager(  667): mToken=AppWindowToken{52ad3f24 token=Token{52a9493c ActivityRecord{52ad3d30 u0 com.dumplingsandwich.pencilsketch/.activities.ImagePreprocessActivity t11}}}
W/WindowManager(  667): mRootToken=AppWindowToken{52ad3f24 token=Token{52a9493c ActivityRecord{52ad3d30 u0 com.dumplingsandwich.pencilsketch/.activities.ImagePreprocessActivity t11}}}
W/WindowManager(  667): mAppToken=AppWindowToken{52ad3f24 token=Token{52a9493c ActivityRecord{52ad3d30 u0 com.dumplingsandwich.pencilsketch/.activities.ImagePreprocessActivity t11}}}
W/WindowManager(  667): mViewVisibility=0x0 mHaveFrame=true mObscured=false
W/WindowManager(  667): mSeq=0 mSystemUiVisibility=0x0
W/WindowManager(  667): mGivenContentInsets=[0,0][0,0] mGivenVisibleInsets=[0,0][0,0]
W/WindowManager(  667): mConfiguration={1.0 ?mcc?mnc en_US ldltr sw400dp w400dp h567dp 320dpi nrml port -touch qwerty/v/v -nav/h s.5}
W/WindowManager(  667): mHasSurface=true mShownFrame=[0.0,0.0][800.0,1184.0] isReadyForDisplay()=false
W/WindowManager(  667): mFrame=[0,0][800,1184] last=[0,0][800,1184]
W/WindowManager(  667): mSystemDecorRect=[0,50][800,1184] last=[0,50][800,1184]
W/WindowManager(  667): Frames: containing=[0,0][800,1184] parent=[0,0][800,1184]
W/WindowManager(  667):     display=[0,0][800,1184] overscan=[0,0][800,1280]
W/WindowManager(  667):     content=[0,50][800,1184] visible=[0,50][800,1184]
W/WindowManager(  667):     decor=[0,50][800,1184]
W/WindowManager(  667): Cur insets: overscan=[0,0][0,0] content=[0,50][0,0] visible=[0,50][0,0]
W/WindowManager(  667): Lst insets: overscan=[0,0][0,0] content=[0,50][0,0] visible=[0,50][0,0]
W/WindowManager(  667): WindowStateAnimator{52ac6758 Starting com.dumplingsandwich.pencilsketch}:
W/WindowManager(  667):   mSurface=Surface(name=Starting com.dumplingsandwich.pencilsketch)
W/WindowManager(  667):   mDrawState=HAS_DRAWN mLastHidden=true
W/WindowManager(  667):   Surface: shown=false layer=21030 alpha=1.0 rect=(0.0,0.0) 800.0 x 1184.0
W/WindowManager(  667):   mGlobalScale=1.0 mDsDx=1.0 mDtDx=0.0 mDsDy=0.0 mDtDy=1.0
W/WindowManager(  667): mExiting=true mRemoveOnExit=true mDestroying=false mRemoved=false
W/WindowManager(  667): Current app token list:
V/WindowManager(  667):   Display 0
V/WindowManager(  667):   #4: Token{529f2eb0 ActivityRecord{529d16b8 u0 com.android.launcher/com.android.launcher2.Launcher t1}}
V/WindowManager(  667):   #3: Token{52a5e918 ActivityRecord{52a32e28 u0 com.android.settings/.SubSettings t6}}
V/WindowManager(  667):   #2: Token{52a42d54 ActivityRecord{529f530c u0 com.android.settings/.Settings t6}}
V/WindowManager(  667):   #1: Token{52ae0158 ActivityRecord{52ae00a8 u0 jackpal.androidterm/.Term t5}}
V/WindowManager(  667):   #0: Token{529b5e48 ActivityRecord{529ce0bc u0 com.android.dialer/.DialtactsActivity t2}}
W/WindowManager(  667): Final window list:
V/WindowManager(  667):   #0: Window{529d98cc u0 SearchPanel}
V/WindowManager(  667):   #1: Window{529d0acc u0 NavigationBar}
V/WindowManager(  667):   #2: Window{529bb87c u0 StatusBar}
V/WindowManager(  667):   #3: Window{529aa2b0 u0 Keyguard}
V/WindowManager(  667):   #4: Window{529f6690 u0 KeyguardScrim}
V/WindowManager(  667):   #5: Window{52aa3fd8 u0 Toast}
V/WindowManager(  667):   #6: Window{52a2c63c u0 com.android.launcher/com.android.launcher2.Launcher}
V/WindowManager(  667):   #7: Window{52aacc60 u0 com.android.settings/com.android.settings.SubSettings}
V/WindowManager(  667):   #8: Window{52a7ba38 u0 com.android.settings/com.android.settings.Settings}
V/WindowManager(  667):   #9: Window{52a14510 u0 jackpal.androidterm/jackpal.androidterm.Term}
V/WindowManager(  667):   #10: Window{52a42054 u0 com.android.dialer/com.android.dialer.DialtactsActivity}
V/WindowManager(  667):   #11: Window{52a1db68 u0 com.android.systemui.ImageWallpaper}
E/cutils-trace( 2821): Error opening trace file: No such file or directory (2)
D/gralloc_vbox86( 2821): Emulator without GPU emulation detected.
D/gralloc (  275): Registering a buffer in the process that created it. This may cause memory ordering problems.
E/libEGL  (  275): called unimplemented OpenGL ES API
E/libEGL  (  275): called unimplemented OpenGL ES API
E/libEGL  (  275): called unimplemented OpenGL ES API
E/libEGL  (  275): called unimplemented OpenGL ES API
E/libEGL  (  275): called unimplemented OpenGL ES API
E/libEGL  (  275): called unimplemented OpenGL ES API
E/libEGL  (  275): called unimplemented OpenGL ES API
E/SurfaceFlinger(  275): glCheckFramebufferStatusOES error 908003643
E/SurfaceFlinger(  275): got GL_FRAMEBUFFER_COMPLETE_OES error while taking screenshot
E/libEGL  (  275): called unimplemented OpenGL ES API
E/libEGL  (  275): called unimplemented OpenGL ES API
E/libEGL  (  275): called unimplemented OpenGL ES API
W/linker  ( 2826): libdvm.so has text relocations. This is wasting memory and is a security risk. Please fix.
W/linker  ( 2826): app_process has text relocations. This is wasting memory and is a security risk. Please fix.
D/AndroidRuntime( 2826): 
D/AndroidRuntime( 2826): >>>>>> AndroidRuntime START com.android.internal.os.RuntimeInit <<<<<<
D/AndroidRuntime( 2826): CheckJNI is OFF
E/cutils-trace( 2826): Error opening trace file: No such file or directory (2)
E/memtrack( 2826): Couldn't load memtrack module (No such file or directory)
E/android.os.Debug( 2826): failed to load memtrack module: -2
D/AndroidRuntime( 2826): Calling main entry com.android.commands.am.Am
D/AndroidRuntime( 2826): Shutting down VM
I/AndroidRuntime( 2826): NOTE: attach of thread 'Binder_1' failed
I/ActivityManager(  667): Force stopping com.dumplingsandwich.pencilsketch appid=10019 user=0: from pid 2826
I/ActivityManager(  667): Killing 2805:com.dumplingsandwich.pencilsketch/u0a19 (adj 9): stop com.dumplingsandwich.pencilsketch
W/linker  ( 2836): libdvm.so has text relocations. This is wasting memory and is a security risk. Please fix.
W/linker  ( 2836): app_process has text relocations. This is wasting memory and is a security risk. Please fix.
D/AndroidRuntime( 2836): 
D/AndroidRuntime( 2836): >>>>>> AndroidRuntime START com.android.internal.os.RuntimeInit <<<<<<
D/AndroidRuntime( 2836): CheckJNI is OFF
E/cutils-trace( 2836): Error opening trace file: No such file or directory (2)
E/memtrack( 2836): Couldn't load memtrack module (No such file or directory)
E/android.os.Debug( 2836): failed to load memtrack module: -2
D/AndroidRuntime( 2836): Calling main entry com.android.commands.am.Am
D/gralloc (  275): Registering a buffer in the process that created it. This may cause memory ordering problems.
E/libEGL  (  275): called unimplemented OpenGL ES API
E/libEGL  (  275): called unimplemented OpenGL ES API
E/libEGL  (  275): called unimplemented OpenGL ES API
E/libEGL  (  275): called unimplemented OpenGL ES API
E/libEGL  (  275): called unimplemented OpenGL ES API
E/libEGL  (  275): called unimplemented OpenGL ES API
E/libEGL  (  275): called unimplemented OpenGL ES API
E/SurfaceFlinger(  275): glCheckFramebufferStatusOES error 908003643
E/SurfaceFlinger(  275): got GL_FRAMEBUFFER_COMPLETE_OES error while taking screenshot
E/libEGL  (  275): called unimplemented OpenGL ES API
E/libEGL  (  275): called unimplemented OpenGL ES API
E/libEGL  (  275): called unimplemented OpenGL ES API
I/ActivityManager(  667): START u0 {flg=0x10000000 cmp=com.dumplingsandwich.pencilsketch/.activities.MainActivity} from pid 2836
W/WindowManager(  667): Screenshot failure taking screenshot for (328x524) to layer 21025
D/AndroidRuntime( 2836): Shutting down VM
I/AndroidRuntime( 2836): NOTE: attach of thread 'Binder_1' failed
I/ActivityManager(  667): Start proc com.dumplingsandwich.pencilsketch for activity com.dumplingsandwich.pencilsketch/.activities.MainActivity: pid=2846 uid=10019 gids={50019, 3003, 1028, 1015}
D/JustTrustMe( 2846): Hooking DefaultHTTPClient for: com.dumplingsandwich.pencilsketch
D/JustTrustMe( 2846): Hooking DefaultHTTPClient(HttpParams) for: com.dumplingsandwich.pencilsketch
D/JustTrustMe( 2846): Hooking DefaultHTTPClient(ClientConnectionManager, HttpParams) for: com.dumplingsandwich.pencilsketch
D/JustTrustMe( 2846): Hooking SSLSocketFactory(String, KeyStore, String, KeyStore) for: com.dumplingsandwich.pencilsketch
D/JustTrustMe( 2846): Hooking static SSLSocketFactory(String, KeyStore, String, KeyStore) for: com.dumplingsandwich.pencilsketch
D/JustTrustMe( 2846): Hooking SSLSocketFactory(Socket) for: com.dumplingsandwich.pencilsketch
D/JustTrustMe( 2846): Hooking TrustManagerFactory.getTrustManagers() for: com.dumplingsandwich.pencilsketch
D/JustTrustMe( 2846): Hooking HttpsURLConnection.setDefaultHostnameVerifier for: com.dumplingsandwich.pencilsketch
D/JustTrustMe( 2846): Hooking HttpsURLConnection.setSSLSocketFactory for: com.dumplingsandwich.pencilsketch
D/JustTrustMe( 2846): Hooking HttpsURLConnection.setHostnameVerifier for: com.dumplingsandwich.pencilsketch
D/JustTrustMe( 2846): Hooking WebViewClient.onReceivedSslError(WebView, SslErrorHandler, SslError) for: com.dumplingsandwich.pencilsketch
D/JustTrustMe( 2846): Hooking WebViewClient.onReceivedSslError(WebView, int, string, string) for: com.dumplingsandwich.pencilsketch
D/JustTrustMe( 2846): Hooking com.android.org.conscrypt.TrustManagerImpl.checkServerTrusted(X509Certificate[]) for: com.dumplingsandwich.pencilsketch
I/MultiDex( 2846): VM with version 1.6.0 does not have multidex support
I/MultiDex( 2846): install
I/MultiDex( 2846): MultiDexExtractor.load(/data/app/com.dumplingsandwich.pencilsketch-1.apk, false)
I/Xposed  ( 2846): Droidmon-apimonitor-com.dumplingsandwich.pencilsketch:{"timestamp":1464091601283,"result":{"descriptor":55},"class":"libcore.io.IoBridge","method":"open","type":"file","args":["\/data\/app\/com.dumplingsandwich.pencilsketch-1.apk","0"]}
I/Xposed  ( 2846): Droidmon-apimonitor-com.dumplingsandwich.pencilsketch:{"timestamp":1464091601301,"result":{"descriptor":55},"class":"libcore.io.IoBridge","method":"open","type":"file","args":["\/data\/data\/com.dumplingsandwich.pencilsketch\/shared_prefs\/multidex.version.xml","0"]}
I/MultiDex( 2846): loading existing secondary dex files
I/MultiDex( 2846): load found 0 secondary dex files
I/MultiDex( 2846): install done
D/JustTrustMe( 2846): Hooking com.squareup.okhttp.CertificatePinner.check(String,List) (2.5) for: com.dumplingsandwich.pencilsketch
I/Xposed  ( 2846): java.lang.NoSuchMethodError: com.squareup.okhttp.CertificatePinner#check(java.lang.String,java.util.List)#exact
I/Xposed  ( 2846): 	at de.robv.android.xposed.XposedHelpers.findMethodExact(XposedHelpers.java:179)
I/Xposed  ( 2846): 	at de.robv.android.xposed.XposedHelpers.findAndHookMethod(XposedHelpers.java:129)
I/Xposed  ( 2846): 	at de.robv.android.xposed.XposedHelpers.findAndHookMethod(XposedHelpers.java:136)
I/Xposed  ( 2846): 	at just.trust.me.Main.processOkHttp(Main.java:354)
I/Xposed  ( 2846): 	at just.trust.me.Main$13.afterHookedMethod(Main.java:243)
I/Xposed  ( 2846): 	at de.robv.android.xposed.XposedBridge.handleHookedMethod(XposedBridge.java:645)
I/Xposed  ( 2846): 	at android.app.Application.attach(Native Method)
I/Xposed  ( 2846): 	at android.app.Instrumentation.newApplication(Instrumentation.java:991)
I/Xposed  ( 2846): 	at android.app.Instrumentation.newApplication(Instrumentation.java:975)
I/Xposed  ( 2846): 	at android.app.LoadedApk.makeApplication(LoadedApk.java:511)
I/Xposed  ( 2846): 	at android.app.ActivityThread.handleBindApplication(ActivityThread.java:4317)
I/Xposed  ( 2846): 	at de.robv.android.xposed.XposedBridge.invokeOriginalMethodNative(Native Method)
I/Xposed  ( 2846): 	at de.robv.android.xposed.XposedBridge.handleHookedMethod(XposedBridge.java:631)
I/Xposed  ( 2846): 	at android.app.ActivityThread.handleBindApplication(Native Method)
I/Xposed  ( 2846): 	at android.app.ActivityThread.access$1500(ActivityThread.java:135)
I/Xposed  ( 2846): 	at android.app.ActivityThread$H.handleMessage(ActivityThread.java:1256)
I/Xposed  ( 2846): 	at android.os.Handler.dispatchMessage(Handler.java:102)
I/Xposed  ( 2846): 	at android.os.Looper.loop(Looper.java:136)
I/Xposed  ( 2846): 	at android.app.ActivityThread.main(ActivityThread.java:5017)
I/Xposed  ( 2846): 	at java.lang.reflect.Method.invokeNative(Native Method)
I/Xposed  ( 2846): 	at java.lang.reflect.Method.invoke(Native Method)
I/Xposed  ( 2846): 	at com.android.internal.os.ZygoteInit$MethodAndArgsCaller.run(ZygoteInit.java:779)
I/Xposed  ( 2846): 	at com.android.internal.os.ZygoteInit.main(ZygoteInit.java:595)
I/Xposed  ( 2846): 	at de.robv.android.xposed.XposedBridge.main(XposedBridge.java:132)
I/Xposed  ( 2846): 	at dalvik.system.NativeStart.main(Native Method)
I/AdobeImageCdsProvider( 2846): onCreate
I/Xposed  ( 2846): Droidmon-apimonitor-com.dumplingsandwich.pencilsketch:{"timestamp":1464091601340,"result":{"descriptor":55},"class":"libcore.io.IoBridge","method":"open","type":"file","args":["\/data\/data\/com.dumplingsandwich.pencilsketch\/shared_prefs\/Foundation.xml","0"]}
I/Xposed  ( 2846): Droidmon-apimonitor-com.dumplingsandwich.pencilsketch:{"timestamp":1464091601370,"result":{"descriptor":55},"class":"libcore.io.IoBridge","method":"open","type":"file","args":["\/data\/data\/com.dumplingsandwich.pencilsketch\/shared_prefs\/adb_foundation_auth_aes_preference.xml","0"]}
I/Xposed  ( 2846): Droidmon-apimonitor-com.dumplingsandwich.pencilsketch:{"timestamp":1464091601380,"result":"\n0x00000000 D5 D2 0B 99 7D 2B 37 30 23 9F 05 63 CE F3 FF EA ....}+70#..c....","class":"android.util.Base64","method":"decode","type":"generic","args":["1dILmX0rNzAjnwVjzvP\/6g==","0","24","2"]}
I/Xposed  ( 2846): Droidmon-apimonitor-com.dumplingsandwich.pencilsketch:{"timestamp":1464091601380,"result":"\n0x00000000 D5 D2 0B 99 7D 2B 37 30 23 9F 05 63 CE F3 FF EA ....}+70#..c....","class":"android.util.Base64","method":"decode","type":"generic","args":["1dILmX0rNzAjnwVjzvP\/6g==","2"]}
I/Xposed  ( 2846): Droidmon-apimonitor-com.dumplingsandwich.pencilsketch:{"timestamp":1464091601381,"result":"\n0x00000000 D5 D2 0B 99 7D 2B 37 30 23 9F 05 63 CE F3 FF EA ....}+70#..c....","class":"android.util.Base64","method":"decode","type":"generic","args":["1dILmX0rNzAjnwVjzvP\/6g==","2"]}
I/Xposed  ( 2846): Droidmon-apimonitor-com.dumplingsandwich.pencilsketch:{"timestamp":1464091601381,"class":"javax.crypto.spec.SecretKeySpec","method":"javax.crypto.spec.SecretKeySpec","type":"crypto","args":["\n0x00000000 D5 D2 0B 99 7D 2B 37 30 23 9F 05 63 CE F3 FF EA ....}+70#..c....","AES"]}
I/Xposed  ( 2846): Droidmon-apimonitor-com.dumplingsandwich.pencilsketch:{"timestamp":1464091601384,"result":"\n0x00000000 B1 12 2A 02 96 73 FC 65 E1 B1 89 3A D7 A6 A2 B0 ..*..s.e...:....\n0x00000010 A2 29 F5 38 7D ED 26 27 9D 1F 9A 73 B9 40 B4 69 .).8}.&'...s.@.i\n0x00000020 B4 8E 88 10 FF 57 B4 06 AA 38 FB 28 06 3F 55 75 .....W...8.(.?Uu","class":"javax.crypto.Cipher","method":"doFinal","type":"crypto","this":{"mode":1},"args":["5bdd636e3694470fa58e0ea0f195e0d3"]}
I/Xposed  ( 2846): Droidmon-apimonitor-com.dumplingsandwich.pencilsketch:{"timestamp":1464091601473,"result":"sRIqApZz\/GXhsYk616aisKIp9Th97SYnnR+ac7lAtGm0jogQ\/1e0Bqo4+ygGP1V1","class":"android.util.Base64","method":"encode","type":"generic","args":["\n0x00000000 B1 12 2A 02 96 73 FC 65 E1 B1 89 3A D7 A6 A2 B0 ..*..s.e...:....\n0x00000010 A2 29 F5 38 7D ED 26 27 9D 1F 9A 73 B9 40 B4 69 .).8}.&'...s.@.i\n0x00000020 B4 8E 88 10 FF 57 B4 06 AA 38 FB 28 06 3F 55 75 .....W...8.(.?Uu","0","48","2"]}
I/Xposed  ( 2846): Droidmon-apimonitor-com.dumplingsandwich.pencilsketch:{"timestamp":1464091601473,"result":"sRIqApZz\/GXhsYk616aisKIp9Th97SYnnR+ac7lAtGm0jogQ\/1e0Bqo4+ygGP1V1","class":"android.util.Base64","method":"encode","type":"generic","args":["\n0x00000000 B1 12 2A 02 96 73 FC 65 E1 B1 89 3A D7 A6 A2 B0 ..*..s.e...:....\n0x00000010 A2 29 F5 38 7D ED 26 27 9D 1F 9A 73 B9 40 B4 69 .).8}.&'...s.@.i\n0x00000020 B4 8E 88 10 FF 57 B4 06 AA 38 FB 28 06 3F 55 75 .....W...8.(.?Uu","2"]}
I/Xposed  ( 2846): Droidmon-apimonitor-com.dumplingsandwich.pencilsketch:{"timestamp":1464091601500,"result":{"mModified":{"ClientId":"sRIqApZz\/GXhsYk616aisKIp9Th97SYnnR+ac7lAtGm0jogQ\/1e0Bqo4+ygGP1V1"},"mClear":false},"class":"android.app.SharedPreferencesImpl$EditorImpl","method":"putString","type":"globals","args":["ClientId","sRIqApZz\/GXhsYk616aisKIp9Th97SYnnR+ac7lAtGm0jogQ\/1e0Bqo4+ygGP1V1"]}
I/dalvikvm-heap( 2846): Grow heap (frag case) to 3.492MB for 87216-byte allocation
I/Xposed  ( 2846): Droidmon-apimonitor-com.dumplingsandwich.pencilsketch:{"timestamp":1464091601500,"result":"\n0x00000000 A0 00 53 FE 82 D1 5A AB 23 C6 53 10 36 8A CB 72 ..S...Z.#.S.6..r\n0x00000010 26 BE A9 97 0B A3 D9 1A 4D EF F8 AF 4D B6 3B A1 &.......M...M.;.\n0x00000020 61 99 BB 02 78 E0 46 FE DB A4 2D F9 E1 1A F2 FE a...x.F...-.....","class":"javax.crypto.Cipher","method":"doFinal","type":"crypto","this":{"mode":1},"args":["89baf2ee-6c90-4c15-ad1c-f7c2b6719753"]}
I/Xposed  ( 2846): Droidmon-apimonitor-com.dumplingsandwich.pencilsketch:{"timestamp":1464091601578,"result":"oABT\/oLRWqsjxlMQNorLcia+qZcLo9kaTe\/4r022O6FhmbsCeOBG\/tukLfnhGvL+","class":"android.util.Base64","method":"encode","type":"generic","args":["\n0x00000000 A0 00 53 FE 82 D1 5A AB 23 C6 53 10 36 8A CB 72 ..S...Z.#.S.6..r\n0x00000010 26 BE A9 97 0B A3 D9 1A 4D EF F8 AF 4D B6 3B A1 &.......M...M.;.\n0x00000020 61 99 BB 02 78 E0 46 FE DB A4 2D F9 E1 1A F2 FE a...x.F...-.....","0","48","2"]}
I/Xposed  ( 2846): Droidmon-apimonitor-com.dumplingsandwich.pencilsketch:{"timestamp":1464091601578,"result":"oABT\/oLRWqsjxlMQNorLcia+qZcLo9kaTe\/4r022O6FhmbsCeOBG\/tukLfnhGvL+","class":"android.util.Base64","method":"encode","type":"generic","args":["\n0x00000000 A0 00 53 FE 82 D1 5A AB 23 C6 53 10 36 8A CB 72 ..S...Z.#.S.6..r\n0x00000010 26 BE A9 97 0B A3 D9 1A 4D EF F8 AF 4D B6 3B A1 &.......M...M.;.\n0x00000020 61 99 BB 02 78 E0 46 FE DB A4 2D F9 E1 1A F2 FE a...x.F...-.....","2"]}
I/Xposed  ( 2846): Droidmon-apimonitor-com.dumplingsandwich.pencilsketch:{"timestamp":1464091601578,"result":{"mModified":{"ClientSecret":"oABT\/oLRWqsjxlMQNorLcia+qZcLo9kaTe\/4r022O6FhmbsCeOBG\/tukLfnhGvL+"},"mClear":false},"class":"android.app.SharedPreferencesImpl$EditorImpl","method":"putString","type":"globals","args":["ClientSecret","oABT\/oLRWqsjxlMQNorLcia+qZcLo9kaTe\/4r022O6FhmbsCeOBG\/tukLfnhGvL+"]}
I/Xposed  ( 2846): Droidmon-apimonitor-com.dumplingsandwich.pencilsketch:{"timestamp":1464091601579,"result":"","class":"android.os.SystemProperties","method":"get","type":"content","args":["debug.second-display.pkg"]}
I/dalvikvm-heap( 2846): Grow heap (frag case) to 5.676MB for 2457612-byte allocation
I/dalvikvm-heap( 2846): Grow heap (frag case) to 6.535MB for 897772-byte allocation
D/gralloc_vbox86( 2846): Emulator without GPU emulation detected.
I/ActivityManager(  667): Displayed com.dumplingsandwich.pencilsketch/.activities.MainActivity: +913ms (total +6s205ms)
E/cutils-trace( 2862): Error opening trace file: No such file or directory (2)
D/gralloc_vbox86( 2862): Emulator without GPU emulation detected.
D/gralloc (  275): Registering a buffer in the process that created it. This may cause memory ordering problems.
E/libEGL  (  275): called unimplemented OpenGL ES API
E/libEGL  (  275): called unimplemented OpenGL ES API
E/libEGL  (  275): called unimplemented OpenGL ES API
E/libEGL  (  275): called unimplemented OpenGL ES API
E/libEGL  (  275): called unimplemented OpenGL ES API
E/libEGL  (  275): called unimplemented OpenGL ES API
E/libEGL  (  275): called unimplemented OpenGL ES API
E/SurfaceFlinger(  275): glCheckFramebufferStatusOES error 908003643
E/SurfaceFlinger(  275): got GL_FRAMEBUFFER_COMPLETE_OES error while taking screenshot
E/libEGL  (  275): called unimplemented OpenGL ES API
E/libEGL  (  275): called unimplemented OpenGL ES API
E/libEGL  (  275): called unimplemented OpenGL ES API
