W/linker  ( 3120): libdvm.so has text relocations. This is wasting memory and is a security risk. Please fix.
W/linker  ( 3120): app_process has text relocations. This is wasting memory and is a security risk. Please fix.
D/AndroidRuntime( 3120): 
D/AndroidRuntime( 3120): >>>>>> AndroidRuntime START com.android.internal.os.RuntimeInit <<<<<<
D/AndroidRuntime( 3120): CheckJNI is OFF
E/cutils-trace( 3120): Error opening trace file: No such file or directory (2)
E/memtrack( 3120): Couldn't load memtrack module (No such file or directory)
E/android.os.Debug( 3120): failed to load memtrack module: -2
D/AndroidRuntime( 3120): Calling main entry com.android.commands.am.Am
I/ActivityManager(  667): Force stopping com.dumplingsandwich.pencilsketch appid=10019 user=0: from pid 3120
I/ActivityManager(  667): Killing 3097:com.dumplingsandwich.pencilsketch/u0a19 (adj 0): stop com.dumplingsandwich.pencilsketch
W/ActivityManager(  667): Force removing ActivityRecord{52a13d68 u0 com.dumplingsandwich.pencilsketch/.activities.CanvasActivity t18}: app died, no saved state
E/JavaBinder(  667): !!! FAILED BINDER TRANSACTION !!!
D/AndroidRuntime( 3120): Shutting down VM
E/JavaBinder(  667): !!! FAILED BINDER TRANSACTION !!!
E/JavaBinder(  667): !!! FAILED BINDER TRANSACTION !!!
I/AndroidRuntime( 3120): NOTE: attach of thread 'Binder_2' failed
W/InputMethodManagerService(  667): Got RemoteException sending setActive(false) notification to pid 3097 uid 10019
I/WindowState(  667): WIN DEATH: Window{52ab9e3c u0 com.dumplingsandwich.pencilsketch/com.dumplingsandwich.pencilsketch.activities.CanvasActivity}
W/SurfaceFlinger(  275): couldn't log to binary event log: overflow.
W/linker  ( 3131): libdvm.so has text relocations. This is wasting memory and is a security risk. Please fix.
W/linker  ( 3131): app_process has text relocations. This is wasting memory and is a security risk. Please fix.
D/AndroidRuntime( 3131): 
D/AndroidRuntime( 3131): >>>>>> AndroidRuntime START com.android.internal.os.RuntimeInit <<<<<<
D/AndroidRuntime( 3131): CheckJNI is OFF
E/cutils-trace( 3131): Error opening trace file: No such file or directory (2)
E/memtrack( 3131): Couldn't load memtrack module (No such file or directory)
E/android.os.Debug( 3131): failed to load memtrack module: -2
D/AndroidRuntime( 3131): Calling main entry com.android.commands.am.Am
D/gralloc (  275): Registering a buffer in the process that created it. This may cause memory ordering problems.
E/libEGL  (  275): called unimplemented OpenGL ES API
E/libEGL  (  275): called unimplemented OpenGL ES API
E/libEGL  (  275): called unimplemented OpenGL ES API
E/libEGL  (  275): called unimplemented OpenGL ES API
E/libEGL  (  275): called unimplemented OpenGL ES API
E/libEGL  (  275): called unimplemented OpenGL ES API
E/libEGL  (  275): called unimplemented OpenGL ES API
E/SurfaceFlinger(  275): glCheckFramebufferStatusOES error 908003643
E/SurfaceFlinger(  275): got GL_FRAMEBUFFER_COMPLETE_OES error while taking screenshot
E/libEGL  (  275): called unimplemented OpenGL ES API
E/libEGL  (  275): called unimplemented OpenGL ES API
E/libEGL  (  275): called unimplemented OpenGL ES API
I/ActivityManager(  667): START u0 {flg=0x10000000 cmp=com.dumplingsandwich.pencilsketch/com.google.android.gms.ads.AdActivity} from pid 3131
W/WindowManager(  667): Screenshot failure taking screenshot for (328x524) to layer 21025
D/AndroidRuntime( 3131): Shutting down VM
I/AndroidRuntime( 3131): NOTE: attach of thread 'Binder_1' failed
I/ActivityManager(  667): Start proc com.dumplingsandwich.pencilsketch for activity com.dumplingsandwich.pencilsketch/com.google.android.gms.ads.AdActivity: pid=3141 uid=10019 gids={50019, 3003, 1028, 1015}
D/JustTrustMe( 3141): Hooking DefaultHTTPClient for: com.dumplingsandwich.pencilsketch
D/JustTrustMe( 3141): Hooking DefaultHTTPClient(HttpParams) for: com.dumplingsandwich.pencilsketch
D/JustTrustMe( 3141): Hooking DefaultHTTPClient(ClientConnectionManager, HttpParams) for: com.dumplingsandwich.pencilsketch
D/JustTrustMe( 3141): Hooking SSLSocketFactory(String, KeyStore, String, KeyStore) for: com.dumplingsandwich.pencilsketch
D/JustTrustMe( 3141): Hooking static SSLSocketFactory(String, KeyStore, String, KeyStore) for: com.dumplingsandwich.pencilsketch
D/JustTrustMe( 3141): Hooking SSLSocketFactory(Socket) for: com.dumplingsandwich.pencilsketch
D/JustTrustMe( 3141): Hooking TrustManagerFactory.getTrustManagers() for: com.dumplingsandwich.pencilsketch
D/JustTrustMe( 3141): Hooking HttpsURLConnection.setDefaultHostnameVerifier for: com.dumplingsandwich.pencilsketch
D/JustTrustMe( 3141): Hooking HttpsURLConnection.setSSLSocketFactory for: com.dumplingsandwich.pencilsketch
D/JustTrustMe( 3141): Hooking HttpsURLConnection.setHostnameVerifier for: com.dumplingsandwich.pencilsketch
D/JustTrustMe( 3141): Hooking WebViewClient.onReceivedSslError(WebView, SslErrorHandler, SslError) for: com.dumplingsandwich.pencilsketch
D/JustTrustMe( 3141): Hooking WebViewClient.onReceivedSslError(WebView, int, string, string) for: com.dumplingsandwich.pencilsketch
D/JustTrustMe( 3141): Hooking com.android.org.conscrypt.TrustManagerImpl.checkServerTrusted(X509Certificate[]) for: com.dumplingsandwich.pencilsketch
I/MultiDex( 3141): VM with version 1.6.0 does not have multidex support
I/MultiDex( 3141): install
I/MultiDex( 3141): MultiDexExtractor.load(/data/app/com.dumplingsandwich.pencilsketch-1.apk, false)
I/Xposed  ( 3141): Droidmon-apimonitor-com.dumplingsandwich.pencilsketch:{"timestamp":1464091634832,"result":{"descriptor":55},"class":"libcore.io.IoBridge","method":"open","type":"file","args":["\/data\/app\/com.dumplingsandwich.pencilsketch-1.apk","0"]}
I/Xposed  ( 3141): Droidmon-apimonitor-com.dumplingsandwich.pencilsketch:{"timestamp":1464091634834,"result":{"descriptor":55},"class":"libcore.io.IoBridge","method":"open","type":"file","args":["\/data\/data\/com.dumplingsandwich.pencilsketch\/shared_prefs\/multidex.version.xml","0"]}
I/MultiDex( 3141): loading existing secondary dex files
I/MultiDex( 3141): load found 0 secondary dex files
I/MultiDex( 3141): install done
D/JustTrustMe( 3141): Hooking com.squareup.okhttp.CertificatePinner.check(String,List) (2.5) for: com.dumplingsandwich.pencilsketch
I/Xposed  ( 3141): java.lang.NoSuchMethodError: com.squareup.okhttp.CertificatePinner#check(java.lang.String,java.util.List)#exact
I/Xposed  ( 3141): 	at de.robv.android.xposed.XposedHelpers.findMethodExact(XposedHelpers.java:179)
I/Xposed  ( 3141): 	at de.robv.android.xposed.XposedHelpers.findAndHookMethod(XposedHelpers.java:129)
I/Xposed  ( 3141): 	at de.robv.android.xposed.XposedHelpers.findAndHookMethod(XposedHelpers.java:136)
I/Xposed  ( 3141): 	at just.trust.me.Main.processOkHttp(Main.java:354)
I/Xposed  ( 3141): 	at just.trust.me.Main$13.afterHookedMethod(Main.java:243)
I/Xposed  ( 3141): 	at de.robv.android.xposed.XposedBridge.handleHookedMethod(XposedBridge.java:645)
I/Xposed  ( 3141): 	at android.app.Application.attach(Native Method)
I/Xposed  ( 3141): 	at android.app.Instrumentation.newApplication(Instrumentation.java:991)
I/Xposed  ( 3141): 	at android.app.Instrumentation.newApplication(Instrumentation.java:975)
I/Xposed  ( 3141): 	at android.app.LoadedApk.makeApplication(LoadedApk.java:511)
I/Xposed  ( 3141): 	at android.app.ActivityThread.handleBindApplication(ActivityThread.java:4317)
I/Xposed  ( 3141): 	at de.robv.android.xposed.XposedBridge.invokeOriginalMethodNative(Native Method)
I/Xposed  ( 3141): 	at de.robv.android.xposed.XposedBridge.handleHookedMethod(XposedBridge.java:631)
I/Xposed  ( 3141): 	at android.app.ActivityThread.handleBindApplication(Native Method)
I/Xposed  ( 3141): 	at android.app.ActivityThread.access$1500(ActivityThread.java:135)
I/Xposed  ( 3141): 	at android.app.ActivityThread$H.handleMessage(ActivityThread.java:1256)
I/Xposed  ( 3141): 	at android.os.Handler.dispatchMessage(Handler.java:102)
I/Xposed  ( 3141): 	at android.os.Looper.loop(Looper.java:136)
I/Xposed  ( 3141): 	at android.app.ActivityThread.main(ActivityThread.java:5017)
I/Xposed  ( 3141): 	at java.lang.reflect.Method.invokeNative(Native Method)
I/Xposed  ( 3141): 	at java.lang.reflect.Method.invoke(Native Method)
I/Xposed  ( 3141): 	at com.android.internal.os.ZygoteInit$MethodAndArgsCaller.run(ZygoteInit.java:779)
I/Xposed  ( 3141): 	at com.android.internal.os.ZygoteInit.main(ZygoteInit.java:595)
I/Xposed  ( 3141): 	at de.robv.android.xposed.XposedBridge.main(XposedBridge.java:132)
I/Xposed  ( 3141): 	at dalvik.system.NativeStart.main(Native Method)
I/AdobeImageCdsProvider( 3141): onCreate
I/Xposed  ( 3141): Droidmon-apimonitor-com.dumplingsandwich.pencilsketch:{"timestamp":1464091634837,"result":{"descriptor":55},"class":"libcore.io.IoBridge","method":"open","type":"file","args":["\/data\/data\/com.dumplingsandwich.pencilsketch\/shared_prefs\/Foundation.xml","0"]}
I/Xposed  ( 3141): Droidmon-apimonitor-com.dumplingsandwich.pencilsketch:{"timestamp":1464091634843,"result":{"descriptor":55},"class":"libcore.io.IoBridge","method":"open","type":"file","args":["\/data\/data\/com.dumplingsandwich.pencilsketch\/shared_prefs\/adb_foundation_auth_aes_preference.xml","0"]}
I/Xposed  ( 3141): Droidmon-apimonitor-com.dumplingsandwich.pencilsketch:{"timestamp":1464091634843,"result":"\n0x00000000 D5 D2 0B 99 7D 2B 37 30 23 9F 05 63 CE F3 FF EA ....}+70#..c....","class":"android.util.Base64","method":"decode","type":"generic","args":["1dILmX0rNzAjnwVjzvP\/6g==","0","24","2"]}
I/Xposed  ( 3141): Droidmon-apimonitor-com.dumplingsandwich.pencilsketch:{"timestamp":1464091634844,"result":"\n0x00000000 D5 D2 0B 99 7D 2B 37 30 23 9F 05 63 CE F3 FF EA ....}+70#..c....","class":"android.util.Base64","method":"decode","type":"generic","args":["1dILmX0rNzAjnwVjzvP\/6g==","2"]}
I/Xposed  ( 3141): Droidmon-apimonitor-com.dumplingsandwich.pencilsketch:{"timestamp":1464091634844,"result":"\n0x00000000 D5 D2 0B 99 7D 2B 37 30 23 9F 05 63 CE F3 FF EA ....}+70#..c....","class":"android.util.Base64","method":"decode","type":"generic","args":["1dILmX0rNzAjnwVjzvP\/6g==","2"]}
I/Xposed  ( 3141): Droidmon-apimonitor-com.dumplingsandwich.pencilsketch:{"timestamp":1464091634844,"class":"javax.crypto.spec.SecretKeySpec","method":"javax.crypto.spec.SecretKeySpec","type":"crypto","args":["\n0x00000000 D5 D2 0B 99 7D 2B 37 30 23 9F 05 63 CE F3 FF EA ....}+70#..c....","AES"]}
I/Xposed  ( 3141): Droidmon-apimonitor-com.dumplingsandwich.pencilsketch:{"timestamp":1464091634847,"result":"\n0x00000000 B1 12 2A 02 96 73 FC 65 E1 B1 89 3A D7 A6 A2 B0 ..*..s.e...:....\n0x00000010 A2 29 F5 38 7D ED 26 27 9D 1F 9A 73 B9 40 B4 69 .).8}.&'...s.@.i\n0x00000020 B4 8E 88 10 FF 57 B4 06 AA 38 FB 28 06 3F 55 75 .....W...8.(.?Uu","class":"javax.crypto.Cipher","method":"doFinal","type":"crypto","this":{"mode":1},"args":["5bdd636e3694470fa58e0ea0f195e0d3"]}
I/Xposed  ( 3141): Droidmon-apimonitor-com.dumplingsandwich.pencilsketch:{"timestamp":1464091634869,"result":"sRIqApZz\/GXhsYk616aisKIp9Th97SYnnR+ac7lAtGm0jogQ\/1e0Bqo4+ygGP1V1","class":"android.util.Base64","method":"encode","type":"generic","args":["\n0x00000000 B1 12 2A 02 96 73 FC 65 E1 B1 89 3A D7 A6 A2 B0 ..*..s.e...:....\n0x00000010 A2 29 F5 38 7D ED 26 27 9D 1F 9A 73 B9 40 B4 69 .).8}.&'...s.@.i\n0x00000020 B4 8E 88 10 FF 57 B4 06 AA 38 FB 28 06 3F 55 75 .....W...8.(.?Uu","0","48","2"]}
I/Xposed  ( 3141): Droidmon-apimonitor-com.dumplingsandwich.pencilsketch:{"timestamp":1464091634870,"result":"sRIqApZz\/GXhsYk616aisKIp9Th97SYnnR+ac7lAtGm0jogQ\/1e0Bqo4+ygGP1V1","class":"android.util.Base64","method":"encode","type":"generic","args":["\n0x00000000 B1 12 2A 02 96 73 FC 65 E1 B1 89 3A D7 A6 A2 B0 ..*..s.e...:....\n0x00000010 A2 29 F5 38 7D ED 26 27 9D 1F 9A 73 B9 40 B4 69 .).8}.&'...s.@.i\n0x00000020 B4 8E 88 10 FF 57 B4 06 AA 38 FB 28 06 3F 55 75 .....W...8.(.?Uu","2"]}
I/Xposed  ( 3141): Droidmon-apimonitor-com.dumplingsandwich.pencilsketch:{"timestamp":1464091634870,"result":{"mModified":{"ClientId":"sRIqApZz\/GXhsYk616aisKIp9Th97SYnnR+ac7lAtGm0jogQ\/1e0Bqo4+ygGP1V1"},"mClear":false},"class":"android.app.SharedPreferencesImpl$EditorImpl","method":"putString","type":"globals","args":["ClientId","sRIqApZz\/GXhsYk616aisKIp9Th97SYnnR+ac7lAtGm0jogQ\/1e0Bqo4+ygGP1V1"]}
I/Xposed  ( 3141): Droidmon-apimonitor-com.dumplingsandwich.pencilsketch:{"timestamp":1464091634870,"result":"\n0x00000000 A0 00 53 FE 82 D1 5A AB 23 C6 53 10 36 8A CB 72 ..S...Z.#.S.6..r\n0x00000010 26 BE A9 97 0B A3 D9 1A 4D EF F8 AF 4D B6 3B A1 &.......M...M.;.\n0x00000020 61 99 BB 02 78 E0 46 FE DB A4 2D F9 E1 1A F2 FE a...x.F...-.....","class":"javax.crypto.Cipher","method":"doFinal","type":"crypto","this":{"mode":1},"args":["89baf2ee-6c90-4c15-ad1c-f7c2b6719753"]}
I/Xposed  ( 3141): Droidmon-apimonitor-com.dumplingsandwich.pencilsketch:{"timestamp":1464091634891,"result":"oABT\/oLRWqsjxlMQNorLcia+qZcLo9kaTe\/4r022O6FhmbsCeOBG\/tukLfnhGvL+","class":"android.util.Base64","method":"encode","type":"generic","args":["\n0x00000000 A0 00 53 FE 82 D1 5A AB 23 C6 53 10 36 8A CB 72 ..S...Z.#.S.6..r\n0x00000010 26 BE A9 97 0B A3 D9 1A 4D EF F8 AF 4D B6 3B A1 &.......M...M.;.\n0x00000020 61 99 BB 02 78 E0 46 FE DB A4 2D F9 E1 1A F2 FE a...x.F...-.....","0","48","2"]}
I/Xposed  ( 3141): Droidmon-apimonitor-com.dumplingsandwich.pencilsketch:{"timestamp":1464091634891,"result":"oABT\/oLRWqsjxlMQNorLcia+qZcLo9kaTe\/4r022O6FhmbsCeOBG\/tukLfnhGvL+","class":"android.util.Base64","method":"encode","type":"generic","args":["\n0x00000000 A0 00 53 FE 82 D1 5A AB 23 C6 53 10 36 8A CB 72 ..S...Z.#.S.6..r\n0x00000010 26 BE A9 97 0B A3 D9 1A 4D EF F8 AF 4D B6 3B A1 &.......M...M.;.\n0x00000020 61 99 BB 02 78 E0 46 FE DB A4 2D F9 E1 1A F2 FE a...x.F...-.....","2"]}
I/Xposed  ( 3141): Droidmon-apimonitor-com.dumplingsandwich.pencilsketch:{"timestamp":1464091634892,"result":{"mModified":{"ClientSecret":"oABT\/oLRWqsjxlMQNorLcia+qZcLo9kaTe\/4r022O6FhmbsCeOBG\/tukLfnhGvL+"},"mClear":false},"class":"android.app.SharedPreferencesImpl$EditorImpl","method":"putString","type":"globals","args":["ClientSecret","oABT\/oLRWqsjxlMQNorLcia+qZcLo9kaTe\/4r022O6FhmbsCeOBG\/tukLfnhGvL+"]}
I/Xposed  ( 3141): Droidmon-apimonitor-com.dumplingsandwich.pencilsketch:{"timestamp":1464091634892,"result":"","class":"android.os.SystemProperties","method":"get","type":"content","args":["debug.second-display.pkg"]}
W/Ads     ( 3141): Ad overlay requires the useClientJar flag in intent extras.
W/Ads     ( 3141): Could not create ad overlay.
W/InputMethodManagerService(  667): Window already focused, ignoring focus gain of: com.android.internal.view.IInputMethodClient$Stub$Proxy@52ab3f20 attribute=null, token = android.os.BinderProxy@52a45f30
E/cutils-trace( 3159): Error opening trace file: No such file or directory (2)
D/gralloc_vbox86( 3159): Emulator without GPU emulation detected.
D/gralloc (  275): Registering a buffer in the process that created it. This may cause memory ordering problems.
E/libEGL  (  275): called unimplemented OpenGL ES API
E/libEGL  (  275): called unimplemented OpenGL ES API
E/libEGL  (  275): called unimplemented OpenGL ES API
E/libEGL  (  275): called unimplemented OpenGL ES API
E/libEGL  (  275): called unimplemented OpenGL ES API
E/libEGL  (  275): called unimplemented OpenGL ES API
E/libEGL  (  275): called unimplemented OpenGL ES API
E/SurfaceFlinger(  275): glCheckFramebufferStatusOES error 908003643
E/SurfaceFlinger(  275): got GL_FRAMEBUFFER_COMPLETE_OES error while taking screenshot
E/libEGL  (  275): called unimplemented OpenGL ES API
E/libEGL  (  275): called unimplemented OpenGL ES API
E/libEGL  (  275): called unimplemented OpenGL ES API
W/linker  ( 3164): libdvm.so has text relocations. This is wasting memory and is a security risk. Please fix.
W/linker  ( 3164): app_process has text relocations. This is wasting memory and is a security risk. Please fix.
D/AndroidRuntime( 3164): 
D/AndroidRuntime( 3164): >>>>>> AndroidRuntime START com.android.internal.os.RuntimeInit <<<<<<
D/AndroidRuntime( 3164): CheckJNI is OFF
E/cutils-trace( 3164): Error opening trace file: No such file or directory (2)
E/memtrack( 3164): Couldn't load memtrack module (No such file or directory)
E/android.os.Debug( 3164): failed to load memtrack module: -2
D/AndroidRuntime( 3164): Calling main entry com.android.commands.am.Am
I/ActivityManager(  667): Force stopping com.dumplingsandwich.pencilsketch appid=10019 user=0: from pid 3164
I/ActivityManager(  667): Killing 3141:com.dumplingsandwich.pencilsketch/u0a19 (adj 9): stop com.dumplingsandwich.pencilsketch
D/AndroidRuntime( 3164): Shutting down VM
I/AndroidRuntime( 3164): NOTE: attach of thread 'Binder_1' failed
