I/Xposed  ( 4852): Droidmon-apimonitor-com.dumplingsandwich.pencilsketch:{"timestamp":1464091772611,"result":"\/data\/app\/com.dumplingsandwich.pencilsketch-1.apk","hooked_method":"getPackageResourcePath","hooked_class":"com.dumplingsandwich.pencilsketch.activities.SplashScreenActivity","args":[],"class":"java.lang.reflect.Method","method":"invoke","type":"reflection"}
I/Xposed  ( 4852): Droidmon-apimonitor-com.dumplingsandwich.pencilsketch:{"timestamp":1464091772612,"result":{"descriptor":99},"class":"libcore.io.IoBridge","method":"open","type":"file","args":["\/data\/app\/com.dumplingsandwich.pencilsketch-1.apk","0"]}
I/Xposed  ( 4852): Droidmon-apimonitor-com.dumplingsandwich.pencilsketch:{"timestamp":1464091773366,"result":{"position":0,"limit":32,"effectiveDirectAddress":0,"backingArray":[-63,-48,-94,111,35,-110,-85,-1,-59,-116,-88,-126,-47,65,-97,26,102,51,99,26,-109,-5,35,-126,-113,-86,-115,-3,41,33,-71,-70],"order":{"needsSwap":true,"name":"BIG_ENDIAN"},"arrayOffset":0,"isReadOnly":false,"capacity":32,"mark":-1,"_elementSizeShift":0},"hooked_method":"a","hooked_class":"","args":["com.dumplingsandwich.pencilsketch.activities.SplashScreenActivity@52809374"],"class":"java.lang.reflect.Method","method":"invoke","type":"reflection"}
I/Xposed  ( 4852): Droidmon-apimonitor-com.dumplingsandwich.pencilsketch:{"timestamp":1464091773380,"result":"wdCibyOSq__FjKiC0UGfGmYzYxqT-yOCj6qN_Skhubo","class":"android.util.Base64","method":"encode","type":"generic","args":["\n0x00000000 C1 D0 A2 6F 23 92 AB FF C5 8C A8 82 D1 41 9F 1A ...o#........A..\n0x00000010 66 33 63 1A 93 FB 23 82 8F AA 8D FD 29 21 B9 BA f3c...#.....)!..","0","32","11"]}
I/Xposed  ( 4852): Droidmon-apimonitor-com.dumplingsandwich.pencilsketch:{"timestamp":1464091773381,"result":"wdCibyOSq__FjKiC0UGfGmYzYxqT-yOCj6qN_Skhubo","class":"android.util.Base64","method":"encode","type":"generic","args":["\n0x00000000 C1 D0 A2 6F 23 92 AB FF C5 8C A8 82 D1 41 9F 1A ...o#........A..\n0x00000010 66 33 63 1A 93 FB 23 82 8F AA 8D FD 29 21 B9 BA f3c...#.....)!..","11"]}
I/Xposed  ( 4852): Droidmon-apimonitor-com.dumplingsandwich.pencilsketch:{"timestamp":1464091773381,"result":"wdCibyOSq__FjKiC0UGfGmYzYxqT-yOCj6qN_Skhubo","class":"android.util.Base64","method":"encodeToString","type":"generic","args":["\n0x00000000 C1 D0 A2 6F 23 92 AB FF C5 8C A8 82 D1 41 9F 1A ...o#........A..\n0x00000010 66 33 63 1A 93 FB 23 82 8F AA 8D FD 29 21 B9 BA f3c...#.....)!..","11"]}
I/Xposed  ( 4852): Droidmon-apimonitor-com.dumplingsandwich.pencilsketch:{"timestamp":1464091773381,"result":{"position":0,"limit":20,"effectiveDirectAddress":0,"backingArray":[-5,-7,89,96,1,-119,30,1,-125,-90,-94,73,-4,-9,7,-62,-121,5,-99,33],"order":{"needsSwap":true,"name":"BIG_ENDIAN"},"arrayOffset":0,"isReadOnly":false,"capacity":20,"mark":-1,"_elementSizeShift":0},"hooked_method":"a","hooked_class":"","args":["com.dumplingsandwich.pencilsketch.activities.SplashScreenActivity@52809374"],"class":"java.lang.reflect.Method","method":"invoke","type":"reflection"}
I/Xposed  ( 4852): Droidmon-apimonitor-com.dumplingsandwich.pencilsketch:{"timestamp":1464091773395,"result":"-_lZYAGJHgGDpqJJ_PcHwocFnSE","class":"android.util.Base64","method":"encode","type":"generic","args":["\n0x00000000 FB F9 59 60 01 89 1E 01 83 A6 A2 49 FC F7 07 C2 ..Y`.......I....\n0x00000010 87 05 9D 21                                     ...!","0","20","11"]}
I/Xposed  ( 4852): Droidmon-apimonitor-com.dumplingsandwich.pencilsketch:{"timestamp":1464091773395,"result":"-_lZYAGJHgGDpqJJ_PcHwocFnSE","class":"android.util.Base64","method":"encode","type":"generic","args":["\n0x00000000 FB F9 59 60 01 89 1E 01 83 A6 A2 49 FC F7 07 C2 ..Y`.......I....\n0x00000010 87 05 9D 21                                     ...!","11"]}
I/Xposed  ( 4852): Droidmon-apimonitor-com.dumplingsandwich.pencilsketch:{"timestamp":1464091773396,"result":"-_lZYAGJHgGDpqJJ_PcHwocFnSE","class":"android.util.Base64","method":"encodeToString","type":"generic","args":["\n0x00000000 FB F9 59 60 01 89 1E 01 83 A6 A2 49 FC F7 07 C2 ..Y`.......I....\n0x00000010 87 05 9D 21                                     ...!","11"]}
I/Xposed  ( 4852): Droidmon-apimonitor-com.dumplingsandwich.pencilsketch:{"timestamp":1464091773396,"result":{"act":"android.intent.action.BATTERY_CHANGED","extras":[{"value":"Unknown","key":"technology"},{"value":"17302955","key":"icon-small"},{"value":"1","key":"health"},{"value":"1","key":"status"},{"value":"1","key":"plugged"},{"value":"true","key":"present"},{"value":"246","key":"level"},{"value":"100","key":"scale"},{"value":"0","key":"temperature"},{"value":"10000","key":"voltage"},{"value":"0","key":"invalid_charger"}]},"class":"android.app.ContextImpl","method":"registerReceiver","type":"binder","args":[{"mPriority":0,"mActions":["android.intent.action.BATTERY_CHANGED"],"mHasPartialTypes":false}]}
I/Xposed  ( 4852): Droidmon-apimonitor-com.dumplingsandwich.pencilsketch:{"timestamp":1464091773411,"result":{"act":"android.intent.action.BATTERY_CHANGED","extras":[{"value":"Unknown","key":"technology"},{"value":"17302955","key":"icon-small"},{"value":"1","key":"health"},{"value":"1","key":"status"},{"value":"1","key":"plugged"},{"value":"true","key":"present"},{"value":"246","key":"level"},{"value":"100","key":"scale"},{"value":"0","key":"temperature"},{"value":"10000","key":"voltage"},{"value":"0","key":"invalid_charger"}]},"class":"android.app.ContextImpl","method":"registerReceiver","type":"binder","args":[{"mPriority":0,"mActions":["android.intent.action.BATTERY_CHANGED"],"mHasPartialTypes":false}]}
I/Xposed  ( 4852): Droidmon-apimonitor-com.dumplingsandwich.pencilsketch:{"timestamp":1464091773427,"result":[0,246],"hooked_method":"a","hooked_class":"","args":["com.dumplingsandwich.pencilsketch.activities.SplashScreenActivity@52809374"],"class":"java.lang.reflect.Method","method":"invoke","type":"reflection"}
I/Xposed  ( 4852): Droidmon-apimonitor-com.dumplingsandwich.pencilsketch:{"timestamp":1464091773428,"result":"1","hooked_method":"a","hooked_class":"","args":["com.dumplingsandwich.pencilsketch.activities.SplashScreenActivity@52809374"],"class":"java.lang.reflect.Method","method":"invoke","type":"reflection"}
I/Xposed  ( 4852): Droidmon-apimonitor-com.dumplingsandwich.pencilsketch:{"timestamp":1464091773429,"result":"59","hooked_method":"a","hooked_class":"","args":["com.dumplingsandwich.pencilsketch.activities.SplashScreenActivity@52809374"],"class":"java.lang.reflect.Method","method":"invoke","type":"reflection"}
I/Xposed  ( 4852): Droidmon-apimonitor-com.dumplingsandwich.pencilsketch:{"timestamp":1464091773430,"result":"5.0","hooked_method":"a","hooked_class":"","args":["com.dumplingsandwich.pencilsketch.activities.SplashScreenActivity@52809374"],"class":"java.lang.reflect.Method","method":"invoke","type":"reflection"}
I/Xposed  ( 4852): Droidmon-apimonitor-com.dumplingsandwich.pencilsketch:{"timestamp":1464091773431,"result":"40","hooked_method":"a","hooked_class":"","args":["com.dumplingsandwich.pencilsketch.activities.SplashScreenActivity@52809374"],"class":"java.lang.reflect.Method","method":"invoke","type":"reflection"}
I/Xposed  ( 4852): Droidmon-apimonitor-com.dumplingsandwich.pencilsketch:{"timestamp":1464091773440,"result":"ebHAYOfrSkqvzu6gdBnikw","class":"android.util.Base64","method":"encode","type":"generic","args":["\n0x00000000 79 B1 C0 60 E7 EB 4A 4A AF CE EE A0 74 19 E2 93 y..`..JJ....t...","0","16","11"]}
I/Xposed  ( 4852): Droidmon-apimonitor-com.dumplingsandwich.pencilsketch:{"timestamp":1464091773441,"result":"ebHAYOfrSkqvzu6gdBnikw","class":"android.util.Base64","method":"encode","type":"generic","args":["\n0x00000000 79 B1 C0 60 E7 EB 4A 4A AF CE EE A0 74 19 E2 93 y..`..JJ....t...","11"]}
I/Xposed  ( 4852): Droidmon-apimonitor-com.dumplingsandwich.pencilsketch:{"timestamp":1464091773441,"result":"ebHAYOfrSkqvzu6gdBnikw","class":"android.util.Base64","method":"encodeToString","type":"generic","args":["\n0x00000000 79 B1 C0 60 E7 EB 4A 4A AF CE EE A0 74 19 E2 93 y..`..JJ....t...","11"]}
I/Xposed  ( 4852): Droidmon-apimonitor-com.dumplingsandwich.pencilsketch:{"timestamp":1464091773455,"result":"Rff_Ng0lNDHGlPj7YUaLeCe3NgIT7bxnzAnUlDLmASqfDT244W-1WPIhMEiHnVClhkZ0HsQKgjb0nxBbJ7DFhLJXcjHz0NKG7hK7KHdQAgHAricycyUAW_wIgSgJFOgu4IcgXEcl3sknJy1FNLtZS2OHTt5iSZaqNpvgwCM0zDNDipt-xR6bVel2V-9kROGFYVGWED8b5e0AM_VtiH21aWorFVss9PfPSO9V8wFe7WPuuDLjLoPk6b2xubFYukRNwGNSB0S20YI8-73IVSbhlHL5AyCTHsmqf9pA2XvTNEnxdDjYag24rC_SEqeN57GXMNPhp8Np5rZs_nOMO878Bw","class":"android.util.Base64","method":"encode","type":"generic","args":["\n0x00000000 45 F7 FF 36 0D 25 34 31 C6 94 F8 FB 61 46 8B 78 E..6.%41....aF.x\n0x00000010 27 B7 36 02 13 ED BC 67 CC 09 D4 94 32 E6 01 2A '.6....g....2..*\n0x00000020 9F 0D 3D B8 E1 6F B5 58 F2 21 30 48 87 9D 50 A5 ..=..o.X.!0H..P.\n0x00000030 86 46 74 1E C4 0A 82 36 F4 9F 10 5B 27 B0 C5 84 .Ft....6...['...\n0x00000040 B2 57 72 31 F3 D0 D2 86 EE 12 BB 28 77 50 02 01 .Wr1.......(wP..\n0x00000050 C0 AE 27 32 73 25 00 5B FC 08 81 28 09 14 E8 2E ..'2s%.[...(....\n0x00000060 E0 87 20 5C 47 25 DE C9 27 27 2D 45 34 BB 59 4B ...\\G%..''-E4.YK\n0x00000070 63 87 4E DE 62 49 96 AA 36 9B E0 C0 23 34 CC 33 c.N.bI..6...#4.3\n0x00000080 43 8A 9B 7E C5 1E 9B 55 E9 76 57 EF 64 44 E1 85 C......U.vW.dD..\n0x00000090 61 51 96 10 3F 1B E5 ED 00 33 F5 6D 88 7D B5 69 aQ..?....3.m.}.i\n0x000000A0 6A 2B 15 5B 2C F4 F7 CF 48 EF 55 F3 01 5E ED 63 j+.[,...H.U..^.c\n0x000000B0 EE B8 32 E3 2E 83 E4 E9 BD B1 B9 B1 58 BA 44 4D ..2.........X.DM\n0x000000C0 C0 63 52 07 44 B6 D1 82 3C FB BD C8 55 26 E1 94 .cR.D...<...U&..\n0x000000D0 72 F9 03 20 93 1E C9 AA 7F DA 40 D9 7B D3 34 49 r.........@.{.4I\n0x000000E0 F1 74 38 D8 6A 0D B8 AC 2F D2 12 A7 8D E7 B1 97 .t8.j...\/.......\n0x000000F0 30 D3 E1 A7 C3 69 E6 B6 6C FE 73 8C 3B CE FC 07 0....i..l.s.;...","0","256","11"]}
I/Xposed  ( 4852): Droidmon-apimonitor-com.dumplingsandwich.pencilsketch:{"timestamp":1464091773458,"result":"Rff_Ng0lNDHGlPj7YUaLeCe3NgIT7bxnzAnUlDLmASqfDT244W-1WPIhMEiHnVClhkZ0HsQKgjb0nxBbJ7DFhLJXcjHz0NKG7hK7KHdQAgHAricycyUAW_wIgSgJFOgu4IcgXEcl3sknJy1FNLtZS2OHTt5iSZaqNpvgwCM0zDNDipt-xR6bVel2V-9kROGFYVGWED8b5e0AM_VtiH21aWorFVss9PfPSO9V8wFe7WPuuDLjLoPk6b2xubFYukRNwGNSB0S20YI8-73IVSbhlHL5AyCTHsmqf9pA2XvTNEnxdDjYag24rC_SEqeN57GXMNPhp8Np5rZs_nOMO878Bw","class":"android.util.Base64","method":"encode","type":"generic","args":["\n0x00000000 45 F7 FF 36 0D 25 34 31 C6 94 F8 FB 61 46 8B 78 E..6.%41....aF.x\n0x00000010 27 B7 36 02 13 ED BC 67 CC 09 D4 94 32 E6 01 2A '.6....g....2..*\n0x00000020 9F 0D 3D B8 E1 6F B5 58 F2 21 30 48 87 9D 50 A5 ..=..o.X.!0H..P.\n0x00000030 86 46 74 1E C4 0A 82 36 F4 9F 10 5B 27 B0 C5 84 .Ft....6...['...\n0x00000040 B2 57 72 31 F3 D0 D2 86 EE 12 BB 28 77 50 02 01 .Wr1.......(wP..\n0x00000050 C0 AE 27 32 73 25 00 5B FC 08 81 28 09 14 E8 2E ..'2s%.[...(....\n0x00000060 E0 87 20 5C 47 25 DE C9 27 27 2D 45 34 BB 59 4B ...\\G%..''-E4.YK\n0x00000070 63 87 4E DE 62 49 96 AA 36 9B E0 C0 23 34 CC 33 c.N.bI..6...#4.3\n0x00000080 43 8A 9B 7E C5 1E 9B 55 E9 76 57 EF 64 44 E1 85 C......U.vW.dD..\n0x00000090 61 51 96 10 3F 1B E5 ED 00 33 F5 6D 88 7D B5 69 aQ..?....3.m.}.i\n0x000000A0 6A 2B 15 5B 2C F4 F7 CF 48 EF 55 F3 01 5E ED 63 j+.[,...H.U..^.c\n0x000000B0 EE B8 32 E3 2E 83 E4 E9 BD B1 B9 B1 58 BA 44 4D ..2.........X.DM\n0x000000C0 C0 63 52 07 44 B6 D1 82 3C FB BD C8 55 26 E1 94 .cR.D...<...U&..\n0x000000D0 72 F9 03 20 93 1E C9 AA 7F DA 40 D9 7B D3 34 49 r.........@.{.4I\n0x000000E0 F1 74 38 D8 6A 0D B8 AC 2F D2 12 A7 8D E7 B1 97 .t8.j...\/.......\n0x000000F0 30 D3 E1 A7 C3 69 E6 B6 6C FE 73 8C 3B CE FC 07 0....i..l.s.;...","11"]}
I/Xposed  ( 4852): Droidmon-apimonitor-com.dumplingsandwich.pencilsketch:{"timestamp":1464091773459,"result":"Rff_Ng0lNDHGlPj7YUaLeCe3NgIT7bxnzAnUlDLmASqfDT244W-1WPIhMEiHnVClhkZ0HsQKgjb0nxBbJ7DFhLJXcjHz0NKG7hK7KHdQAgHAricycyUAW_wIgSgJFOgu4IcgXEcl3sknJy1FNLtZS2OHTt5iSZaqNpvgwCM0zDNDipt-xR6bVel2V-9kROGFYVGWED8b5e0AM_VtiH21aWorFVss9PfPSO9V8wFe7WPuuDLjLoPk6b2xubFYukRNwGNSB0S20YI8-73IVSbhlHL5AyCTHsmqf9pA2XvTNEnxdDjYag24rC_SEqeN57GXMNPhp8Np5rZs_nOMO878Bw","class":"android.util.Base64","method":"encodeToString","type":"generic","args":["\n0x00000000 45 F7 FF 36 0D 25 34 31 C6 94 F8 FB 61 46 8B 78 E..6.%41....aF.x\n0x00000010 27 B7 36 02 13 ED BC 67 CC 09 D4 94 32 E6 01 2A '.6....g....2..*\n0x00000020 9F 0D 3D B8 E1 6F B5 58 F2 21 30 48 87 9D 50 A5 ..=..o.X.!0H..P.\n0x00000030 86 46 74 1E C4 0A 82 36 F4 9F 10 5B 27 B0 C5 84 .Ft....6...['...\n0x00000040 B2 57 72 31 F3 D0 D2 86 EE 12 BB 28 77 50 02 01 .Wr1.......(wP..\n0x00000050 C0 AE 27 32 73 25 00 5B FC 08 81 28 09 14 E8 2E ..'2s%.[...(....\n0x00000060 E0 87 20 5C 47 25 DE C9 27 27 2D 45 34 BB 59 4B ...\\G%..''-E4.YK\n0x00000070 63 87 4E DE 62 49 96 AA 36 9B E0 C0 23 34 CC 33 c.N.bI..6...#4.3\n0x00000080 43 8A 9B 7E C5 1E 9B 55 E9 76 57 EF 64 44 E1 85 C......U.vW.dD..\n0x00000090 61 51 96 10 3F 1B E5 ED 00 33 F5 6D 88 7D B5 69 aQ..?....3.m.}.i\n0x000000A0 6A 2B 15 5B 2C F4 F7 CF 48 EF 55 F3 01 5E ED 63 j+.[,...H.U..^.c\n0x000000B0 EE B8 32 E3 2E 83 E4 E9 BD B1 B9 B1 58 BA 44 4D ..2.........X.DM\n0x000000C0 C0 63 52 07 44 B6 D1 82 3C FB BD C8 55 26 E1 94 .cR.D...<...U&..\n0x000000D0 72 F9 03 20 93 1E C9 AA 7F DA 40 D9 7B D3 34 49 r.........@.{.4I\n0x000000E0 F1 74 38 D8 6A 0D B8 AC 2F D2 12 A7 8D E7 B1 97 .t8.j...\/.......\n0x000000F0 30 D3 E1 A7 C3 69 E6 B6 6C FE 73 8C 3B CE FC 07 0....i..l.s.;...","11"]}
I/dalvikvm-heap( 1144): Grow heap (frag case) to 6.846MB for 1127532-byte allocation
E/cutils-trace( 4925): Error opening trace file: No such file or directory (2)
D/gralloc_vbox86( 4925): Emulator without GPU emulation detected.
D/gralloc (  275): Registering a buffer in the process that created it. This may cause memory ordering problems.
E/libEGL  (  275): called unimplemented OpenGL ES API
E/libEGL  (  275): called unimplemented OpenGL ES API
E/libEGL  (  275): called unimplemented OpenGL ES API
E/libEGL  (  275): called unimplemented OpenGL ES API
E/libEGL  (  275): called unimplemented OpenGL ES API
E/libEGL  (  275): called unimplemented OpenGL ES API
E/libEGL  (  275): called unimplemented OpenGL ES API
E/SurfaceFlinger(  275): glCheckFramebufferStatusOES error 908003643
E/SurfaceFlinger(  275): got GL_FRAMEBUFFER_COMPLETE_OES error while taking screenshot
E/libEGL  (  275): called unimplemented OpenGL ES API
E/libEGL  (  275): called unimplemented OpenGL ES API
E/libEGL  (  275): called unimplemented OpenGL ES API
E/Gmail   ( 1306): Exception during sync
E/Gmail   ( 1306): java.net.SocketTimeoutException: SSL handshake timed out
E/Gmail   ( 1306): 	at com.google.android.gms.org.conscrypt.NativeCrypto.SSL_do_handshake(Native Method)
E/Gmail   ( 1306): 	at com.google.android.gms.org.conscrypt.OpenSSLSocketImpl.startHandshake(SourceFile:333)
E/Gmail   ( 1306): 	at com.google.android.gms.org.conscrypt.OpenSSLSocketImpl.waitForHandshake(SourceFile:638)
E/Gmail   ( 1306): 	at com.google.android.gms.org.conscrypt.OpenSSLSocketImpl.getInputStream(SourceFile:600)
E/Gmail   ( 1306): 	at com.google.android.gms.org.conscrypt.KitKatPlatformOpenSSLSocketImplAdapter.getInputStream(SourceFile:67)
E/Gmail   ( 1306): 	at org.apache.http.impl.io.SocketInputBuffer.<init>(SocketInputBuffer.java:70)
E/Gmail   ( 1306): 	at org.apache.http.impl.SocketHttpClientConnection.createSessionInputBuffer(SocketHttpClientConnection.java:83)
E/Gmail   ( 1306): 	at org.apache.http.impl.conn.DefaultClientConnection.createSessionInputBuffer(DefaultClientConnection.java:170)
E/Gmail   ( 1306): 	at org.apache.http.impl.SocketHttpClientConnection.bind(SocketHttpClientConnection.java:106)
E/Gmail   ( 1306): 	at org.apache.http.impl.conn.DefaultClientConnection.update(DefaultClientConnection.java:225)
E/Gmail   ( 1306): 	at org.apache.http.impl.conn.DefaultClientConnectionOperator.updateSecureConnection(DefaultClientConnectionOperator.java:237)
E/Gmail   ( 1306): 	at org.apache.http.impl.conn.AbstractPoolEntry.layerProtocol(AbstractPoolEntry.java:302)
E/Gmail   ( 1306): 	at org.apache.http.impl.conn.AbstractPooledConnAdapter.layerProtocol(AbstractPooledConnAdapter.java:146)
E/Gmail   ( 1306): 	at org.apache.http.impl.client.DefaultRequestDirector.establishRoute(DefaultRequestDirector.java:654)
E/Gmail   ( 1306): 	at org.apache.http.impl.client.DefaultRequestDirector.execute(DefaultRequestDirector.java:370)
E/Gmail   ( 1306): 	at org.apache.http.impl.client.AbstractHttpClient.execute(AbstractHttpClient.java:555)
E/Gmail   ( 1306): 	at org.apache.http.impl.client.AbstractHttpClient.execute(AbstractHttpClient.java:487)
E/Gmail   ( 1306): 	at android.net.http.AndroidHttpClient.execute(AndroidHttpClient.java:257)
E/Gmail   ( 1306): 	at com.google.android.c.b.b.a(SourceFile:214)
E/Gmail   ( 1306): 	at com.google.android.c.b.b.execute(SourceFile:250)
E/Gmail   ( 1306): 	at com.google.android.gm.provider.dj.a(SourceFile:8721)
E/Gmail   ( 1306): 	at com.google.android.gm.provider.by.a(SourceFile:2942)
E/Gmail   ( 1306): 	at com.google.android.gm.provider.by.a(SourceFile:2867)
E/Gmail   ( 1306): 	at com.google.android.gm.provider.by.a(SourceFile:2731)
E/Gmail   ( 1306): 	at com.google.android.gm.provider.by.a(SourceFile:2555)
E/Gmail   ( 1306): 	at com.google.android.gm.provider.by.a(SourceFile:21275)
E/Gmail   ( 1306): 	at com.google.android.gm.provider.ej.a(SourceFile:95)
E/Gmail   ( 1306): 	at com.android.emailcommon.b.a.onPerformSync(SourceFile:49)
E/Gmail   ( 1306): 	at com.google.android.gm.provider.ej.onPerformSync(SourceFile:64)
E/Gmail   ( 1306): 	at android.content.AbstractThreadedSyncAdapter$SyncThread.run(AbstractThreadedSyncAdapter.java:259)
I/Gmail   ( 1306): notifyAccountChanged
I/Gmail   ( 1306): getAccountsCursor
W/Gmail   ( 1306): Sync complete for account: account:690820445
D/SyncManager(  667): failed sync operation yodleebanglore@gmail.com u0 (com.google), gmail-ls, PERIODIC, latestRunTime 133496, reason: Periodic, SyncResult: stats [ numIoExceptions: 1]
W/Gmail   ( 1306): AccountHistory cannot find the addedEvent of 690820445 (went back to 690820445)
V/NQFileLogger(  851): [156] e.a: about to write to file
V/ProcessReports(  851): [156] ProcessReportsService.a: If not already scheduled, schedule for 3600 to 14400 seconds from now (but might be processed inline after 900 seconds instead)
I/GCoreUlr(  851): Uploading GCM registration ID for account#5#
W/BaseAppContext(  851): Using Auth Proxy for data requests.
W/SQLiteConnectionPool(  851): A SQLiteConnection object for database '/data/data/com.google.android.gms/databases/config.db' was leaked!  Please fix your application to end transactions in progress properly and to close the database when it is no longer needed.
E/DataBuffer(  851): Internal data leak within a DataBuffer object detected!  Be sure to explicitly call release() on all DataBuffer extending objects when you are done with them. (internal object: com.google.android.gms.common.data.DataHolder@52992c74)
I/Xposed  ( 4852): Droidmon-apimonitor-com.dumplingsandwich.pencilsketch:{"timestamp":1464091775979,"class":"android.app.Activity","method":"startActivity","type":"binder","args":[{"cmp":"com.dumplingsandwich.pencilsketch\/com.dumplingsandwich.pencilsketch.activities.MainActivity"}]}
I/Xposed  ( 4852): Droidmon-apimonitor-com.dumplingsandwich.pencilsketch:{"timestamp":1464091775979,"class":"android.app.Activity","method":"startActivity","type":"binder","args":[{"cmp":"com.dumplingsandwich.pencilsketch\/com.dumplingsandwich.pencilsketch.activities.MainActivity"}]}
I/ActivityManager(  667): START u0 {cmp=com.dumplingsandwich.pencilsketch/.activities.MainActivity} from pid 4852
I/Xposed  ( 4852): Droidmon-apimonitor-com.dumplingsandwich.pencilsketch:{"timestamp":1464091775981,"result":"","class":"android.os.SystemProperties","method":"get","type":"content","args":["debug.second-display.pkg"]}
I/dalvikvm-heap( 4852): Grow heap (frag case) to 10.865MB for 897772-byte allocation
I/ActivityManager(  667): Displayed com.dumplingsandwich.pencilsketch/.activities.MainActivity: +129ms
W/linker  ( 4938): libdvm.so has text relocations. This is wasting memory and is a security risk. Please fix.
W/linker  ( 4938): app_process has text relocations. This is wasting memory and is a security risk. Please fix.
D/AndroidRuntime( 4938): 
D/AndroidRuntime( 4938): >>>>>> AndroidRuntime START com.android.internal.os.RuntimeInit <<<<<<
D/AndroidRuntime( 4938): CheckJNI is OFF
W/SurfaceFlinger(  275): couldn't log to binary event log: overflow.
E/cutils-trace( 4938): Error opening trace file: No such file or directory (2)
E/memtrack( 4938): Couldn't load memtrack module (No such file or directory)
E/android.os.Debug( 4938): failed to load memtrack module: -2
D/AndroidRuntime( 4938): Calling main entry com.android.commands.am.Am
I/ActivityManager(  667): Force stopping com.dumplingsandwich.pencilsketch appid=10019 user=0: from pid 4938
I/ActivityManager(  667): Killing 4852:com.dumplingsandwich.pencilsketch/u0a19 (adj 0): stop com.dumplingsandwich.pencilsketch
W/ActivityManager(  667): Force removing ActivityRecord{52b674a8 u0 com.dumplingsandwich.pencilsketch/.activities.MainActivity t46}: app died, no saved state
D/AndroidRuntime( 4938): Shutting down VM
I/AndroidRuntime( 4938): NOTE: attach of thread 'Binder_1' failed
I/WindowState(  667): WIN DEATH: Window{52b68130 u0 com.dumplingsandwich.pencilsketch/com.dumplingsandwich.pencilsketch.activities.MainActivity}
W/InputMethodManagerService(  667): Got RemoteException sending setActive(false) notification to pid 4852 uid 10019
W/Binder  (  836): Caught a RuntimeException from the binder stub implementation.
W/Binder  (  836): java.lang.NullPointerException
W/Binder  (  836): 	at android.inputmethodservice.IInputMethodWrapper.setSessionEnabled(IInputMethodWrapper.java:280)
W/Binder  (  836): 	at com.android.internal.view.IInputMethod$Stub.onTransact(IInputMethod.java:129)
W/Binder  (  836): 	at android.os.Binder.execTransact(Binder.java:404)
W/Binder  (  836): 	at dalvik.system.NativeStart.run(Native Method)
W/linker  ( 4948): libdvm.so has text relocations. This is wasting memory and is a security risk. Please fix.
W/linker  ( 4948): app_process has text relocations. This is wasting memory and is a security risk. Please fix.
D/AndroidRuntime( 4948): 
D/AndroidRuntime( 4948): >>>>>> AndroidRuntime START com.android.internal.os.RuntimeInit <<<<<<
D/AndroidRuntime( 4948): CheckJNI is OFF
E/cutils-trace( 4948): Error opening trace file: No such file or directory (2)
E/memtrack( 4948): Couldn't load memtrack module (No such file or directory)
E/android.os.Debug( 4948): failed to load memtrack module: -2
D/AndroidRuntime( 4948): Calling main entry com.android.commands.am.Am
D/gralloc (  275): Registering a buffer in the process that created it. This may cause memory ordering problems.
E/libEGL  (  275): called unimplemented OpenGL ES API
E/libEGL  (  275): called unimplemented OpenGL ES API
E/libEGL  (  275): called unimplemented OpenGL ES API
E/libEGL  (  275): called unimplemented OpenGL ES API
E/libEGL  (  275): called unimplemented OpenGL ES API
E/libEGL  (  275): called unimplemented OpenGL ES API
E/libEGL  (  275): called unimplemented OpenGL ES API
E/SurfaceFlinger(  275): glCheckFramebufferStatusOES error 908003643
E/SurfaceFlinger(  275): got GL_FRAMEBUFFER_COMPLETE_OES error while taking screenshot
E/libEGL  (  275): called unimplemented OpenGL ES API
E/libEGL  (  275): called unimplemented OpenGL ES API
E/libEGL  (  275): called unimplemented OpenGL ES API
I/ActivityManager(  667): START u0 {flg=0x10000000 cmp=com.dumplingsandwich.pencilsketch/com.adobe.creativesdk.aviary.AdobeImageEditorActivity} from pid 4948
D/AndroidRuntime( 4948): Shutting down VM
I/AndroidRuntime( 4948): NOTE: attach of thread 'Binder_1' failed
W/WindowManager(  667): Screenshot failure taking screenshot for (328x524) to layer 21025
I/ActivityManager(  667): Start proc com.dumplingsandwich.pencilsketch for activity com.dumplingsandwich.pencilsketch/com.adobe.creativesdk.aviary.AdobeImageEditorActivity: pid=4958 uid=10019 gids={50019, 3003, 1028, 1015}
D/JustTrustMe( 4958): Hooking DefaultHTTPClient for: com.dumplingsandwich.pencilsketch
D/JustTrustMe( 4958): Hooking DefaultHTTPClient(HttpParams) for: com.dumplingsandwich.pencilsketch
D/JustTrustMe( 4958): Hooking DefaultHTTPClient(ClientConnectionManager, HttpParams) for: com.dumplingsandwich.pencilsketch
D/JustTrustMe( 4958): Hooking SSLSocketFactory(String, KeyStore, String, KeyStore) for: com.dumplingsandwich.pencilsketch
D/JustTrustMe( 4958): Hooking static SSLSocketFactory(String, KeyStore, String, KeyStore) for: com.dumplingsandwich.pencilsketch
D/JustTrustMe( 4958): Hooking SSLSocketFactory(Socket) for: com.dumplingsandwich.pencilsketch
D/JustTrustMe( 4958): Hooking TrustManagerFactory.getTrustManagers() for: com.dumplingsandwich.pencilsketch
D/JustTrustMe( 4958): Hooking HttpsURLConnection.setDefaultHostnameVerifier for: com.dumplingsandwich.pencilsketch
D/JustTrustMe( 4958): Hooking HttpsURLConnection.setSSLSocketFactory for: com.dumplingsandwich.pencilsketch
D/JustTrustMe( 4958): Hooking HttpsURLConnection.setHostnameVerifier for: com.dumplingsandwich.pencilsketch
D/JustTrustMe( 4958): Hooking WebViewClient.onReceivedSslError(WebView, SslErrorHandler, SslError) for: com.dumplingsandwich.pencilsketch
D/JustTrustMe( 4958): Hooking WebViewClient.onReceivedSslError(WebView, int, string, string) for: com.dumplingsandwich.pencilsketch
D/JustTrustMe( 4958): Hooking com.android.org.conscrypt.TrustManagerImpl.checkServerTrusted(X509Certificate[]) for: com.dumplingsandwich.pencilsketch
I/MultiDex( 4958): VM with version 1.6.0 does not have multidex support
I/MultiDex( 4958): install
I/MultiDex( 4958): MultiDexExtractor.load(/data/app/com.dumplingsandwich.pencilsketch-1.apk, false)
I/Xposed  ( 4958): Droidmon-apimonitor-com.dumplingsandwich.pencilsketch:{"timestamp":1464091777603,"result":{"descriptor":55},"class":"libcore.io.IoBridge","method":"open","type":"file","args":["\/data\/app\/com.dumplingsandwich.pencilsketch-1.apk","0"]}
I/Xposed  ( 4958): Droidmon-apimonitor-com.dumplingsandwich.pencilsketch:{"timestamp":1464091777622,"result":{"descriptor":55},"class":"libcore.io.IoBridge","method":"open","type":"file","args":["\/data\/data\/com.dumplingsandwich.pencilsketch\/shared_prefs\/multidex.version.xml","0"]}
I/MultiDex( 4958): loading existing secondary dex files
I/MultiDex( 4958): load found 0 secondary dex files
I/MultiDex( 4958): install done
D/JustTrustMe( 4958): Hooking com.squareup.okhttp.CertificatePinner.check(String,List) (2.5) for: com.dumplingsandwich.pencilsketch
I/Xposed  ( 4958): java.lang.NoSuchMethodError: com.squareup.okhttp.CertificatePinner#check(java.lang.String,java.util.List)#exact
I/Xposed  ( 4958): 	at de.robv.android.xposed.XposedHelpers.findMethodExact(XposedHelpers.java:179)
I/Xposed  ( 4958): 	at de.robv.android.xposed.XposedHelpers.findAndHookMethod(XposedHelpers.java:129)
I/Xposed  ( 4958): 	at de.robv.android.xposed.XposedHelpers.findAndHookMethod(XposedHelpers.java:136)
I/Xposed  ( 4958): 	at just.trust.me.Main.processOkHttp(Main.java:354)
I/Xposed  ( 4958): 	at just.trust.me.Main$13.afterHookedMethod(Main.java:243)
I/Xposed  ( 4958): 	at de.robv.android.xposed.XposedBridge.handleHookedMethod(XposedBridge.java:645)
I/Xposed  ( 4958): 	at android.app.Application.attach(Native Method)
I/Xposed  ( 4958): 	at android.app.Instrumentation.newApplication(Instrumentation.java:991)
I/Xposed  ( 4958): 	at android.app.Instrumentation.newApplication(Instrumentation.java:975)
I/Xposed  ( 4958): 	at android.app.LoadedApk.makeApplication(LoadedApk.java:511)
I/Xposed  ( 4958): 	at android.app.ActivityThread.handleBindApplication(ActivityThread.java:4317)
I/Xposed  ( 4958): 	at de.robv.android.xposed.XposedBridge.invokeOriginalMethodNative(Native Method)
I/Xposed  ( 4958): 	at de.robv.android.xposed.XposedBridge.handleHookedMethod(XposedBridge.java:631)
I/Xposed  ( 4958): 	at android.app.ActivityThread.handleBindApplication(Native Method)
I/Xposed  ( 4958): 	at android.app.ActivityThread.access$1500(ActivityThread.java:135)
I/Xposed  ( 4958): 	at android.app.ActivityThread$H.handleMessage(ActivityThread.java:1256)
I/Xposed  ( 4958): 	at android.os.Handler.dispatchMessage(Handler.java:102)
I/Xposed  ( 4958): 	at android.os.Looper.loop(Looper.java:136)
I/Xposed  ( 4958): 	at android.app.ActivityThread.main(ActivityThread.java:5017)
I/Xposed  ( 4958): 	at java.lang.reflect.Method.invokeNative(Native Method)
I/Xposed  ( 4958): 	at java.lang.reflect.Method.invoke(Native Method)
I/Xposed  ( 4958): 	at com.android.internal.os.ZygoteInit$MethodAndArgsCaller.run(ZygoteInit.java:779)
I/Xposed  ( 4958): 	at com.android.internal.os.ZygoteInit.main(ZygoteInit.java:595)
I/Xposed  ( 4958): 	at de.robv.android.xposed.XposedBridge.main(XposedBridge.java:132)
I/Xposed  ( 4958): 	at dalvik.system.NativeStart.main(Native Method)
I/AdobeImageCdsProvider( 4958): onCreate
I/Xposed  ( 4958): Droidmon-apimonitor-com.dumplingsandwich.pencilsketch:{"timestamp":1464091777642,"result":{"descriptor":55},"class":"libcore.io.IoBridge","method":"open","type":"file","args":["\/data\/data\/com.dumplingsandwich.pencilsketch\/shared_prefs\/Foundation.xml","0"]}
I/Xposed  ( 4958): Droidmon-apimonitor-com.dumplingsandwich.pencilsketch:{"timestamp":1464091777662,"result":{"descriptor":55},"class":"libcore.io.IoBridge","method":"open","type":"file","args":["\/data\/data\/com.dumplingsandwich.pencilsketch\/shared_prefs\/adb_foundation_auth_aes_preference.xml","0"]}
I/Xposed  ( 4958): Droidmon-apimonitor-com.dumplingsandwich.pencilsketch:{"timestamp":1464091777663,"result":"\n0x00000000 39 C6 AE C9 04 39 6B FA 88 98 A1 97 9B 81 91 3E 9....9k........>","class":"android.util.Base64","method":"decode","type":"generic","args":["OcauyQQ5a\/qImKGXm4GRPg==","0","24","2"]}
I/Xposed  ( 4958): Droidmon-apimonitor-com.dumplingsandwich.pencilsketch:{"timestamp":1464091777663,"result":"\n0x00000000 39 C6 AE C9 04 39 6B FA 88 98 A1 97 9B 81 91 3E 9....9k........>","class":"android.util.Base64","method":"decode","type":"generic","args":["OcauyQQ5a\/qImKGXm4GRPg==","2"]}
I/Xposed  ( 4958): Droidmon-apimonitor-com.dumplingsandwich.pencilsketch:{"timestamp":1464091777663,"result":"\n0x00000000 39 C6 AE C9 04 39 6B FA 88 98 A1 97 9B 81 91 3E 9....9k........>","class":"android.util.Base64","method":"decode","type":"generic","args":["OcauyQQ5a\/qImKGXm4GRPg==","2"]}
I/Xposed  ( 4958): Droidmon-apimonitor-com.dumplingsandwich.pencilsketch:{"timestamp":1464091777664,"class":"javax.crypto.spec.SecretKeySpec","method":"javax.crypto.spec.SecretKeySpec","type":"crypto","args":["\n0x00000000 39 C6 AE C9 04 39 6B FA 88 98 A1 97 9B 81 91 3E 9....9k........>","AES"]}
I/Xposed  ( 4958): Droidmon-apimonitor-com.dumplingsandwich.pencilsketch:{"timestamp":1464091777667,"result":"\n0x00000000 F1 A3 C0 DE 45 AF F3 55 95 92 80 27 41 2E 4E C5 ....E..U...'A.N.\n0x00000010 D7 57 78 B8 FD 98 37 1E 0C 92 24 E1 07 13 FC 37 .Wx...7...$....7\n0x00000020 B8 D6 69 CE D9 07 56 17 B9 CF 1D 06 87 42 B3 FA ..i...V......B..","class":"javax.crypto.Cipher","method":"doFinal","type":"crypto","this":{"mode":1},"args":["5bdd636e3694470fa58e0ea0f195e0d3"]}
I/Xposed  ( 4958): Droidmon-apimonitor-com.dumplingsandwich.pencilsketch:{"timestamp":1464091777765,"result":"8aPA3kWv81WVkoAnQS5OxddXeLj9mDceDJIk4QcT\/De41mnO2QdWF7nPHQaHQrP6","class":"android.util.Base64","method":"encode","type":"generic","args":["\n0x00000000 F1 A3 C0 DE 45 AF F3 55 95 92 80 27 41 2E 4E C5 ....E..U...'A.N.\n0x00000010 D7 57 78 B8 FD 98 37 1E 0C 92 24 E1 07 13 FC 37 .Wx...7...$....7\n0x00000020 B8 D6 69 CE D9 07 56 17 B9 CF 1D 06 87 42 B3 FA ..i...V......B..","0","48","2"]}
I/Xposed  ( 4958): Droidmon-apimonitor-com.dumplingsandwich.pencilsketch:{"timestamp":1464091777782,"result":"8aPA3kWv81WVkoAnQS5OxddXeLj9mDceDJIk4QcT\/De41mnO2QdWF7nPHQaHQrP6","class":"android.util.Base64","method":"encode","type":"generic","args":["\n0x00000000 F1 A3 C0 DE 45 AF F3 55 95 92 80 27 41 2E 4E C5 ....E..U...'A.N.\n0x00000010 D7 57 78 B8 FD 98 37 1E 0C 92 24 E1 07 13 FC 37 .Wx...7...$....7\n0x00000020 B8 D6 69 CE D9 07 56 17 B9 CF 1D 06 87 42 B3 FA ..i...V......B..","2"]}
I/Xposed  ( 4958): Droidmon-apimonitor-com.dumplingsandwich.pencilsketch:{"timestamp":1464091777783,"result":{"mModified":{"ClientId":"8aPA3kWv81WVkoAnQS5OxddXeLj9mDceDJIk4QcT\/De41mnO2QdWF7nPHQaHQrP6"},"mClear":false},"class":"android.app.SharedPreferencesImpl$EditorImpl","method":"putString","type":"globals","args":["ClientId","8aPA3kWv81WVkoAnQS5OxddXeLj9mDceDJIk4QcT\/De41mnO2QdWF7nPHQaHQrP6"]}
I/Xposed  ( 4958): Droidmon-apimonitor-com.dumplingsandwich.pencilsketch:{"timestamp":1464091777783,"result":"\n0x00000000 AA 34 FB A7 93 63 27 C8 06 8A 2B 91 CA 8D DF 7F .4...c'...+.....\n0x00000010 4A 7B 4E F4 E2 62 5F AB 43 9B B2 A2 73 16 63 01 J{N..b_.C...s.c.\n0x00000020 F5 98 00 F0 49 A5 88 00 5F 2D 8F 27 2F 9B 91 E0 ....I..._-.'\/...","class":"javax.crypto.Cipher","method":"doFinal","type":"crypto","this":{"mode":1},"args":["89baf2ee-6c90-4c15-ad1c-f7c2b6719753"]}
I/Xposed  ( 4958): Droidmon-apimonitor-com.dumplingsandwich.pencilsketch:{"timestamp":1464091777893,"result":"qjT7p5NjJ8gGiiuRyo3ff0p7TvTiYl+rQ5uyonMWYwH1mADwSaWIAF8tjycvm5Hg","class":"android.util.Base64","method":"encode","type":"generic","args":["\n0x00000000 AA 34 FB A7 93 63 27 C8 06 8A 2B 91 CA 8D DF 7F .4...c'...+.....\n0x00000010 4A 7B 4E F4 E2 62 5F AB 43 9B B2 A2 73 16 63 01 J{N..b_.C...s.c.\n0x00000020 F5 98 00 F0 49 A5 88 00 5F 2D 8F 27 2F 9B 91 E0 ....I..._-.'\/...","0","48","2"]}
I/Xposed  ( 4958): Droidmon-apimonitor-com.dumplingsandwich.pencilsketch:{"timestamp":1464091777894,"result":"qjT7p5NjJ8gGiiuRyo3ff0p7TvTiYl+rQ5uyonMWYwH1mADwSaWIAF8tjycvm5Hg","class":"android.util.Base64","method":"encode","type":"generic","args":["\n0x00000000 AA 34 FB A7 93 63 27 C8 06 8A 2B 91 CA 8D DF 7F .4...c'...+.....\n0x00000010 4A 7B 4E F4 E2 62 5F AB 43 9B B2 A2 73 16 63 01 J{N..b_.C...s.c.\n0x00000020 F5 98 00 F0 49 A5 88 00 5F 2D 8F 27 2F 9B 91 E0 ....I..._-.'\/...","2"]}
I/Xposed  ( 4958): Droidmon-apimonitor-com.dumplingsandwich.pencilsketch:{"timestamp":1464091777894,"result":{"mModified":{"ClientSecret":"qjT7p5NjJ8gGiiuRyo3ff0p7TvTiYl+rQ5uyonMWYwH1mADwSaWIAF8tjycvm5Hg"},"mClear":false},"class":"android.app.SharedPreferencesImpl$EditorImpl","method":"putString","type":"globals","args":["ClientSecret","qjT7p5NjJ8gGiiuRyo3ff0p7TvTiYl+rQ5uyonMWYwH1mADwSaWIAF8tjycvm5Hg"]}
I/Xposed  ( 4958): Droidmon-apimonitor-com.dumplingsandwich.pencilsketch:{"timestamp":1464091777895,"result":"","class":"android.os.SystemProperties","method":"get","type":"content","args":["debug.second-display.pkg"]}
I/Xposed  ( 4958): Droidmon-apimonitor-com.dumplingsandwich.pencilsketch:{"timestamp":1464091777919,"result":"Asia\/Calcutta","class":"android.os.SystemProperties","method":"get","type":"content","args":["persist.sys.timezone"]}
I/Xposed  ( 4958): Droidmon-apimonitor-com.dumplingsandwich.pencilsketch:{"timestamp":1464091777974,"result":{"descriptor":62},"class":"libcore.io.IoBridge","method":"open","type":"file","args":["\/data\/data\/com.dumplingsandwich.pencilsketch\/files\/ab\/.alpha-beta","0"]}
I/Xposed  ( 4958): Droidmon-apimonitor-com.dumplingsandwich.pencilsketch:{"timestamp":1464091777977,"result":"PERSIST","class":"android.os.SystemProperties","method":"get","type":"content","args":["debug.sqlite.journalmode","PERSIST"]}
I/Xposed  ( 4958): Droidmon-apimonitor-com.dumplingsandwich.pencilsketch:{"timestamp":1464091777978,"result":"FULL","class":"android.os.SystemProperties","method":"get","type":"content","args":["debug.sqlite.syncmode","FULL"]}
I/ReceiptDispatcher( 4958): handleMessage: 1
I/ReceiptDispatcher( 4958): init
I/Xposed  ( 4958): Droidmon-apimonitor-com.dumplingsandwich.pencilsketch:{"timestamp":1464091778075,"class":"java.lang.reflect.Method","method":"invoke","hooked_method":"makeOptionalFitsSystemWindows","hooked_class":"android.support.v7.internal.widget.FitWindowsFrameLayout","type":"reflection","args":[]}
V/AdobeImageViewUndoRedo( 4958): minFling: 100, maxFling: 16000, undoFling: 200
I/Xposed  ( 4958): Droidmon-apimonitor-com.dumplingsandwich.pencilsketch:{"timestamp":1464091778112,"class":"android.app.ContextImpl","method":"registerReceiver","type":"binder","args":["com.adobe.creativesdk.aviary.internal.MonitoredActivity$4@5283d510",{"mPriority":0,"mActions":["aviary.intent.action.ALERT","aviary.intent.action.KILL"],"mHasPartialTypes":false}]}
I/Xposed  ( 4958): Droidmon-apimonitor-com.dumplingsandwich.pencilsketch:{"timestamp":1464091778115,"class":"android.app.ContextImpl","method":"registerReceiver","type":"binder","args":["com.adobe.creativesdk.aviary.internal.MonitoredActivity$4@5283d510",{"mPriority":0,"mActions":["aviary.intent.action.ALERT","aviary.intent.action.KILL"],"mHasPartialTypes":false}]}
I/Xposed  ( 4958): Droidmon-apimonitor-com.dumplingsandwich.pencilsketch:{"timestamp":1464091778128,"class":"android.content.ContentValues","method":"put","type":"globals","args":["uuid","adf7184c-8b65-4668-93fc-6f10446f6da8"]}
I/Xposed  ( 4958): Droidmon-apimonitor-com.dumplingsandwich.pencilsketch:{"timestamp":1464091778128,"class":"android.content.ContentValues","method":"put","type":"globals","args":["upload_blobs_key_ref","3"]}
I/Xposed  ( 4958): Droidmon-apimonitor-com.dumplingsandwich.pencilsketch:{"timestamp":1464091778128,"class":"android.content.ContentValues","method":"put","type":"globals","args":["events_key_ref","4"]}
I/Xposed  ( 4958): Droidmon-apimonitor-com.dumplingsandwich.pencilsketch:{"timestamp":1464091778129,"class":"android.content.ContentValues","method":"put","type":"globals","args":["upload_blobs_key_ref","3"]}
I/Xposed  ( 4958): Droidmon-apimonitor-com.dumplingsandwich.pencilsketch:{"timestamp":1464091778129,"class":"android.content.ContentValues","method":"put","type":"globals","args":["events_key_ref","5"]}
I/Xposed  ( 4958): Droidmon-apimonitor-com.dumplingsandwich.pencilsketch:{"timestamp":1464091778129,"class":"android.content.ContentValues","method":"put","type":"globals","args":["processed_in_blob","3"]}
I/AdobeImageEditorController( 4958): initServices
D/AdobeAccountConnection( 4958): tryConnect
I/ActivityManager(  667): Start proc com.dumplingsandwich.pencilsketch:cds for service com.dumplingsandwich.pencilsketch/com.adobe.creativesdk.aviary.internal.cds.CdsService: pid=4980 uid=10019 gids={50019, 3003, 1028, 1015}
I/Xposed  ( 4958): Droidmon-apimonitor-com.dumplingsandwich.pencilsketch:{"timestamp":1464091778134,"class":"java.lang.reflect.Method","method":"invoke","hooked_method":"setRemoveOnCancelPolicy","hooked_class":"java.util.concurrent.ScheduledThreadPoolExecutor","type":"reflection","args":["true"]}
E/Auth    ( 1017): [GoogleAccountDataServiceImpl] getToken() failed. Status NETWORK_ERROR, Account: <ELLIDED:1560691663>, App: com.google.android.gms, Service: AndroidCheckInServer
E/Auth    ( 1017): com.google.android.gms.auth.be.account.b.d: Error when calling server.
E/Auth    ( 1017): 	at com.google.android.gms.auth.be.account.b.e.a(SourceFile:117)
E/Auth    ( 1017): 	at com.google.android.gms.auth.be.p.a(SourceFile:355)
E/Auth    ( 1017): 	at com.google.android.gms.auth.be.o.a(SourceFile:260)
E/Auth    ( 1017): 	at com.google.android.gms.auth.firstparty.dataservice.y.a(SourceFile:197)
E/Auth    ( 1017): 	at com.google.android.gms.auth.firstparty.dataservice.x.a(SourceFile:558)
E/Auth    ( 1017): 	at com.google.android.gms.auth.firstparty.dataservice.x.a(SourceFile:196)
E/Auth    ( 1017): 	at com.google.android.gms.auth.o.a(SourceFile:276)
E/Auth    ( 1017): 	at com.google.android.gms.auth.o.a(SourceFile:196)
E/Auth    ( 1017): 	at com.google.android.b.b.onTransact(SourceFile:137)
E/Auth    ( 1017): 	at android.os.Binder.execTransact(Binder.java:404)
E/Auth    ( 1017): 	at dalvik.system.NativeStart.run(Native Method)
E/Auth    ( 1017): Caused by: java.net.SocketTimeoutException: SSL handshake timed out
E/Auth    ( 1017): 	at com.google.android.gms.org.conscrypt.NativeCrypto.SSL_do_handshake(Native Method)
E/Auth    ( 1017): 	at com.google.android.gms.org.conscrypt.OpenSSLSocketImpl.startHandshake(SourceFile:333)
E/Auth    ( 1017): 	at com.google.android.gms.org.conscrypt.KitKatPlatformOpenSSLSocketImplAdapter.startHandshake(SourceFile:318)
E/Auth    ( 1017): 	at com.google.android.gms.common.net.SSLCertificateSocketFactory.a(SourceFile:258)
E/Auth    ( 1017): 	at com.google.android.gms.common.net.SSLCertificateSocketFactory.createSocket(SourceFile:558)
E/Auth    ( 1017): 	at com.android.okhttp.Connection.upgradeToTls(Connection.java:131)
E/Auth    ( 1017): 	at com.android.okhttp.Connection.connect(Connection.java:107)
E/Auth    ( 1017): 	at com.android.okhttp.internal.http.HttpEngine.connect(HttpEngine.java:294)
E/Auth    ( 1017): 	at com.android.okhttp.internal.http.HttpEngine.sendSocketRequest(HttpEngine.java:255)
E/Auth    ( 1017): 	at com.android.okhttp.internal.http.HttpEngine.sendRequest(HttpEngine.java:206)
E/Auth    ( 1017): 	at com.android.okhttp.internal.http.HttpURLConnectionImpl.execute(HttpURLConnectionImpl.java:345)
E/Auth    ( 1017): 	at com.android.okhttp.internal.http.HttpURLConnectionImpl.connect(HttpURLConnectionImpl.java:89)
E/Auth    ( 1017): 	at com.android.okhttp.internal.http.HttpURLConnectionImpl.getOutputStream(HttpURLConnectionImpl.java:197)
E/Auth    ( 1017): 	at com.android.okhttp.internal.http.HttpsURLConnectionImpl.getOutputStream(HttpsURLConnectionImpl.java:254)
E/Auth    ( 1017): 	at com.google.android.gms.http.GoogleHttpClient.a(SourceFile:948)
E/Auth    ( 1017): 	at com.google.android.gms.http.GoogleHttpClient.a(SourceFile:766)
E/Auth    ( 1017): 	at com.google.android.gms.http.GoogleHttpClient.execute(SourceFile:665)
E/Auth    ( 1017): 	at com.google.android.gms.auth.j.a.a(SourceFile:77)
E/Auth    ( 1017): 	at com.google.android.gms.auth.j.a.a(SourceFile:114)
E/Auth    ( 1017): 	at com.google.android.gms.auth.be.account.b.e.a(SourceFile:115)
E/Auth    ( 1017): 	... 10 more
I/Xposed  ( 4958): Droidmon-apimonitor-com.dumplingsandwich.pencilsketch:{"timestamp":1464091778136,"result":"\/system\/lib\/libcutils.so","class":"dalvik.system.BaseDexClassLoader","method":"findLibrary","type":"dex","args":["cutils"]}
I/Xposed  ( 4958): Droidmon-apimonitor-com.dumplingsandwich.pencilsketch:{"timestamp":1464091778136,"result":"\/data\/app-lib\/com.dumplingsandwich.pencilsketch-1\/libaviary_moalite.so","class":"dalvik.system.BaseDexClassLoader","method":"findLibrary","type":"dex","args":["aviary_moalite"]}
I/Xposed  ( 4958): Droidmon-apimonitor-com.dumplingsandwich.pencilsketch:{"timestamp":1464091778136,"result":"\/data\/app-lib\/com.dumplingsandwich.pencilsketch-1\/libaviary_native.so","class":"dalvik.system.BaseDexClassLoader","method":"findLibrary","type":"dex","args":["aviary_native"]}
I/filter-native( 4958): JNI_OnLoad
I/filter-native( 4958): __x86__
W/filter-native( 4958): LOG_ENABLED: true
W/filter-native( 4958): JVERSION: 6b  27-Mar-1998
W/filter-native( 4958): HOST_OS: darwin
W/filter-native( 4958): HOST_ARCH: x86
W/filter-native( 4958): TARGET_ARCH_ABI: x86
W/filter-native( 4958): TARGET_ARCH: x86
W/filter-native( 4958): TARGET_PLATFORM: android-14
W/filter-native( 4958): SDK EXTRAS:
W/filter-native( 4958): SK_RELEASE: true
W/filter-native( 4958): BUILD_WITH_OPEN_GL_SUPPORT: false
W/filter-native( 4958): MoaLiteVersion: 2.1.2
D/filter-native( 4958): register Moa natives
I/filter-native( 4958): Registering methods for com/adobe/creativesdk/aviary/internal/headless/moa/Moa, total methods: 12
I/filter-native( 4958): Registering methods for com/adobe/creativesdk/aviary/internal/headless/moa/MoaHD, total methods: 18
I/filter-native( 4958): Registering methods for com/adobe/creativesdk/aviary/internal/headless/utils/CameraUtils, total methods: 4
I/filter-native( 4958): Registering methods for com/adobe/creativesdk/aviary/internal/headless/gl/GLUtils, total methods: 1
I/filter-native( 4958): Registering methods for com/adobe/creativesdk/aviary/internal/headless/filters/NativeToolFilter, total methods: 8
I/filter-native( 4958): Registering methods for com/adobe/creativesdk/aviary/internal/headless/filters/MoaJavaToolStrokeResult, total methods: 10
I/filter-native( 4958): Registering methods for com/adobe/creativesdk/aviary/internal/headless/filters/NativeVignetteToolFilter, total methods: 4
I/filter-native( 4958): Registering methods for com/adobe/creativesdk/aviary/internal/headless/moa/MoaJavaUndo, total methods: 10
I/filter-native( 4958): jni::initialize. SDK_INT(19)
I/filter-native( 4958): JNIUtils::init
I/filter-native( 4958): JNIUtils::initContext
I/filter-native( 4958): android: 19
D/filter-native( 4958): valid context: 1, result: 0
V/AdobeImageEditorActivity( 4958): handleIntent: Intent { flg=0x10000000 cmp=com.dumplingsandwich.pencilsketch/com.adobe.creativesdk.aviary.AdobeImageEditorActivity }
W/CheckinRequestBuilder( 1144): error reading account token
W/CheckinRequestBuilder( 1144): java.io.IOException: NetworkError
W/CheckinRequestBuilder( 1144): 	at com.google.android.gms.auth.t.a(SourceFile:498)
W/CheckinRequestBuilder( 1144): 	at com.google.android.gms.auth.s.a(SourceFile:908)
W/CheckinRequestBuilder( 1144): 	at com.google.android.gms.auth.s.e(SourceFile:528)
W/CheckinRequestBuilder( 1144): 	at com.google.android.gms.auth.q.f(SourceFile:315)
W/CheckinRequestBuilder( 1144): 	at com.google.android.gms.auth.q.b(SourceFile:195)
W/CheckinRequestBuilder( 1144): 	at com.google.android.gms.auth.q.a(SourceFile:146)
W/CheckinRequestBuilder( 1144): 	at com.google.android.gms.checkin.d.d(SourceFile:802)
W/CheckinRequestBuilder( 1144): 	at com.google.android.gms.checkin.k.a(SourceFile:293)
W/CheckinRequestBuilder( 1144): 	at com.google.android.gms.checkin.k.a(SourceFile:235)
W/CheckinRequestBuilder( 1144): 	at com.google.android.gms.checkin.g.a(SourceFile:711)
W/CheckinRequestBuilder( 1144): 	at com.google.android.gms.checkin.g.doInBackground(SourceFile:678)
W/CheckinRequestBuilder( 1144): 	at android.os.AsyncTask$2.call(AsyncTask.java:288)
W/CheckinRequestBuilder( 1144): 	at java.util.concurrent.FutureTask.run(FutureTask.java:237)
W/CheckinRequestBuilder( 1144): 	at java.lang.Thread.run(Thread.java:841)
V/AdobeAccountConnection( 4958): connect.start: Thread[pool-2-thread-1,5,main]
D/JustTrustMe( 4980): Hooking DefaultHTTPClient for: com.dumplingsandwich.pencilsketch
D/JustTrustMe( 4980): Hooking DefaultHTTPClient(HttpParams) for: com.dumplingsandwich.pencilsketch
D/JustTrustMe( 4980): Hooking DefaultHTTPClient(ClientConnectionManager, HttpParams) for: com.dumplingsandwich.pencilsketch
D/JustTrustMe( 4980): Hooking SSLSocketFactory(String, KeyStore, String, KeyStore) for: com.dumplingsandwich.pencilsketch
D/JustTrustMe( 4980): Hooking static SSLSocketFactory(String, KeyStore, String, KeyStore) for: com.dumplingsandwich.pencilsketch
D/JustTrustMe( 4980): Hooking SSLSocketFactory(Socket) for: com.dumplingsandwich.pencilsketch
D/JustTrustMe( 4980): Hooking TrustManagerFactory.getTrustManagers() for: com.dumplingsandwich.pencilsketch
D/JustTrustMe( 4980): Hooking HttpsURLConnection.setDefaultHostnameVerifier for: com.dumplingsandwich.pencilsketch
D/JustTrustMe( 4980): Hooking HttpsURLConnection.setSSLSocketFactory for: com.dumplingsandwich.pencilsketch
D/JustTrustMe( 4980): Hooking HttpsURLConnection.setHostnameVerifier for: com.dumplingsandwich.pencilsketch
D/JustTrustMe( 4980): Hooking WebViewClient.onReceivedSslError(WebView, SslErrorHandler, SslError) for: com.dumplingsandwich.pencilsketch
D/JustTrustMe( 4980): Hooking WebViewClient.onReceivedSslError(WebView, int, string, string) for: com.dumplingsandwich.pencilsketch
D/JustTrustMe( 4980): Hooking com.android.org.conscrypt.TrustManagerImpl.checkServerTrusted(X509Certificate[]) for: com.dumplingsandwich.pencilsketch
I/MultiDex( 4980): VM with version 1.6.0 does not have multidex support
I/MultiDex( 4980): install
I/MultiDex( 4980): MultiDexExtractor.load(/data/app/com.dumplingsandwich.pencilsketch-1.apk, false)
I/Xposed  ( 4980): Droidmon-apimonitor-com.dumplingsandwich.pencilsketch:{"timestamp":1464091778198,"result":{"descriptor":55},"class":"libcore.io.IoBridge","method":"open","type":"file","args":["\/data\/app\/com.dumplingsandwich.pencilsketch-1.apk","0"]}
I/Xposed  ( 4980): Droidmon-apimonitor-com.dumplingsandwich.pencilsketch:{"timestamp":1464091778202,"result":{"descriptor":55},"class":"libcore.io.IoBridge","method":"open","type":"file","args":["\/data\/data\/com.dumplingsandwich.pencilsketch\/shared_prefs\/multidex.version.xml","0"]}
I/MultiDex( 4980): loading existing secondary dex files
I/MultiDex( 4980): load found 0 secondary dex files
I/MultiDex( 4980): install done
D/JustTrustMe( 4980): Hooking com.squareup.okhttp.CertificatePinner.check(String,List) (2.5) for: com.dumplingsandwich.pencilsketch
I/Xposed  ( 4980): java.lang.NoSuchMethodError: com.squareup.okhttp.CertificatePinner#check(java.lang.String,java.util.List)#exact
I/Xposed  ( 4980): 	at de.robv.android.xposed.XposedHelpers.findMethodExact(XposedHelpers.java:179)
I/Xposed  ( 4980): 	at de.robv.android.xposed.XposedHelpers.findAndHookMethod(XposedHelpers.java:129)
I/Xposed  ( 4980): 	at de.robv.android.xposed.XposedHelpers.findAndHookMethod(XposedHelpers.java:136)
I/Xposed  ( 4980): 	at just.trust.me.Main.processOkHttp(Main.java:354)
I/Xposed  ( 4980): 	at just.trust.me.Main$13.afterHookedMethod(Main.java:243)
I/Xposed  ( 4980): 	at de.robv.android.xposed.XposedBridge.handleHookedMethod(XposedBridge.java:645)
I/Xposed  ( 4980): 	at android.app.Application.attach(Native Method)
I/Xposed  ( 4980): 	at android.app.Instrumentation.newApplication(Instrumentation.java:991)
I/Xposed  ( 4980): 	at android.app.Instrumentation.newApplication(Instrumentation.java:975)
I/Xposed  ( 4980): 	at android.app.LoadedApk.makeApplication(LoadedApk.java:511)
I/Xposed  ( 4980): 	at android.app.ActivityThread.handleBindApplication(ActivityThread.java:4317)
I/Xposed  ( 4980): 	at de.robv.android.xposed.XposedBridge.invokeOriginalMethodNative(Native Method)
