I/ActivityManager(  667): Delaying start of: ServiceRecord{52ab6854 u0 com.android.exchange/.service.EmailSyncAdapterService}
I/ActivityManager(  667): Start proc com.android.exchange for service com.android.exchange/.service.EmailSyncAdapterService: pid=1672 uid=10027 gids={50027, 3003, 1028, 1015}
I/ActivityManager(  667): Killing 919:com.android.settings/1000 (adj 15): empty #17
I/ActivityManager(  667): Resuming delayed broadcast
I/ActivityManager(  667): Killing 1191:eu.chainfire.supersu/u0a76 (adj 15): empty #17
I/ActivityManager(  667): Start proc com.genymotion.superuser for broadcast com.genymotion.superuser/com.koushikdutta.superuser.SuCheckerReceiver: pid=1688 uid=10049 gids={50049}
I/ActivityManager(  667): Start proc android.process.acore for content provider com.android.providers.contacts/.ContactsProvider2: pid=1716 uid=10002 gids={50002, 3003, 1028, 1015}
I/ActivityManager(  667): Killing 906:com.android.printspooler/u0a45 (adj 15): empty #17
I/ActivityManager(  667): Delay finish: com.google.android.gms/.app.receiver.SystemBroadcastReceiver
E/ActivityThread( 1144): Failed to find provider info for com.google.android.wearable.settings
I/ActivityManager(  667): Start proc com.google.android.gms.unstable for service com.google.android.gms/.droidguard.DroidGuardService: pid=1775 uid=10058 gids={50058, 3003, 1007, 1028, 1015, 3002, 3001, 3007, 2001, 3006}
W/SocketClient(  274): write error (Broken pipe)
I/ActivityManager(  667): Resuming delayed broadcast
I/ActivityManager(  667): Delay finish: com.google.android.gms/.security.verifier.BootCompleteReceiver
I/ActivityManager(  667): Resuming delayed broadcast
I/ActivityManager(  667): Delay finish: com.google.android.gms/.auth.api.credentials.sync.CredentialSyncReceiverService$Receiver
I/ActivityManager(  667): Resuming delayed broadcast
I/ActivityManager(  667): Killing 1244:com.google.android.marvin.talkback/u0a70 (adj 15): empty #17
I/ActivityManager(  667): Killing 1208:com.android.dialer/u0a4 (adj 15): empty #18
I/ActivityManager(  667): Start proc com.android.vending for broadcast com.android.vending/com.google.android.finsky.receivers.BootCompletedReceiver: pid=1812 uid=10067 gids={50067, 3003, 1028, 1015}
I/ActivityManager(  667): Killing 1401:com.android.mms/u0a9 (adj 15): empty #17
D/CountryDetector(  667): No listener is left
I/ActivityManager(  667): Start proc com.google.android.googlequicksearchbox:search for broadcast com.google.android.googlequicksearchbox/com.google.android.apps.gsa.search.core.StartUpReceiver: pid=1846 uid=10069 gids={50069, 3003, 1028, 3002, 1015, 3001}
I/ActivityManager(  667): Killing 1438:com.android.onetimeinitializer/u0a11 (adj 15): empty #17
D/ConnectivityService(  667): setProvNotificationVisible: E visible=false networkType=1 extraInfo=null url=null
D/ConnectivityService(  667): captivePortalCheckCompleted: ni=NetworkInfo: type: WIFI[], state: CONNECTED/CONNECTED, reason: (unspecified), extra: "WiredSSID", roaming: false, failover: false, isAvailable: true, isConnectedToProvisioningNetwork: false captive=false
W/SocketClient(  274): write error (Broken pipe)
I/ActivityManager(  667): Delay finish: com.google.android.googlequicksearchbox/com.google.android.apps.gsa.search.core.StartUpReceiver
I/ActivityManager(  667): Delaying start of: ServiceRecord{52aaa7ec u0 com.google.android.googlequicksearchbox/com.google.android.apps.gsa.sidekick.main.kato.ScreenOnService}
D/ConnectivityService(  667): handleInetConditionHoldEnd: net=1, condition=0, published condition=0
I/ActivityManager(  667): Waited long enough for: ServiceRecord{52a34d30 u0 com.android.music/.MediaPlaybackService}
I/ActivityManager(  667): Start proc com.google.android.googlequicksearchbox:interactor for service com.google.android.googlequicksearchbox/com.google.android.apps.gsa.sidekick.main.kato.ScreenOnService: pid=1961 uid=10069 gids={50069, 3003, 1028, 3002, 1015, 3001}
I/ActivityManager(  667): Resuming delayed broadcast
I/ActivityManager(  667): Delay finish: com.google.android.gm/.GoogleMailDeviceStartupReceiver
I/ActivityManager(  667): Resuming delayed broadcast
I/ActivityManager(  667): Delay finish: com.google.android.gm/.MailIntentReceiver
I/ActivityManager(  667): Resuming delayed broadcast
I/ActivityManager(  667): Delay finish: com.google.android.gm/com.android.email.service.EmailBroadcastReceiver
W/ActivityManager(  667): Unable to start service Intent { act=com.google.android.gm.email.EXCHANGE_INTENT pkg=com.google.android.gm.exchange } U=0: not found
W/ActivityManager(  667): Unable to start service Intent { act=com.google.android.gm.email.EXCHANGE_INTENT pkg=com.google.android.gm.exchange } U=0: not found
I/ActivityManager(  667): Resuming delayed broadcast
E/ActivityThread( 1306): Service com.android.email.service.EmailBroadcastProcessorService has leaked ServiceConnection com.android.emailcommon.service.as@5282dce8 that was originally bound here
E/ActivityThread( 1306): android.app.ServiceConnectionLeaked: Service com.android.email.service.EmailBroadcastProcessorService has leaked ServiceConnection com.android.emailcommon.service.as@5282dce8 that was originally bound here
E/ActivityThread( 1306): 	at android.app.LoadedApk$ServiceDispatcher.<init>(LoadedApk.java:979)
E/ActivityThread( 1306): 	at android.app.LoadedApk.getServiceDispatcher(LoadedApk.java:873)
E/ActivityThread( 1306): 	at android.app.ContextImpl.bindServiceCommon(ContextImpl.java:1569)
E/ActivityThread( 1306): 	at android.app.ContextImpl.bindService(ContextImpl.java:1552)
E/ActivityThread( 1306): 	at android.content.ContextWrapper.bindService(ContextWrapper.java:517)
E/ActivityThread( 1306): 	at com.android.emailcommon.service.aq.a(SourceFile:181)
E/ActivityThread( 1306): 	at com.android.emailcommon.service.aq.e(SourceFile:224)
E/ActivityThread( 1306): 	at com.android.email.service.l.c(SourceFile:168)
E/ActivityThread( 1306): 	at com.android.email.provider.b.a(SourceFile:201)
E/ActivityThread( 1306): 	at com.android.email.provider.b.a(SourceFile:145)
E/ActivityThread( 1306): 	at com.android.email.service.EmailBroadcastProcessorService.c(SourceFile:347)
E/ActivityThread( 1306): 	at com.android.email.service.EmailBroadcastProcessorService.onHandleIntent(SourceFile:1332)
E/ActivityThread( 1306): 	at android.app.IntentService$ServiceHandler.handleMessage(IntentService.java:65)
E/ActivityThread( 1306): 	at android.os.Handler.dispatchMessage(Handler.java:102)
E/ActivityThread( 1306): 	at android.os.Looper.loop(Looper.java:136)
E/ActivityThread( 1306): 	at android.os.HandlerThread.run(HandlerThread.java:61)
W/ActivityManager(  667): Unbind failed: could not find connection for android.os.BinderProxy@52a733f8
I/ActivityManager(  667): Delay finish: com.google.android.gms/.init.InitializeGmsReceiver
I/ActivityManager(  667): Resuming delayed broadcast
I/ActivityManager(  667): Delay finish: com.google.android.gms/.auth.be.account.AccountStatusChecker$InitializeReceiver
I/ActivityManager(  667): Resuming delayed broadcast
I/ActivityManager(  667): Start proc com.android.mms for broadcast com.android.mms/.transaction.MmsSystemEventReceiver: pid=1984 uid=10009 gids={50009, 3003, 1028, 1015}
D/CountryDetector(  667): The first listener is added
I/ActivityManager(  667): Start proc com.google.android.setupwizard for broadcast com.google.android.setupwizard/.MobileConnectivityChangeReceiver: pid=2009 uid=10068 gids={50068, 3003}
I/ActivityManager(  667): Killing 1457:com.android.voicedialer/u0a14 (adj 15): empty #17
I/ActivityManager(  667): Killing 1475:com.google.android.configupdater/u0a63 (adj 15): empty #17
W/SocketClient(  274): write error (Broken pipe)
E/ActivityThread( 1144): Failed to find provider info for com.google.android.wearable.settings
I/ActivityManager(  667): Start proc com.android.settings for broadcast com.android.settings/.widget.SettingsAppWidgetProvider: pid=2040 uid=1000 gids={41000, 1028, 1015, 3002, 3001, 3003}
I/ActivityManager(  667): Delay finish: com.google.android.gm/.MailIntentReceiver
I/ActivityManager(  667): Resuming delayed broadcast
I/ActivityManager(  667): Delay finish: com.google.android.gm/.widget.GmailWidgetProvider
I/ActivityManager(  667): Resuming delayed broadcast
I/ActivityManager(  667): Delay finish: com.google.android.gm/.widget.GmailWidgetProvider
I/ActivityManager(  667): Resuming delayed broadcast
I/ActivityManager(  667): Killing 1510:com.google.android.onetimeinitializer/u0a65 (adj 15): empty #17
I/ActivityManager(  667): Delay finish: com.android.calendar/.alerts.AlertReceiver
W/SocketClient(  274): write error (Broken pipe)
I/ActivityManager(  667): Resuming delayed broadcast
I/ActivityManager(  667): Delay finish: com.android.mms/.transaction.SmsReceiver
I/ActivityManager(  667): Resuming delayed broadcast
I/ActivityManager(  667): Delay finish: com.android.providers.calendar/.CalendarProviderBroadcastReceiver
I/ActivityManager(  667): Resuming delayed broadcast
I/ActivityManager(  667): Delay finish: com.android.mms/.transaction.SmsReceiver
I/ActivityManager(  667): Resuming delayed broadcast
I/ActivityManager(  667): Delay finish: com.google.android.gm/.widget.GmailWidgetProvider
I/ActivityManager(  667): Resuming delayed broadcast
I/ActivityManager(  667): Start proc eu.chainfire.supersu for broadcast eu.chainfire.supersu/.UserPresentReceiver: pid=2116 uid=10076 gids={50076}
I/PackageManager(  667): Adding preferred activity ComponentInfo{com.android.mms/com.android.mms.ui.ComposeMessageActivity} for user 0 :
I/PackageManager(  667): Adding preferred activity ComponentInfo{com.android.mms/com.android.mms.ui.ComposeMessageActivity} for user 0 :
I/PackageManager(  667): Adding preferred activity ComponentInfo{com.android.mms/com.android.mms.ui.ComposeMessageActivity} for user 0 :
I/PackageManager(  667): Adding preferred activity ComponentInfo{com.android.mms/com.android.mms.ui.ComposeMessageActivity} for user 0 :
I/PackageManager(  667): Adding preferred activity ComponentInfo{com.android.mms/com.android.mms.ui.ComposeMessageActivity} for user 0 :
I/PackageManager(  667): Adding preferred activity ComponentInfo{com.android.mms/com.android.mms.ui.ComposeMessageActivity} for user 0 :
I/PackageManager(  667): Adding preferred activity ComponentInfo{com.android.mms/com.android.mms.ui.ComposeMessageActivity} for user 0 :
I/PackageManager(  667): Adding preferred activity ComponentInfo{com.android.mms/com.android.mms.ui.ComposeMessageActivity} for user 0 :
I/ActivityManager(  667): Killing 1128:com.google.android.partnersetup/u0a66 (adj 15): empty #17
I/ActivityManager(  667): Start proc com.android.voicedialer for broadcast com.android.voicedialer/.VoiceDialerReceiver: pid=2132 uid=10014 gids={50014, 3002}
I/ActivityManager(  667): Killing 1672:com.android.exchange/u0a27 (adj 15): empty #17
I/ActivityManager(  667): Delay finish: com.google.android.googlequicksearchbox/com.google.android.apps.gsa.search.core.icingsync.IcingCorporaChangedReceiver
I/ActivityManager(  667): Resuming delayed broadcast
I/ActivityManager(  667): Start proc de.robv.android.xposed.installer for broadcast de.robv.android.xposed.installer/.PackageChangeReceiver: pid=2148 uid=10085 gids={50085, 1028, 1015, 3003}
I/ActivityManager(  667): Killing 1688:com.genymotion.superuser/u0a49 (adj 15): empty #17
D/ConnectivityService(  667): handleInetConditionHoldEnd: net=1, condition=0, published condition=0
I/ActivityManager(  667): START u0 {act=android.intent.action.MAIN cat=[android.intent.category.LAUNCHER] flg=0x10200000 cmp=com.android.dialer/.DialtactsActivity bnds=[72,1040][200,1168]} from pid 874
W/WindowManager(  667): Screenshot failure taking screenshot for (328x524) to layer 21005
I/ActivityManager(  667): Start proc com.android.dialer for activity com.android.dialer/.DialtactsActivity: pid=2172 uid=10004 gids={50004, 3003, 1028, 1015}
I/ActivityManager(  667): Waited long enough for: ServiceRecord{529d46ec u0 com.android.calendar/.alerts.InitAlarmsService}
I/ActivityManager(  667): Killing 1659:com.google.android.apps.genie.geniewidget/u0a55 (adj 15): empty #17
E/ActivityThread( 1144): Failed to find provider info for com.google.android.wearable.settings
W/SocketClient(  274): write error (Broken pipe)
I/ActivityManager(  667): START u0 {act=android.intent.action.CALL_PRIVILEGED dat=tel:xxxxxxxxxxxx flg=0x10000000 cmp=com.android.phone/.PrivilegedOutgoingCallBroadcaster} from pid 2172
W/WindowManager(  667): Screenshot failure taking screenshot for (328x524) to layer 21010
I/ActivityManager(  667): START u0 {act=com.android.phone.SIP_SELECT_PHONE dat=tel:xxxxxxxxxxxx flg=0x10000000 cmp=com.android.phone/.SipCallOptionHandler (has extras)} from pid 863
W/InputMethodManagerService(  667): Focus gain on non-focused client com.android.internal.view.IInputMethodClient$Stub$Proxy@52a971f4 (uid=1001 pid=863)
I/ActivityManager(  667): START u0 {flg=0x10800000 cmp=com.android.phone/.ErrorDialogActivity (has extras)} from pid 863
W/WindowManager(  667): Screenshot failure taking screenshot for (328x524) to layer 21020
D/ConnectivityService(  667): handleInetConditionHoldEnd: net=1, condition=0, published condition=0
I/ActivityManager(  667): Killing 1961:com.google.android.googlequicksearchbox:interactor/u0a69 (adj 15): empty #17
W/WindowManager(  667): Screenshot failure taking screenshot for (958x1533) to layer 21020
W/InputMethodManagerService(  667): Window already focused, ignoring focus gain of: com.android.internal.view.IInputMethodClient$Stub$Proxy@52aac19c attribute=null, token = android.os.BinderProxy@5299ed0c
I/ActivityManager(  667): Start proc com.google.android.apps.genie.geniewidget for service com.google.android.apps.genie.geniewidget/.sync.SyncAdapterService: pid=2213 uid=10055 gids={50055, 3003}
W/WindowManager(  667): Screenshot failure taking screenshot for (328x524) to layer 21010
W/WindowManager(  667): Screenshot failure taking screenshot for (328x524) to layer 21010
I/ActivityManager(  667): START u0 {act=android.intent.action.MAIN cat=[android.intent.category.HOME] flg=0x10200000 cmp=com.android.launcher/com.android.launcher2.Launcher} from pid 667
W/WindowManager(  667): Screenshot failure taking screenshot for (328x524) to layer 21010
W/InputMethodManagerService(  667): Starting input on non-focused client com.android.internal.view.IInputMethodClient$Stub$Proxy@529b46d8 (uid=10004 pid=2172)
I/PackageManager(  667): Adding preferred activity ComponentInfo{com.android.mms/com.android.mms.ui.ComposeMessageActivity} for user 0 :
I/PackageManager(  667): Adding preferred activity ComponentInfo{com.android.mms/com.android.mms.ui.ComposeMessageActivity} for user 0 :
I/PackageManager(  667): Adding preferred activity ComponentInfo{com.android.mms/com.android.mms.ui.ComposeMessageActivity} for user 0 :
I/PackageManager(  667): Adding preferred activity ComponentInfo{com.android.mms/com.android.mms.ui.ComposeMessageActivity} for user 0 :
I/PackageManager(  667): Adding preferred activity ComponentInfo{com.android.mms/com.android.mms.ui.ComposeMessageActivity} for user 0 :
I/PackageManager(  667): Adding preferred activity ComponentInfo{com.android.mms/com.android.mms.ui.ComposeMessageActivity} for user 0 :
I/PackageManager(  667): Adding preferred activity ComponentInfo{com.android.mms/com.android.mms.ui.ComposeMessageActivity} for user 0 :
I/PackageManager(  667): Adding preferred activity ComponentInfo{com.android.mms/com.android.mms.ui.ComposeMessageActivity} for user 0 :
I/ActivityManager(  667): START u0 {act=android.intent.action.MAIN cat=[android.intent.category.LAUNCHER] flg=0x10200000 cmp=jackpal.androidterm/.Term} from pid 874
W/WindowManager(  667): Screenshot failure taking screenshot for (328x524) to layer 21010
I/ActivityManager(  667): Start proc jackpal.androidterm for activity jackpal.androidterm/.Term: pid=2246 uid=10073 gids={50073, 3003, 1028, 1015}
W/WindowManager(  667): Screenshot failure taking screenshot for (328x524) to layer 21015
W/WindowManager(  667): Screenshot failure taking screenshot for (328x524) to layer 21015
I/ActivityManager(  667): Killing 2009:com.google.android.setupwizard/u0a68 (adj 15): empty #17
I/ActivityManager(  667): START u0 {act=android.intent.action.MAIN cat=[android.intent.category.HOME] flg=0x10200000 cmp=com.android.launcher/com.android.launcher2.Launcher} from pid 667
W/WindowManager(  667): Screenshot failure taking screenshot for (328x524) to layer 21015
W/InputMethodManagerService(  667): Starting input on non-focused client com.android.internal.view.IInputMethodClient$Stub$Proxy@52a224f4 (uid=10073 pid=2246)
I/ActivityManager(  667): Killing 2040:com.android.settings/1000 (adj 15): empty #17
I/ActivityManager(  667): START u0 {act=android.intent.action.MAIN cat=[android.intent.category.LAUNCHER] flg=0x10200000 cmp=com.android.settings/.Settings} from pid 874
W/WindowManager(  667): Screenshot failure taking screenshot for (328x524) to layer 21015
I/ActivityManager(  667): Start proc com.android.settings for activity com.android.settings/.Settings: pid=2294 uid=1000 gids={41000, 1028, 1015, 3002, 3001, 3003}
D/WifiService(  667): setWifiEnabled: true pid=2294, uid=1000
I/ActivityManager(  667): START u0 {act=android.intent.action.MAIN cmp=com.android.settings/.SubSettings (has extras)} from pid 2294
D/ConnectivityService(  667): handleInetConditionHoldEnd: net=1, condition=0, published condition=0
W/WindowManager(  667): Screenshot failure taking screenshot for (328x524) to layer 21025
W/WindowManager(  667): Screenshot failure taking screenshot for (328x524) to layer 21025
I/ActivityManager(  667): START u0 {act=android.intent.action.MAIN cat=[android.intent.category.HOME] flg=0x10200000 cmp=com.android.launcher/com.android.launcher2.Launcher} from pid 667
W/WindowManager(  667): Screenshot failure taking screenshot for (328x524) to layer 21025
W/InputMethodManagerService(  667): Starting input on non-focused client com.android.internal.view.IInputMethodClient$Stub$Proxy@52a54314 (uid=1000 pid=2294)
I/ActivityManager(  667): START u0 {act=android.intent.action.MAIN cat=[android.intent.category.HOME] flg=0x10200000 cmp=com.android.launcher/com.android.launcher2.Launcher} from pid 667
I/ActivityManager(  667): Start proc com.android.musicfx for broadcast com.android.musicfx/.ControlPanelReceiver: pid=2325 uid=10010 gids={50010, 3003, 3002}
I/ActivityManager(  667): Killing 1079:com.android.music/u0a36 (adj 15): empty #17
I/ActivityManager(  667): Killing 1575:com.android.deskclock/u0a24 (adj 15): empty #17
D/ConnectivityService(  667): Sampling interval elapsed, updating statistics ..
D/ConnectivityService(  667): Done.
D/ConnectivityService(  667): Setting timer for 720seconds
E/ActivityThread( 1144): Failed to find provider info for com.google.android.wearable.settings
W/SocketClient(  274): write error (Broken pipe)
I/ActivityManager(  667): Start proc com.android.defcontainer for service com.android.defcontainer/.DefaultContainerService: pid=2369 uid=10003 gids={50003, 1028, 1015, 1023, 2001, 1035}
W/ActivityManager(  667): No content provider found for permission revoke: file:///data/local/tmp/test.apk
W/ActivityManager(  667): No content provider found for permission revoke: file:///data/local/tmp/test.apk
I/PackageManager(  667): Copying native libraries to /data/app-lib/vmdl-1096916608
I/ActivityManager(  667): Force stopping com.dumplingsandwich.pencilsketch appid=10019 user=-1: update pkg
W/PackageSettings(  667): Skipping PackageSetting{5283b45c com.example.android.apis/10053} due to missing metadata
W/PackageManager(  667): Not granting permission android.permission.SEND_DOWNLOAD_COMPLETED_INTENTS to package com.dumplingsandwich.pencilsketch (protectionLevel=2 flags=0x18bc44)
W/PackageSettings(  667): Skipping PackageSetting{5283b45c com.example.android.apis/10053} due to missing metadata
I/PackageManager(  667): Adding preferred activity ComponentInfo{com.android.mms/com.android.mms.ui.ComposeMessageActivity} for user 0 :
I/PackageManager(  667): Adding preferred activity ComponentInfo{com.android.mms/com.android.mms.ui.ComposeMessageActivity} for user 0 :
I/PackageManager(  667): Adding preferred activity ComponentInfo{com.android.mms/com.android.mms.ui.ComposeMessageActivity} for user 0 :
I/PackageManager(  667): Adding preferred activity ComponentInfo{com.android.mms/com.android.mms.ui.ComposeMessageActivity} for user 0 :
I/PackageManager(  667): Adding preferred activity ComponentInfo{com.android.mms/com.android.mms.ui.ComposeMessageActivity} for user 0 :
I/PackageManager(  667): Adding preferred activity ComponentInfo{com.android.mms/com.android.mms.ui.ComposeMessageActivity} for user 0 :
I/PackageManager(  667): Adding preferred activity ComponentInfo{com.android.mms/com.android.mms.ui.ComposeMessageActivity} for user 0 :
I/PackageManager(  667): Adding preferred activity ComponentInfo{com.android.mms/com.android.mms.ui.ComposeMessageActivity} for user 0 :
I/ActivityManager(  667): Delay finish: de.robv.android.xposed.installer/.PackageChangeReceiver
I/PackageManager(  667): Adding preferred activity ComponentInfo{com.android.mms/com.android.mms.ui.ComposeMessageActivity} for user 0 :
I/PackageManager(  667): Adding preferred activity ComponentInfo{com.android.mms/com.android.mms.ui.ComposeMessageActivity} for user 0 :
I/PackageManager(  667): Adding preferred activity ComponentInfo{com.android.mms/com.android.mms.ui.ComposeMessageActivity} for user 0 :
I/PackageManager(  667): Adding preferred activity ComponentInfo{com.android.mms/com.android.mms.ui.ComposeMessageActivity} for user 0 :
I/PackageManager(  667): Adding preferred activity ComponentInfo{com.android.mms/com.android.mms.ui.ComposeMessageActivity} for user 0 :
I/PackageManager(  667): Adding preferred activity ComponentInfo{com.android.mms/com.android.mms.ui.ComposeMessageActivity} for user 0 :
I/PackageManager(  667): Adding preferred activity ComponentInfo{com.android.mms/com.android.mms.ui.ComposeMessageActivity} for user 0 :
I/PackageManager(  667): Adding preferred activity ComponentInfo{com.android.mms/com.android.mms.ui.ComposeMessageActivity} for user 0 :
I/ActivityManager(  667): Resuming delayed broadcast
D/BackupManagerService(  667): Received broadcast Intent { act=android.intent.action.PACKAGE_ADDED dat=package:com.dumplingsandwich.pencilsketch flg=0x4000010 (has extras) }
V/BackupManagerService(  667): addPackageParticipantsLocked: #1
I/ActivityManager(  667): Start proc com.google.android.partnersetup for broadcast com.google.android.partnersetup/.RlzPingBroadcastReceiver: pid=2392 uid=10066 gids={50066, 3003}
I/ActivityManager(  667): Start proc com.svox.pico for broadcast com.svox.pico/.VoiceDataInstallerReceiver: pid=2409 uid=10043 gids={50043, 1028, 1015}
I/ActivityManager(  667): Start proc com.genymotion.superuser for broadcast com.genymotion.superuser/com.koushikdutta.superuser.PackageChangeReceiver: pid=2425 uid=10049 gids={50049}
I/ActivityManager(  667): Killing 1600:com.android.email/u0a26 (adj 15): empty #17
I/ActivityManager(  667): Killing 1099:android.process.media/u0a5 (adj 15): empty #17
I/ActivityManager(  667): Delay finish: com.google.android.gms/.gass.chimera.PackageChangeBroadcastReceiver
I/ActivityManager(  667): Resuming delayed broadcast
I/ActivityManager(  667): Delay finish: com.android.vending/com.google.android.finsky.receivers.PackageMonitorReceiver$RegisteredReceiver
I/ActivityManager(  667): Resuming delayed broadcast
I/ActivityManager(  667): Delay finish: com.google.android.googlequicksearchbox/com.google.android.apps.gsa.search.core.icingsync.IcingCorporaChangedReceiver
I/ActivityManager(  667): START u0 {flg=0x10000000 cmp=com.dumplingsandwich.pencilsketch/.activities.SplashScreenActivity} from pid 2432
W/WindowManager(  667): Screenshot failure taking screenshot for (328x524) to layer 21025
I/ActivityManager(  667): Start proc com.dumplingsandwich.pencilsketch for activity com.dumplingsandwich.pencilsketch/.activities.SplashScreenActivity: pid=2457 uid=10019 gids={50019, 3003, 1028, 1015}
I/ActivityManager(  667): Resuming delayed broadcast
I/ActivityManager(  667): START u0 {flg=0x10000000 cmp=com.dumplingsandwich.pencilsketch/.activities.SplashScreenActivity} from pid 2471
W/ActivityManager(  667): Permission Denial: getTasks() from pid=2457, uid=10019 requires android.permission.GET_TASKS
E/ActivityThread( 2457): Failed to find provider info for com.facebook.katana.provider.AttributionIdProvider
E/ActivityThread( 2457): Failed to find provider info for com.facebook.katana.provider.AttributionIdProvider
W/ActivityThread( 2457): ClassLoader.loadClass: The class loader returned by Thread.getContextClassLoader() may fail for processes that host multiple applications. You should explicitly specify a context class loader. For example: Thread.setContextClassLoader(getClass().getClassLoader());
I/ActivityManager(  667): START u0 {cmp=com.dumplingsandwich.pencilsketch/.activities.MainActivity} from pid 2457
I/ActivityManager(  667): Force stopping com.dumplingsandwich.pencilsketch appid=10019 user=0: from pid 2561
I/ActivityManager(  667): Killing 2457:com.dumplingsandwich.pencilsketch/u0a19 (adj 0): stop com.dumplingsandwich.pencilsketch
W/ActivityManager(  667): Force removing ActivityRecord{52a036d0 u0 com.dumplingsandwich.pencilsketch/.activities.MainActivity t7}: app died, no saved state
W/InputMethodManagerService(  667): Got RemoteException sending setActive(false) notification to pid 2457 uid 10019
I/WindowState(  667): WIN DEATH: Window{529c700c u0 com.dumplingsandwich.pencilsketch/com.dumplingsandwich.pencilsketch.activities.MainActivity}
I/ActivityManager(  667): START u0 {flg=0x10000000 cmp=com.dumplingsandwich.pencilsketch/com.adobe.creativesdk.aviary.AdobeImageEditorActivity} from pid 2579
W/WindowManager(  667): Screenshot failure taking screenshot for (328x524) to layer 21025
I/ActivityManager(  667): Start proc com.dumplingsandwich.pencilsketch for activity com.dumplingsandwich.pencilsketch/com.adobe.creativesdk.aviary.AdobeImageEditorActivity: pid=2590 uid=10019 gids={50019, 3003, 1028, 1015}
I/ActivityManager(  667): Start proc com.dumplingsandwich.pencilsketch:cds for service com.dumplingsandwich.pencilsketch/com.adobe.creativesdk.aviary.internal.cds.CdsService: pid=2612 uid=10019 gids={50019, 3003, 1028, 1015}
I/WindowManager(  667): Screenshot max retries 4 of Token{529b88e4 ActivityRecord{52a5c610 u0 com.dumplingsandwich.pencilsketch/com.adobe.creativesdk.aviary.AdobeImageEditorActivity t8 f}} appWin=Window{52a596cc u0 Starting com.dumplingsandwich.pencilsketch} drawState=4
W/WindowManager(  667): Screenshot failure taking screenshot for (800x1280) to layer 21030
E/ActivityThread( 2590): Failed to find provider info for com.facebook.katana.provider.AttributionIdProvider
W/InputMethodManagerService(  667): Window already focused, ignoring focus gain of: com.android.internal.view.IInputMethodClient$Stub$Proxy@529a8320 attribute=null, token = android.os.BinderProxy@52a45f30
W/ActivityManager(  667): Unbind failed: could not find connection for android.os.BinderProxy@52a719e4
I/ActivityManager(  667): Killing 1984:com.android.mms/u0a9 (adj 15): empty #17
I/ActivityManager(  667): Killing 1546:com.android.calendar/u0a21 (adj 15): empty #17
I/ActivityManager(  667): Force stopping com.dumplingsandwich.pencilsketch appid=10019 user=0: from pid 2656
I/ActivityManager(  667): Killing 2612:com.dumplingsandwich.pencilsketch:cds/u0a19 (adj 11): stop com.dumplingsandwich.pencilsketch
I/ActivityManager(  667): Killing 2590:com.dumplingsandwich.pencilsketch/u0a19 (adj 9): stop com.dumplingsandwich.pencilsketch
I/ActivityManager(  667): START u0 {flg=0x10000000 cmp=com.dumplingsandwich.pencilsketch/com.adobe.creativesdk.foundation.internal.storage.utils.CopyToClipboardActivity} from pid 2666
W/WindowManager(  667): Screenshot failure taking screenshot for (328x524) to layer 21025
I/ActivityManager(  667): Start proc com.dumplingsandwich.pencilsketch for activity com.dumplingsandwich.pencilsketch/com.adobe.creativesdk.foundation.internal.storage.utils.CopyToClipboardActivity: pid=2677 uid=10019 gids={50019, 3003, 1028, 1015}
I/WindowManager(  667): Screenshot max retries 4 of Token{52a9e050 ActivityRecord{52a66980 u0 com.dumplingsandwich.pencilsketch/com.adobe.creativesdk.foundation.internal.storage.utils.CopyToClipboardActivity t9 f}} appWin=Window{52a5bc64 u0 Starting com.dumplingsandwich.pencilsketch} drawState=4
W/WindowManager(  667): Screenshot failure taking screenshot for (800x1280) to layer 21030
D/ConnectivityService(  667): handleInetConditionHoldEnd: net=1, condition=0, published condition=0
W/InputMethodManagerService(  667): Window already focused, ignoring focus gain of: com.android.internal.view.IInputMethodClient$Stub$Proxy@52a2964c attribute=null, token = android.os.BinderProxy@52a45f30
I/ActivityManager(  667): Force stopping com.dumplingsandwich.pencilsketch appid=10019 user=0: from pid 2699
I/ActivityManager(  667): Killing 2677:com.dumplingsandwich.pencilsketch/u0a19 (adj 9): stop com.dumplingsandwich.pencilsketch
I/ActivityManager(  667): START u0 {flg=0x10000000 cmp=com.dumplingsandwich.pencilsketch/.activities.SplashScreenActivity} from pid 2709
W/WindowManager(  667): Screenshot failure taking screenshot for (328x524) to layer 21025
I/ActivityManager(  667): Start proc com.dumplingsandwich.pencilsketch for activity com.dumplingsandwich.pencilsketch/.activities.SplashScreenActivity: pid=2719 uid=10019 gids={50019, 3003, 1028, 1015}
W/ActivityManager(  667): Permission Denial: getTasks() from pid=2719, uid=10019 requires android.permission.GET_TASKS
E/ActivityThread( 2719): Failed to find provider info for com.facebook.katana.provider.AttributionIdProvider
W/ActivityThread( 2719): ClassLoader.loadClass: The class loader returned by Thread.getContextClassLoader() may fail for processes that host multiple applications. You should explicitly specify a context class loader. For example: Thread.setContextClassLoader(getClass().getClassLoader());
I/ActivityManager(  667): Waited long enough for: ServiceRecord{52aef29c u0 com.google.android.gms/.auth.be.cron.AuthCronService}
I/ActivityManager(  667): Force stopping com.dumplingsandwich.pencilsketch appid=10019 user=0: from pid 2788
I/ActivityManager(  667): Killing 2719:com.dumplingsandwich.pencilsketch/u0a19 (adj 0): stop com.dumplingsandwich.pencilsketch
W/ActivityManager(  667): Force removing ActivityRecord{52abc8d4 u0 com.dumplingsandwich.pencilsketch/.activities.SplashScreenActivity t10}: app died, no saved state
I/WindowState(  667): WIN DEATH: Window{52bc5094 u0 com.dumplingsandwich.pencilsketch/com.dumplingsandwich.pencilsketch.activities.SplashScreenActivity}
W/InputMethodManagerService(  667): Got RemoteException sending setActive(false) notification to pid 2719 uid 10019
I/ActivityManager(  667): START u0 {flg=0x10000000 cmp=com.dumplingsandwich.pencilsketch/.activities.ImagePreprocessActivity} from pid 2799
W/WindowManager(  667): Screenshot failure taking screenshot for (328x524) to layer 21025
I/ActivityManager(  667): Start proc com.dumplingsandwich.pencilsketch for activity com.dumplingsandwich.pencilsketch/.activities.ImagePreprocessActivity: pid=2809 uid=10019 gids={50019, 3003, 1028, 1015}
I/WindowManager(  667): Screenshot max retries 4 of Token{52a90380 ActivityRecord{52adac24 u0 com.dumplingsandwich.pencilsketch/.activities.ImagePreprocessActivity t11 f}} appWin=Window{52af3ca8 u0 Starting com.dumplingsandwich.pencilsketch} drawState=4
W/WindowManager(  667): Screenshot failure taking screenshot for (800x1280) to layer 21030
W/InputMethodManagerService(  667): Window already focused, ignoring focus gain of: com.android.internal.view.IInputMethodClient$Stub$Proxy@52ad7968 attribute=null, token = android.os.BinderProxy@52a45f30
I/ActivityManager(  667): Force stopping com.dumplingsandwich.pencilsketch appid=10019 user=0: from pid 2830
I/ActivityManager(  667): Killing 2809:com.dumplingsandwich.pencilsketch/u0a19 (adj 9): stop com.dumplingsandwich.pencilsketch
I/ActivityManager(  667): START u0 {flg=0x10000000 cmp=com.dumplingsandwich.pencilsketch/.activities.MainActivity} from pid 2840
W/WindowManager(  667): Screenshot failure taking screenshot for (328x524) to layer 21025
I/ActivityManager(  667): Start proc com.dumplingsandwich.pencilsketch for activity com.dumplingsandwich.pencilsketch/.activities.MainActivity: pid=2850 uid=10019 gids={50019, 3003, 1028, 1015}
I/ActivityManager(  667): Force stopping com.dumplingsandwich.pencilsketch appid=10019 user=0: from pid 2871
I/ActivityManager(  667): Killing 2850:com.dumplingsandwich.pencilsketch/u0a19 (adj 0): stop com.dumplingsandwich.pencilsketch
W/ActivityManager(  667): Force removing ActivityRecord{52c2385c u0 com.dumplingsandwich.pencilsketch/.activities.MainActivity t12}: app died, no saved state
I/WindowState(  667): WIN DEATH: Window{52a04350 u0 com.dumplingsandwich.pencilsketch/com.dumplingsandwich.pencilsketch.activities.MainActivity}
W/InputMethodManagerService(  667): Got RemoteException sending setActive(false) notification to pid 2850 uid 10019
I/ActivityManager(  667): START u0 {flg=0x10000000 cmp=com.dumplingsandwich.pencilsketch/.activities.ImageEditingActivity} from pid 2881
W/WindowManager(  667): Screenshot failure taking screenshot for (328x524) to layer 21025
I/ActivityManager(  667): Start proc com.dumplingsandwich.pencilsketch for activity com.dumplingsandwich.pencilsketch/.activities.ImageEditingActivity: pid=2891 uid=10019 gids={50019, 3003, 1028, 1015}
I/WindowManager(  667): Screenshot max retries 4 of Token{52adb448 ActivityRecord{52adb398 u0 com.dumplingsandwich.pencilsketch/.activities.ImageEditingActivity t13 f}} appWin=Window{52b68afc u0 Starting com.dumplingsandwich.pencilsketch} drawState=4
W/WindowManager(  667): Screenshot failure taking screenshot for (800x1280) to layer 21030
W/InputMethodManagerService(  667): Window already focused, ignoring focus gain of: com.android.internal.view.IInputMethodClient$Stub$Proxy@52abf3a8 attribute=null, token = android.os.BinderProxy@52a45f30
I/ActivityManager(  667): Force stopping com.dumplingsandwich.pencilsketch appid=10019 user=0: from pid 2912
I/ActivityManager(  667): Killing 2891:com.dumplingsandwich.pencilsketch/u0a19 (adj 9): stop com.dumplingsandwich.pencilsketch
I/ActivityManager(  667): START u0 {flg=0x10000000 cmp=com.dumplingsandwich.pencilsketch/.activities.InfoActivity} from pid 2922
W/WindowManager(  667): Screenshot failure taking screenshot for (328x524) to layer 21025
I/ActivityManager(  667): Start proc com.dumplingsandwich.pencilsketch for activity com.dumplingsandwich.pencilsketch/.activities.InfoActivity: pid=2932 uid=10019 gids={50019, 3003, 1028, 1015}
I/ActivityManager(  667): Force stopping com.dumplingsandwich.pencilsketch appid=10019 user=0: from pid 2954
I/ActivityManager(  667): Killing 2932:com.dumplingsandwich.pencilsketch/u0a19 (adj 0): stop com.dumplingsandwich.pencilsketch
W/ActivityManager(  667): Force removing ActivityRecord{52ad0fa0 u0 com.dumplingsandwich.pencilsketch/.activities.InfoActivity t14}: app died, no saved state
I/WindowState(  667): WIN DEATH: Window{52a3c108 u0 com.dumplingsandwich.pencilsketch/com.dumplingsandwich.pencilsketch.activities.InfoActivity}
W/InputMethodManagerService(  667): Got RemoteException sending setActive(false) notification to pid 2932 uid 10019
I/ActivityManager(  667): START u0 {flg=0x10000000 cmp=com.dumplingsandwich.pencilsketch/.activities.AppRecommendationActivity} from pid 2964
W/WindowManager(  667): Screenshot failure taking screenshot for (328x524) to layer 21025
I/ActivityManager(  667): Start proc com.dumplingsandwich.pencilsketch for activity com.dumplingsandwich.pencilsketch/.activities.AppRecommendationActivity: pid=2975 uid=10019 gids={50019, 3003, 1028, 1015}
I/ActivityManager(  667): Force stopping com.dumplingsandwich.pencilsketch appid=10019 user=0: from pid 2997
I/ActivityManager(  667): Killing 2975:com.dumplingsandwich.pencilsketch/u0a19 (adj 0): stop com.dumplingsandwich.pencilsketch
W/ActivityManager(  667): Force removing ActivityRecord{52a4a97c u0 com.dumplingsandwich.pencilsketch/.activities.AppRecommendationActivity t15}: app died, no saved state
I/WindowState(  667): WIN DEATH: Window{52a84af0 u0 com.dumplingsandwich.pencilsketch/com.dumplingsandwich.pencilsketch.activities.AppRecommendationActivity}
W/InputMethodManagerService(  667): Got RemoteException sending setActive(false) notification to pid 2975 uid 10019
I/ActivityManager(  667): START u0 {flg=0x10000000 cmp=com.dumplingsandwich.pencilsketch/.activities.PhotoFrameActivity} from pid 3007
W/WindowManager(  667): Screenshot failure taking screenshot for (328x524) to layer 21025
I/ActivityManager(  667): Start proc com.dumplingsandwich.pencilsketch for activity com.dumplingsandwich.pencilsketch/.activities.PhotoFrameActivity: pid=3018 uid=10019 gids={50019, 3003, 1028, 1015}
I/ActivityManager(  667): Force stopping com.dumplingsandwich.pencilsketch appid=10019 user=0: from pid 3039
I/ActivityManager(  667): Killing 3018:com.dumplingsandwich.pencilsketch/u0a19 (adj 0): stop com.dumplingsandwich.pencilsketch
W/ActivityManager(  667): Force removing ActivityRecord{52a5c610 u0 com.dumplingsandwich.pencilsketch/.activities.PhotoFrameActivity t16}: app died, no saved state
I/WindowState(  667): WIN DEATH: Window{52aa316c u0 com.dumplingsandwich.pencilsketch/com.dumplingsandwich.pencilsketch.activities.PhotoFrameActivity}
W/InputMethodManagerService(  667): Got RemoteException sending setActive(false) notification to pid 3018 uid 10019
I/ActivityManager(  667): START u0 {flg=0x10000000 cmp=com.dumplingsandwich.pencilsketch/.activities.DumplingSandwichAppsActivity} from pid 3049
W/WindowManager(  667): Screenshot failure taking screenshot for (328x524) to layer 21025
I/ActivityManager(  667): Start proc com.dumplingsandwich.pencilsketch for activity com.dumplingsandwich.pencilsketch/.activities.DumplingSandwichAppsActivity: pid=3060 uid=10019 gids={50019, 3003, 1028, 1015}
I/ActivityManager(  667): Force stopping com.dumplingsandwich.pencilsketch appid=10019 user=0: from pid 3081
I/ActivityManager(  667): Killing 3060:com.dumplingsandwich.pencilsketch/u0a19 (adj 0): stop com.dumplingsandwich.pencilsketch
W/ActivityManager(  667): Force removing ActivityRecord{52a6862c u0 com.dumplingsandwich.pencilsketch/.activities.DumplingSandwichAppsActivity t17}: app died, no saved state
I/WindowState(  667): WIN DEATH: Window{52aae5d0 u0 com.dumplingsandwich.pencilsketch/com.dumplingsandwich.pencilsketch.activities.DumplingSandwichAppsActivity}
W/InputMethodManagerService(  667): Got RemoteException sending setActive(false) notification to pid 3060 uid 10019
I/ActivityManager(  667): START u0 {flg=0x10000000 cmp=com.dumplingsandwich.pencilsketch/.activities.CanvasActivity} from pid 3091
W/WindowManager(  667): Screenshot failure taking screenshot for (328x524) to layer 21025
I/ActivityManager(  667): Start proc com.dumplingsandwich.pencilsketch for activity com.dumplingsandwich.pencilsketch/.activities.CanvasActivity: pid=3101 uid=10019 gids={50019, 3003, 1028, 1015}
I/ActivityManager(  667): Force stopping com.dumplingsandwich.pencilsketch appid=10019 user=0: from pid 3124
I/ActivityManager(  667): Killing 3101:com.dumplingsandwich.pencilsketch/u0a19 (adj 0): stop com.dumplingsandwich.pencilsketch
W/ActivityManager(  667): Force removing ActivityRecord{52aff418 u0 com.dumplingsandwich.pencilsketch/.activities.CanvasActivity t18}: app died, no saved state
I/WindowState(  667): WIN DEATH: Window{5294f5e0 u0 com.dumplingsandwich.pencilsketch/com.dumplingsandwich.pencilsketch.activities.CanvasActivity}
W/InputMethodManagerService(  667): Got RemoteException sending setActive(false) notification to pid 3101 uid 10019
I/ActivityManager(  667): START u0 {flg=0x10000000 cmp=com.dumplingsandwich.pencilsketch/com.google.android.gms.ads.AdActivity} from pid 3134
W/WindowManager(  667): Screenshot failure taking screenshot for (328x524) to layer 21025
I/ActivityManager(  667): Start proc com.dumplingsandwich.pencilsketch for activity com.dumplingsandwich.pencilsketch/com.google.android.gms.ads.AdActivity: pid=3145 uid=10019 gids={50019, 3003, 1028, 1015}
W/InputMethodManagerService(  667): Window already focused, ignoring focus gain of: com.android.internal.view.IInputMethodClient$Stub$Proxy@52ab1fc8 attribute=null, token = android.os.BinderProxy@52a45f30
I/ActivityManager(  667): Force stopping com.dumplingsandwich.pencilsketch appid=10019 user=0: from pid 3170
I/ActivityManager(  667): Killing 3145:com.dumplingsandwich.pencilsketch/u0a19 (adj 9): stop com.dumplingsandwich.pencilsketch
I/ActivityManager(  667): START u0 {flg=0x10000000 cmp=com.dumplingsandwich.pencilsketch/com.facebook.ads.InterstitialAdActivity} from pid 3180
W/WindowManager(  667): Screenshot failure taking screenshot for (328x524) to layer 21025
I/ActivityManager(  667): Start proc com.dumplingsandwich.pencilsketch for activity com.dumplingsandwich.pencilsketch/com.facebook.ads.InterstitialAdActivity: pid=3191 uid=10019 gids={50019, 3003, 1028, 1015}
I/ActivityManager(  667): Process com.dumplingsandwich.pencilsketch (pid 3191) has died.
I/BootReceiver(  667): Copying /data/tombstones/tombstone_00 to DropBox (SYSTEM_TOMBSTONE)
I/ActivityManager(  667): Start proc com.dumplingsandwich.pencilsketch for activity com.dumplingsandwich.pencilsketch/com.facebook.ads.InterstitialAdActivity: pid=3209 uid=10019 gids={50019, 3003, 1028, 1015}
I/BootReceiver(  667): Copying /data/tombstones/tombstone_01 to DropBox (SYSTEM_TOMBSTONE)
I/ActivityManager(  667): Process com.dumplingsandwich.pencilsketch (pid 3209) has died.
I/ActivityManager(  667): Start proc com.dumplingsandwich.pencilsketch for activity com.dumplingsandwich.pencilsketch/com.facebook.ads.InterstitialAdActivity: pid=3227 uid=10019 gids={50019, 3003, 1028, 1015}
I/BootReceiver(  667): Copying /data/tombstones/tombstone_02 to DropBox (SYSTEM_TOMBSTONE)
I/ActivityManager(  667): Process com.dumplingsandwich.pencilsketch (pid 3227) has died.
W/ActivityManager(  667): Force removing ActivityRecord{52a3a9ac u0 com.dumplingsandwich.pencilsketch/com.facebook.ads.InterstitialAdActivity t20}: app died, no saved state
W/ActivityManager(  667): Process com.dumplingsandwich.pencilsketch has crashed too many times: killing!
I/ActivityManager(  667): Exiting empty application process com.dumplingsandwich.pencilsketch (null)
I/ActivityManager(  667): Force stopping com.dumplingsandwich.pencilsketch appid=10019 user=0: from pid 3252
W/InputMethodManagerService(  667): Window already focused, ignoring focus gain of: com.android.internal.view.IInputMethodClient$Stub$Proxy@52a1484c attribute=null, token = android.os.BinderProxy@52a45f30
I/ActivityManager(  667): START u0 {flg=0x10000000 cmp=com.dumplingsandwich.pencilsketch/com.google.android.gms.ads.purchase.InAppPurchaseActivity} from pid 3262
W/WindowManager(  667): Screenshot failure taking screenshot for (328x524) to layer 21025
I/ActivityManager(  667): Start proc com.dumplingsandwich.pencilsketch for activity com.dumplingsandwich.pencilsketch/com.google.android.gms.ads.purchase.InAppPurchaseActivity: pid=3273 uid=10019 gids={50019, 3003, 1028, 1015}
W/InputMethodManagerService(  667): Window already focused, ignoring focus gain of: com.android.internal.view.IInputMethodClient$Stub$Proxy@52a11ae0 attribute=null, token = android.os.BinderProxy@52a45f30
I/ActivityManager(  667): Force stopping com.dumplingsandwich.pencilsketch appid=10019 user=0: from pid 3294
I/ActivityManager(  667): Killing 3273:com.dumplingsandwich.pencilsketch/u0a19 (adj 9): stop com.dumplingsandwich.pencilsketch
I/ActivityManager(  667): START u0 {flg=0x10000000 cmp=com.dumplingsandwich.pencilsketch/com.adobe.creativesdk.aviary.AdobeImageEditorActivity} from pid 3304
W/WindowManager(  667): Screenshot failure taking screenshot for (328x524) to layer 21025
I/ActivityManager(  667): Start proc com.dumplingsandwich.pencilsketch for activity com.dumplingsandwich.pencilsketch/com.adobe.creativesdk.aviary.AdobeImageEditorActivity: pid=3314 uid=10019 gids={50019, 3003, 1028, 1015}
I/ActivityManager(  667): Start proc com.dumplingsandwich.pencilsketch:cds for service com.dumplingsandwich.pencilsketch/com.adobe.creativesdk.aviary.internal.cds.CdsService: pid=3336 uid=10019 gids={50019, 3003, 1028, 1015}
I/WindowManager(  667): Screenshot max retries 4 of Token{52a7d434 ActivityRecord{52a3299c u0 com.dumplingsandwich.pencilsketch/com.adobe.creativesdk.aviary.AdobeImageEditorActivity t22 f}} appWin=Window{52a96c80 u0 Starting com.dumplingsandwich.pencilsketch} drawState=4
W/WindowManager(  667): Screenshot failure taking screenshot for (800x1280) to layer 21030
W/InputMethodManagerService(  667): Window already focused, ignoring focus gain of: com.android.internal.view.IInputMethodClient$Stub$Proxy@529aaf00 attribute=null, token = android.os.BinderProxy@52a45f30
W/ActivityManager(  667): Unbind failed: could not find connection for android.os.BinderProxy@52a7ed10
W/WindowManager(  667): Rebuild removed 6 windows but added 5
W/WindowManager(  667): java.lang.RuntimeException: here
W/WindowManager(  667): 	at com.android.server.wm.WindowManagerService.rebuildAppWindowListLocked(WindowManagerService.java:8011)
W/WindowManager(  667): 	at com.android.server.wm.WindowManagerService.rebuildAppWindowListLocked(WindowManagerService.java:7947)
W/WindowManager(  667): 	at com.android.server.wm.WindowManagerService.handleAnimatingStoppedAndTransitionLocked(WindowManagerService.java:8691)
W/WindowManager(  667): 	at com.android.server.wm.WindowManagerService.performLayoutAndPlaceSurfacesLockedInner(WindowManagerService.java:9205)
W/WindowManager(  667): 	at com.android.server.wm.WindowManagerService.performLayoutAndPlaceSurfacesLockedLoop(WindowManagerService.java:8163)
W/WindowManager(  667): 	at com.android.server.wm.WindowManagerService.performLayoutAndPlaceSurfacesLocked(WindowManagerService.java:8105)
W/WindowManager(  667): 	at com.android.server.wm.WindowManagerService.access$300(WindowManagerService.java:157)
W/WindowManager(  667): 	at com.android.server.wm.WindowManagerService$H.handleMessage(WindowManagerService.java:7139)
W/WindowManager(  667): 	at android.os.Handler.dispatchMessage(Handler.java:102)
W/WindowManager(  667): 	at android.os.Looper.loop(Looper.java:136)
W/WindowManager(  667): 	at android.os.HandlerThread.run(HandlerThread.java:61)
W/WindowManager(  667): This window was lost: Window{52a96c80 u0 Starting com.dumplingsandwich.pencilsketch}
W/WindowManager(  667): mDisplayId=0 mSession=Session{529f5d04 667:1000} mClient=android.view.ViewRootImpl$W@52a78718
W/WindowManager(  667): mOwnerUid=1000 mShowToOwnerOnly=false package=com.dumplingsandwich.pencilsketch appop=NONE
W/WindowManager(  667): mAttrs=WM.LayoutParams{(0,0)(fillxfill) sim=#20 ty=3 fl=#1830118 pfl=0x19 wanim=0x10302a1}
W/WindowManager(  667): Requested w=800 h=1184 mLayoutSeq=442
W/WindowManager(  667): mBaseLayer=21000 mSubLayer=0 mAnimLayer=21025+0=21025 mLastLayer=22025
W/WindowManager(  667): mToken=AppWindowToken{52ab579c token=Token{52a7d434 ActivityRecord{52a3299c u0 com.dumplingsandwich.pencilsketch/com.adobe.creativesdk.aviary.AdobeImageEditorActivity t22}}}
W/WindowManager(  667): mRootToken=AppWindowToken{52ab579c token=Token{52a7d434 ActivityRecord{52a3299c u0 com.dumplingsandwich.pencilsketch/com.adobe.creativesdk.aviary.AdobeImageEditorActivity t22}}}
W/WindowManager(  667): mAppToken=AppWindowToken{52ab579c token=Token{52a7d434 ActivityRecord{52a3299c u0 com.dumplingsandwich.pencilsketch/com.adobe.creativesdk.aviary.AdobeImageEditorActivity t22}}}
W/WindowManager(  667): mViewVisibility=0x0 mHaveFrame=true mObscured=false
W/WindowManager(  667): mSeq=0 mSystemUiVisibility=0x0
W/WindowManager(  667): mGivenContentInsets=[0,0][0,0] mGivenVisibleInsets=[0,0][0,0]
W/WindowManager(  667): mConfiguration={1.0 ?mcc?mnc en_US ldltr sw400dp w400dp h567dp 320dpi nrml port -touch qwerty/v/v -nav/h s.5}
W/WindowManager(  667): mHasSurface=true mShownFrame=[0.0,0.0][800.0,1184.0] isReadyForDisplay()=false
W/WindowManager(  667): mFrame=[0,0][800,1184] last=[0,0][800,1184]
W/WindowManager(  667): mSystemDecorRect=[0,50][800,1184] last=[0,50][800,1184]
W/WindowManager(  667): Frames: containing=[0,0][800,1184] parent=[0,0][800,1184]
W/WindowManager(  667):     display=[0,0][800,1184] overscan=[0,0][800,1280]
W/WindowManager(  667):     content=[0,50][800,1184] visible=[0,50][800,1184]
W/WindowManager(  667):     decor=[0,50][800,1184]
W/WindowManager(  667): Cur insets: overscan=[0,0][0,0] content=[0,50][0,0] visible=[0,50][0,0]
W/WindowManager(  667): Lst insets: overscan=[0,0][0,0] content=[0,50][0,0] visible=[0,50][0,0]
W/WindowManager(  667): WindowStateAnimator{52a9c060 Starting com.dumplingsandwich.pencilsketch}:
W/WindowManager(  667):   mSurface=Surface(name=Starting com.dumplingsandwich.pencilsketch)
W/WindowManager(  667):   mDrawState=HAS_DRAWN mLastHidden=true
W/WindowManager(  667):   Surface: shown=false layer=22025 alpha=0.0 rect=(0.0,0.0) 800.0 x 1184.0
W/WindowManager(  667):   mShownAlpha=1.0 mAlpha=1.0 mLastAlpha=0.0
W/WindowManager(  667): Current app token list:
V/WindowManager(  667):   Display 0
V/WindowManager(  667):   #4: Token{529f2eb0 ActivityRecord{529d16b8 u0 com.android.launcher/com.android.launcher2.Launcher t1}}
V/WindowManager(  667):   #3: Token{52a5e918 ActivityRecord{52a32e28 u0 com.android.settings/.SubSettings t6}}
V/WindowManager(  667):   #2: Token{52a42d54 ActivityRecord{529f530c u0 com.android.settings/.Settings t6}}
V/WindowManager(  667):   #1: Token{52ae0158 ActivityRecord{52ae00a8 u0 jackpal.androidterm/.Term t5}}
V/WindowManager(  667):   #0: Token{529b5e48 ActivityRecord{529ce0bc u0 com.android.dialer/.DialtactsActivity t2}}
W/WindowManager(  667): Final window list:
V/WindowManager(  667):   #0: Window{529d98cc u0 SearchPanel}
