W/WindowManager(  686): Current app token list:
V/WindowManager(  686):   Display 0
V/WindowManager(  686):   #0: Token{529f48d8 ActivityRecord{529f479c u0 com.android.launcher/com.android.launcher2.Launcher t1}}
W/WindowManager(  686): Final window list:
V/WindowManager(  686):   #0: Window{529bd710 u0 SearchPanel}
V/WindowManager(  686):   #1: Window{529cb574 u0 NavigationBar}
V/WindowManager(  686):   #2: Window{52a3a60c u0 StatusBar}
V/WindowManager(  686):   #3: Window{52a12eb0 u0 Keyguard}
V/WindowManager(  686):   #4: Window{529d8a08 u0 KeyguardScrim}
V/WindowManager(  686):   #5: Window{52d794bc u0 Application Error: com.tencent.mobileqq}
V/WindowManager(  686):   #6: Window{52a89e40 u0 Application Error: com.tencent.mobileqq}
V/WindowManager(  686):   #7: Window{52d87978 u0 Application Error: com.tencent.mobileqq}
V/WindowManager(  686):   #8: Window{52d7e150 u0 Application Error: com.tencent.mobileqq}
V/WindowManager(  686):   #9: Window{52d4e99c u0 Application Error: com.tencent.mobileqq}
V/WindowManager(  686):   #10: Window{52efbe08 u0 Application Error: com.tencent.mobileqq}
V/WindowManager(  686):   #11: Window{529903e0 u0 com.android.launcher/com.android.launcher2.Launcher}
V/WindowManager(  686):   #12: Window{529ea8a4 u0 com.android.systemui.ImageWallpaper}
D/gralloc (  294): Registering a buffer in the process that created it. This may cause memory ordering problems.
E/libEGL  (  294): called unimplemented OpenGL ES API
E/libEGL  (  294): called unimplemented OpenGL ES API
E/libEGL  (  294): called unimplemented OpenGL ES API
E/libEGL  (  294): called unimplemented OpenGL ES API
E/libEGL  (  294): called unimplemented OpenGL ES API
E/libEGL  (  294): called unimplemented OpenGL ES API
E/libEGL  (  294): called unimplemented OpenGL ES API
E/SurfaceFlinger(  294): glCheckFramebufferStatusOES error -847558455
E/SurfaceFlinger(  294): got GL_FRAMEBUFFER_COMPLETE_OES error while taking screenshot
E/libEGL  (  294): called unimplemented OpenGL ES API
E/libEGL  (  294): called unimplemented OpenGL ES API
E/libEGL  (  294): called unimplemented OpenGL ES API
D/AndroidRuntime(14577): Shutting down VM
W/WindowManager(  686): Screenshot failure taking screenshot for (328x524) to layer 21010
I/ActivityManager(  686): Start proc com.tencent.mobileqq for activity com.tencent.mobileqq/.activity.TroopPrivilegeActivity: pid=14588 uid=10019 gids={50019, 3003, 3002, 3001, 1028, 1015}
E/cutils-trace(14601): Error opening trace file: No such file or directory (2)
D/gralloc_vbox86(14601): Emulator without GPU emulation detected.
D/gralloc (  294): Registering a buffer in the process that created it. This may cause memory ordering problems.
E/libEGL  (  294): called unimplemented OpenGL ES API
E/libEGL  (  294): called unimplemented OpenGL ES API
E/libEGL  (  294): called unimplemented OpenGL ES API
E/libEGL  (  294): called unimplemented OpenGL ES API
E/libEGL  (  294): called unimplemented OpenGL ES API
E/libEGL  (  294): called unimplemented OpenGL ES API
E/libEGL  (  294): called unimplemented OpenGL ES API
E/SurfaceFlinger(  294): glCheckFramebufferStatusOES error -847558455
E/SurfaceFlinger(  294): got GL_FRAMEBUFFER_COMPLETE_OES error while taking screenshot
E/libEGL  (  294): called unimplemented OpenGL ES API
E/libEGL  (  294): called unimplemented OpenGL ES API
E/libEGL  (  294): called unimplemented OpenGL ES API
D/JustTrustMe(14588): Hooking DefaultHTTPClient for: com.tencent.mobileqq
D/JustTrustMe(14588): Hooking DefaultHTTPClient(HttpParams) for: com.tencent.mobileqq
D/JustTrustMe(14588): Hooking DefaultHTTPClient(ClientConnectionManager, HttpParams) for: com.tencent.mobileqq
D/JustTrustMe(14588): Hooking SSLSocketFactory(String, KeyStore, String, KeyStore) for: com.tencent.mobileqq
D/JustTrustMe(14588): Hooking static SSLSocketFactory(String, KeyStore, String, KeyStore) for: com.tencent.mobileqq
D/JustTrustMe(14588): Hooking SSLSocketFactory(Socket) for: com.tencent.mobileqq
D/JustTrustMe(14588): Hooking TrustManagerFactory.getTrustManagers() for: com.tencent.mobileqq
D/JustTrustMe(14588): Hooking HttpsURLConnection.setDefaultHostnameVerifier for: com.tencent.mobileqq
D/JustTrustMe(14588): Hooking HttpsURLConnection.setSSLSocketFactory for: com.tencent.mobileqq
D/JustTrustMe(14588): Hooking HttpsURLConnection.setHostnameVerifier for: com.tencent.mobileqq
D/JustTrustMe(14588): Hooking WebViewClient.onReceivedSslError(WebView, SslErrorHandler, SslError) for: com.tencent.mobileqq
D/JustTrustMe(14588): Hooking WebViewClient.onReceivedSslError(WebView, int, string, string) for: com.tencent.mobileqq
D/JustTrustMe(14588): Hooking com.android.org.conscrypt.TrustManagerImpl.checkServerTrusted(X509Certificate[]) for: com.tencent.mobileqq
I/Xposed  (14588): Droidmon-apimonitor-com.tencent.mobileqq:{"timestamp":1463830468746,"result":"Asia\/Calcutta","class":"android.os.SystemProperties","method":"get","type":"content","args":["persist.sys.timezone"]}
I/Xposed  (14588): Droidmon-apimonitor-com.tencent.mobileqq:{"timestamp":1463830468759,"class":"dalvik.system.DexFile","method":"dalvik.system.DexFile","type":"dex","args":["\/data\/data\/com.tencent.mobileqq\/files\/classes4.jar","\/data\/data\/com.tencent.mobileqq\/app_dex\/classes4.dex","0"]}
I/Xposed  (14588): Droidmon-apimonitor-com.tencent.mobileqq:{"timestamp":1463830468760,"result":{"mCookie":-1203848992,"mFileName":"\/data\/data\/com.tencent.mobileqq\/files\/classes4.jar","guard":{}},"class":"dalvik.system.DexFile","method":"loadDex","type":"dex","args":["\/data\/data\/com.tencent.mobileqq\/files\/classes4.jar","\/data\/data\/com.tencent.mobileqq\/app_dex\/classes4.dex","0"]}
I/Xposed  (14588): Droidmon-apimonitor-com.tencent.mobileqq:{"timestamp":1463830468761,"class":"dalvik.system.DexClassLoader","method":"dalvik.system.DexClassLoader","type":"dex","args":["\/data\/data\/com.tencent.mobileqq\/files\/classes4.jar","\/data\/data\/com.tencent.mobileqq\/app_dex","\/data\/data\/com.tencent.mobileqq\/files\/classes4.jar","dalvik.system.PathClassLoader[DexPathList[[zip file \"\/system\/framework\/com.google.android.media.effects.jar\", zip file \"\/data\/app\/com.tencent.mobileqq-1.apk\"],nativeLibraryDirectories=[\/data\/app-lib\/com.tencent.mobileqq-1, \/system\/lib]]]"]}
D/BaseApplicationImpl(14588): com.tencent.mobileqq, injectHackDex=Success, cost=3 ms.
D/BaseApplicationImpl(14588): injectPatchDex enable=false, isStartup=true
D/JustTrustMe(14588): Hooking com.squareup.okhttp.CertificatePinner.check(String,List) (2.5) for: com.tencent.mobileqq
D/JustTrustMe(14588): OKHTTP 2.5 not found in com.tencent.mobileqq-- not hooking
D/JustTrustMe(14588): Hooking okhttp3.CertificatePinner.check(String,List) (3.x) for: com.tencent.mobileqq
D/JustTrustMe(14588): OKHTTP 3.x not found in com.tencent.mobileqq -- not hooking
D/JustTrustMe(14588): OKHTTP 3.x not found in com.tencent.mobileqq -- not hooking OkHostnameVerifier.verify(String, SSLSession)
D/JustTrustMe(14588): OKHTTP 3.x not found in com.tencent.mobileqq -- not hooking OkHostnameVerifier.verify(String, X509)(
I/Xposed  (14588): Droidmon-apimonitor-com.tencent.mobileqq:{"timestamp":1463830468779,"result":{"descriptor":60},"class":"libcore.io.IoBridge","method":"open","type":"file","args":["\/data\/data\/com.tencent.mobileqq\/files\/classes2.dex.MD5","0"]}
I/Xposed  (14588): Droidmon-apimonitor-com.tencent.mobileqq:{"timestamp":1463830468780,"result":{"descriptor":60},"class":"libcore.io.IoBridge","method":"open","type":"file","args":["\/data\/data\/com.tencent.mobileqq\/app_dex\/classes2\/classes2.dat","0"]}
I/Xposed  (14588): Droidmon-apimonitor-com.tencent.mobileqq:{"timestamp":1463830468781,"result":"\n0x00000000 59 32 78 68 63 33 4E 6C 63 7A 49 75 5A 47 56 34 Y2xhc3NlczIuZGV4\n0x00000010 4F 54 6B 77 4F 44 45 77 4E 44 45 30 4E 6A 4D 34 OTkwODEwNDE0NjM4\n0x00000020 4D 6A 6B 30 4F 44 49 77 4D 44 41 3D 0A          Mjk0ODIwMDA=.","class":"android.util.Base64","method":"encode","type":"generic","args":["classes2.dex99081041463829482000","0","32","0"]}
I/Xposed  (14588): Droidmon-apimonitor-com.tencent.mobileqq:{"timestamp":1463830468781,"result":"\n0x00000000 59 32 78 68 63 33 4E 6C 63 7A 49 75 5A 47 56 34 Y2xhc3NlczIuZGV4\n0x00000010 4F 54 6B 77 4F 44 45 77 4E 44 45 30 4E 6A 4D 34 OTkwODEwNDE0NjM4\n0x00000020 4D 6A 6B 30 4F 44 49 77 4D 44 41 3D 0A          Mjk0ODIwMDA=.","class":"android.util.Base64","method":"encode","type":"generic","args":["classes2.dex99081041463829482000","0"]}
I/Xposed  (14588): Droidmon-apimonitor-com.tencent.mobileqq:{"timestamp":1463830468781,"result":"Y2xhc3NlczIuZGV4OTkwODEwNDE0NjM4Mjk0ODIwMDA=\n","class":"android.util.Base64","method":"encodeToString","type":"generic","args":["classes2.dex99081041463829482000","0"]}
I/Xposed  (14588): Droidmon-apimonitor-com.tencent.mobileqq:{"timestamp":1463830468785,"class":"dalvik.system.DexFile","method":"dalvik.system.DexFile","type":"dex","args":["\/data\/data\/com.tencent.mobileqq\/files\/classes2.jar","\/data\/data\/com.tencent.mobileqq\/app_dex\/classes2\/classes2.dex","0"]}
I/Xposed  (14588): Droidmon-apimonitor-com.tencent.mobileqq:{"timestamp":1463830468785,"result":{"mCookie":-1202577656,"mFileName":"\/data\/data\/com.tencent.mobileqq\/files\/classes2.jar","guard":{}},"class":"dalvik.system.DexFile","method":"loadDex","type":"dex","args":["\/data\/data\/com.tencent.mobileqq\/files\/classes2.jar","\/data\/data\/com.tencent.mobileqq\/app_dex\/classes2\/classes2.dex","0"]}
I/Xposed  (14588): Droidmon-apimonitor-com.tencent.mobileqq:{"timestamp":1463830468785,"class":"dalvik.system.DexClassLoader","method":"dalvik.system.DexClassLoader","type":"dex","args":["\/data\/data\/com.tencent.mobileqq\/files\/classes2.jar","\/data\/data\/com.tencent.mobileqq\/app_dex\/classes2","\/data\/data\/com.tencent.mobileqq\/files\/classes2.jar","dalvik.system.PathClassLoader[DexPathList[[zip file \"\/system\/framework\/com.google.android.media.effects.jar\", zip file \"\/data\/app\/com.tencent.mobileqq-1.apk\", zip file \"\/data\/data\/com.tencent.mobileqq\/files\/classes4.jar\"],nativeLibraryDirectories=[\/data\/app-lib\/com.tencent.mobileqq-1, \/system\/lib]]]"]}
I/Xposed  (14588): Droidmon-apimonitor-com.tencent.mobileqq:{"timestamp":1463830468793,"result":"\n0x00000000 59 32 78 68 63 33 4E 6C 63 7A 49 75 5A 47 56 34 Y2xhc3NlczIuZGV4\n0x00000010 4F 54 6B 77 4F 44 45 77 4E 44 45 30 4E 6A 4D 34 OTkwODEwNDE0NjM4\n0x00000020 4D 6A 6B 30 4F 44 49 77 4D 44 41 3D 0A          Mjk0ODIwMDA=.","class":"android.util.Base64","method":"encode","type":"generic","args":["classes2.dex99081041463829482000","0","32","0"]}
I/Xposed  (14588): Droidmon-apimonitor-com.tencent.mobileqq:{"timestamp":1463830468794,"result":"\n0x00000000 59 32 78 68 63 33 4E 6C 63 7A 49 75 5A 47 56 34 Y2xhc3NlczIuZGV4\n0x00000010 4F 54 6B 77 4F 44 45 77 4E 44 45 30 4E 6A 4D 34 OTkwODEwNDE0NjM4\n0x00000020 4D 6A 6B 30 4F 44 49 77 4D 44 41 3D 0A          Mjk0ODIwMDA=.","class":"android.util.Base64","method":"encode","type":"generic","args":["classes2.dex99081041463829482000","0"]}
I/Xposed  (14588): Droidmon-apimonitor-com.tencent.mobileqq:{"timestamp":1463830468794,"result":"Y2xhc3NlczIuZGV4OTkwODEwNDE0NjM4Mjk0ODIwMDA=\n","class":"android.util.Base64","method":"encodeToString","type":"generic","args":["classes2.dex99081041463829482000","0"]}
E/DexLoadOat(14588): Success
I/Xposed  (14588): Droidmon-apimonitor-com.tencent.mobileqq:{"timestamp":1463830468795,"result":{"descriptor":64},"class":"libcore.io.IoBridge","method":"open","type":"file","args":["\/data\/data\/com.tencent.mobileqq\/files\/classes3.dex.MD5","0"]}
I/Xposed  (14588): Droidmon-apimonitor-com.tencent.mobileqq:{"timestamp":1463830468795,"result":{"descriptor":64},"class":"libcore.io.IoBridge","method":"open","type":"file","args":["\/data\/data\/com.tencent.mobileqq\/app_dex\/classes3\/classes3.dat","0"]}
I/Xposed  (14588): Droidmon-apimonitor-com.tencent.mobileqq:{"timestamp":1463830468795,"result":"\n0x00000000 59 32 78 68 63 33 4E 6C 63 7A 4D 75 5A 47 56 34 Y2xhc3NlczMuZGV4\n0x00000010 4D 54 41 31 4D 44 41 78 4F 54 49 78 4E 44 59 7A MTA1MDAxOTIxNDYz\n0x00000020 4F 44 49 35 4E 44 67 7A 4D 44 41 77 0A          ODI5NDgzMDAw.","class":"android.util.Base64","method":"encode","type":"generic","args":["classes3.dex105001921463829483000","0","33","0"]}
I/Xposed  (14588): Droidmon-apimonitor-com.tencent.mobileqq:{"timestamp":1463830468796,"result":"\n0x00000000 59 32 78 68 63 33 4E 6C 63 7A 4D 75 5A 47 56 34 Y2xhc3NlczMuZGV4\n0x00000010 4D 54 41 31 4D 44 41 78 4F 54 49 78 4E 44 59 7A MTA1MDAxOTIxNDYz\n0x00000020 4F 44 49 35 4E 44 67 7A 4D 44 41 77 0A          ODI5NDgzMDAw.","class":"android.util.Base64","method":"encode","type":"generic","args":["classes3.dex105001921463829483000","0"]}
I/Xposed  (14588): Droidmon-apimonitor-com.tencent.mobileqq:{"timestamp":1463830468796,"result":"Y2xhc3NlczMuZGV4MTA1MDAxOTIxNDYzODI5NDgzMDAw\n","class":"android.util.Base64","method":"encodeToString","type":"generic","args":["classes3.dex105001921463829483000","0"]}
I/Xposed  (14588): Droidmon-apimonitor-com.tencent.mobileqq:{"timestamp":1463830468797,"class":"dalvik.system.DexFile","method":"dalvik.system.DexFile","type":"dex","args":["\/data\/data\/com.tencent.mobileqq\/files\/classes3.jar","\/data\/data\/com.tencent.mobileqq\/app_dex\/classes3\/classes3.dex","0"]}
I/Xposed  (14588): Droidmon-apimonitor-com.tencent.mobileqq:{"timestamp":1463830468797,"result":{"mCookie":-1202576584,"mFileName":"\/data\/data\/com.tencent.mobileqq\/files\/classes3.jar","guard":{}},"class":"dalvik.system.DexFile","method":"loadDex","type":"dex","args":["\/data\/data\/com.tencent.mobileqq\/files\/classes3.jar","\/data\/data\/com.tencent.mobileqq\/app_dex\/classes3\/classes3.dex","0"]}
I/Xposed  (14588): Droidmon-apimonitor-com.tencent.mobileqq:{"timestamp":1463830468797,"class":"dalvik.system.DexClassLoader","method":"dalvik.system.DexClassLoader","type":"dex","args":["\/data\/data\/com.tencent.mobileqq\/files\/classes3.jar","\/data\/data\/com.tencent.mobileqq\/app_dex\/classes3","\/data\/data\/com.tencent.mobileqq\/files\/classes3.jar","dalvik.system.PathClassLoader[DexPathList[[zip file \"\/system\/framework\/com.google.android.media.effects.jar\", zip file \"\/data\/app\/com.tencent.mobileqq-1.apk\", zip file \"\/data\/data\/com.tencent.mobileqq\/files\/classes4.jar\", zip file \"\/data\/data\/com.tencent.mobileqq\/files\/classes2.jar\"],nativeLibraryDirectories=[\/data\/app-lib\/com.tencent.mobileqq-1, \/system\/lib]]]"]}
I/Xposed  (14588): Droidmon-apimonitor-com.tencent.mobileqq:{"timestamp":1463830468798,"result":"\n0x00000000 59 32 78 68 63 33 4E 6C 63 7A 4D 75 5A 47 56 34 Y2xhc3NlczMuZGV4\n0x00000010 4D 54 41 31 4D 44 41 78 4F 54 49 78 4E 44 59 7A MTA1MDAxOTIxNDYz\n0x00000020 4F 44 49 35 4E 44 67 7A 4D 44 41 77 0A          ODI5NDgzMDAw.","class":"android.util.Base64","method":"encode","type":"generic","args":["classes3.dex105001921463829483000","0","33","0"]}
I/Xposed  (14588): Droidmon-apimonitor-com.tencent.mobileqq:{"timestamp":1463830468798,"result":"\n0x00000000 59 32 78 68 63 33 4E 6C 63 7A 4D 75 5A 47 56 34 Y2xhc3NlczMuZGV4\n0x00000010 4D 54 41 31 4D 44 41 78 4F 54 49 78 4E 44 59 7A MTA1MDAxOTIxNDYz\n0x00000020 4F 44 49 35 4E 44 67 7A 4D 44 41 77 0A          ODI5NDgzMDAw.","class":"android.util.Base64","method":"encode","type":"generic","args":["classes3.dex105001921463829483000","0"]}
I/Xposed  (14588): Droidmon-apimonitor-com.tencent.mobileqq:{"timestamp":1463830468799,"result":"Y2xhc3NlczMuZGV4MTA1MDAxOTIxNDYzODI5NDgzMDAw\n","class":"android.util.Base64","method":"encodeToString","type":"generic","args":["classes3.dex105001921463829483000","0"]}
E/DexLoadOat(14588): Success
I/Xposed  (14588): Droidmon-apimonitor-com.tencent.mobileqq:{"timestamp":1463830468799,"result":{"descriptor":65},"class":"libcore.io.IoBridge","method":"open","type":"file","args":["\/data\/data\/com.tencent.mobileqq\/files\/classes5.dex.MD5","0"]}
I/Xposed  (14588): Droidmon-apimonitor-com.tencent.mobileqq:{"timestamp":1463830468800,"result":{"descriptor":65},"class":"libcore.io.IoBridge","method":"open","type":"file","args":["\/data\/data\/com.tencent.mobileqq\/app_dex\/classes5\/classes5.dat","0"]}
I/Xposed  (14588): Droidmon-apimonitor-com.tencent.mobileqq:{"timestamp":1463830468801,"result":"\n0x00000000 59 32 78 68 63 33 4E 6C 63 7A 55 75 5A 47 56 34 Y2xhc3NlczUuZGV4\n0x00000010 4F 44 4D 79 4D 7A 67 32 4E 44 45 30 4E 6A 4D 34 ODMyMzg2NDE0NjM4\n0x00000020 4D 6A 6B 30 4F 44 51 77 4D 44 41 3D 0A          Mjk0ODQwMDA=.","class":"android.util.Base64","method":"encode","type":"generic","args":["classes5.dex83238641463829484000","0","32","0"]}
I/Xposed  (14588): Droidmon-apimonitor-com.tencent.mobileqq:{"timestamp":1463830468801,"result":"\n0x00000000 59 32 78 68 63 33 4E 6C 63 7A 55 75 5A 47 56 34 Y2xhc3NlczUuZGV4\n0x00000010 4F 44 4D 79 4D 7A 67 32 4E 44 45 30 4E 6A 4D 34 ODMyMzg2NDE0NjM4\n0x00000020 4D 6A 6B 30 4F 44 51 77 4D 44 41 3D 0A          Mjk0ODQwMDA=.","class":"android.util.Base64","method":"encode","type":"generic","args":["classes5.dex83238641463829484000","0"]}
I/Xposed  (14588): Droidmon-apimonitor-com.tencent.mobileqq:{"timestamp":1463830468818,"result":"Y2xhc3NlczUuZGV4ODMyMzg2NDE0NjM4Mjk0ODQwMDA=\n","class":"android.util.Base64","method":"encodeToString","type":"generic","args":["classes5.dex83238641463829484000","0"]}
I/Xposed  (14588): Droidmon-apimonitor-com.tencent.mobileqq:{"timestamp":1463830468819,"class":"dalvik.system.DexFile","method":"dalvik.system.DexFile","type":"dex","args":["\/data\/data\/com.tencent.mobileqq\/files\/classes5.jar","\/data\/data\/com.tencent.mobileqq\/app_dex\/classes5\/classes5.dex","0"]}
I/Xposed  (14588): Droidmon-apimonitor-com.tencent.mobileqq:{"timestamp":1463830468819,"result":{"mCookie":-1203732600,"mFileName":"\/data\/data\/com.tencent.mobileqq\/files\/classes5.jar","guard":{}},"class":"dalvik.system.DexFile","method":"loadDex","type":"dex","args":["\/data\/data\/com.tencent.mobileqq\/files\/classes5.jar","\/data\/data\/com.tencent.mobileqq\/app_dex\/classes5\/classes5.dex","0"]}
I/Xposed  (14588): Droidmon-apimonitor-com.tencent.mobileqq:{"timestamp":1463830468819,"class":"dalvik.system.DexClassLoader","method":"dalvik.system.DexClassLoader","type":"dex","args":["\/data\/data\/com.tencent.mobileqq\/files\/classes5.jar","\/data\/data\/com.tencent.mobileqq\/app_dex\/classes5","\/data\/data\/com.tencent.mobileqq\/files\/classes5.jar","dalvik.system.PathClassLoader[DexPathList[[zip file \"\/system\/framework\/com.google.android.media.effects.jar\", zip file \"\/data\/app\/com.tencent.mobileqq-1.apk\", zip file \"\/data\/data\/com.tencent.mobileqq\/files\/classes4.jar\", zip file \"\/data\/data\/com.tencent.mobileqq\/files\/classes2.jar\", zip file \"\/data\/data\/com.tencent.mobileqq\/files\/classes3.jar\"],nativeLibraryDirectories=[\/data\/app-lib\/com.tencent.mobileqq-1, \/system\/lib]]]"]}
I/Xposed  (14588): Droidmon-apimonitor-com.tencent.mobileqq:{"timestamp":1463830468820,"result":"\n0x00000000 59 32 78 68 63 33 4E 6C 63 7A 55 75 5A 47 56 34 Y2xhc3NlczUuZGV4\n0x00000010 4F 44 4D 79 4D 7A 67 32 4E 44 45 30 4E 6A 4D 34 ODMyMzg2NDE0NjM4\n0x00000020 4D 6A 6B 30 4F 44 51 77 4D 44 41 3D 0A          Mjk0ODQwMDA=.","class":"android.util.Base64","method":"encode","type":"generic","args":["classes5.dex83238641463829484000","0","32","0"]}
I/Xposed  (14588): Droidmon-apimonitor-com.tencent.mobileqq:{"timestamp":1463830468821,"result":"\n0x00000000 59 32 78 68 63 33 4E 6C 63 7A 55 75 5A 47 56 34 Y2xhc3NlczUuZGV4\n0x00000010 4F 44 4D 79 4D 7A 67 32 4E 44 45 30 4E 6A 4D 34 ODMyMzg2NDE0NjM4\n0x00000020 4D 6A 6B 30 4F 44 51 77 4D 44 41 3D 0A          Mjk0ODQwMDA=.","class":"android.util.Base64","method":"encode","type":"generic","args":["classes5.dex83238641463829484000","0"]}
I/Xposed  (14588): Droidmon-apimonitor-com.tencent.mobileqq:{"timestamp":1463830468821,"result":"Y2xhc3NlczUuZGV4ODMyMzg2NDE0NjM4Mjk0ODQwMDA=\n","class":"android.util.Base64","method":"encodeToString","type":"generic","args":["classes5.dex83238641463829484000","0"]}
E/DexLoadOat(14588): Success
I/Xposed  (14588): Droidmon-apimonitor-com.tencent.mobileqq:{"timestamp":1463830468840,"class":"android.app.ContextImpl","method":"registerReceiver","type":"binder","args":[{"mDebugUnregister":false},{"mPriority":0,"mActions":["android.intent.action.SCREEN_ON","android.intent.action.SCREEN_OFF"],"mHasPartialTypes":false}]}
W/GDataClient( 1272): Unable to execute HTTP request.java.net.SocketTimeoutException
I/Xposed  (14588): Droidmon-apimonitor-com.tencent.mobileqq:{"timestamp":1463830468843,"class":"android.app.ContextImpl","method":"registerReceiver","type":"binder","args":[{"mDebugUnregister":false},{"mPriority":0,"mActions":["android.intent.action.SCREEN_ON","android.intent.action.SCREEN_OFF"],"mHasPartialTypes":false}]}
D/MSF.D.MonitorSocket(14588): monitor_config not found, disable monitor socket
I/Xposed  (14588): Droidmon-apimonitor-com.tencent.mobileqq:{"timestamp":1463830468858,"result":{"descriptor":72},"class":"libcore.io.IoBridge","method":"open","type":"file","args":["\/proc\/meminfo","0"]}
I/Xposed  (14588): Droidmon-apimonitor-com.tencent.mobileqq:{"timestamp":1463830468868,"result":"","class":"android.os.SystemProperties","method":"get","type":"content","args":["dalvik.vm.heapgrowthlimit",""]}
I/Xposed  (14588): Droidmon-apimonitor-com.tencent.mobileqq:{"timestamp":1463830468868,"result":"256m","class":"android.os.SystemProperties","method":"get","type":"content","args":["dalvik.vm.heapsize","16m"]}
D/SyncManager(  686): failed sync operation yodleebanglore@gmail.com u0 (com.google), subscribedfeeds, PERIODIC, latestRunTime 765650, reason: Periodic, SyncResult: stats [ numIoExceptions: 1]
I/Xposed  (14588): Droidmon-apimonitor-com.tencent.mobileqq:{"timestamp":1463830468894,"result":"","class":"android.os.SystemProperties","method":"get","type":"content","args":["debug.second-display.pkg"]}
I/AutoMonitor(14588): onActivityCreatecom.tencent.mobileqq.activity.TroopPrivilegeActivity@5285e688
I/Xposed  (14588): Droidmon-apimonitor-com.tencent.mobileqq:{"timestamp":1463830468911,"result":"android.app.SharedPreferencesImpl@5285b3f8","hooked_method":"getSystemSharedPreferences","hooked_class":"com.tencent.common.app.BaseApplicationImpl","args":["com.tencent.mobileqq_preferences","0"],"class":"java.lang.reflect.Method","method":"invoke","type":"reflection"}
I/Xposed  (14588): Droidmon-apimonitor-com.tencent.mobileqq:{"timestamp":1463830468912,"result":{"descriptor":72},"class":"libcore.io.IoBridge","method":"open","type":"file","args":["\/data\/data\/com.tencent.mobileqq\/shared_prefs\/com.tencent.mobileqq_preferences.xml","0"]}
I/dalvikvm-heap(14588): Grow heap (frag case) to 6.982MB for 3686412-byte allocation
D/gralloc_vbox86(14588): Emulator without GPU emulation detected.
I/ActivityManager(  686): Displayed com.tencent.mobileqq/.activity.TroopPrivilegeActivity: +801ms
W/linker  (14613): libdvm.so has text relocations. This is wasting memory and is a security risk. Please fix.
W/linker  (14613): app_process has text relocations. This is wasting memory and is a security risk. Please fix.
D/AndroidRuntime(14613): 
D/AndroidRuntime(14613): >>>>>> AndroidRuntime START com.android.internal.os.RuntimeInit <<<<<<
D/AndroidRuntime(14613): CheckJNI is OFF
W/GDataClient( 1093): Unable to execute HTTP request.java.net.SocketTimeoutException
D/ContactsSyncAdapter( 1093): IO error, ignoring rest of feed
D/ContactsSyncAdapter( 1093): java.net.SocketTimeoutException
D/ContactsSyncAdapter( 1093): 	at java.net.PlainSocketImpl.read(PlainSocketImpl.java:491)
D/ContactsSyncAdapter( 1093): 	at java.net.PlainSocketImpl.access$000(PlainSocketImpl.java:46)
D/ContactsSyncAdapter( 1093): 	at java.net.PlainSocketImpl$PlainSocketInputStream.read(PlainSocketImpl.java:240)
D/ContactsSyncAdapter( 1093): 	at org.apache.http.impl.io.AbstractSessionInputBuffer.fillBuffer(AbstractSessionInputBuffer.java:103)
D/ContactsSyncAdapter( 1093): 	at org.apache.http.impl.io.AbstractSessionInputBuffer.readLine(AbstractSessionInputBuffer.java:191)
D/ContactsSyncAdapter( 1093): 	at org.apache.http.impl.conn.DefaultResponseParser.parseHead(DefaultResponseParser.java:82)
D/ContactsSyncAdapter( 1093): 	at org.apache.http.impl.io.AbstractMessageParser.parse(AbstractMessageParser.java:174)
D/ContactsSyncAdapter( 1093): 	at org.apache.http.impl.AbstractHttpClientConnection.receiveResponseHeader(AbstractHttpClientConnection.java:180)
D/ContactsSyncAdapter( 1093): 	at org.apache.http.impl.conn.DefaultClientConnection.receiveResponseHeader(DefaultClientConnection.java:235)
D/ContactsSyncAdapter( 1093): 	at org.apache.http.impl.conn.AbstractClientConnAdapter.receiveResponseHeader(AbstractClientConnAdapter.java:259)
D/ContactsSyncAdapter( 1093): 	at org.apache.http.protocol.HttpRequestExecutor.doReceiveResponse(HttpRequestExecutor.java:279)
D/ContactsSyncAdapter( 1093): 	at org.apache.http.protocol.HttpRequestExecutor.execute(HttpRequestExecutor.java:121)
D/ContactsSyncAdapter( 1093): 	at org.apache.http.impl.client.DefaultRequestDirector.createTunnelToTarget(DefaultRequestDirector.java:736)
D/ContactsSyncAdapter( 1093): 	at org.apache.http.impl.client.DefaultRequestDirector.establishRoute(DefaultRequestDirector.java:635)
D/ContactsSyncAdapter( 1093): 	at org.apache.http.impl.client.DefaultRequestDirector.execute(DefaultRequestDirector.java:370)
D/ContactsSyncAdapter( 1093): 	at org.apache.http.impl.client.AbstractHttpClient.execute(AbstractHttpClient.java:555)
D/ContactsSyncAdapter( 1093): 	at org.apache.http.impl.client.AbstractHttpClient.execute(AbstractHttpClient.java:487)
D/ContactsSyncAdapter( 1093): 	at android.net.http.AndroidHttpClient.execute(AndroidHttpClient.java:257)
D/ContactsSyncAdapter( 1093): 	at com.google.android.common.http.GoogleHttpClient.executeWithoutRewriting(GoogleHttpClient.java:200)
D/ContactsSyncAdapter( 1093): 	at com.google.android.common.http.GoogleHttpClient.execute(GoogleHttpClient.java:257)
D/ContactsSyncAdapter( 1093): 	at com.google.android.common.http.GoogleHttpClient.execute(GoogleHttpClient.java:310)
D/ContactsSyncAdapter( 1093): 	at com.google.android.common.gdata2.AndroidGDataClient.createAndExecuteMethod(AndroidGDataClient.java:281)
D/ContactsSyncAdapter( 1093): 	at com.google.android.syncadapters.HttpsOnlyAndroidGDataClient.createAndExecuteMethod(HttpsOnlyAndroidGDataClient.java:32)
D/ContactsSyncAdapter( 1093): 	at com.google.android.common.gdata2.AndroidGDataClient.getFeedAsStream(AndroidGDataClient.java:415)
D/ContactsSyncAdapter( 1093): 	at com.google.wireless.gdata2.client.GDataServiceClient.getParserForFeed(GDataServiceClient.java:108)
D/ContactsSyncAdapter( 1093): 	at com.google.android.syncadapters.contacts.GDataFeedFetcher.fetchFeed(GDataFeedFetcher.java:185)
D/ContactsSyncAdapter( 1093): 	at com.google.android.syncadapters.contacts.GDataFeedFetcher.run(GDataFeedFetcher.java:100)
D/ContactsSyncAdapter( 1093): 	at com.google.android.syncadapters.contacts.ContactsSyncAdapter$ContactsGDataFeedFetcher.run(ContactsSyncAdapter.java:1413)
D/ContactsSyncAdapter( 1093): 	at java.lang.Thread.run(Thread.java:841)
D/ContactsSyncAdapter( 1093): getServerDiffs failed due to an IOException
D/ContactsSyncAdapter( 1093): FAILURE: processed 0 records in 60036 ms from feed https://www.google.com/m8/feeds/groups/yodleebanglore@gmail.com/base2_property-android, updated time is 2014-11-24T10:32:24.504Z
D/ContactsSyncAdapter( 1093): getServerDiffs failed - no connection
D/SyncManager(  686): failed sync operation yodleebanglore@gmail.com u0 (com.google), com.android.contacts, SERVER, latestRunTime 1019539, reason: ServiceChanged, SyncResult: stats [ numIoExceptions: 2]
D/mqq     (14588): doInit begin withcom.tencent.mobileqq
W/System.err(14588): java.io.FileNotFoundException: /data/data/com.tencent.mobileqq/files/Properties: open failed: ENOENT (No such file or directory)
W/System.err(14588): 	at libcore.io.IoBridge.open(IoBridge.java:409)
W/System.err(14588): 	at de.robv.android.xposed.XposedBridge.invokeOriginalMethodNative(Native Method)
W/System.err(14588): 	at de.robv.android.xposed.XposedBridge.handleHookedMethod(XposedBridge.java:631)
W/System.err(14588): 	at libcore.io.IoBridge.open(Native Method)
W/System.err(14588): 	at java.io.FileInputStream.<init>(FileInputStream.java:78)
W/System.err(14588): 	at android.app.ContextImpl.openFileInput(ContextImpl.java:788)
W/System.err(14588): 	at android.content.ContextWrapper.openFileInput(ContextWrapper.java:179)
W/System.err(14588): 	at mqq.app.MobileQQ.loadProperites(MobileQQ.java:213)
W/System.err(14588): 	at mqq.app.MobileQQ.doInit(MobileQQ.java:154)
W/System.err(14588): 	at com.tencent.mobileqq.startup.step.NewRuntime.a(ProGuard:14)
W/System.err(14588): 	at com.tencent.mobileqq.startup.step.Step.c(ProGuard:100)
W/System.err(14588): 	at com.tencent.mobileqq.startup.step.Step.a(ProGuard:132)
W/System.err(14588): 	at com.tencent.mobileqq.startup.step.Step.c(ProGuard:100)
W/System.err(14588): 	at com.tencent.mobileqq.startup.director.StartupDirector.a(ProGuard:629)
W/System.err(14588): 	at com.tencent.mobileqq.startup.director.StartupDirector.handleMessage(ProGuard:649)
W/System.err(14588): 	at android.os.Handler.dispatchMessage(Handler.java:98)
W/System.err(14588): 	at android.os.Looper.loop(Looper.java:136)
W/System.err(14588): 	at android.os.HandlerThread.run(HandlerThread.java:61)
W/System.err(14588): Caused by: libcore.io.ErrnoException: open failed: ENOENT (No such file or directory)
W/System.err(14588): 	at libcore.io.Posix.open(Native Method)
W/System.err(14588): 	at libcore.io.BlockGuardOs.open(BlockGuardOs.java:110)
W/System.err(14588): 	at libcore.io.IoBridge.open(IoBridge.java:393)
W/System.err(14588): 	... 17 more
I/Xposed  (14588): Droidmon-apimonitor-com.tencent.mobileqq:{"timestamp":1463830469964,"result":"","class":"android.os.SystemProperties","method":"get","type":"content","args":["ro.lewa.version"]}
I/Xposed  (14588): Droidmon-apimonitor-com.tencent.mobileqq:{"timestamp":1463830469978,"result":"","hooked_method":"get","hooked_class":"java.lang.Class","args":["ro.lewa.version"],"class":"java.lang.reflect.Method","method":"invoke","type":"reflection"}
I/ActivityManager(  686): Start proc com.tencent.mobileqq:MSF for service com.tencent.mobileqq/.msf.service.MsfService: pid=14620 uid=10019 gids={50019, 3003, 3002, 3001, 1028, 1015}
I/Xposed  (14588): Droidmon-apimonitor-com.tencent.mobileqq:{"timestamp":1463830469999,"class":"android.app.ContextImpl","method":"registerReceiver","type":"binder","args":["com.tencent.theme.SkinEngine$1@52805f48",{"mPriority":0,"mActions":["com.tencent.qplus.THEME_UPDATE"],"mHasPartialTypes":false},"com.tencent.msg.permission.pushnotify"]}
D/MSF.D.Proxy(14588): start service finish
D/MSF.D.Proxy(14588): threadID:1142, threadName: QQ_SUB bind com.tencent.mobileqq.msf.service.MsfService service finished true
D/mqq     (14588): doinit last == null goto to sharedPreferences....
I/Xposed  (14588): Droidmon-apimonitor-com.tencent.mobileqq:{"timestamp":1463830470078,"result":"android.app.SharedPreferencesImpl@52a58820","hooked_method":"getSystemSharedPreferences","hooked_class":"com.tencent.common.app.BaseApplicationImpl","args":["share","0"],"class":"java.lang.reflect.Method","method":"invoke","type":"reflection"}
D/MobileQQ(14588): createNewRuntimetruefalse5null
E/memtrack(14613): Couldn't load memtrack module (No such file or directory)
E/android.os.Debug(14613): failed to load memtrack module: -2
W/ResourceType(14588): getEntry failing because entryIndex 5524 is beyond type entryCount 5524
W/ResourceType(14588): Failure getting entry for 0x7f021594 (t=1 e=5524) in package 0 (error -2147483647)
D/JustTrustMe(14620): Hooking DefaultHTTPClient for: com.tencent.mobileqq
D/JustTrustMe(14620): Hooking DefaultHTTPClient(HttpParams) for: com.tencent.mobileqq
D/JustTrustMe(14620): Hooking DefaultHTTPClient(ClientConnectionManager, HttpParams) for: com.tencent.mobileqq
D/JustTrustMe(14620): Hooking SSLSocketFactory(String, KeyStore, String, KeyStore) for: com.tencent.mobileqq
D/JustTrustMe(14620): Hooking static SSLSocketFactory(String, KeyStore, String, KeyStore) for: com.tencent.mobileqq
D/JustTrustMe(14620): Hooking SSLSocketFactory(Socket) for: com.tencent.mobileqq
D/JustTrustMe(14620): Hooking TrustManagerFactory.getTrustManagers() for: com.tencent.mobileqq
D/JustTrustMe(14620): Hooking HttpsURLConnection.setDefaultHostnameVerifier for: com.tencent.mobileqq
D/JustTrustMe(14620): Hooking HttpsURLConnection.setSSLSocketFactory for: com.tencent.mobileqq
D/JustTrustMe(14620): Hooking HttpsURLConnection.setHostnameVerifier for: com.tencent.mobileqq
D/JustTrustMe(14620): Hooking WebViewClient.onReceivedSslError(WebView, SslErrorHandler, SslError) for: com.tencent.mobileqq
D/JustTrustMe(14620): Hooking WebViewClient.onReceivedSslError(WebView, int, string, string) for: com.tencent.mobileqq
D/JustTrustMe(14620): Hooking com.android.org.conscrypt.TrustManagerImpl.checkServerTrusted(X509Certificate[]) for: com.tencent.mobileqq
D/AndroidRuntime(14613): Calling main entry com.android.commands.am.Am
D/MSF.D.Proxy(14588): start service finish
D/MSF.D.Proxy(14588): threadID:1142, threadName: QQ_SUB bind com.tencent.mobileqq.msf.service.MsfService service finished true
D/MobileQQ(14588): CNR account == null
I/ActivityManager(  686): Force stopping com.tencent.mobileqq appid=10019 user=0: from pid 14613
I/ActivityManager(  686): Killing 14588:com.tencent.mobileqq/u0a19 (adj 0): stop com.tencent.mobileqq
W/ActivityManager(  686): Force removing ActivityRecord{52c2f124 u0 com.tencent.mobileqq/.activity.TroopPrivilegeActivity t154}: app died, no saved state
I/ActivityManager(  686): Killing 14620:com.tencent.mobileqq:MSF/u0a19 (adj 0): stop com.tencent.mobileqq
I/ActivityManager(  686):   Force stopping service ServiceRecord{52dda5f8 u0 com.tencent.mobileqq/.msf.service.MsfService}
D/AndroidRuntime(14613): Shutting down VM
E/cutils-trace(14613): Error opening trace file: No such file or directory (2)
I/AndroidRuntime(14613): NOTE: attach of thread 'Binder_1' failed
W/InputDispatcher(  686): channel '52a68714 com.tencent.mobileqq/com.tencent.mobileqq.activity.TroopPrivilegeActivity (server)' ~ Consumer closed input channel or an error occurred.  events=0x9
E/InputDispatcher(  686): channel '52a68714 com.tencent.mobileqq/com.tencent.mobileqq.activity.TroopPrivilegeActivity (server)' ~ Channel is unrecoverably broken and will be disposed!
W/InputDispatcher(  686): Attempted to unregister already unregistered input channel '52a68714 com.tencent.mobileqq/com.tencent.mobileqq.activity.TroopPrivilegeActivity (server)'
I/WindowState(  686): WIN DEATH: Window{52a68714 u0 com.tencent.mobileqq/com.tencent.mobileqq.activity.TroopPrivilegeActivity}
W/linker  (14639): libdvm.so has text relocations. This is wasting memory and is a security risk. Please fix.
W/linker  (14639): app_process has text relocations. This is wasting memory and is a security risk. Please fix.
D/AndroidRuntime(14639): 
D/AndroidRuntime(14639): >>>>>> AndroidRuntime START com.android.internal.os.RuntimeInit <<<<<<
D/AndroidRuntime(14639): CheckJNI is OFF
E/cutils-trace(14639): Error opening trace file: No such file or directory (2)
E/memtrack(14639): Couldn't load memtrack module (No such file or directory)
E/android.os.Debug(14639): failed to load memtrack module: -2
D/AndroidRuntime(14639): Calling main entry com.android.commands.am.Am
D/gralloc (  294): Registering a buffer in the process that created it. This may cause memory ordering problems.
E/libEGL  (  294): called unimplemented OpenGL ES API
E/libEGL  (  294): called unimplemented OpenGL ES API
E/libEGL  (  294): called unimplemented OpenGL ES API
E/libEGL  (  294): called unimplemented OpenGL ES API
E/libEGL  (  294): called unimplemented OpenGL ES API
E/libEGL  (  294): called unimplemented OpenGL ES API
E/libEGL  (  294): called unimplemented OpenGL ES API
E/SurfaceFlinger(  294): glCheckFramebufferStatusOES error -847558455
E/SurfaceFlinger(  294): got GL_FRAMEBUFFER_COMPLETE_OES error while taking screenshot
E/libEGL  (  294): called unimplemented OpenGL ES API
E/libEGL  (  294): called unimplemented OpenGL ES API
E/libEGL  (  294): called unimplemented OpenGL ES API
D/AndroidRuntime(14639): Shutting down VM
I/ActivityManager(  686): START u0 {flg=0x10000000 cmp=com.tencent.mobileqq/.activity.selectmember.SelectMemberActivity} from pid 14639
W/WindowManager(  686): Screenshot failure taking screenshot for (328x524) to layer 21005
I/AndroidRuntime(14639): NOTE: attach of thread 'Binder_2' failed
I/ActivityManager(  686): Start proc com.tencent.mobileqq for activity com.tencent.mobileqq/.activity.selectmember.SelectMemberActivity: pid=14650 uid=10019 gids={50019, 3003, 3002, 3001, 1028, 1015}
D/JustTrustMe(14650): Hooking DefaultHTTPClient for: com.tencent.mobileqq
D/JustTrustMe(14650): Hooking DefaultHTTPClient(HttpParams) for: com.tencent.mobileqq
D/JustTrustMe(14650): Hooking DefaultHTTPClient(ClientConnectionManager, HttpParams) for: com.tencent.mobileqq
D/JustTrustMe(14650): Hooking SSLSocketFactory(String, KeyStore, String, KeyStore) for: com.tencent.mobileqq
D/JustTrustMe(14650): Hooking static SSLSocketFactory(String, KeyStore, String, KeyStore) for: com.tencent.mobileqq
D/JustTrustMe(14650): Hooking SSLSocketFactory(Socket) for: com.tencent.mobileqq
D/JustTrustMe(14650): Hooking TrustManagerFactory.getTrustManagers() for: com.tencent.mobileqq
D/JustTrustMe(14650): Hooking HttpsURLConnection.setDefaultHostnameVerifier for: com.tencent.mobileqq
D/JustTrustMe(14650): Hooking HttpsURLConnection.setSSLSocketFactory for: com.tencent.mobileqq
D/JustTrustMe(14650): Hooking HttpsURLConnection.setHostnameVerifier for: com.tencent.mobileqq
D/JustTrustMe(14650): Hooking WebViewClient.onReceivedSslError(WebView, SslErrorHandler, SslError) for: com.tencent.mobileqq
D/JustTrustMe(14650): Hooking WebViewClient.onReceivedSslError(WebView, int, string, string) for: com.tencent.mobileqq
D/JustTrustMe(14650): Hooking com.android.org.conscrypt.TrustManagerImpl.checkServerTrusted(X509Certificate[]) for: com.tencent.mobileqq
I/Xposed  (14650): Droidmon-apimonitor-com.tencent.mobileqq:{"timestamp":1463830471020,"result":"Asia\/Calcutta","class":"android.os.SystemProperties","method":"get","type":"content","args":["persist.sys.timezone"]}
I/Xposed  (14650): Droidmon-apimonitor-com.tencent.mobileqq:{"timestamp":1463830471059,"class":"dalvik.system.DexFile","method":"dalvik.system.DexFile","type":"dex","args":["\/data\/data\/com.tencent.mobileqq\/files\/classes4.jar","\/data\/data\/com.tencent.mobileqq\/app_dex\/classes4.dex","0"]}
I/Xposed  (14650): Droidmon-apimonitor-com.tencent.mobileqq:{"timestamp":1463830471060,"result":{"mCookie":-1202593872,"mFileName":"\/data\/data\/com.tencent.mobileqq\/files\/classes4.jar","guard":{}},"class":"dalvik.system.DexFile","method":"loadDex","type":"dex","args":["\/data\/data\/com.tencent.mobileqq\/files\/classes4.jar","\/data\/data\/com.tencent.mobileqq\/app_dex\/classes4.dex","0"]}
I/Xposed  (14650): Droidmon-apimonitor-com.tencent.mobileqq:{"timestamp":1463830471061,"class":"dalvik.system.DexClassLoader","method":"dalvik.system.DexClassLoader","type":"dex","args":["\/data\/data\/com.tencent.mobileqq\/files\/classes4.jar","\/data\/data\/com.tencent.mobileqq\/app_dex","\/data\/data\/com.tencent.mobileqq\/files\/classes4.jar","dalvik.system.PathClassLoader[DexPathList[[zip file \"\/system\/framework\/com.google.android.media.effects.jar\", zip file \"\/data\/app\/com.tencent.mobileqq-1.apk\"],nativeLibraryDirectories=[\/data\/app-lib\/com.tencent.mobileqq-1, \/system\/lib]]]"]}
D/BaseApplicationImpl(14650): com.tencent.mobileqq, injectHackDex=Success, cost=2 ms.
D/BaseApplicationImpl(14650): injectPatchDex enable=false, isStartup=true
D/JustTrustMe(14650): Hooking com.squareup.okhttp.CertificatePinner.check(String,List) (2.5) for: com.tencent.mobileqq
D/JustTrustMe(14650): OKHTTP 2.5 not found in com.tencent.mobileqq-- not hooking
D/JustTrustMe(14650): Hooking okhttp3.CertificatePinner.check(String,List) (3.x) for: com.tencent.mobileqq
D/JustTrustMe(14650): OKHTTP 3.x not found in com.tencent.mobileqq -- not hooking
D/JustTrustMe(14650): OKHTTP 3.x not found in com.tencent.mobileqq -- not hooking OkHostnameVerifier.verify(String, SSLSession)
D/JustTrustMe(14650): OKHTTP 3.x not found in com.tencent.mobileqq -- not hooking OkHostnameVerifier.verify(String, X509)(
I/Xposed  (14650): Droidmon-apimonitor-com.tencent.mobileqq:{"timestamp":1463830471101,"result":{"descriptor":60},"class":"libcore.io.IoBridge","method":"open","type":"file","args":["\/data\/data\/com.tencent.mobileqq\/files\/classes2.dex.MD5","0"]}
I/Xposed  (14650): Droidmon-apimonitor-com.tencent.mobileqq:{"timestamp":1463830471101,"result":{"descriptor":60},"class":"libcore.io.IoBridge","method":"open","type":"file","args":["\/data\/data\/com.tencent.mobileqq\/app_dex\/classes2\/classes2.dat","0"]}
I/Xposed  (14650): Droidmon-apimonitor-com.tencent.mobileqq:{"timestamp":1463830471102,"result":"\n0x00000000 59 32 78 68 63 33 4E 6C 63 7A 49 75 5A 47 56 34 Y2xhc3NlczIuZGV4\n0x00000010 4F 54 6B 77 4F 44 45 77 4E 44 45 30 4E 6A 4D 34 OTkwODEwNDE0NjM4\n0x00000020 4D 6A 6B 30 4F 44 49 77 4D 44 41 3D 0A          Mjk0ODIwMDA=.","class":"android.util.Base64","method":"encode","type":"generic","args":["classes2.dex99081041463829482000","0","32","0"]}
I/Xposed  (14650): Droidmon-apimonitor-com.tencent.mobileqq:{"timestamp":1463830471104,"result":"\n0x00000000 59 32 78 68 63 33 4E 6C 63 7A 49 75 5A 47 56 34 Y2xhc3NlczIuZGV4\n0x00000010 4F 54 6B 77 4F 44 45 77 4E 44 45 30 4E 6A 4D 34 OTkwODEwNDE0NjM4\n0x00000020 4D 6A 6B 30 4F 44 49 77 4D 44 41 3D 0A          Mjk0ODIwMDA=.","class":"android.util.Base64","method":"encode","type":"generic","args":["classes2.dex99081041463829482000","0"]}
I/Xposed  (14650): Droidmon-apimonitor-com.tencent.mobileqq:{"timestamp":1463830471105,"result":"Y2xhc3NlczIuZGV4OTkwODEwNDE0NjM4Mjk0ODIwMDA=\n","class":"android.util.Base64","method":"encodeToString","type":"generic","args":["classes2.dex99081041463829482000","0"]}
I/Xposed  (14650): Droidmon-apimonitor-com.tencent.mobileqq:{"timestamp":1463830471109,"class":"dalvik.system.DexFile","method":"dalvik.system.DexFile","type":"dex","args":["\/data\/data\/com.tencent.mobileqq\/files\/classes2.jar","\/data\/data\/com.tencent.mobileqq\/app_dex\/classes2\/classes2.dex","0"]}
I/Xposed  (14650): Droidmon-apimonitor-com.tencent.mobileqq:{"timestamp":1463830471110,"result":{"mCookie":-1202569264,"mFileName":"\/data\/data\/com.tencent.mobileqq\/files\/classes2.jar","guard":{}},"class":"dalvik.system.DexFile","method":"loadDex","type":"dex","args":["\/data\/data\/com.tencent.mobileqq\/files\/classes2.jar","\/data\/data\/com.tencent.mobileqq\/app_dex\/classes2\/classes2.dex","0"]}
I/Xposed  (14650): Droidmon-apimonitor-com.tencent.mobileqq:{"timestamp":1463830471110,"class":"dalvik.system.DexClassLoader","method":"dalvik.system.DexClassLoader","type":"dex","args":["\/data\/data\/com.tencent.mobileqq\/files\/classes2.jar","\/data\/data\/com.tencent.mobileqq\/app_dex\/classes2","\/data\/data\/com.tencent.mobileqq\/files\/classes2.jar","dalvik.system.PathClassLoader[DexPathList[[zip file \"\/system\/framework\/com.google.android.media.effects.jar\", zip file \"\/data\/app\/com.tencent.mobileqq-1.apk\", zip file \"\/data\/data\/com.tencent.mobileqq\/files\/classes4.jar\"],nativeLibraryDirectories=[\/data\/app-lib\/com.tencent.mobileqq-1, \/system\/lib]]]"]}
I/Xposed  (14650): Droidmon-apimonitor-com.tencent.mobileqq:{"timestamp":1463830471116,"result":"\n0x00000000 59 32 78 68 63 33 4E 6C 63 7A 49 75 5A 47 56 34 Y2xhc3NlczIuZGV4\n0x00000010 4F 54 6B 77 4F 44 45 77 4E 44 45 30 4E 6A 4D 34 OTkwODEwNDE0NjM4\n0x00000020 4D 6A 6B 30 4F 44 49 77 4D 44 41 3D 0A          Mjk0ODIwMDA=.","class":"android.util.Base64","method":"encode","type":"generic","args":["classes2.dex99081041463829482000","0","32","0"]}
I/Xposed  (14650): Droidmon-apimonitor-com.tencent.mobileqq:{"timestamp":1463830471116,"result":"\n0x00000000 59 32 78 68 63 33 4E 6C 63 7A 49 75 5A 47 56 34 Y2xhc3NlczIuZGV4\n0x00000010 4F 54 6B 77 4F 44 45 77 4E 44 45 30 4E 6A 4D 34 OTkwODEwNDE0NjM4\n0x00000020 4D 6A 6B 30 4F 44 49 77 4D 44 41 3D 0A          Mjk0ODIwMDA=.","class":"android.util.Base64","method":"encode","type":"generic","args":["classes2.dex99081041463829482000","0"]}
I/Xposed  (14650): Droidmon-apimonitor-com.tencent.mobileqq:{"timestamp":1463830471116,"result":"Y2xhc3NlczIuZGV4OTkwODEwNDE0NjM4Mjk0ODIwMDA=\n","class":"android.util.Base64","method":"encodeToString","type":"generic","args":["classes2.dex99081041463829482000","0"]}
E/DexLoadOat(14650): Success
I/Xposed  (14650): Droidmon-apimonitor-com.tencent.mobileqq:{"timestamp":1463830471118,"result":{"descriptor":64},"class":"libcore.io.IoBridge","method":"open","type":"file","args":["\/data\/data\/com.tencent.mobileqq\/files\/classes3.dex.MD5","0"]}
I/Xposed  (14650): Droidmon-apimonitor-com.tencent.mobileqq:{"timestamp":1463830471118,"result":{"descriptor":64},"class":"libcore.io.IoBridge","method":"open","type":"file","args":["\/data\/data\/com.tencent.mobileqq\/app_dex\/classes3\/classes3.dat","0"]}
I/Xposed  (14650): Droidmon-apimonitor-com.tencent.mobileqq:{"timestamp":1463830471118,"result":"\n0x00000000 59 32 78 68 63 33 4E 6C 63 7A 4D 75 5A 47 56 34 Y2xhc3NlczMuZGV4\n0x00000010 4D 54 41 31 4D 44 41 78 4F 54 49 78 4E 44 59 7A MTA1MDAxOTIxNDYz\n0x00000020 4F 44 49 35 4E 44 67 7A 4D 44 41 77 0A          ODI5NDgzMDAw.","class":"android.util.Base64","method":"encode","type":"generic","args":["classes3.dex105001921463829483000","0","33","0"]}
I/Xposed  (14650): Droidmon-apimonitor-com.tencent.mobileqq:{"timestamp":1463830471119,"result":"\n0x00000000 59 32 78 68 63 33 4E 6C 63 7A 4D 75 5A 47 56 34 Y2xhc3NlczMuZGV4\n0x00000010 4D 54 41 31 4D 44 41 78 4F 54 49 78 4E 44 59 7A MTA1MDAxOTIxNDYz\n0x00000020 4F 44 49 35 4E 44 67 7A 4D 44 41 77 0A          ODI5NDgzMDAw.","class":"android.util.Base64","method":"encode","type":"generic","args":["classes3.dex105001921463829483000","0"]}
I/Xposed  (14650): Droidmon-apimonitor-com.tencent.mobileqq:{"timestamp":1463830471119,"result":"Y2xhc3NlczMuZGV4MTA1MDAxOTIxNDYzODI5NDgzMDAw\n","class":"android.util.Base64","method":"encodeToString","type":"generic","args":["classes3.dex105001921463829483000","0"]}
I/Xposed  (14650): Droidmon-apimonitor-com.tencent.mobileqq:{"timestamp":1463830471120,"class":"dalvik.system.DexFile","method":"dalvik.system.DexFile","type":"dex","args":["\/data\/data\/com.tencent.mobileqq\/files\/classes3.jar","\/data\/data\/com.tencent.mobileqq\/app_dex\/classes3\/classes3.dex","0"]}
I/Xposed  (14650): Droidmon-apimonitor-com.tencent.mobileqq:{"timestamp":1463830471120,"result":{"mCookie":-1202616512,"mFileName":"\/data\/data\/com.tencent.mobileqq\/files\/classes3.jar","guard":{}},"class":"dalvik.system.DexFile","method":"loadDex","type":"dex","args":["\/data\/data\/com.tencent.mobileqq\/files\/classes3.jar","\/data\/data\/com.tencent.mobileqq\/app_dex\/classes3\/classes3.dex","0"]}
I/Xposed  (14650): Droidmon-apimonitor-com.tencent.mobileqq:{"timestamp":1463830471121,"class":"dalvik.system.DexClassLoader","method":"dalvik.system.DexClassLoader","type":"dex","args":["\/data\/data\/com.tencent.mobileqq\/files\/classes3.jar","\/data\/data\/com.tencent.mobileqq\/app_dex\/classes3","\/data\/data\/com.tencent.mobileqq\/files\/classes3.jar","dalvik.system.PathClassLoader[DexPathList[[zip file \"\/system\/framework\/com.google.android.media.effects.jar\", zip file \"\/data\/app\/com.tencent.mobileqq-1.apk\", zip file \"\/data\/data\/com.tencent.mobileqq\/files\/classes4.jar\", zip file \"\/data\/data\/com.tencent.mobileqq\/files\/classes2.jar\"],nativeLibraryDirectories=[\/data\/app-lib\/com.tencent.mobileqq-1, \/system\/lib]]]"]}
I/Xposed  (14650): Droidmon-apimonitor-com.tencent.mobileqq:{"timestamp":1463830471122,"result":"\n0x00000000 59 32 78 68 63 33 4E 6C 63 7A 4D 75 5A 47 56 34 Y2xhc3NlczMuZGV4\n0x00000010 4D 54 41 31 4D 44 41 78 4F 54 49 78 4E 44 59 7A MTA1MDAxOTIxNDYz\n0x00000020 4F 44 49 35 4E 44 67 7A 4D 44 41 77 0A          ODI5NDgzMDAw.","class":"android.util.Base64","method":"encode","type":"generic","args":["classes3.dex105001921463829483000","0","33","0"]}
I/Xposed  (14650): Droidmon-apimonitor-com.tencent.mobileqq:{"timestamp":1463830471122,"result":"\n0x00000000 59 32 78 68 63 33 4E 6C 63 7A 4D 75 5A 47 56 34 Y2xhc3NlczMuZGV4\n0x00000010 4D 54 41 31 4D 44 41 78 4F 54 49 78 4E 44 59 7A MTA1MDAxOTIxNDYz\n0x00000020 4F 44 49 35 4E 44 67 7A 4D 44 41 77 0A          ODI5NDgzMDAw.","class":"android.util.Base64","method":"encode","type":"generic","args":["classes3.dex105001921463829483000","0"]}
I/Xposed  (14650): Droidmon-apimonitor-com.tencent.mobileqq:{"timestamp":1463830471122,"result":"Y2xhc3NlczMuZGV4MTA1MDAxOTIxNDYzODI5NDgzMDAw\n","class":"android.util.Base64","method":"encodeToString","type":"generic","args":["classes3.dex105001921463829483000","0"]}
E/DexLoadOat(14650): Success
I/Xposed  (14650): Droidmon-apimonitor-com.tencent.mobileqq:{"timestamp":1463830471127,"result":{"descriptor":65},"class":"libcore.io.IoBridge","method":"open","type":"file","args":["\/data\/data\/com.tencent.mobileqq\/files\/classes5.dex.MD5","0"]}
I/Xposed  (14650): Droidmon-apimonitor-com.tencent.mobileqq:{"timestamp":1463830471128,"result":{"descriptor":65},"class":"libcore.io.IoBridge","method":"open","type":"file","args":["\/data\/data\/com.tencent.mobileqq\/app_dex\/classes5\/classes5.dat","0"]}
I/Xposed  (14650): Droidmon-apimonitor-com.tencent.mobileqq:{"timestamp":1463830471129,"result":"\n0x00000000 59 32 78 68 63 33 4E 6C 63 7A 55 75 5A 47 56 34 Y2xhc3NlczUuZGV4\n0x00000010 4F 44 4D 79 4D 7A 67 32 4E 44 45 30 4E 6A 4D 34 ODMyMzg2NDE0NjM4\n0x00000020 4D 6A 6B 30 4F 44 51 77 4D 44 41 3D 0A          Mjk0ODQwMDA=.","class":"android.util.Base64","method":"encode","type":"generic","args":["classes5.dex83238641463829484000","0","32","0"]}
