D/JustTrustMe( 6649): Hooking DefaultHTTPClient(ClientConnectionManager, HttpParams) for: com.tencent.mobileqq
D/JustTrustMe( 6649): Hooking SSLSocketFactory(String, KeyStore, String, KeyStore) for: com.tencent.mobileqq
D/JustTrustMe( 6649): Hooking static SSLSocketFactory(String, KeyStore, String, KeyStore) for: com.tencent.mobileqq
D/JustTrustMe( 6649): Hooking SSLSocketFactory(Socket) for: com.tencent.mobileqq
D/JustTrustMe( 6649): Hooking TrustManagerFactory.getTrustManagers() for: com.tencent.mobileqq
D/JustTrustMe( 6649): Hooking HttpsURLConnection.setDefaultHostnameVerifier for: com.tencent.mobileqq
D/JustTrustMe( 6649): Hooking HttpsURLConnection.setSSLSocketFactory for: com.tencent.mobileqq
D/JustTrustMe( 6649): Hooking HttpsURLConnection.setHostnameVerifier for: com.tencent.mobileqq
D/JustTrustMe( 6649): Hooking WebViewClient.onReceivedSslError(WebView, SslErrorHandler, SslError) for: com.tencent.mobileqq
D/JustTrustMe( 6649): Hooking WebViewClient.onReceivedSslError(WebView, int, string, string) for: com.tencent.mobileqq
D/JustTrustMe( 6649): Hooking com.android.org.conscrypt.TrustManagerImpl.checkServerTrusted(X509Certificate[]) for: com.tencent.mobileqq
I/Xposed  ( 6649): Droidmon-apimonitor-com.tencent.mobileqq:{"timestamp":1463829810616,"result":"Asia\/Calcutta","class":"android.os.SystemProperties","method":"get","type":"content","args":["persist.sys.timezone"]}
I/Xposed  ( 6649): Droidmon-apimonitor-com.tencent.mobileqq:{"timestamp":1463829810649,"class":"dalvik.system.DexFile","method":"dalvik.system.DexFile","type":"dex","args":["\/data\/data\/com.tencent.mobileqq\/files\/classes4.jar","\/data\/data\/com.tencent.mobileqq\/app_dex\/classes4.dex","0"]}
I/Xposed  ( 6649): Droidmon-apimonitor-com.tencent.mobileqq:{"timestamp":1463829810650,"result":{"mCookie":-1203877880,"mFileName":"\/data\/data\/com.tencent.mobileqq\/files\/classes4.jar","guard":{}},"class":"dalvik.system.DexFile","method":"loadDex","type":"dex","args":["\/data\/data\/com.tencent.mobileqq\/files\/classes4.jar","\/data\/data\/com.tencent.mobileqq\/app_dex\/classes4.dex","0"]}
I/Xposed  ( 6649): Droidmon-apimonitor-com.tencent.mobileqq:{"timestamp":1463829810650,"class":"dalvik.system.DexClassLoader","method":"dalvik.system.DexClassLoader","type":"dex","args":["\/data\/data\/com.tencent.mobileqq\/files\/classes4.jar","\/data\/data\/com.tencent.mobileqq\/app_dex","\/data\/data\/com.tencent.mobileqq\/files\/classes4.jar","dalvik.system.PathClassLoader[DexPathList[[zip file \"\/system\/framework\/com.google.android.media.effects.jar\", zip file \"\/data\/app\/com.tencent.mobileqq-1.apk\"],nativeLibraryDirectories=[\/data\/app-lib\/com.tencent.mobileqq-1, \/system\/lib]]]"]}
D/BaseApplicationImpl( 6649): com.tencent.mobileqq, injectHackDex=Success, cost=3 ms.
D/BaseApplicationImpl( 6649): injectPatchDex enable=false, isStartup=true
D/JustTrustMe( 6649): Hooking com.squareup.okhttp.CertificatePinner.check(String,List) (2.5) for: com.tencent.mobileqq
D/JustTrustMe( 6649): OKHTTP 2.5 not found in com.tencent.mobileqq-- not hooking
D/JustTrustMe( 6649): Hooking okhttp3.CertificatePinner.check(String,List) (3.x) for: com.tencent.mobileqq
D/JustTrustMe( 6649): OKHTTP 3.x not found in com.tencent.mobileqq -- not hooking
D/JustTrustMe( 6649): OKHTTP 3.x not found in com.tencent.mobileqq -- not hooking OkHostnameVerifier.verify(String, SSLSession)
D/JustTrustMe( 6649): OKHTTP 3.x not found in com.tencent.mobileqq -- not hooking OkHostnameVerifier.verify(String, X509)(
I/Xposed  ( 6649): Droidmon-apimonitor-com.tencent.mobileqq:{"timestamp":1463829810687,"result":{"descriptor":60},"class":"libcore.io.IoBridge","method":"open","type":"file","args":["\/data\/data\/com.tencent.mobileqq\/files\/classes2.dex.MD5","0"]}
I/Xposed  ( 6649): Droidmon-apimonitor-com.tencent.mobileqq:{"timestamp":1463829810710,"result":{"descriptor":63},"class":"libcore.io.IoBridge","method":"open","type":"file","args":["\/data\/data\/com.tencent.mobileqq\/app_dex\/classes2\/classes2.dat","0"]}
I/Xposed  ( 6649): Droidmon-apimonitor-com.tencent.mobileqq:{"timestamp":1463829810710,"result":"\n0x00000000 59 32 78 68 63 33 4E 6C 63 7A 49 75 5A 47 56 34 Y2xhc3NlczIuZGV4\n0x00000010 4F 54 6B 77 4F 44 45 77 4E 44 45 30 4E 6A 4D 34 OTkwODEwNDE0NjM4\n0x00000020 4D 6A 6B 30 4E 7A 51 77 4D 44 41 3D 0A          Mjk0NzQwMDA=.","class":"android.util.Base64","method":"encode","type":"generic","args":["classes2.dex99081041463829474000","0","32","0"]}
I/Xposed  ( 6649): Droidmon-apimonitor-com.tencent.mobileqq:{"timestamp":1463829810711,"result":"\n0x00000000 59 32 78 68 63 33 4E 6C 63 7A 49 75 5A 47 56 34 Y2xhc3NlczIuZGV4\n0x00000010 4F 54 6B 77 4F 44 45 77 4E 44 45 30 4E 6A 4D 34 OTkwODEwNDE0NjM4\n0x00000020 4D 6A 6B 30 4E 7A 51 77 4D 44 41 3D 0A          Mjk0NzQwMDA=.","class":"android.util.Base64","method":"encode","type":"generic","args":["classes2.dex99081041463829474000","0"]}
I/Xposed  ( 6649): Droidmon-apimonitor-com.tencent.mobileqq:{"timestamp":1463829810711,"result":"Y2xhc3NlczIuZGV4OTkwODEwNDE0NjM4Mjk0NzQwMDA=\n","class":"android.util.Base64","method":"encodeToString","type":"generic","args":["classes2.dex99081041463829474000","0"]}
I/Xposed  ( 6649): Droidmon-apimonitor-com.tencent.mobileqq:{"timestamp":1463829810749,"class":"dalvik.system.DexFile","method":"dalvik.system.DexFile","type":"dex","args":["\/data\/data\/com.tencent.mobileqq\/files\/classes2.jar","\/data\/data\/com.tencent.mobileqq\/app_dex\/classes2\/classes2.dex","0"]}
I/Xposed  ( 6649): Droidmon-apimonitor-com.tencent.mobileqq:{"timestamp":1463829810750,"result":{"mCookie":-1202575024,"mFileName":"\/data\/data\/com.tencent.mobileqq\/files\/classes2.jar","guard":{}},"class":"dalvik.system.DexFile","method":"loadDex","type":"dex","args":["\/data\/data\/com.tencent.mobileqq\/files\/classes2.jar","\/data\/data\/com.tencent.mobileqq\/app_dex\/classes2\/classes2.dex","0"]}
I/Xposed  ( 6649): Droidmon-apimonitor-com.tencent.mobileqq:{"timestamp":1463829810766,"class":"dalvik.system.DexClassLoader","method":"dalvik.system.DexClassLoader","type":"dex","args":["\/data\/data\/com.tencent.mobileqq\/files\/classes2.jar","\/data\/data\/com.tencent.mobileqq\/app_dex\/classes2","\/data\/data\/com.tencent.mobileqq\/files\/classes2.jar","dalvik.system.PathClassLoader[DexPathList[[zip file \"\/system\/framework\/com.google.android.media.effects.jar\", zip file \"\/data\/app\/com.tencent.mobileqq-1.apk\", zip file \"\/data\/data\/com.tencent.mobileqq\/files\/classes4.jar\"],nativeLibraryDirectories=[\/data\/app-lib\/com.tencent.mobileqq-1, \/system\/lib]]]"]}
I/Xposed  ( 6649): Droidmon-apimonitor-com.tencent.mobileqq:{"timestamp":1463829810767,"result":"\n0x00000000 59 32 78 68 63 33 4E 6C 63 7A 49 75 5A 47 56 34 Y2xhc3NlczIuZGV4\n0x00000010 4F 54 6B 77 4F 44 45 77 4E 44 45 30 4E 6A 4D 34 OTkwODEwNDE0NjM4\n0x00000020 4D 6A 6B 30 4E 7A 51 77 4D 44 41 3D 0A          Mjk0NzQwMDA=.","class":"android.util.Base64","method":"encode","type":"generic","args":["classes2.dex99081041463829474000","0","32","0"]}
I/Xposed  ( 6649): Droidmon-apimonitor-com.tencent.mobileqq:{"timestamp":1463829810768,"result":"\n0x00000000 59 32 78 68 63 33 4E 6C 63 7A 49 75 5A 47 56 34 Y2xhc3NlczIuZGV4\n0x00000010 4F 54 6B 77 4F 44 45 77 4E 44 45 30 4E 6A 4D 34 OTkwODEwNDE0NjM4\n0x00000020 4D 6A 6B 30 4E 7A 51 77 4D 44 41 3D 0A          Mjk0NzQwMDA=.","class":"android.util.Base64","method":"encode","type":"generic","args":["classes2.dex99081041463829474000","0"]}
I/Xposed  ( 6649): Droidmon-apimonitor-com.tencent.mobileqq:{"timestamp":1463829810768,"result":"Y2xhc3NlczIuZGV4OTkwODEwNDE0NjM4Mjk0NzQwMDA=\n","class":"android.util.Base64","method":"encodeToString","type":"generic","args":["classes2.dex99081041463829474000","0"]}
E/DexLoadOat( 6649): Success
I/Xposed  ( 6649): Droidmon-apimonitor-com.tencent.mobileqq:{"timestamp":1463829810782,"result":{"descriptor":64},"class":"libcore.io.IoBridge","method":"open","type":"file","args":["\/data\/data\/com.tencent.mobileqq\/files\/classes3.dex.MD5","0"]}
I/Xposed  ( 6649): Droidmon-apimonitor-com.tencent.mobileqq:{"timestamp":1463829810783,"result":{"descriptor":64},"class":"libcore.io.IoBridge","method":"open","type":"file","args":["\/data\/data\/com.tencent.mobileqq\/app_dex\/classes3\/classes3.dat","0"]}
I/Xposed  ( 6649): Droidmon-apimonitor-com.tencent.mobileqq:{"timestamp":1463829810783,"result":"\n0x00000000 59 32 78 68 63 33 4E 6C 63 7A 4D 75 5A 47 56 34 Y2xhc3NlczMuZGV4\n0x00000010 4D 54 41 31 4D 44 41 78 4F 54 49 78 4E 44 59 7A MTA1MDAxOTIxNDYz\n0x00000020 4F 44 49 35 4E 44 63 31 4D 44 41 77 0A          ODI5NDc1MDAw.","class":"android.util.Base64","method":"encode","type":"generic","args":["classes3.dex105001921463829475000","0","33","0"]}
I/Xposed  ( 6649): Droidmon-apimonitor-com.tencent.mobileqq:{"timestamp":1463829810784,"result":"\n0x00000000 59 32 78 68 63 33 4E 6C 63 7A 4D 75 5A 47 56 34 Y2xhc3NlczMuZGV4\n0x00000010 4D 54 41 31 4D 44 41 78 4F 54 49 78 4E 44 59 7A MTA1MDAxOTIxNDYz\n0x00000020 4F 44 49 35 4E 44 63 31 4D 44 41 77 0A          ODI5NDc1MDAw.","class":"android.util.Base64","method":"encode","type":"generic","args":["classes3.dex105001921463829475000","0"]}
I/Xposed  ( 6649): Droidmon-apimonitor-com.tencent.mobileqq:{"timestamp":1463829810784,"result":"Y2xhc3NlczMuZGV4MTA1MDAxOTIxNDYzODI5NDc1MDAw\n","class":"android.util.Base64","method":"encodeToString","type":"generic","args":["classes3.dex105001921463829475000","0"]}
I/Xposed  ( 6649): Droidmon-apimonitor-com.tencent.mobileqq:{"timestamp":1463829810784,"class":"dalvik.system.DexFile","method":"dalvik.system.DexFile","type":"dex","args":["\/data\/data\/com.tencent.mobileqq\/files\/classes3.jar","\/data\/data\/com.tencent.mobileqq\/app_dex\/classes3\/classes3.dex","0"]}
I/Xposed  ( 6649): Droidmon-apimonitor-com.tencent.mobileqq:{"timestamp":1463829810785,"result":{"mCookie":-1202574472,"mFileName":"\/data\/data\/com.tencent.mobileqq\/files\/classes3.jar","guard":{}},"class":"dalvik.system.DexFile","method":"loadDex","type":"dex","args":["\/data\/data\/com.tencent.mobileqq\/files\/classes3.jar","\/data\/data\/com.tencent.mobileqq\/app_dex\/classes3\/classes3.dex","0"]}
I/Xposed  ( 6649): Droidmon-apimonitor-com.tencent.mobileqq:{"timestamp":1463829810785,"class":"dalvik.system.DexClassLoader","method":"dalvik.system.DexClassLoader","type":"dex","args":["\/data\/data\/com.tencent.mobileqq\/files\/classes3.jar","\/data\/data\/com.tencent.mobileqq\/app_dex\/classes3","\/data\/data\/com.tencent.mobileqq\/files\/classes3.jar","dalvik.system.PathClassLoader[DexPathList[[zip file \"\/system\/framework\/com.google.android.media.effects.jar\", zip file \"\/data\/app\/com.tencent.mobileqq-1.apk\", zip file \"\/data\/data\/com.tencent.mobileqq\/files\/classes4.jar\", zip file \"\/data\/data\/com.tencent.mobileqq\/files\/classes2.jar\"],nativeLibraryDirectories=[\/data\/app-lib\/com.tencent.mobileqq-1, \/system\/lib]]]"]}
I/Xposed  ( 6649): Droidmon-apimonitor-com.tencent.mobileqq:{"timestamp":1463829810816,"result":"\n0x00000000 59 32 78 68 63 33 4E 6C 63 7A 4D 75 5A 47 56 34 Y2xhc3NlczMuZGV4\n0x00000010 4D 54 41 31 4D 44 41 78 4F 54 49 78 4E 44 59 7A MTA1MDAxOTIxNDYz\n0x00000020 4F 44 49 35 4E 44 63 31 4D 44 41 77 0A          ODI5NDc1MDAw.","class":"android.util.Base64","method":"encode","type":"generic","args":["classes3.dex105001921463829475000","0","33","0"]}
I/Xposed  ( 6649): Droidmon-apimonitor-com.tencent.mobileqq:{"timestamp":1463829810817,"result":"\n0x00000000 59 32 78 68 63 33 4E 6C 63 7A 4D 75 5A 47 56 34 Y2xhc3NlczMuZGV4\n0x00000010 4D 54 41 31 4D 44 41 78 4F 54 49 78 4E 44 59 7A MTA1MDAxOTIxNDYz\n0x00000020 4F 44 49 35 4E 44 63 31 4D 44 41 77 0A          ODI5NDc1MDAw.","class":"android.util.Base64","method":"encode","type":"generic","args":["classes3.dex105001921463829475000","0"]}
I/Xposed  ( 6649): Droidmon-apimonitor-com.tencent.mobileqq:{"timestamp":1463829810817,"result":"Y2xhc3NlczMuZGV4MTA1MDAxOTIxNDYzODI5NDc1MDAw\n","class":"android.util.Base64","method":"encodeToString","type":"generic","args":["classes3.dex105001921463829475000","0"]}
E/DexLoadOat( 6649): Success
I/Xposed  ( 6649): Droidmon-apimonitor-com.tencent.mobileqq:{"timestamp":1463829810817,"result":{"descriptor":65},"class":"libcore.io.IoBridge","method":"open","type":"file","args":["\/data\/data\/com.tencent.mobileqq\/files\/classes5.dex.MD5","0"]}
I/Xposed  ( 6649): Droidmon-apimonitor-com.tencent.mobileqq:{"timestamp":1463829810818,"result":{"descriptor":65},"class":"libcore.io.IoBridge","method":"open","type":"file","args":["\/data\/data\/com.tencent.mobileqq\/app_dex\/classes5\/classes5.dat","0"]}
I/Xposed  ( 6649): Droidmon-apimonitor-com.tencent.mobileqq:{"timestamp":1463829810839,"result":"\n0x00000000 59 32 78 68 63 33 4E 6C 63 7A 55 75 5A 47 56 34 Y2xhc3NlczUuZGV4\n0x00000010 4F 44 4D 79 4D 7A 67 32 4E 44 45 30 4E 6A 4D 34 ODMyMzg2NDE0NjM4\n0x00000020 4D 6A 6B 30 4E 7A 55 77 4D 44 41 3D 0A          Mjk0NzUwMDA=.","class":"android.util.Base64","method":"encode","type":"generic","args":["classes5.dex83238641463829475000","0","32","0"]}
I/Xposed  ( 6649): Droidmon-apimonitor-com.tencent.mobileqq:{"timestamp":1463829810839,"result":"\n0x00000000 59 32 78 68 63 33 4E 6C 63 7A 55 75 5A 47 56 34 Y2xhc3NlczUuZGV4\n0x00000010 4F 44 4D 79 4D 7A 67 32 4E 44 45 30 4E 6A 4D 34 ODMyMzg2NDE0NjM4\n0x00000020 4D 6A 6B 30 4E 7A 55 77 4D 44 41 3D 0A          Mjk0NzUwMDA=.","class":"android.util.Base64","method":"encode","type":"generic","args":["classes5.dex83238641463829475000","0"]}
I/Xposed  ( 6649): Droidmon-apimonitor-com.tencent.mobileqq:{"timestamp":1463829810839,"result":"Y2xhc3NlczUuZGV4ODMyMzg2NDE0NjM4Mjk0NzUwMDA=\n","class":"android.util.Base64","method":"encodeToString","type":"generic","args":["classes5.dex83238641463829475000","0"]}
I/Xposed  ( 6649): Droidmon-apimonitor-com.tencent.mobileqq:{"timestamp":1463829810840,"class":"dalvik.system.DexFile","method":"dalvik.system.DexFile","type":"dex","args":["\/data\/data\/com.tencent.mobileqq\/files\/classes5.jar","\/data\/data\/com.tencent.mobileqq\/app_dex\/classes5\/classes5.dex","0"]}
I/Xposed  ( 6649): Droidmon-apimonitor-com.tencent.mobileqq:{"timestamp":1463829810840,"result":{"mCookie":-1203732712,"mFileName":"\/data\/data\/com.tencent.mobileqq\/files\/classes5.jar","guard":{}},"class":"dalvik.system.DexFile","method":"loadDex","type":"dex","args":["\/data\/data\/com.tencent.mobileqq\/files\/classes5.jar","\/data\/data\/com.tencent.mobileqq\/app_dex\/classes5\/classes5.dex","0"]}
I/Xposed  ( 6649): Droidmon-apimonitor-com.tencent.mobileqq:{"timestamp":1463829810841,"class":"dalvik.system.DexClassLoader","method":"dalvik.system.DexClassLoader","type":"dex","args":["\/data\/data\/com.tencent.mobileqq\/files\/classes5.jar","\/data\/data\/com.tencent.mobileqq\/app_dex\/classes5","\/data\/data\/com.tencent.mobileqq\/files\/classes5.jar","dalvik.system.PathClassLoader[DexPathList[[zip file \"\/system\/framework\/com.google.android.media.effects.jar\", zip file \"\/data\/app\/com.tencent.mobileqq-1.apk\", zip file \"\/data\/data\/com.tencent.mobileqq\/files\/classes4.jar\", zip file \"\/data\/data\/com.tencent.mobileqq\/files\/classes2.jar\", zip file \"\/data\/data\/com.tencent.mobileqq\/files\/classes3.jar\"],nativeLibraryDirectories=[\/data\/app-lib\/com.tencent.mobileqq-1, \/system\/lib]]]"]}
I/Xposed  ( 6649): Droidmon-apimonitor-com.tencent.mobileqq:{"timestamp":1463829810841,"result":"\n0x00000000 59 32 78 68 63 33 4E 6C 63 7A 55 75 5A 47 56 34 Y2xhc3NlczUuZGV4\n0x00000010 4F 44 4D 79 4D 7A 67 32 4E 44 45 30 4E 6A 4D 34 ODMyMzg2NDE0NjM4\n0x00000020 4D 6A 6B 30 4E 7A 55 77 4D 44 41 3D 0A          Mjk0NzUwMDA=.","class":"android.util.Base64","method":"encode","type":"generic","args":["classes5.dex83238641463829475000","0","32","0"]}
I/Xposed  ( 6649): Droidmon-apimonitor-com.tencent.mobileqq:{"timestamp":1463829810842,"result":"\n0x00000000 59 32 78 68 63 33 4E 6C 63 7A 55 75 5A 47 56 34 Y2xhc3NlczUuZGV4\n0x00000010 4F 44 4D 79 4D 7A 67 32 4E 44 45 30 4E 6A 4D 34 ODMyMzg2NDE0NjM4\n0x00000020 4D 6A 6B 30 4E 7A 55 77 4D 44 41 3D 0A          Mjk0NzUwMDA=.","class":"android.util.Base64","method":"encode","type":"generic","args":["classes5.dex83238641463829475000","0"]}
I/Xposed  ( 6649): Droidmon-apimonitor-com.tencent.mobileqq:{"timestamp":1463829810842,"result":"Y2xhc3NlczUuZGV4ODMyMzg2NDE0NjM4Mjk0NzUwMDA=\n","class":"android.util.Base64","method":"encodeToString","type":"generic","args":["classes5.dex83238641463829475000","0"]}
E/DexLoadOat( 6649): Success
I/Xposed  ( 6649): Droidmon-apimonitor-com.tencent.mobileqq:{"timestamp":1463829810897,"class":"android.app.ContextImpl","method":"registerReceiver","type":"binder","args":[{"mDebugUnregister":false},{"mPriority":0,"mActions":["android.intent.action.SCREEN_ON","android.intent.action.SCREEN_OFF"],"mHasPartialTypes":false}]}
I/Xposed  ( 6649): Droidmon-apimonitor-com.tencent.mobileqq:{"timestamp":1463829810922,"class":"android.app.ContextImpl","method":"registerReceiver","type":"binder","args":[{"mDebugUnregister":false},{"mPriority":0,"mActions":["android.intent.action.SCREEN_ON","android.intent.action.SCREEN_OFF"],"mHasPartialTypes":false}]}
D/MSF.D.MonitorSocket( 6649): monitor_config not found, disable monitor socket
I/Xposed  ( 6649): Droidmon-apimonitor-com.tencent.mobileqq:{"timestamp":1463829810947,"result":{"descriptor":72},"class":"libcore.io.IoBridge","method":"open","type":"file","args":["\/proc\/meminfo","0"]}
I/Xposed  ( 6649): Droidmon-apimonitor-com.tencent.mobileqq:{"timestamp":1463829810956,"result":"","class":"android.os.SystemProperties","method":"get","type":"content","args":["dalvik.vm.heapgrowthlimit",""]}
I/Xposed  ( 6649): Droidmon-apimonitor-com.tencent.mobileqq:{"timestamp":1463829810957,"result":"256m","class":"android.os.SystemProperties","method":"get","type":"content","args":["dalvik.vm.heapsize","16m"]}
I/Xposed  ( 6649): Droidmon-apimonitor-com.tencent.mobileqq:{"timestamp":1463829811008,"result":"","class":"android.os.SystemProperties","method":"get","type":"content","args":["debug.second-display.pkg"]}
I/AutoMonitor( 6649): onActivityCreatecom.tencent.mobileqq.activity.UserguideActivity@5283d4e4
I/Xposed  ( 6649): Droidmon-apimonitor-com.tencent.mobileqq:{"timestamp":1463829811056,"result":"android.app.SharedPreferencesImpl@528405b4","hooked_method":"getSystemSharedPreferences","hooked_class":"com.tencent.common.app.BaseApplicationImpl","args":["com.tencent.mobileqq_preferences","0"],"class":"java.lang.reflect.Method","method":"invoke","type":"reflection"}
I/dalvikvm-heap( 6649): Grow heap (frag case) to 6.953MB for 3686412-byte allocation
D/gralloc_vbox86( 6649): Emulator without GPU emulation detected.
D/MSF.D.QLog( 6649): QLog init
I/Xposed  ( 6649): Droidmon-apimonitor-com.tencent.mobileqq:{"timestamp":1463829813657,"result":{"descriptor":72},"class":"libcore.io.IoBridge","method":"open","type":"file","args":["\/storage\/emulated\/0\/tencent\/msflogs\/com\/tencent\/mobileqq\/com.tencent.mobileqq.16.05.21.16.log","1089"]}
E/cutils-trace( 6668): Error opening trace file: No such file or directory (2)
D/gralloc_vbox86( 6668): Emulator without GPU emulation detected.
D/gralloc (  294): Registering a buffer in the process that created it. This may cause memory ordering problems.
E/libEGL  (  294): called unimplemented OpenGL ES API
E/libEGL  (  294): called unimplemented OpenGL ES API
E/libEGL  (  294): called unimplemented OpenGL ES API
E/libEGL  (  294): called unimplemented OpenGL ES API
E/libEGL  (  294): called unimplemented OpenGL ES API
E/libEGL  (  294): called unimplemented OpenGL ES API
E/libEGL  (  294): called unimplemented OpenGL ES API
E/SurfaceFlinger(  294): glCheckFramebufferStatusOES error -847558455
E/SurfaceFlinger(  294): got GL_FRAMEBUFFER_COMPLETE_OES error while taking screenshot
E/libEGL  (  294): called unimplemented OpenGL ES API
E/libEGL  (  294): called unimplemented OpenGL ES API
E/libEGL  (  294): called unimplemented OpenGL ES API
W/linker  ( 6673): libdvm.so has text relocations. This is wasting memory and is a security risk. Please fix.
W/linker  ( 6673): app_process has text relocations. This is wasting memory and is a security risk. Please fix.
D/AndroidRuntime( 6673): 
D/AndroidRuntime( 6673): >>>>>> AndroidRuntime START com.android.internal.os.RuntimeInit <<<<<<
D/AndroidRuntime( 6673): CheckJNI is OFF
E/cutils-trace( 6673): Error opening trace file: No such file or directory (2)
E/memtrack( 6673): Couldn't load memtrack module (No such file or directory)
E/android.os.Debug( 6673): failed to load memtrack module: -2
I/ActivityManager(  686): Displayed com.tencent.mobileqq/.activity.UserguideActivity: +5s594ms (total +30s161ms)
D/AndroidRuntime( 6673): Calling main entry com.android.commands.am.Am
I/ActivityManager(  686): Force stopping com.tencent.mobileqq appid=10019 user=0: from pid 6673
I/ActivityManager(  686): Killing 6649:com.tencent.mobileqq/u0a19 (adj 0): stop com.tencent.mobileqq
W/ActivityManager(  686): Force removing ActivityRecord{52a6d780 u0 com.tencent.mobileqq/.activity.UserguideActivity t54}: app died, no saved state
W/InputDispatcher(  686): channel '52bf88b8 com.tencent.mobileqq/com.tencent.mobileqq.activity.UserguideActivity (server)' ~ Consumer closed input channel or an error occurred.  events=0x9
E/InputDispatcher(  686): channel '52bf88b8 com.tencent.mobileqq/com.tencent.mobileqq.activity.UserguideActivity (server)' ~ Channel is unrecoverably broken and will be disposed!
W/InputDispatcher(  686): Attempted to unregister already unregistered input channel '52bf88b8 com.tencent.mobileqq/com.tencent.mobileqq.activity.UserguideActivity (server)'
I/WindowState(  686): WIN DEATH: Window{52bf88b8 u0 com.tencent.mobileqq/com.tencent.mobileqq.activity.UserguideActivity}
D/AndroidRuntime( 6673): Shutting down VM
W/linker  ( 6684): libdvm.so has text relocations. This is wasting memory and is a security risk. Please fix.
W/linker  ( 6684): app_process has text relocations. This is wasting memory and is a security risk. Please fix.
D/AndroidRuntime( 6684): 
D/AndroidRuntime( 6684): >>>>>> AndroidRuntime START com.android.internal.os.RuntimeInit <<<<<<
D/AndroidRuntime( 6684): CheckJNI is OFF
E/cutils-trace( 6684): Error opening trace file: No such file or directory (2)
E/memtrack( 6684): Couldn't load memtrack module (No such file or directory)
E/android.os.Debug( 6684): failed to load memtrack module: -2
D/AndroidRuntime( 6684): Calling main entry com.android.commands.am.Am
I/ActivityManager(  686): START u0 {flg=0x10000000 cmp=com.tencent.mobileqq/.activity.RegisterGuideActivity} from pid 6684
W/GDataClient( 1272): Unable to execute HTTP request.java.net.SocketTimeoutException
D/gralloc (  294): Registering a buffer in the process that created it. This may cause memory ordering problems.
E/libEGL  (  294): called unimplemented OpenGL ES API
E/libEGL  (  294): called unimplemented OpenGL ES API
E/libEGL  (  294): called unimplemented OpenGL ES API
E/libEGL  (  294): called unimplemented OpenGL ES API
E/libEGL  (  294): called unimplemented OpenGL ES API
E/libEGL  (  294): called unimplemented OpenGL ES API
E/libEGL  (  294): called unimplemented OpenGL ES API
E/SurfaceFlinger(  294): glCheckFramebufferStatusOES error -847558455
E/SurfaceFlinger(  294): got GL_FRAMEBUFFER_COMPLETE_OES error while taking screenshot
E/libEGL  (  294): called unimplemented OpenGL ES API
E/libEGL  (  294): called unimplemented OpenGL ES API
E/libEGL  (  294): called unimplemented OpenGL ES API
D/AndroidRuntime( 6684): Shutting down VM
W/WindowManager(  686): Screenshot failure taking screenshot for (328x524) to layer 21010
W/ActivityManager(  686): Launch timeout has expired, giving up wake lock!
I/ActivityManager(  686): Start proc com.tencent.mobileqq for activity com.tencent.mobileqq/.activity.RegisterGuideActivity: pid=6695 uid=10019 gids={50019, 3003, 3002, 3001, 1028, 1015}
D/SyncManager(  686): failed sync operation yodleebanglore@gmail.com u0 (com.google), subscribedfeeds, PERIODIC, latestRunTime 372073, reason: Periodic, SyncResult: stats [ numIoExceptions: 1]
E/cutils-trace( 6708): Error opening trace file: No such file or directory (2)
D/gralloc_vbox86( 6708): Emulator without GPU emulation detected.
D/gralloc (  294): Registering a buffer in the process that created it. This may cause memory ordering problems.
E/libEGL  (  294): called unimplemented OpenGL ES API
E/libEGL  (  294): called unimplemented OpenGL ES API
E/libEGL  (  294): called unimplemented OpenGL ES API
E/libEGL  (  294): called unimplemented OpenGL ES API
E/libEGL  (  294): called unimplemented OpenGL ES API
E/libEGL  (  294): called unimplemented OpenGL ES API
E/libEGL  (  294): called unimplemented OpenGL ES API
E/SurfaceFlinger(  294): glCheckFramebufferStatusOES error -847558455
E/SurfaceFlinger(  294): got GL_FRAMEBUFFER_COMPLETE_OES error while taking screenshot
E/libEGL  (  294): called unimplemented OpenGL ES API
E/libEGL  (  294): called unimplemented OpenGL ES API
E/libEGL  (  294): called unimplemented OpenGL ES API
D/JustTrustMe( 6695): Hooking DefaultHTTPClient for: com.tencent.mobileqq
D/JustTrustMe( 6695): Hooking DefaultHTTPClient(HttpParams) for: com.tencent.mobileqq
D/JustTrustMe( 6695): Hooking DefaultHTTPClient(ClientConnectionManager, HttpParams) for: com.tencent.mobileqq
D/JustTrustMe( 6695): Hooking SSLSocketFactory(String, KeyStore, String, KeyStore) for: com.tencent.mobileqq
D/JustTrustMe( 6695): Hooking static SSLSocketFactory(String, KeyStore, String, KeyStore) for: com.tencent.mobileqq
D/JustTrustMe( 6695): Hooking SSLSocketFactory(Socket) for: com.tencent.mobileqq
D/JustTrustMe( 6695): Hooking TrustManagerFactory.getTrustManagers() for: com.tencent.mobileqq
D/JustTrustMe( 6695): Hooking HttpsURLConnection.setDefaultHostnameVerifier for: com.tencent.mobileqq
D/JustTrustMe( 6695): Hooking HttpsURLConnection.setSSLSocketFactory for: com.tencent.mobileqq
D/JustTrustMe( 6695): Hooking HttpsURLConnection.setHostnameVerifier for: com.tencent.mobileqq
D/JustTrustMe( 6695): Hooking WebViewClient.onReceivedSslError(WebView, SslErrorHandler, SslError) for: com.tencent.mobileqq
D/JustTrustMe( 6695): Hooking WebViewClient.onReceivedSslError(WebView, int, string, string) for: com.tencent.mobileqq
D/JustTrustMe( 6695): Hooking com.android.org.conscrypt.TrustManagerImpl.checkServerTrusted(X509Certificate[]) for: com.tencent.mobileqq
I/Xposed  ( 6695): Droidmon-apimonitor-com.tencent.mobileqq:{"timestamp":1463829822513,"result":"Asia\/Calcutta","class":"android.os.SystemProperties","method":"get","type":"content","args":["persist.sys.timezone"]}
I/Xposed  ( 6695): Droidmon-apimonitor-com.tencent.mobileqq:{"timestamp":1463829822533,"class":"dalvik.system.DexFile","method":"dalvik.system.DexFile","type":"dex","args":["\/data\/data\/com.tencent.mobileqq\/files\/classes4.jar","\/data\/data\/com.tencent.mobileqq\/app_dex\/classes4.dex","0"]}
I/Xposed  ( 6695): Droidmon-apimonitor-com.tencent.mobileqq:{"timestamp":1463829822533,"result":{"mCookie":-1203877880,"mFileName":"\/data\/data\/com.tencent.mobileqq\/files\/classes4.jar","guard":{}},"class":"dalvik.system.DexFile","method":"loadDex","type":"dex","args":["\/data\/data\/com.tencent.mobileqq\/files\/classes4.jar","\/data\/data\/com.tencent.mobileqq\/app_dex\/classes4.dex","0"]}
I/Xposed  ( 6695): Droidmon-apimonitor-com.tencent.mobileqq:{"timestamp":1463829822534,"class":"dalvik.system.DexClassLoader","method":"dalvik.system.DexClassLoader","type":"dex","args":["\/data\/data\/com.tencent.mobileqq\/files\/classes4.jar","\/data\/data\/com.tencent.mobileqq\/app_dex","\/data\/data\/com.tencent.mobileqq\/files\/classes4.jar","dalvik.system.PathClassLoader[DexPathList[[zip file \"\/system\/framework\/com.google.android.media.effects.jar\", zip file \"\/data\/app\/com.tencent.mobileqq-1.apk\"],nativeLibraryDirectories=[\/data\/app-lib\/com.tencent.mobileqq-1, \/system\/lib]]]"]}
D/BaseApplicationImpl( 6695): com.tencent.mobileqq, injectHackDex=Success, cost=3 ms.
D/BaseApplicationImpl( 6695): injectPatchDex enable=false, isStartup=true
D/JustTrustMe( 6695): Hooking com.squareup.okhttp.CertificatePinner.check(String,List) (2.5) for: com.tencent.mobileqq
D/JustTrustMe( 6695): OKHTTP 2.5 not found in com.tencent.mobileqq-- not hooking
D/JustTrustMe( 6695): Hooking okhttp3.CertificatePinner.check(String,List) (3.x) for: com.tencent.mobileqq
D/JustTrustMe( 6695): OKHTTP 3.x not found in com.tencent.mobileqq -- not hooking
D/JustTrustMe( 6695): OKHTTP 3.x not found in com.tencent.mobileqq -- not hooking OkHostnameVerifier.verify(String, SSLSession)
D/JustTrustMe( 6695): OKHTTP 3.x not found in com.tencent.mobileqq -- not hooking OkHostnameVerifier.verify(String, X509)(
I/Xposed  ( 6695): Droidmon-apimonitor-com.tencent.mobileqq:{"timestamp":1463829822562,"result":{"descriptor":60},"class":"libcore.io.IoBridge","method":"open","type":"file","args":["\/data\/data\/com.tencent.mobileqq\/files\/classes2.dex.MD5","0"]}
I/Xposed  ( 6695): Droidmon-apimonitor-com.tencent.mobileqq:{"timestamp":1463829822563,"result":{"descriptor":60},"class":"libcore.io.IoBridge","method":"open","type":"file","args":["\/data\/data\/com.tencent.mobileqq\/app_dex\/classes2\/classes2.dat","0"]}
I/Xposed  ( 6695): Droidmon-apimonitor-com.tencent.mobileqq:{"timestamp":1463829822563,"result":"\n0x00000000 59 32 78 68 63 33 4E 6C 63 7A 49 75 5A 47 56 34 Y2xhc3NlczIuZGV4\n0x00000010 4F 54 6B 77 4F 44 45 77 4E 44 45 30 4E 6A 4D 34 OTkwODEwNDE0NjM4\n0x00000020 4D 6A 6B 30 4E 7A 51 77 4D 44 41 3D 0A          Mjk0NzQwMDA=.","class":"android.util.Base64","method":"encode","type":"generic","args":["classes2.dex99081041463829474000","0","32","0"]}
I/Xposed  ( 6695): Droidmon-apimonitor-com.tencent.mobileqq:{"timestamp":1463829822564,"result":"\n0x00000000 59 32 78 68 63 33 4E 6C 63 7A 49 75 5A 47 56 34 Y2xhc3NlczIuZGV4\n0x00000010 4F 54 6B 77 4F 44 45 77 4E 44 45 30 4E 6A 4D 34 OTkwODEwNDE0NjM4\n0x00000020 4D 6A 6B 30 4E 7A 51 77 4D 44 41 3D 0A          Mjk0NzQwMDA=.","class":"android.util.Base64","method":"encode","type":"generic","args":["classes2.dex99081041463829474000","0"]}
I/Xposed  ( 6695): Droidmon-apimonitor-com.tencent.mobileqq:{"timestamp":1463829822564,"result":"Y2xhc3NlczIuZGV4OTkwODEwNDE0NjM4Mjk0NzQwMDA=\n","class":"android.util.Base64","method":"encodeToString","type":"generic","args":["classes2.dex99081041463829474000","0"]}
I/Xposed  ( 6695): Droidmon-apimonitor-com.tencent.mobileqq:{"timestamp":1463829822568,"class":"dalvik.system.DexFile","method":"dalvik.system.DexFile","type":"dex","args":["\/data\/data\/com.tencent.mobileqq\/files\/classes2.jar","\/data\/data\/com.tencent.mobileqq\/app_dex\/classes2\/classes2.dex","0"]}
I/Xposed  ( 6695): Droidmon-apimonitor-com.tencent.mobileqq:{"timestamp":1463829822568,"result":{"mCookie":-1202574112,"mFileName":"\/data\/data\/com.tencent.mobileqq\/files\/classes2.jar","guard":{}},"class":"dalvik.system.DexFile","method":"loadDex","type":"dex","args":["\/data\/data\/com.tencent.mobileqq\/files\/classes2.jar","\/data\/data\/com.tencent.mobileqq\/app_dex\/classes2\/classes2.dex","0"]}
I/Xposed  ( 6695): Droidmon-apimonitor-com.tencent.mobileqq:{"timestamp":1463829822569,"class":"dalvik.system.DexClassLoader","method":"dalvik.system.DexClassLoader","type":"dex","args":["\/data\/data\/com.tencent.mobileqq\/files\/classes2.jar","\/data\/data\/com.tencent.mobileqq\/app_dex\/classes2","\/data\/data\/com.tencent.mobileqq\/files\/classes2.jar","dalvik.system.PathClassLoader[DexPathList[[zip file \"\/system\/framework\/com.google.android.media.effects.jar\", zip file \"\/data\/app\/com.tencent.mobileqq-1.apk\", zip file \"\/data\/data\/com.tencent.mobileqq\/files\/classes4.jar\"],nativeLibraryDirectories=[\/data\/app-lib\/com.tencent.mobileqq-1, \/system\/lib]]]"]}
I/Xposed  ( 6695): Droidmon-apimonitor-com.tencent.mobileqq:{"timestamp":1463829822582,"result":"\n0x00000000 59 32 78 68 63 33 4E 6C 63 7A 49 75 5A 47 56 34 Y2xhc3NlczIuZGV4\n0x00000010 4F 54 6B 77 4F 44 45 77 4E 44 45 30 4E 6A 4D 34 OTkwODEwNDE0NjM4\n0x00000020 4D 6A 6B 30 4E 7A 51 77 4D 44 41 3D 0A          Mjk0NzQwMDA=.","class":"android.util.Base64","method":"encode","type":"generic","args":["classes2.dex99081041463829474000","0","32","0"]}
I/Xposed  ( 6695): Droidmon-apimonitor-com.tencent.mobileqq:{"timestamp":1463829822582,"result":"\n0x00000000 59 32 78 68 63 33 4E 6C 63 7A 49 75 5A 47 56 34 Y2xhc3NlczIuZGV4\n0x00000010 4F 54 6B 77 4F 44 45 77 4E 44 45 30 4E 6A 4D 34 OTkwODEwNDE0NjM4\n0x00000020 4D 6A 6B 30 4E 7A 51 77 4D 44 41 3D 0A          Mjk0NzQwMDA=.","class":"android.util.Base64","method":"encode","type":"generic","args":["classes2.dex99081041463829474000","0"]}
I/Xposed  ( 6695): Droidmon-apimonitor-com.tencent.mobileqq:{"timestamp":1463829822583,"result":"Y2xhc3NlczIuZGV4OTkwODEwNDE0NjM4Mjk0NzQwMDA=\n","class":"android.util.Base64","method":"encodeToString","type":"generic","args":["classes2.dex99081041463829474000","0"]}
E/DexLoadOat( 6695): Success
I/Xposed  ( 6695): Droidmon-apimonitor-com.tencent.mobileqq:{"timestamp":1463829822583,"result":{"descriptor":64},"class":"libcore.io.IoBridge","method":"open","type":"file","args":["\/data\/data\/com.tencent.mobileqq\/files\/classes3.dex.MD5","0"]}
I/Xposed  ( 6695): Droidmon-apimonitor-com.tencent.mobileqq:{"timestamp":1463829822586,"result":{"descriptor":64},"class":"libcore.io.IoBridge","method":"open","type":"file","args":["\/data\/data\/com.tencent.mobileqq\/app_dex\/classes3\/classes3.dat","0"]}
I/Xposed  ( 6695): Droidmon-apimonitor-com.tencent.mobileqq:{"timestamp":1463829822586,"result":"\n0x00000000 59 32 78 68 63 33 4E 6C 63 7A 4D 75 5A 47 56 34 Y2xhc3NlczMuZGV4\n0x00000010 4D 54 41 31 4D 44 41 78 4F 54 49 78 4E 44 59 7A MTA1MDAxOTIxNDYz\n0x00000020 4F 44 49 35 4E 44 63 31 4D 44 41 77 0A          ODI5NDc1MDAw.","class":"android.util.Base64","method":"encode","type":"generic","args":["classes3.dex105001921463829475000","0","33","0"]}
I/Xposed  ( 6695): Droidmon-apimonitor-com.tencent.mobileqq:{"timestamp":1463829822587,"result":"\n0x00000000 59 32 78 68 63 33 4E 6C 63 7A 4D 75 5A 47 56 34 Y2xhc3NlczMuZGV4\n0x00000010 4D 54 41 31 4D 44 41 78 4F 54 49 78 4E 44 59 7A MTA1MDAxOTIxNDYz\n0x00000020 4F 44 49 35 4E 44 63 31 4D 44 41 77 0A          ODI5NDc1MDAw.","class":"android.util.Base64","method":"encode","type":"generic","args":["classes3.dex105001921463829475000","0"]}
I/Xposed  ( 6695): Droidmon-apimonitor-com.tencent.mobileqq:{"timestamp":1463829822587,"result":"Y2xhc3NlczMuZGV4MTA1MDAxOTIxNDYzODI5NDc1MDAw\n","class":"android.util.Base64","method":"encodeToString","type":"generic","args":["classes3.dex105001921463829475000","0"]}
I/Xposed  ( 6695): Droidmon-apimonitor-com.tencent.mobileqq:{"timestamp":1463829822587,"class":"dalvik.system.DexFile","method":"dalvik.system.DexFile","type":"dex","args":["\/data\/data\/com.tencent.mobileqq\/files\/classes3.jar","\/data\/data\/com.tencent.mobileqq\/app_dex\/classes3\/classes3.dex","0"]}
I/Xposed  ( 6695): Droidmon-apimonitor-com.tencent.mobileqq:{"timestamp":1463829822588,"result":{"mCookie":-1203878168,"mFileName":"\/data\/data\/com.tencent.mobileqq\/files\/classes3.jar","guard":{}},"class":"dalvik.system.DexFile","method":"loadDex","type":"dex","args":["\/data\/data\/com.tencent.mobileqq\/files\/classes3.jar","\/data\/data\/com.tencent.mobileqq\/app_dex\/classes3\/classes3.dex","0"]}
I/Xposed  ( 6695): Droidmon-apimonitor-com.tencent.mobileqq:{"timestamp":1463829822588,"class":"dalvik.system.DexClassLoader","method":"dalvik.system.DexClassLoader","type":"dex","args":["\/data\/data\/com.tencent.mobileqq\/files\/classes3.jar","\/data\/data\/com.tencent.mobileqq\/app_dex\/classes3","\/data\/data\/com.tencent.mobileqq\/files\/classes3.jar","dalvik.system.PathClassLoader[DexPathList[[zip file \"\/system\/framework\/com.google.android.media.effects.jar\", zip file \"\/data\/app\/com.tencent.mobileqq-1.apk\", zip file \"\/data\/data\/com.tencent.mobileqq\/files\/classes4.jar\", zip file \"\/data\/data\/com.tencent.mobileqq\/files\/classes2.jar\"],nativeLibraryDirectories=[\/data\/app-lib\/com.tencent.mobileqq-1, \/system\/lib]]]"]}
I/Xposed  ( 6695): Droidmon-apimonitor-com.tencent.mobileqq:{"timestamp":1463829822589,"result":"\n0x00000000 59 32 78 68 63 33 4E 6C 63 7A 4D 75 5A 47 56 34 Y2xhc3NlczMuZGV4\n0x00000010 4D 54 41 31 4D 44 41 78 4F 54 49 78 4E 44 59 7A MTA1MDAxOTIxNDYz\n0x00000020 4F 44 49 35 4E 44 63 31 4D 44 41 77 0A          ODI5NDc1MDAw.","class":"android.util.Base64","method":"encode","type":"generic","args":["classes3.dex105001921463829475000","0","33","0"]}
I/Xposed  ( 6695): Droidmon-apimonitor-com.tencent.mobileqq:{"timestamp":1463829822589,"result":"\n0x00000000 59 32 78 68 63 33 4E 6C 63 7A 4D 75 5A 47 56 34 Y2xhc3NlczMuZGV4\n0x00000010 4D 54 41 31 4D 44 41 78 4F 54 49 78 4E 44 59 7A MTA1MDAxOTIxNDYz\n0x00000020 4F 44 49 35 4E 44 63 31 4D 44 41 77 0A          ODI5NDc1MDAw.","class":"android.util.Base64","method":"encode","type":"generic","args":["classes3.dex105001921463829475000","0"]}
I/Xposed  ( 6695): Droidmon-apimonitor-com.tencent.mobileqq:{"timestamp":1463829822589,"result":"Y2xhc3NlczMuZGV4MTA1MDAxOTIxNDYzODI5NDc1MDAw\n","class":"android.util.Base64","method":"encodeToString","type":"generic","args":["classes3.dex105001921463829475000","0"]}
E/DexLoadOat( 6695): Success
I/Xposed  ( 6695): Droidmon-apimonitor-com.tencent.mobileqq:{"timestamp":1463829822590,"result":{"descriptor":65},"class":"libcore.io.IoBridge","method":"open","type":"file","args":["\/data\/data\/com.tencent.mobileqq\/files\/classes5.dex.MD5","0"]}
I/Xposed  ( 6695): Droidmon-apimonitor-com.tencent.mobileqq:{"timestamp":1463829822590,"result":{"descriptor":65},"class":"libcore.io.IoBridge","method":"open","type":"file","args":["\/data\/data\/com.tencent.mobileqq\/app_dex\/classes5\/classes5.dat","0"]}
I/Xposed  ( 6695): Droidmon-apimonitor-com.tencent.mobileqq:{"timestamp":1463829822591,"result":"\n0x00000000 59 32 78 68 63 33 4E 6C 63 7A 55 75 5A 47 56 34 Y2xhc3NlczUuZGV4\n0x00000010 4F 44 4D 79 4D 7A 67 32 4E 44 45 30 4E 6A 4D 34 ODMyMzg2NDE0NjM4\n0x00000020 4D 6A 6B 30 4E 7A 55 77 4D 44 41 3D 0A          Mjk0NzUwMDA=.","class":"android.util.Base64","method":"encode","type":"generic","args":["classes5.dex83238641463829475000","0","32","0"]}
I/Xposed  ( 6695): Droidmon-apimonitor-com.tencent.mobileqq:{"timestamp":1463829822597,"result":"\n0x00000000 59 32 78 68 63 33 4E 6C 63 7A 55 75 5A 47 56 34 Y2xhc3NlczUuZGV4\n0x00000010 4F 44 4D 79 4D 7A 67 32 4E 44 45 30 4E 6A 4D 34 ODMyMzg2NDE0NjM4\n0x00000020 4D 6A 6B 30 4E 7A 55 77 4D 44 41 3D 0A          Mjk0NzUwMDA=.","class":"android.util.Base64","method":"encode","type":"generic","args":["classes5.dex83238641463829475000","0"]}
I/Xposed  ( 6695): Droidmon-apimonitor-com.tencent.mobileqq:{"timestamp":1463829822597,"result":"Y2xhc3NlczUuZGV4ODMyMzg2NDE0NjM4Mjk0NzUwMDA=\n","class":"android.util.Base64","method":"encodeToString","type":"generic","args":["classes5.dex83238641463829475000","0"]}
I/Xposed  ( 6695): Droidmon-apimonitor-com.tencent.mobileqq:{"timestamp":1463829822598,"class":"dalvik.system.DexFile","method":"dalvik.system.DexFile","type":"dex","args":["\/data\/data\/com.tencent.mobileqq\/files\/classes5.jar","\/data\/data\/com.tencent.mobileqq\/app_dex\/classes5\/classes5.dex","0"]}
I/Xposed  ( 6695): Droidmon-apimonitor-com.tencent.mobileqq:{"timestamp":1463829822598,"result":{"mCookie":-1202620512,"mFileName":"\/data\/data\/com.tencent.mobileqq\/files\/classes5.jar","guard":{}},"class":"dalvik.system.DexFile","method":"loadDex","type":"dex","args":["\/data\/data\/com.tencent.mobileqq\/files\/classes5.jar","\/data\/data\/com.tencent.mobileqq\/app_dex\/classes5\/classes5.dex","0"]}
I/Xposed  ( 6695): Droidmon-apimonitor-com.tencent.mobileqq:{"timestamp":1463829822599,"class":"dalvik.system.DexClassLoader","method":"dalvik.system.DexClassLoader","type":"dex","args":["\/data\/data\/com.tencent.mobileqq\/files\/classes5.jar","\/data\/data\/com.tencent.mobileqq\/app_dex\/classes5","\/data\/data\/com.tencent.mobileqq\/files\/classes5.jar","dalvik.system.PathClassLoader[DexPathList[[zip file \"\/system\/framework\/com.google.android.media.effects.jar\", zip file \"\/data\/app\/com.tencent.mobileqq-1.apk\", zip file \"\/data\/data\/com.tencent.mobileqq\/files\/classes4.jar\", zip file \"\/data\/data\/com.tencent.mobileqq\/files\/classes2.jar\", zip file \"\/data\/data\/com.tencent.mobileqq\/files\/classes3.jar\"],nativeLibraryDirectories=[\/data\/app-lib\/com.tencent.mobileqq-1, \/system\/lib]]]"]}
I/Xposed  ( 6695): Droidmon-apimonitor-com.tencent.mobileqq:{"timestamp":1463829822599,"result":"\n0x00000000 59 32 78 68 63 33 4E 6C 63 7A 55 75 5A 47 56 34 Y2xhc3NlczUuZGV4\n0x00000010 4F 44 4D 79 4D 7A 67 32 4E 44 45 30 4E 6A 4D 34 ODMyMzg2NDE0NjM4\n0x00000020 4D 6A 6B 30 4E 7A 55 77 4D 44 41 3D 0A          Mjk0NzUwMDA=.","class":"android.util.Base64","method":"encode","type":"generic","args":["classes5.dex83238641463829475000","0","32","0"]}
I/Xposed  ( 6695): Droidmon-apimonitor-com.tencent.mobileqq:{"timestamp":1463829822600,"result":"\n0x00000000 59 32 78 68 63 33 4E 6C 63 7A 55 75 5A 47 56 34 Y2xhc3NlczUuZGV4\n0x00000010 4F 44 4D 79 4D 7A 67 32 4E 44 45 30 4E 6A 4D 34 ODMyMzg2NDE0NjM4\n0x00000020 4D 6A 6B 30 4E 7A 55 77 4D 44 41 3D 0A          Mjk0NzUwMDA=.","class":"android.util.Base64","method":"encode","type":"generic","args":["classes5.dex83238641463829475000","0"]}
I/Xposed  ( 6695): Droidmon-apimonitor-com.tencent.mobileqq:{"timestamp":1463829822600,"result":"Y2xhc3NlczUuZGV4ODMyMzg2NDE0NjM4Mjk0NzUwMDA=\n","class":"android.util.Base64","method":"encodeToString","type":"generic","args":["classes5.dex83238641463829475000","0"]}
E/DexLoadOat( 6695): Success
I/Xposed  ( 6695): Droidmon-apimonitor-com.tencent.mobileqq:{"timestamp":1463829822611,"class":"android.app.ContextImpl","method":"registerReceiver","type":"binder","args":[{"mDebugUnregister":false},{"mPriority":0,"mActions":["android.intent.action.SCREEN_ON","android.intent.action.SCREEN_OFF"],"mHasPartialTypes":false}]}
I/Xposed  ( 6695): Droidmon-apimonitor-com.tencent.mobileqq:{"timestamp":1463829822622,"class":"android.app.ContextImpl","method":"registerReceiver","type":"binder","args":[{"mDebugUnregister":false},{"mPriority":0,"mActions":["android.intent.action.SCREEN_ON","android.intent.action.SCREEN_OFF"],"mHasPartialTypes":false}]}
D/MSF.D.MonitorSocket( 6695): monitor_config not found, disable monitor socket
I/Xposed  ( 6695): Droidmon-apimonitor-com.tencent.mobileqq:{"timestamp":1463829822628,"result":{"descriptor":72},"class":"libcore.io.IoBridge","method":"open","type":"file","args":["\/proc\/meminfo","0"]}
I/Xposed  ( 6695): Droidmon-apimonitor-com.tencent.mobileqq:{"timestamp":1463829822640,"result":"","class":"android.os.SystemProperties","method":"get","type":"content","args":["dalvik.vm.heapgrowthlimit",""]}
I/Xposed  ( 6695): Droidmon-apimonitor-com.tencent.mobileqq:{"timestamp":1463829822641,"result":"256m","class":"android.os.SystemProperties","method":"get","type":"content","args":["dalvik.vm.heapsize","16m"]}
I/Xposed  ( 6695): Droidmon-apimonitor-com.tencent.mobileqq:{"timestamp":1463829822647,"result":"","class":"android.os.SystemProperties","method":"get","type":"content","args":["debug.second-display.pkg"]}
I/AutoMonitor( 6695): onActivityCreatecom.tencent.mobileqq.activity.RegisterGuideActivity@52820208
I/Xposed  ( 6695): Droidmon-apimonitor-com.tencent.mobileqq:{"timestamp":1463829822660,"result":"android.app.SharedPreferencesImpl@52849384","hooked_method":"getSystemSharedPreferences","hooked_class":"com.tencent.common.app.BaseApplicationImpl","args":["com.tencent.mobileqq_preferences","0"],"class":"java.lang.reflect.Method","method":"invoke","type":"reflection"}
I/dalvikvm-heap( 6695): Grow heap (frag case) to 6.962MB for 3686412-byte allocation
D/gralloc_vbox86( 6695): Emulator without GPU emulation detected.
I/ActivityManager(  686): Displayed com.tencent.mobileqq/.activity.RegisterGuideActivity: +966ms
W/linker  ( 6722): libdvm.so has text relocations. This is wasting memory and is a security risk. Please fix.
W/linker  ( 6722): app_process has text relocations. This is wasting memory and is a security risk. Please fix.
D/AndroidRuntime( 6722): 
D/AndroidRuntime( 6722): >>>>>> AndroidRuntime START com.android.internal.os.RuntimeInit <<<<<<
D/AndroidRuntime( 6722): CheckJNI is OFF
E/cutils-trace( 6722): Error opening trace file: No such file or directory (2)
E/memtrack( 6722): Couldn't load memtrack module (No such file or directory)
E/android.os.Debug( 6722): failed to load memtrack module: -2
D/mqq     ( 6695): doInit begin withcom.tencent.mobileqq
W/System.err( 6695): java.io.FileNotFoundException: /data/data/com.tencent.mobileqq/files/Properties: open failed: ENOENT (No such file or directory)
W/System.err( 6695): 	at libcore.io.IoBridge.open(IoBridge.java:409)
W/System.err( 6695): 	at de.robv.android.xposed.XposedBridge.invokeOriginalMethodNative(Native Method)
W/System.err( 6695): 	at de.robv.android.xposed.XposedBridge.handleHookedMethod(XposedBridge.java:631)
W/System.err( 6695): 	at libcore.io.IoBridge.open(Native Method)
W/System.err( 6695): 	at java.io.FileInputStream.<init>(FileInputStream.java:78)
W/System.err( 6695): 	at android.app.ContextImpl.openFileInput(ContextImpl.java:788)
W/System.err( 6695): 	at android.content.ContextWrapper.openFileInput(ContextWrapper.java:179)
W/System.err( 6695): 	at mqq.app.MobileQQ.loadProperites(MobileQQ.java:213)
W/System.err( 6695): 	at mqq.app.MobileQQ.doInit(MobileQQ.java:154)
W/System.err( 6695): 	at com.tencent.mobileqq.startup.step.NewRuntime.a(ProGuard:14)
W/System.err( 6695): 	at com.tencent.mobileqq.startup.step.Step.c(ProGuard:100)
W/System.err( 6695): 	at com.tencent.mobileqq.startup.step.Step.a(ProGuard:132)
W/System.err( 6695): 	at com.tencent.mobileqq.startup.step.Step.c(ProGuard:100)
W/System.err( 6695): 	at com.tencent.mobileqq.startup.director.StartupDirector.a(ProGuard:629)
W/System.err( 6695): 	at com.tencent.mobileqq.startup.director.StartupDirector.handleMessage(ProGuard:649)
W/System.err( 6695): 	at android.os.Handler.dispatchMessage(Handler.java:98)
W/System.err( 6695): 	at android.os.Looper.loop(Looper.java:136)
W/System.err( 6695): 	at android.os.HandlerThread.run(HandlerThread.java:61)
W/System.err( 6695): Caused by: libcore.io.ErrnoException: open failed: ENOENT (No such file or directory)
W/System.err( 6695): 	at libcore.io.Posix.open(Native Method)
W/System.err( 6695): 	at libcore.io.BlockGuardOs.open(BlockGuardOs.java:110)
W/System.err( 6695): 	at libcore.io.IoBridge.open(IoBridge.java:393)
W/System.err( 6695): 	... 17 more
I/Xposed  ( 6695): Droidmon-apimonitor-com.tencent.mobileqq:{"timestamp":1463829823721,"result":"","class":"android.os.SystemProperties","method":"get","type":"content","args":["ro.lewa.version"]}
I/Xposed  ( 6695): Droidmon-apimonitor-com.tencent.mobileqq:{"timestamp":1463829823742,"result":"","hooked_method":"get","hooked_class":"java.lang.Class","args":["ro.lewa.version"],"class":"java.lang.reflect.Method","method":"invoke","type":"reflection"}
D/MSF.D.Proxy( 6695): start service finish
D/MSF.D.Proxy( 6695): threadID:527, threadName: QQ_SUB bind com.tencent.mobileqq.msf.service.MsfService service finished true
D/mqq     ( 6695): doinit last == null goto to sharedPreferences....
I/ActivityManager(  686): Start proc com.tencent.mobileqq:MSF for service com.tencent.mobileqq/.msf.service.MsfService: pid=6732 uid=10019 gids={50019, 3003, 3002, 3001, 1028, 1015}
D/AndroidRuntime( 6722): Calling main entry com.android.commands.am.Am
I/Xposed  ( 6695): Droidmon-apimonitor-com.tencent.mobileqq:{"timestamp":1463829823749,"class":"android.app.ContextImpl","method":"registerReceiver","type":"binder","args":["com.tencent.theme.SkinEngine$1@5282dba4",{"mPriority":0,"mActions":["com.tencent.qplus.THEME_UPDATE"],"mHasPartialTypes":false},"com.tencent.msg.permission.pushnotify"]}
I/ActivityManager(  686): Force stopping com.tencent.mobileqq appid=10019 user=0: from pid 6722
I/ActivityManager(  686): Killing 6695:com.tencent.mobileqq/u0a19 (adj 0): stop com.tencent.mobileqq
W/ActivityManager(  686): Force removing ActivityRecord{52b05294 u0 com.tencent.mobileqq/.activity.RegisterGuideActivity t55}: app died, no saved state
I/ActivityManager(  686): Killing 6732:com.tencent.mobileqq:MSF/u0a19 (adj -100): stop com.tencent.mobileqq
I/ActivityManager(  686):   Force stopping service ServiceRecord{52be4254 u0 com.tencent.mobileqq/.msf.service.MsfService}
D/AndroidRuntime( 6722): Shutting down VM
I/AndroidRuntime( 6722): NOTE: attach of thread 'Binder_2' failed
W/InputDispatcher(  686): channel '52bd3174 com.tencent.mobileqq/com.tencent.mobileqq.activity.RegisterGuideActivity (server)' ~ Consumer closed input channel or an error occurred.  events=0x9
E/InputDispatcher(  686): channel '52bd3174 com.tencent.mobileqq/com.tencent.mobileqq.activity.RegisterGuideActivity (server)' ~ Channel is unrecoverably broken and will be disposed!
W/InputDispatcher(  686): Attempted to unregister already unregistered input channel '52bd3174 com.tencent.mobileqq/com.tencent.mobileqq.activity.RegisterGuideActivity (server)'
I/WindowState(  686): WIN DEATH: Window{52bd3174 u0 com.tencent.mobileqq/com.tencent.mobileqq.activity.RegisterGuideActivity}
W/linker  ( 6743): libdvm.so has text relocations. This is wasting memory and is a security risk. Please fix.
W/linker  ( 6743): app_process has text relocations. This is wasting memory and is a security risk. Please fix.
D/AndroidRuntime( 6743): 
D/AndroidRuntime( 6743): >>>>>> AndroidRuntime START com.android.internal.os.RuntimeInit <<<<<<
D/AndroidRuntime( 6743): CheckJNI is OFF
E/cutils-trace( 6743): Error opening trace file: No such file or directory (2)
E/memtrack( 6743): Couldn't load memtrack module (No such file or directory)
E/android.os.Debug( 6743): failed to load memtrack module: -2
D/AndroidRuntime( 6743): Calling main entry com.android.commands.am.Am
