I/ActivityManager(  686): Killing 1196:eu.chainfire.supersu/u0a76 (adj 15): empty #17
W/ActivityManager(  686): Unable to start service Intent { act=com.google.android.gm.email.EXCHANGE_INTENT pkg=com.google.android.gm.exchange } U=0: not found
D/ActivityThread( 1600): Loading provider com.android.email.provider;com.android.email.notifier: com.android.email.provider.EmailProvider
W/ActivityManager(  686): Unable to start service Intent { cmp=com.google.android.gm/com.android.email.service.AttachmentService } U=0: not found
W/ActivityManager(  686): Unable to start service Intent { act=com.google.android.gm.email.EXCHANGE_INTENT pkg=com.google.android.gm.exchange } U=0: not found
I/ActivityManager(  686): Delay finish: com.android.email/.service.EmailBroadcastReceiver
W/ActivityManager(  686): Unable to start service Intent { cmp=com.android.email/.service.AttachmentDownloadService } U=0: not found
I/ActivityManager(  686): Delaying start of: ServiceRecord{52a4c9c0 u0 com.android.exchange/.service.EmailSyncAdapterService}
I/ActivityManager(  686): Start proc com.android.exchange for service com.android.exchange/.service.EmailSyncAdapterService: pid=1648 uid=10027 gids={50027, 3003, 1028, 1015}
W/ActivityManager(  686): Unable to start service Intent { cmp=com.android.email/.service.AttachmentDownloadService } U=0: not found
I/ActivityManager(  686): Resuming delayed broadcast
I/ActivityManager(  686): Start proc com.genymotion.superuser for broadcast com.genymotion.superuser/com.koushikdutta.superuser.SuCheckerReceiver: pid=1664 uid=10049 gids={50049}
I/ActivityManager(  686): Killing 1215:com.android.dialer/u0a4 (adj 15): empty #17
I/ActivityManager(  686): Killing 1250:com.google.android.marvin.talkback/u0a70 (adj 15): empty #17
W/SocketClient(  293): write error (Broken pipe)
W/SocketClient(  293): write error (Broken pipe)
I/ActivityManager(  686): Start proc com.android.vending for broadcast com.android.vending/com.google.android.finsky.receivers.BootCompletedReceiver: pid=1756 uid=10067 gids={50067, 3003, 1028, 1015}
E/ActivityThread( 1272): Failed to find provider info for com.google.android.wearable.settings
I/ActivityManager(  686): Start proc com.google.android.gms.unstable for service com.google.android.gms/.droidguard.DroidGuardService: pid=1774 uid=10058 gids={50058, 3003, 1007, 1028, 1015, 3002, 3001, 3007, 2001, 3006}
W/SocketClient(  293): write error (Broken pipe)
I/ActivityManager(  686): Killing 1144:android.process.media/u0a5 (adj 15): empty #17
I/ActivityManager(  686): Killing 951:com.android.printspooler/u0a45 (adj 15): empty #18
I/ActivityManager(  686): Start proc com.google.android.googlequicksearchbox:search for broadcast com.google.android.googlequicksearchbox/com.google.android.apps.gsa.search.core.StartUpReceiver: pid=1819 uid=10069 gids={50069, 3003, 1028, 3002, 1015, 3001}
I/ActivityManager(  686): Killing 1399:com.android.mms/u0a9 (adj 15): empty #17
D/CountryDetector(  686): No listener is left
I/ActivityManager(  686): Start proc android.process.media for content provider com.android.providers.downloads/.DownloadProvider: pid=1833 uid=10005 gids={50005, 1028, 1015, 1023, 1024, 2001, 3003, 3007}
I/ActivityManager(  686): Killing 1454:com.android.onetimeinitializer/u0a11 (adj 15): empty #17
I/ActivityManager(  686): Delay finish: com.google.android.googlequicksearchbox/com.google.android.apps.gsa.search.core.StartUpReceiver
I/ActivityManager(  686): Delaying start of: ServiceRecord{52a871a0 u0 com.google.android.googlequicksearchbox/com.google.android.apps.gsa.sidekick.main.kato.ScreenOnService}
W/SocketClient(  293): write error (Broken pipe)
D/ConnectivityService(  686): handleInetConditionHoldEnd: net=1, condition=0, published condition=0
D/ConnectivityService(  686): setProvNotificationVisible: E visible=false networkType=1 extraInfo=null url=null
D/ConnectivityService(  686): captivePortalCheckCompleted: ni=NetworkInfo: type: WIFI[], state: CONNECTED/CONNECTED, reason: (unspecified), extra: "WiredSSID", roaming: false, failover: false, isAvailable: true, isConnectedToProvisioningNetwork: false captive=false
W/SocketClient(  293): write error (Broken pipe)
W/SocketClient(  293): write error (Broken pipe)
I/ActivityManager(  686): Start proc com.google.android.googlequicksearchbox:interactor for service com.google.android.googlequicksearchbox/com.google.android.apps.gsa.sidekick.main.kato.ScreenOnService: pid=1912 uid=10069 gids={50069, 3003, 1028, 3002, 1015, 3001}
I/ActivityManager(  686): Killing 1469:com.android.voicedialer/u0a14 (adj 15): empty #17
I/ActivityManager(  686): Resuming delayed broadcast
I/ActivityManager(  686): Delay finish: com.google.android.gm/.GoogleMailDeviceStartupReceiver
I/ActivityManager(  686): Resuming delayed broadcast
I/ActivityManager(  686): Delay finish: com.google.android.gm/.MailIntentReceiver
I/ActivityManager(  686): Resuming delayed broadcast
I/ActivityManager(  686): Delay finish: com.google.android.gm/com.android.email.service.EmailBroadcastReceiver
W/ActivityManager(  686): Unable to start service Intent { act=com.google.android.gm.email.EXCHANGE_INTENT pkg=com.google.android.gm.exchange } U=0: not found
W/ActivityManager(  686): Unable to start service Intent { act=com.google.android.gm.email.EXCHANGE_INTENT pkg=com.google.android.gm.exchange } U=0: not found
I/ActivityManager(  686): Resuming delayed broadcast
E/ActivityThread( 1436): Service com.android.email.service.EmailBroadcastProcessorService has leaked ServiceConnection com.android.emailcommon.service.as@527fd708 that was originally bound here
E/ActivityThread( 1436): android.app.ServiceConnectionLeaked: Service com.android.email.service.EmailBroadcastProcessorService has leaked ServiceConnection com.android.emailcommon.service.as@527fd708 that was originally bound here
E/ActivityThread( 1436): 	at android.app.LoadedApk$ServiceDispatcher.<init>(LoadedApk.java:979)
E/ActivityThread( 1436): 	at android.app.LoadedApk.getServiceDispatcher(LoadedApk.java:873)
E/ActivityThread( 1436): 	at android.app.ContextImpl.bindServiceCommon(ContextImpl.java:1569)
E/ActivityThread( 1436): 	at android.app.ContextImpl.bindService(ContextImpl.java:1552)
E/ActivityThread( 1436): 	at android.content.ContextWrapper.bindService(ContextWrapper.java:517)
E/ActivityThread( 1436): 	at com.android.emailcommon.service.aq.a(SourceFile:181)
E/ActivityThread( 1436): 	at com.android.emailcommon.service.aq.e(SourceFile:224)
E/ActivityThread( 1436): 	at com.android.email.service.l.c(SourceFile:168)
E/ActivityThread( 1436): 	at com.android.email.provider.b.a(SourceFile:201)
E/ActivityThread( 1436): 	at com.android.email.provider.b.a(SourceFile:145)
E/ActivityThread( 1436): 	at com.android.email.service.EmailBroadcastProcessorService.c(SourceFile:347)
E/ActivityThread( 1436): 	at com.android.email.service.EmailBroadcastProcessorService.onHandleIntent(SourceFile:1332)
E/ActivityThread( 1436): 	at android.app.IntentService$ServiceHandler.handleMessage(IntentService.java:65)
E/ActivityThread( 1436): 	at android.os.Handler.dispatchMessage(Handler.java:102)
E/ActivityThread( 1436): 	at android.os.Looper.loop(Looper.java:136)
E/ActivityThread( 1436): 	at android.os.HandlerThread.run(HandlerThread.java:61)
W/ActivityManager(  686): Unbind failed: could not find connection for android.os.BinderProxy@52a6f8b8
I/ActivityManager(  686): Killing 1483:com.google.android.configupdater/u0a63 (adj 15): empty #17
I/ActivityManager(  686): Delay finish: com.google.android.gms/.init.InitializeGmsReceiver
I/ActivityManager(  686): Resuming delayed broadcast
I/ActivityManager(  686): Delay finish: com.google.android.gms/.auth.be.account.AccountStatusChecker$InitializeReceiver
I/ActivityManager(  686): Resuming delayed broadcast
I/ActivityManager(  686): Delay finish: com.google.android.gms/.auth.crypto.ChannelBindingBroadcastReceiver
I/ActivityManager(  686): Resuming delayed broadcast
I/ActivityManager(  686): Start proc com.android.mms for broadcast com.android.mms/.transaction.MmsSystemEventReceiver: pid=1944 uid=10009 gids={50009, 3003, 1028, 1015}
D/CountryDetector(  686): The first listener is added
I/ActivityManager(  686): Start proc com.google.android.setupwizard for broadcast com.google.android.setupwizard/.MobileConnectivityChangeReceiver: pid=1970 uid=10068 gids={50068, 3003}
I/ActivityManager(  686): Killing 1508:com.google.android.onetimeinitializer/u0a65 (adj 15): empty #17
I/ActivityManager(  686): Start proc com.android.settings for broadcast com.android.settings/.widget.SettingsAppWidgetProvider: pid=1999 uid=1000 gids={41000, 1028, 1015, 3002, 3001, 3003}
E/ActivityThread( 1272): Failed to find provider info for com.google.android.wearable.settings
I/ActivityManager(  686): Killing 1569:com.android.deskclock/u0a24 (adj 15): empty #17
I/ActivityManager(  686): Delay finish: com.android.calendar/.alerts.AlertReceiver
W/SocketClient(  293): write error (Broken pipe)
I/ActivityManager(  686): Waited long enough for: ServiceRecord{52a45098 u0 com.android.music/.MediaPlaybackService}
I/ActivityManager(  686): Resuming delayed broadcast
I/ActivityManager(  686): Delay finish: com.android.mms/.transaction.SmsReceiver
I/ActivityManager(  686): Resuming delayed broadcast
I/ActivityManager(  686): Delay finish: com.google.android.gm/.widget.GmailWidgetProvider
I/ActivityManager(  686): Resuming delayed broadcast
I/ActivityManager(  686): Delay finish: com.google.android.gm/.MailIntentReceiver
I/ActivityManager(  686): Delay finish: com.google.android.gm/.widget.GmailWidgetProvider
I/ActivityManager(  686): Resuming delayed broadcast
I/ActivityManager(  686): Resuming delayed broadcast
I/ActivityManager(  686): Start proc com.android.deskclock for broadcast com.android.deskclock/com.android.alarmclock.DigitalAppWidgetProvider: pid=2041 uid=10024 gids={50024, 1028}
I/ActivityManager(  686): Delay finish: com.android.providers.calendar/.CalendarProviderBroadcastReceiver
I/ActivityManager(  686): Resuming delayed broadcast
I/ActivityManager(  686): Delay finish: com.android.mms/.transaction.SmsReceiver
I/ActivityManager(  686): Resuming delayed broadcast
I/ActivityManager(  686): Delay finish: com.google.android.gm/.widget.GmailWidgetProvider
I/ActivityManager(  686): Resuming delayed broadcast
W/SocketClient(  293): write error (Broken pipe)
I/PackageManager(  686): Adding preferred activity ComponentInfo{com.android.mms/com.android.mms.ui.ComposeMessageActivity} for user 0 :
I/ActivityManager(  686): Start proc com.android.voicedialer for broadcast com.android.voicedialer/.VoiceDialerReceiver: pid=2089 uid=10014 gids={50014, 3002}
I/PackageManager(  686): Adding preferred activity ComponentInfo{com.android.mms/com.android.mms.ui.ComposeMessageActivity} for user 0 :
I/PackageManager(  686): Adding preferred activity ComponentInfo{com.android.mms/com.android.mms.ui.ComposeMessageActivity} for user 0 :
I/PackageManager(  686): Adding preferred activity ComponentInfo{com.android.mms/com.android.mms.ui.ComposeMessageActivity} for user 0 :
I/PackageManager(  686): Adding preferred activity ComponentInfo{com.android.mms/com.android.mms.ui.ComposeMessageActivity} for user 0 :
I/PackageManager(  686): Adding preferred activity ComponentInfo{com.android.mms/com.android.mms.ui.ComposeMessageActivity} for user 0 :
I/ActivityManager(  686): Killing 1240:com.google.android.apps.genie.geniewidget/u0a55 (adj 15): empty #17
I/PackageManager(  686): Adding preferred activity ComponentInfo{com.android.mms/com.android.mms.ui.ComposeMessageActivity} for user 0 :
I/PackageManager(  686): Adding preferred activity ComponentInfo{com.android.mms/com.android.mms.ui.ComposeMessageActivity} for user 0 :
I/ActivityManager(  686): Delay finish: com.google.android.googlequicksearchbox/com.google.android.apps.gsa.search.core.icingsync.IcingCorporaChangedReceiver
I/ActivityManager(  686): Resuming delayed broadcast
I/ActivityManager(  686): Start proc de.robv.android.xposed.installer for broadcast de.robv.android.xposed.installer/.PackageChangeReceiver: pid=2117 uid=10085 gids={50085, 1028, 1015, 3003}
I/ActivityManager(  686): Killing 1648:com.android.exchange/u0a27 (adj 15): empty #17
D/ConnectivityService(  686): handleInetConditionHoldEnd: net=1, condition=0, published condition=0
I/ActivityManager(  686): Waited long enough for: ServiceRecord{52a37390 u0 com.android.calendar/.alerts.InitAlarmsService}
I/ActivityManager(  686): Killing 1664:com.genymotion.superuser/u0a49 (adj 15): empty #17
I/ActivityManager(  686): Killing 1173:com.google.android.partnersetup/u0a66 (adj 15): empty #17
D/ConnectivityService(  686): handleInetConditionHoldEnd: net=1, condition=0, published condition=0
E/ActivityThread( 1272): Failed to find provider info for com.google.android.wearable.settings
W/SocketClient(  293): write error (Broken pipe)
D/ConnectivityService(  686): handleInetConditionHoldEnd: net=1, condition=0, published condition=0
I/ActivityManager(  686): Killing 1912:com.google.android.googlequicksearchbox:interactor/u0a69 (adj 15): empty #17
I/PackageManager(  686): Adding preferred activity ComponentInfo{com.android.mms/com.android.mms.ui.ComposeMessageActivity} for user 0 :
I/PackageManager(  686): Adding preferred activity ComponentInfo{com.android.mms/com.android.mms.ui.ComposeMessageActivity} for user 0 :
I/PackageManager(  686): Adding preferred activity ComponentInfo{com.android.mms/com.android.mms.ui.ComposeMessageActivity} for user 0 :
I/PackageManager(  686): Adding preferred activity ComponentInfo{com.android.mms/com.android.mms.ui.ComposeMessageActivity} for user 0 :
I/PackageManager(  686): Adding preferred activity ComponentInfo{com.android.mms/com.android.mms.ui.ComposeMessageActivity} for user 0 :
I/PackageManager(  686): Adding preferred activity ComponentInfo{com.android.mms/com.android.mms.ui.ComposeMessageActivity} for user 0 :
I/PackageManager(  686): Adding preferred activity ComponentInfo{com.android.mms/com.android.mms.ui.ComposeMessageActivity} for user 0 :
I/PackageManager(  686): Adding preferred activity ComponentInfo{com.android.mms/com.android.mms.ui.ComposeMessageActivity} for user 0 :
D/ConnectivityService(  686): handleInetConditionHoldEnd: net=1, condition=0, published condition=0
I/ActivityManager(  686): Start proc com.android.musicfx for broadcast com.android.musicfx/.ControlPanelReceiver: pid=2176 uid=10010 gids={50010, 3003, 3002}
I/ActivityManager(  686): Killing 1124:com.android.music/u0a36 (adj 15): empty #17
I/ActivityManager(  686): Killing 1970:com.google.android.setupwizard/u0a68 (adj 15): empty #17
D/ConnectivityService(  686): Sampling interval elapsed, updating statistics ..
D/ConnectivityService(  686): Done.
D/ConnectivityService(  686): Setting timer for 720seconds
E/ActivityThread( 1272): Failed to find provider info for com.google.android.wearable.settings
I/ActivityManager(  686): Start proc com.google.android.apps.genie.geniewidget for service com.google.android.apps.genie.geniewidget/.sync.SyncAdapterService: pid=2198 uid=10055 gids={50055, 3003}
W/SocketClient(  293): write error (Broken pipe)
I/ActivityManager(  686): Killing 1999:com.android.settings/1000 (adj 15): empty #17
I/PackageManager(  686): Adding preferred activity ComponentInfo{com.android.mms/com.android.mms.ui.ComposeMessageActivity} for user 0 :
I/PackageManager(  686): Adding preferred activity ComponentInfo{com.android.mms/com.android.mms.ui.ComposeMessageActivity} for user 0 :
I/PackageManager(  686): Adding preferred activity ComponentInfo{com.android.mms/com.android.mms.ui.ComposeMessageActivity} for user 0 :
I/PackageManager(  686): Adding preferred activity ComponentInfo{com.android.mms/com.android.mms.ui.ComposeMessageActivity} for user 0 :
I/PackageManager(  686): Adding preferred activity ComponentInfo{com.android.mms/com.android.mms.ui.ComposeMessageActivity} for user 0 :
I/PackageManager(  686): Adding preferred activity ComponentInfo{com.android.mms/com.android.mms.ui.ComposeMessageActivity} for user 0 :
I/PackageManager(  686): Adding preferred activity ComponentInfo{com.android.mms/com.android.mms.ui.ComposeMessageActivity} for user 0 :
I/PackageManager(  686): Adding preferred activity ComponentInfo{com.android.mms/com.android.mms.ui.ComposeMessageActivity} for user 0 :
D/ConnectivityService(  686): handleInetConditionHoldEnd: net=1, condition=0, published condition=0
E/ActivityThread( 1272): Failed to find provider info for com.google.android.wearable.settings
W/SocketClient(  293): write error (Broken pipe)
I/PackageManager(  686): Adding preferred activity ComponentInfo{com.android.mms/com.android.mms.ui.ComposeMessageActivity} for user 0 :
I/PackageManager(  686): Adding preferred activity ComponentInfo{com.android.mms/com.android.mms.ui.ComposeMessageActivity} for user 0 :
I/PackageManager(  686): Adding preferred activity ComponentInfo{com.android.mms/com.android.mms.ui.ComposeMessageActivity} for user 0 :
I/PackageManager(  686): Adding preferred activity ComponentInfo{com.android.mms/com.android.mms.ui.ComposeMessageActivity} for user 0 :
I/PackageManager(  686): Adding preferred activity ComponentInfo{com.android.mms/com.android.mms.ui.ComposeMessageActivity} for user 0 :
I/PackageManager(  686): Adding preferred activity ComponentInfo{com.android.mms/com.android.mms.ui.ComposeMessageActivity} for user 0 :
I/PackageManager(  686): Adding preferred activity ComponentInfo{com.android.mms/com.android.mms.ui.ComposeMessageActivity} for user 0 :
I/PackageManager(  686): Adding preferred activity ComponentInfo{com.android.mms/com.android.mms.ui.ComposeMessageActivity} for user 0 :
D/ConnectivityService(  686): handleInetConditionHoldEnd: net=1, condition=0, published condition=0
I/ActivityManager(  686): Start proc eu.chainfire.supersu for broadcast eu.chainfire.supersu/.UserPresentReceiver: pid=2281 uid=10076 gids={50076}
I/ActivityManager(  686): Killing 2041:com.android.deskclock/u0a24 (adj 15): empty #17
I/ActivityManager(  686): START u0 {act=android.intent.action.MAIN cat=[android.intent.category.LAUNCHER] flg=0x10200000 cmp=com.android.settings/.Settings} from pid 939
W/WindowManager(  686): Screenshot failure taking screenshot for (328x524) to layer 21005
I/ActivityManager(  686): Start proc com.android.settings for activity com.android.settings/.Settings: pid=2298 uid=1000 gids={41000, 1028, 1015, 3002, 3001, 3003}
D/WifiService(  686): setWifiEnabled: true pid=2298, uid=1000
I/ActivityManager(  686): START u0 {act=android.intent.action.MAIN cmp=com.android.settings/.SubSettings (has extras)} from pid 2298
W/WindowManager(  686): Screenshot failure taking screenshot for (328x524) to layer 21015
W/WindowManager(  686): Screenshot failure taking screenshot for (328x524) to layer 21015
I/ActivityManager(  686): START u0 {act=android.intent.action.MAIN cat=[android.intent.category.HOME] flg=0x10200000 cmp=com.android.launcher/com.android.launcher2.Launcher} from pid 686
W/WindowManager(  686): Screenshot failure taking screenshot for (328x524) to layer 21015
W/InputMethodManagerService(  686): Starting input on non-focused client com.android.internal.view.IInputMethodClient$Stub$Proxy@529c4550 (uid=1000 pid=2298)
E/ActivityThread( 1272): Failed to find provider info for com.google.android.wearable.settings
D/ConnectivityService(  686): handleInetConditionHoldEnd: net=1, condition=0, published condition=0
I/PackageManager(  686): Adding preferred activity ComponentInfo{com.android.mms/com.android.mms.ui.ComposeMessageActivity} for user 0 :
I/PackageManager(  686): Adding preferred activity ComponentInfo{com.android.mms/com.android.mms.ui.ComposeMessageActivity} for user 0 :
I/PackageManager(  686): Adding preferred activity ComponentInfo{com.android.mms/com.android.mms.ui.ComposeMessageActivity} for user 0 :
I/PackageManager(  686): Adding preferred activity ComponentInfo{com.android.mms/com.android.mms.ui.ComposeMessageActivity} for user 0 :
I/PackageManager(  686): Adding preferred activity ComponentInfo{com.android.mms/com.android.mms.ui.ComposeMessageActivity} for user 0 :
I/PackageManager(  686): Adding preferred activity ComponentInfo{com.android.mms/com.android.mms.ui.ComposeMessageActivity} for user 0 :
I/PackageManager(  686): Adding preferred activity ComponentInfo{com.android.mms/com.android.mms.ui.ComposeMessageActivity} for user 0 :
I/PackageManager(  686): Adding preferred activity ComponentInfo{com.android.mms/com.android.mms.ui.ComposeMessageActivity} for user 0 :
I/ActivityManager(  686): Start proc com.android.defcontainer for service com.android.defcontainer/.DefaultContainerService: pid=2381 uid=10003 gids={50003, 1028, 1015, 1023, 2001, 1035}
W/ActivityManager(  686): No content provider found for permission revoke: file:///data/local/tmp/test.apk
W/ActivityManager(  686): No content provider found for permission revoke: file:///data/local/tmp/test.apk
I/PackageManager(  686): Copying native libraries to /data/app-lib/vmdl2021208123
W/PackageManager(  686): Package com.tencent.mobileqq desires unavailable shared library com.sec.android.app.multiwindow; ignoring!
W/PackageManager(  686): Package com.tencent.mobileqq desires unavailable shared library com.motorola.hardware.frontcamera; ignoring!
I/PackageManager(  686): Package installed with second ABI Library: 10019com.tencent.mobileqq
I/PackageManager(  686): Data written:10019
I/PackageManager(  686): Data written into /data/data/.appwithABI2
I/ActivityManager(  686): Force stopping com.tencent.mobileqq appid=10019 user=-1: update pkg
W/PackageSettings(  686): Skipping PackageSetting{528307b4 com.example.android.apis/10053} due to missing metadata
W/PackageManager(  686): Not granting permission android.permission.GLOBAL_SEARCH to package com.android.quicksearchbox (protectionLevel=18 flags=0x88be45)
W/PackageManager(  686): Unknown permission com.android.vending.billing.IBillingAccountService.BIND2 in package com.google.android.gsf.login
W/PackageManager(  686): Unknown permission com.android.chrome.TOS_ACKED in package com.google.android.gsf.login
W/PackageManager(  686): Unknown permission com.google.android.gallery3d.permission.GALLERY_PROVIDER in package com.android.bluetooth
W/PackageManager(  686): Unknown permission com.android.gallery3d.permission.GALLERY_PROVIDER in package com.android.bluetooth
W/PackageManager(  686): Not granting permission android.permission.ACCESS_DOWNLOAD_MANAGER to package com.android.browser (protectionLevel=18 flags=0x89be45)
W/PackageManager(  686): Not granting permission android.permission.SEND_DOWNLOAD_COMPLETED_INTENTS to package com.android.browser (protectionLevel=2 flags=0x89be45)
W/PackageManager(  686): Unknown permission android.permission.INSTALL_DRM in package com.android.mms
W/PackageManager(  686): Unknown permission android.permission.OBSERVE_GRANT_REVOKE_PERMISSIONS in package com.google.android.gms
W/PackageManager(  686): Unknown permission android.permission.RECOVERY in package com.google.android.gms
W/PackageManager(  686): Not granting permission android.permission.READ_DREAM_STATE to package com.google.android.gms (protectionLevel=2 flags=0xc83ec5)
W/PackageManager(  686): Unknown permission android.permission.PROVIDE_TRUST_AGENT in package com.google.android.gms
W/PackageManager(  686): Unknown permission com.google.android.apps.enterprise.dmagent.permission.AutoSyncPermission in package com.google.android.gms
W/PackageManager(  686): Not granting permission android.permission.PACKAGE_USAGE_STATS to package com.google.android.gms (protectionLevel=18 flags=0xc83ec5)
W/PackageManager(  686): Not granting permission android.permission.CAPTURE_AUDIO_HOTWORD to package com.google.android.gms (protectionLevel=18 flags=0xc83ec5)
W/PackageManager(  686): Unknown permission android.permission.MANAGE_VOICE_KEYPHRASES in package com.google.android.gms
W/PackageManager(  686): Unknown permission android.permission.REAL_GET_TASKS in package com.google.android.gms
W/PackageManager(  686): Unknown permission android.permission.READ_WIFI_CREDENTIAL in package com.google.android.gms
W/PackageManager(  686): Unknown permission android.permission.SCORE_NETWORKS in package com.google.android.gms
W/PackageManager(  686): Unknown permission android.permission.CONTROL_INCALL_EXPERIENCE in package com.google.android.gms
W/PackageManager(  686): Unknown permission android.permission.USER_ACTIVITY in package com.google.android.gms
W/PackageManager(  686): Unknown permission android.permission.MODIFY_AUDIO_ROUTING in package com.google.android.gms
W/PackageManager(  686): Not granting permission android.permission.READ_FRAME_BUFFER to package com.google.android.gms (protectionLevel=18 flags=0xc83ec5)
W/PackageManager(  686): Unknown permission com.google.android.wearable.READ_SETTINGS in package com.google.android.gms
W/PackageManager(  686): Unknown permission android.permission.INTENT_FILTER_VERIFICATION_AGENT in package com.google.android.gms
W/PackageManager(  686): Unknown permission android.permission.LOCAL_MAC_ADDRESS in package com.google.android.gms
W/PackageManager(  686): Unknown permission android.permission.CHANGE_DEVICE_IDLE_TEMP_WHITELIST in package com.google.android.gms
W/PackageManager(  686): Unknown permission android.permission.BODY_SENSORS in package com.google.android.gms
W/PackageManager(  686): Unknown permission android.permission.NOTIFY_PENDING_SYSTEM_UPDATE in package com.google.android.gms
W/PackageManager(  686): Unknown permission com.android.voicemail.permission.READ_VOICEMAIL in package com.google.android.gms
W/PackageManager(  686): Unknown permission com.google.android.gallery3d.permission.PICASA_STORE in package com.android.dreams.phototable
W/PackageManager(  686): Unknown permission android.permission.READ_OWNER_DATA in package com.google.android.setupwizard
W/PackageManager(  686): Unknown permission android.permission.WRITE_OWNER_DATA in package com.google.android.setupwizard
W/PackageManager(  686): Unknown permission cydia.permission.SUBSTRATE in package com.android.SSLTrustKiller
W/PackageManager(  686): Not granting permission android.permission.MOUNT_UNMOUNT_FILESYSTEMS to package com.cuckoodroid.droidmon (protectionLevel=18 flags=0x8be46)
W/PackageManager(  686): Unknown permission com.google.android.voicesearch.SHORTCUTS_ACCESS in package com.google.android.googlequicksearchbox
W/PackageManager(  686): Unknown permission com.google.android.voicesearch.ACCESS_SETTINGS in package com.google.android.googlequicksearchbox
W/PackageManager(  686): Not granting permission android.permission.MEDIA_CONTENT_CONTROL to package com.google.android.googlequicksearchbox (protectionLevel=18 flags=0xdbbec5)
W/PackageManager(  686): Not granting permission android.permission.INTERACT_ACROSS_USERS to package com.google.android.googlequicksearchbox (protectionLevel=50 flags=0xdbbec5)
W/PackageManager(  686): Unknown permission com.google.googlenav.friend.permission.OPT_IN in package com.google.android.googlequicksearchbox
W/PackageManager(  686): Unknown permission com.google.android.apps.maps.permission.PREFETCH in package com.google.android.googlequicksearchbox
W/PackageManager(  686): Unknown permission android.permission.REAL_GET_TASKS in package com.google.android.googlequicksearchbox
W/PackageManager(  686): Unknown permission com.google.android.apps.googlevoice.permission.AUTO_SEND in package com.google.android.googlequicksearchbox
W/PackageManager(  686): Unknown permission android.permission.MANAGE_VOICE_KEYPHRASES in package com.google.android.googlequicksearchbox
W/PackageManager(  686): Unknown permission com.android.chrome.PRERENDER_URL in package com.google.android.googlequicksearchbox
W/PackageManager(  686): Not granting permission android.permission.STOP_APP_SWITCHES to package com.google.android.googlequicksearchbox (protectionLevel=18 flags=0xdbbec5)
W/PackageManager(  686): Unknown permission com.google.android.launcher.permission.CONTENT_REDIRECT in package com.google.android.googlequicksearchbox
W/PackageManager(  686): Not granting permission android.permission.DELETE_PACKAGES to package com.svox.pico (protectionLevel=18 flags=0x88be45)
W/PackageManager(  686): Not granting permission android.permission.MOUNT_UNMOUNT_FILESYSTEMS to package com.emulator.antidetect (protectionLevel=18 flags=0x8be46)
W/PackageManager(  686): Unknown permission android.permission.REAL_GET_TASKS in package com.android.vending
W/PackageManager(  686): Not granting permission android.permission.SEND_DOWNLOAD_COMPLETED_INTENTS to package com.android.vending (protectionLevel=2 flags=0xcabec5)
W/PackageManager(  686): Unknown permission android.permission.SEND_SMS_NO_CONFIRMATION in package com.android.vending
W/PackageManager(  686): Unknown permission android.permission.USE_FINGERPRINT in package com.android.vending
W/PackageManager(  686): Unknown permission android.permission.GET_PACKAGE_IMPORTANCE in package com.android.vending
W/PackageManager(  686): Unknown permission android.permission.GET_ACCOUNTS_PRIVILEGED in package com.android.vending
W/PackageManager(  686): Unknown permission android.permission.INSTALL_GRANT_RUNTIME_PERMISSIONS in package com.android.vending
W/PackageManager(  686): Unknown permission android.permission.GRANT_RUNTIME_PERMISSIONS in package com.android.vending
W/PackageManager(  686): Unknown permission android.permission.REVOKE_RUNTIME_PERMISSIONS in package com.android.vending
W/PackageManager(  686): Unknown permission android.permission.CHANGE_DEVICE_IDLE_TEMP_WHITELIST in package com.android.vending
W/PackageManager(  686): Not granting permission android.permission.BATTERY_STATS to package com.android.vending (protectionLevel=18 flags=0xcabec5)
W/PackageManager(  686): Not granting permission android.permission.FORCE_STOP_PACKAGES to package com.android.vending (protectionLevel=2 flags=0xcabec5)
W/PackageManager(  686): Unknown permission com.google.android.calendar.permission.READ_OOBE in package com.google.android.gm
W/PackageManager(  686): Unknown permission com.google.android.email.permission.READ_ATTACHMENT in package com.google.android.gm
W/PackageManager(  686): Unknown permission com.google.android.email.permission.ACCESS_PROVIDER in package com.google.android.gm
W/PackageManager(  686): Unknown permission com.google.android.gm.exchange.BIND in package com.google.android.gm
W/PackageManager(  686): Not granting permission android.permission.REBOOT to package eu.chainfire.supersu (protectionLevel=18 flags=0x883e04)
W/PackageManager(  686): Not granting permission android.permission.DEVICE_POWER to package com.android.deskclock (protectionLevel=2 flags=0xc8be45)
W/PackageManager(  686): Not granting permission android.permission.READ_DREAM_STATE to package com.google.android.gsf (protectionLevel=2 flags=0x40883e45)
W/PackageManager(  686): Not granting permission android.permission.CHANGE_CONFIGURATION to package com.tencent.mobileqq (protectionLevel=50 flags=0x83e44)
W/PackageManager(  686): Unknown permission com.tencent.permission.VIRUS_SCAN in package com.tencent.mobileqq
W/PackageManager(  686): Not granting permission android.permission.READ_LOGS to package com.tencent.mobileqq (protectionLevel=50 flags=0x83e44)
W/PackageManager(  686): Unknown permission android.permission.WRITE_OWNER_DATA in package com.tencent.mobileqq
W/PackageManager(  686): Unknown permission android.permission.SYSTEM_OVERLAY_WINDOW in package com.tencent.mobileqq
W/PackageManager(  686): Not granting permission android.permission.INTERACT_ACROSS_USERS to package com.tencent.mobileqq (protectionLevel=50 flags=0x83e44)
W/PackageManager(  686): Unknown permission com.android.launcher3.permission.READ_SETTINGS in package com.tencent.mobileqq
W/PackageManager(  686): Unknown permission com.android.launcher3.permission.WRITE_SETTINGS in package com.tencent.mobileqq
W/PackageManager(  686): Unknown permission com.bbk.launcher2.permission.READ_SETTINGS in package com.tencent.mobileqq
W/PackageManager(  686): Unknown permission com.huaqin.launcherEx.permission.READ_SETTINGS in package com.tencent.mobileqq
W/PackageManager(  686): Unknown permission com.htc.launcher.settings in package com.tencent.mobileqq
W/PackageManager(  686): Unknown permission com.htc.launcher.permission.READ_SETTINGS in package com.tencent.mobileqq
W/PackageManager(  686): Unknown permission com.htc.launcher.permission.WRITE_SETTINGS in package com.tencent.mobileqq
W/PackageManager(  686): Unknown permission com.huawei.launcher3.permission.READ_SETTINGS in package com.tencent.mobileqq
W/PackageManager(  686): Unknown permission com.huawei.android.launcher.permission.READ_SETTINGS in package com.tencent.mobileqq
W/PackageManager(  686): Unknown permission com.sonyericsson.home.permission.BROADCAST_BADGE in package com.tencent.mobileqq
W/PackageManager(  686): Unknown permission com.sec.android.provider.badge.permission.READ in package com.tencent.mobileqq
W/PackageManager(  686): Unknown permission com.sec.android.provider.badge.permission.WRITE in package com.tencent.mobileqq
W/PackageManager(  686): Unknown permission com.lenovo.launcher.permission.BADGE_READ in package com.tencent.mobileqq
W/PackageManager(  686): Unknown permission com.lenovo.launcher.permission.BADGE_WRITE in package com.tencent.mobileqq
W/PackageManager(  686): Unknown permission com.huawei.android.launcher.permission.CHANGE_BADGE in package com.tencent.mobileqq
W/PackageManager(  686): Unknown permission com.huawei.authentication.HW_ACCESS_AUTH_SERVICE in package com.tencent.mobileqq
W/PackageManager(  686): Unknown permission android.permission.READ_APP_BADGE in package com.tencent.mobileqq
W/PackageSettings(  686): Skipping PackageSetting{528307b4 com.example.android.apis/10053} due to missing metadata
I/PackageManager(  686): Adding preferred activity ComponentInfo{com.android.mms/com.android.mms.ui.ComposeMessageActivity} for user 0 :
I/PackageManager(  686): Adding preferred activity ComponentInfo{com.android.mms/com.android.mms.ui.ComposeMessageActivity} for user 0 :
I/PackageManager(  686): Adding preferred activity ComponentInfo{com.android.mms/com.android.mms.ui.ComposeMessageActivity} for user 0 :
I/PackageManager(  686): Adding preferred activity ComponentInfo{com.android.mms/com.android.mms.ui.ComposeMessageActivity} for user 0 :
I/PackageManager(  686): Adding preferred activity ComponentInfo{com.android.mms/com.android.mms.ui.ComposeMessageActivity} for user 0 :
I/PackageManager(  686): Adding preferred activity ComponentInfo{com.android.mms/com.android.mms.ui.ComposeMessageActivity} for user 0 :
I/PackageManager(  686): Adding preferred activity ComponentInfo{com.android.mms/com.android.mms.ui.ComposeMessageActivity} for user 0 :
I/ActivityManager(  686): Start proc com.google.android.partnersetup for broadcast com.google.android.partnersetup/.RlzPingBroadcastReceiver: pid=2397 uid=10066 gids={50066, 3003}
I/PackageManager(  686): Adding preferred activity ComponentInfo{com.android.mms/com.android.mms.ui.ComposeMessageActivity} for user 0 :
D/BackupManagerService(  686): Received broadcast Intent { act=android.intent.action.PACKAGE_ADDED dat=package:com.tencent.mobileqq flg=0x4000010 (has extras) }
V/BackupManagerService(  686): addPackageParticipantsLocked: #1
I/ActivityManager(  686): Start proc com.svox.pico for broadcast com.svox.pico/.VoiceDataInstallerReceiver: pid=2418 uid=10043 gids={50043, 1028, 1015}
I/ActivityManager(  686): Killing 1600:com.android.email/u0a26 (adj 15): empty #17
I/ActivityManager(  686): Start proc com.genymotion.superuser for broadcast com.genymotion.superuser/com.koushikdutta.superuser.PackageChangeReceiver: pid=2432 uid=10049 gids={50049}
I/ActivityManager(  686): Killing 1833:android.process.media/u0a5 (adj 15): empty #17
I/ActivityManager(  686): Killing 1944:com.android.mms/u0a9 (adj 15): empty #17
D/CountryDetector(  686): No listener is left
I/ActivityManager(  686): Delay finish: com.google.android.gms/.vision.DependencyBroadcastReceiverProxy
I/ActivityManager(  686): Resuming delayed broadcast
I/ActivityManager(  686): Delay finish: com.android.vending/com.google.android.finsky.receivers.PackageMonitorReceiver$RegisteredReceiver
I/ActivityManager(  686): Resuming delayed broadcast
I/ActivityManager(  686): Delay finish: com.google.android.googlequicksearchbox/com.google.android.apps.gsa.search.core.icingsync.IcingCorporaChangedReceiver
I/ActivityManager(  686): Resuming delayed broadcast
I/ActivityManager(  686): Delay finish: com.google.android.googlequicksearchbox/com.google.android.apps.gsa.googlequicksearchbox.GelStubAppWatcher
I/ActivityManager(  686): Resuming delayed broadcast
I/ActivityManager(  686): START u0 {flg=0x10000000 cmp=com.tencent.mobileqq/.activity.SplashActivity} from pid 2458
W/WindowManager(  686): Screenshot failure taking screenshot for (328x524) to layer 21015
I/ActivityManager(  686): Start proc com.tencent.mobileqq for activity com.tencent.mobileqq/.activity.SplashActivity: pid=2471 uid=10019 gids={50019, 3003, 3002, 3001, 1028, 1015}
I/ActivityManager(  686): START u0 {flg=0x24000000 cmp=com.tencent.mobileqq/.activity.InstallActivity (has extras)} from pid 2471
I/ActivityManager(  686): Process com.tencent.mobileqq (pid 2471) has died.
I/ActivityManager(  686): Start proc com.tencent.mobileqq for activity com.tencent.mobileqq/.activity.InstallActivity: pid=2492 uid=10019 gids={50019, 3003, 3002, 3001, 1028, 1015}
I/ActivityManager(  686): START u0 {flg=0x10000000 cmp=com.tencent.mobileqq/.activity.ShortcutGuideActivity} from pid 2507
W/WindowManager(  686): Screenshot failure taking screenshot for (328x524) to layer 21020
I/WindowState(  686): WIN DEATH: Window{52a3e590 u0 com.tencent.mobileqq/com.tencent.mobileqq.activity.InstallActivity}
I/WindowState(  686): WIN DEATH: Window{52a63ff4 u0 com.tencent.mobileqq/com.tencent.mobileqq.activity.ShortcutGuideActivity}
I/ActivityManager(  686): Process com.tencent.mobileqq (pid 2492) has died.
W/ActivityManager(  686): Force removing ActivityRecord{52fa2510 u0 com.tencent.mobileqq/.activity.ShortcutGuideActivity t4}: app died, no saved state
I/BootReceiver(  686): Copying /data/tombstones/tombstone_00 to DropBox (SYSTEM_TOMBSTONE)
I/ActivityManager(  686): Start proc com.tencent.mobileqq for activity com.tencent.mobileqq/.activity.InstallActivity: pid=2529 uid=10019 gids={50019, 3003, 3002, 3001, 1028, 1015}
W/WindowManager(  686): Rebuild removed 5 windows but added 4
W/WindowManager(  686): java.lang.RuntimeException: here
W/WindowManager(  686): 	at com.android.server.wm.WindowManagerService.rebuildAppWindowListLocked(WindowManagerService.java:8011)
W/WindowManager(  686): 	at com.android.server.wm.WindowManagerService.rebuildAppWindowListLocked(WindowManagerService.java:7947)
W/WindowManager(  686): 	at com.android.server.wm.WindowManagerService.handleAppTransitionReadyLocked(WindowManagerService.java:8430)
W/WindowManager(  686): 	at com.android.server.wm.WindowManagerService.performLayoutAndPlaceSurfacesLockedInner(WindowManagerService.java:9193)
W/WindowManager(  686): 	at com.android.server.wm.WindowManagerService.performLayoutAndPlaceSurfacesLockedLoop(WindowManagerService.java:8163)
W/WindowManager(  686): 	at com.android.server.wm.WindowManagerService.performLayoutAndPlaceSurfacesLocked(WindowManagerService.java:8105)
W/WindowManager(  686): 	at com.android.server.wm.WindowManagerService.executeAppTransition(WindowManagerService.java:3918)
W/WindowManager(  686): 	at com.android.server.am.ActivityStackSupervisor.reportResumedActivityLocked(ActivityStackSupervisor.java:2241)
W/WindowManager(  686): 	at com.android.server.am.ActivityStack.completeResumeLocked(ActivityStack.java:968)
W/WindowManager(  686): 	at com.android.server.am.ActivityStack.minimalResumeActivityLocked(ActivityStack.java:595)
W/WindowManager(  686): 	at com.android.server.am.ActivityStackSupervisor.realStartActivityLocked(ActivityStackSupervisor.java:1022)
W/WindowManager(  686): 	at com.android.server.am.ActivityStackSupervisor.attachApplicationLocked(ActivityStackSupervisor.java:385)
W/WindowManager(  686): 	at com.android.server.am.ActivityManagerService.attachApplicationLocked(ActivityManagerService.java:5003)
W/WindowManager(  686): 	at com.android.server.am.ActivityManagerService.attachApplication(ActivityManagerService.java:5063)
W/WindowManager(  686): 	at android.app.ActivityManagerNative.onTransact(ActivityManagerNative.java:394)
W/WindowManager(  686): 	at com.android.server.am.ActivityManagerService.onTransact(ActivityManagerService.java:2071)
W/WindowManager(  686): 	at android.os.Binder.execTransact(Binder.java:404)
W/WindowManager(  686): 	at dalvik.system.NativeStart.run(Native Method)
W/WindowManager(  686): This window was lost: Window{52a63ff4 u0 com.tencent.mobileqq/com.tencent.mobileqq.activity.ShortcutGuideActivity EXITING}
W/WindowManager(  686): mDisplayId=0 mSession=Session{52a088b8 2492:u0a10019} mClient=android.os.BinderProxy@52a1e0d4
W/WindowManager(  686): mOwnerUid=10019 mShowToOwnerOnly=true package=com.tencent.mobileqq appop=NONE
W/WindowManager(  686): mAttrs=WM.LayoutParams{(0,0)(wrapxwrap) sim=#120 ty=1 fl=#40000002 pfl=0x8 fmt=-2 wanim=0x1030002}
W/WindowManager(  686): Requested w=0 h=0 mLayoutSeq=111
W/WindowManager(  686): mBaseLayer=21000 mSubLayer=0 mAnimLayer=21025+0=21025 mLastLayer=21025
W/WindowManager(  686): mToken=AppWindowToken{52a53b34 token=Token{52f8cb40 ActivityRecord{52fa2510 u0 com.tencent.mobileqq/.activity.ShortcutGuideActivity t4}}}
W/WindowManager(  686): mRootToken=AppWindowToken{52a53b34 token=Token{52f8cb40 ActivityRecord{52fa2510 u0 com.tencent.mobileqq/.activity.ShortcutGuideActivity t4}}}
W/WindowManager(  686): mAppToken=AppWindowToken{52a53b34 token=Token{52f8cb40 ActivityRecord{52fa2510 u0 com.tencent.mobileqq/.activity.ShortcutGuideActivity t4}}}
W/WindowManager(  686): mViewVisibility=0x0 mHaveFrame=true mObscured=false
W/WindowManager(  686): mSeq=0 mSystemUiVisibility=0x0
W/WindowManager(  686): mGivenContentInsets=[0,0][0,0] mGivenVisibleInsets=[0,0][0,0]
W/WindowManager(  686): mConfiguration={1.0 ?mcc?mnc en_US ldltr sw400dp w400dp h567dp 320dpi nrml port -touch qwerty/v/v -nav/h s.5}
W/WindowManager(  686): mHasSurface=true mShownFrame=[400.0,592.0][400.0,592.0] isReadyForDisplay()=true
W/WindowManager(  686): mFrame=[400,592][400,592] last=[400,592][400,592]
W/WindowManager(  686): mSystemDecorRect=[0,0][0,0] last=[0,0][0,0]
W/WindowManager(  686): Frames: containing=[0,0][800,1184] parent=[0,0][800,1184]
W/WindowManager(  686):     display=[0,0][800,1184] overscan=[0,0][800,1184]
W/WindowManager(  686):     content=[400,592][400,592] visible=[400,592][400,592]
W/WindowManager(  686):     decor=[0,50][800,1184]
W/WindowManager(  686): Cur insets: overscan=[0,0][0,0] content=[0,0][0,0] visible=[0,0][0,0]
W/WindowManager(  686): Lst insets: overscan=[0,0][0,0] content=[0,0][0,0] visible=[0,0][0,0]
W/WindowManager(  686): WindowStateAnimator{52a17dd8 com.tencent.mobileqq/com.tencent.mobileqq.activity.ShortcutGuideActivity}:
W/WindowManager(  686):   mAnimating=true mLocalAnimating=true mAnimationIsEntrance=false mAnimation=android.view.animation.AnimationSet@52f24464
W/WindowManager(  686):   XForm: has=true hasLocal=true {alpha=0.025239706 matrix=[0.903736, 0.0, 0.0][0.0, 0.903736, 0.0][0.0, 0.0, 1.0]}
W/WindowManager(  686):   mSurface=Surface(name=com.tencent.mobileqq/com.tencent.mobileqq.activity.ShortcutGuideActivity)
W/WindowManager(  686):   mDrawState=HAS_DRAWN mLastHidden=false
W/WindowManager(  686):   Surface: shown=true layer=21025 alpha=0.025239706 rect=(400.0,592.0) 1.0 x 1.0
W/WindowManager(  686):   mShownAlpha=0.025239706 mAlpha=1.0 mLastAlpha=0.025239706
W/WindowManager(  686):   mGlobalScale=1.0 mDsDx=0.903736 mDtDx=0.0 mDsDy=0.0 mDtDy=0.903736
W/WindowManager(  686): mExiting=true mRemoveOnExit=true mDestroying=false mRemoved=false
W/WindowManager(  686): Current app token list:
V/WindowManager(  686):   Display 0
V/WindowManager(  686):   #3: Token{52a5935c ActivityRecord{529ba368 u0 com.tencent.mobileqq/.activity.InstallActivity t3}}
V/WindowManager(  686):   #2: Token{529f48d8 ActivityRecord{529f479c u0 com.android.launcher/com.android.launcher2.Launcher t1}}
V/WindowManager(  686):   #1: Token{52a05394 ActivityRecord{529ac174 u0 com.android.settings/.SubSettings t2}}
V/WindowManager(  686):   #0: Token{52a86808 ActivityRecord{52a86758 u0 com.android.settings/.Settings t2}}
W/WindowManager(  686): Final window list:
V/WindowManager(  686):   #0: Window{529bd710 u0 SearchPanel}
V/WindowManager(  686):   #1: Window{529cb574 u0 NavigationBar}
V/WindowManager(  686):   #2: Window{52a3a60c u0 StatusBar}
V/WindowManager(  686):   #3: Window{52a12eb0 u0 Keyguard}
V/WindowManager(  686):   #4: Window{529d8a08 u0 KeyguardScrim}
V/WindowManager(  686):   #5: Window{52f3f600 u0 Application Error: com.tencent.mobileqq}
V/WindowManager(  686):   #6: Window{52f3e7ac u0 Starting com.tencent.mobileqq}
V/WindowManager(  686):   #7: Window{529903e0 u0 com.android.launcher/com.android.launcher2.Launcher}
V/WindowManager(  686):   #8: Window{52a32744 u0 com.android.settings/com.android.settings.SubSettings}
V/WindowManager(  686):   #9: Window{52a2e058 u0 com.android.settings/com.android.settings.Settings}
V/WindowManager(  686):   #10: Window{529ea8a4 u0 com.android.systemui.ImageWallpaper}
I/ActivityManager(  686): Start proc com.tencent.mobileqq:MSF for service com.tencent.mobileqq/.msf.service.MsfService: pid=2564 uid=10019 gids={50019, 3003, 3002, 3001, 1028, 1015}
I/ActivityManager(  686): Force stopping com.tencent.mobileqq appid=10019 user=0: from pid 2554
I/ActivityManager(  686): Killing 2529:com.tencent.mobileqq/u0a19 (adj 0): stop com.tencent.mobileqq
W/ActivityManager(  686): Force removing ActivityRecord{529ba368 u0 com.tencent.mobileqq/.activity.InstallActivity t3}: app died, no saved state
I/ActivityManager(  686): Killing 2564:com.tencent.mobileqq:MSF/u0a19 (adj 0): stop com.tencent.mobileqq
I/ActivityManager(  686):   Force stopping service ServiceRecord{52ac4bb0 u0 com.tencent.mobileqq/.msf.service.MsfService}
I/WindowState(  686): WIN DEATH: Window{52a1a870 u0 com.tencent.mobileqq/com.tencent.mobileqq.activity.InstallActivity}
I/ActivityManager(  686): START u0 {flg=0x10000000 cmp=com.tencent.mobileqq/.activity.JumpActivity} from pid 2579
W/WindowManager(  686): Screenshot failure taking screenshot for (328x524) to layer 21015
I/ActivityManager(  686): Start proc com.tencent.mobileqq for activity com.tencent.mobileqq/.activity.JumpActivity: pid=2589 uid=10019 gids={50019, 3003, 3002, 3001, 1028, 1015}
I/ActivityManager(  686): Start proc com.tencent.mobileqq:MSF for service com.tencent.mobileqq/.msf.service.MsfService: pid=2613 uid=10019 gids={50019, 3003, 3002, 3001, 1028, 1015}
I/ActivityManager(  686): Force stopping com.tencent.mobileqq appid=10019 user=0: from pid 2644
I/ActivityManager(  686): Killing 2589:com.tencent.mobileqq/u0a19 (adj 0): stop com.tencent.mobileqq
W/ActivityManager(  686): Force removing ActivityRecord{52990060 u0 com.tencent.mobileqq/.activity.JumpActivity t5}: app died, no saved state
I/ActivityManager(  686): Killing 2613:com.tencent.mobileqq:MSF/u0a19 (adj 0): stop com.tencent.mobileqq
I/ActivityManager(  686):   Force stopping service ServiceRecord{52a7b900 u0 com.tencent.mobileqq/.msf.service.MsfService}
W/WindowManager(  686): Rebuild removed 4 windows but added 3
W/WindowManager(  686): java.lang.RuntimeException: here
W/WindowManager(  686): 	at com.android.server.wm.WindowManagerService.rebuildAppWindowListLocked(WindowManagerService.java:8011)
W/WindowManager(  686): 	at com.android.server.wm.WindowManagerService.rebuildAppWindowListLocked(WindowManagerService.java:7947)
W/WindowManager(  686): 	at com.android.server.wm.WindowManagerService.handleAppTransitionReadyLocked(WindowManagerService.java:8430)
W/WindowManager(  686): 	at com.android.server.wm.WindowManagerService.performLayoutAndPlaceSurfacesLockedInner(WindowManagerService.java:9193)
W/WindowManager(  686): 	at com.android.server.wm.WindowManagerService.performLayoutAndPlaceSurfacesLockedLoop(WindowManagerService.java:8163)
W/WindowManager(  686): 	at com.android.server.wm.WindowManagerService.performLayoutAndPlaceSurfacesLocked(WindowManagerService.java:8105)
W/WindowManager(  686): 	at com.android.server.wm.WindowManagerService.executeAppTransition(WindowManagerService.java:3918)
W/WindowManager(  686): 	at com.android.server.am.ActivityStackSupervisor.reportResumedActivityLocked(ActivityStackSupervisor.java:2241)
W/WindowManager(  686): 	at com.android.server.am.ActivityStack.completeResumeLocked(ActivityStack.java:968)
W/WindowManager(  686): 	at com.android.server.am.ActivityStack.resumeTopActivityLocked(ActivityStack.java:1631)
W/WindowManager(  686): 	at com.android.server.am.ActivityStackSupervisor.resumeTopActivitiesLocked(ActivityStackSupervisor.java:2022)
W/WindowManager(  686): 	at com.android.server.am.ActivityStackSupervisor.resumeTopActivitiesLocked(ActivityStackSupervisor.java:2009)
W/WindowManager(  686): 	at com.android.server.am.ActivityManagerService.forceStopPackageLocked(ActivityManagerService.java:4750)
W/WindowManager(  686): 	at com.android.server.am.ActivityManagerService.forceStopPackageLocked(ActivityManagerService.java:4496)
W/WindowManager(  686): 	at com.android.server.am.ActivityManagerService.forceStopPackage(ActivityManagerService.java:4327)
W/WindowManager(  686): 	at android.app.ActivityManagerNative.onTransact(ActivityManagerNative.java:1365)
W/WindowManager(  686): 	at com.android.server.am.ActivityManagerService.onTransact(ActivityManagerService.java:2071)
W/WindowManager(  686): 	at android.os.Binder.execTransact(Binder.java:404)
W/WindowManager(  686): 	at dalvik.system.NativeStart.run(Native Method)
W/WindowManager(  686): This window was lost: Window{52a43ff4 u0 com.tencent.mobileqq/com.tencent.mobileqq.activity.JumpActivity}
