I/Xposed  ( 4980): 	at de.robv.android.xposed.XposedBridge.handleHookedMethod(XposedBridge.java:631)
I/Xposed  ( 4980): 	at android.app.ActivityThread.handleBindApplication(Native Method)
I/Xposed  ( 4980): 	at android.app.ActivityThread.access$1500(ActivityThread.java:135)
I/Xposed  ( 4980): 	at android.app.ActivityThread$H.handleMessage(ActivityThread.java:1256)
I/Xposed  ( 4980): 	at android.os.Handler.dispatchMessage(Handler.java:102)
I/Xposed  ( 4980): 	at android.os.Looper.loop(Looper.java:136)
I/Xposed  ( 4980): 	at android.app.ActivityThread.main(ActivityThread.java:5017)
I/Xposed  ( 4980): 	at java.lang.reflect.Method.invokeNative(Native Method)
I/Xposed  ( 4980): 	at java.lang.reflect.Method.invoke(Native Method)
I/Xposed  ( 4980): 	at com.android.internal.os.ZygoteInit$MethodAndArgsCaller.run(ZygoteInit.java:779)
I/Xposed  ( 4980): 	at com.android.internal.os.ZygoteInit.main(ZygoteInit.java:595)
I/Xposed  ( 4980): 	at de.robv.android.xposed.XposedBridge.main(XposedBridge.java:132)
I/Xposed  ( 4980): 	at dalvik.system.NativeStart.main(Native Method)
I/Xposed  ( 4980): Droidmon-apimonitor-com.dumplingsandwich.pencilsketch:{"timestamp":1464091778205,"result":{"descriptor":55},"class":"libcore.io.IoBridge","method":"open","type":"file","args":["\/data\/data\/com.dumplingsandwich.pencilsketch\/shared_prefs\/Foundation.xml","0"]}
I/Xposed  ( 4980): Droidmon-apimonitor-com.dumplingsandwich.pencilsketch:{"timestamp":1464091778206,"result":{"descriptor":55},"class":"libcore.io.IoBridge","method":"open","type":"file","args":["\/data\/data\/com.dumplingsandwich.pencilsketch\/shared_prefs\/adb_foundation_auth_aes_preference.xml","0"]}
I/Xposed  ( 4980): Droidmon-apimonitor-com.dumplingsandwich.pencilsketch:{"timestamp":1464091778206,"result":"\n0x00000000 39 C6 AE C9 04 39 6B FA 88 98 A1 97 9B 81 91 3E 9....9k........>","class":"android.util.Base64","method":"decode","type":"generic","args":["OcauyQQ5a\/qImKGXm4GRPg==","0","24","2"]}
I/Xposed  ( 4980): Droidmon-apimonitor-com.dumplingsandwich.pencilsketch:{"timestamp":1464091778207,"result":"\n0x00000000 39 C6 AE C9 04 39 6B FA 88 98 A1 97 9B 81 91 3E 9....9k........>","class":"android.util.Base64","method":"decode","type":"generic","args":["OcauyQQ5a\/qImKGXm4GRPg==","2"]}
I/Xposed  ( 4980): Droidmon-apimonitor-com.dumplingsandwich.pencilsketch:{"timestamp":1464091778207,"result":"\n0x00000000 39 C6 AE C9 04 39 6B FA 88 98 A1 97 9B 81 91 3E 9....9k........>","class":"android.util.Base64","method":"decode","type":"generic","args":["OcauyQQ5a\/qImKGXm4GRPg==","2"]}
I/Xposed  ( 4980): Droidmon-apimonitor-com.dumplingsandwich.pencilsketch:{"timestamp":1464091778207,"class":"javax.crypto.spec.SecretKeySpec","method":"javax.crypto.spec.SecretKeySpec","type":"crypto","args":["\n0x00000000 39 C6 AE C9 04 39 6B FA 88 98 A1 97 9B 81 91 3E 9....9k........>","AES"]}
I/Xposed  ( 4980): Droidmon-apimonitor-com.dumplingsandwich.pencilsketch:{"timestamp":1464091778224,"result":"\n0x00000000 F1 A3 C0 DE 45 AF F3 55 95 92 80 27 41 2E 4E C5 ....E..U...'A.N.\n0x00000010 D7 57 78 B8 FD 98 37 1E 0C 92 24 E1 07 13 FC 37 .Wx...7...$....7\n0x00000020 B8 D6 69 CE D9 07 56 17 B9 CF 1D 06 87 42 B3 FA ..i...V......B..","class":"javax.crypto.Cipher","method":"doFinal","type":"crypto","this":{"mode":1},"args":["5bdd636e3694470fa58e0ea0f195e0d3"]}
I/Xposed  ( 4980): Droidmon-apimonitor-com.dumplingsandwich.pencilsketch:{"timestamp":1464091778241,"result":"8aPA3kWv81WVkoAnQS5OxddXeLj9mDceDJIk4QcT\/De41mnO2QdWF7nPHQaHQrP6","class":"android.util.Base64","method":"encode","type":"generic","args":["\n0x00000000 F1 A3 C0 DE 45 AF F3 55 95 92 80 27 41 2E 4E C5 ....E..U...'A.N.\n0x00000010 D7 57 78 B8 FD 98 37 1E 0C 92 24 E1 07 13 FC 37 .Wx...7...$....7\n0x00000020 B8 D6 69 CE D9 07 56 17 B9 CF 1D 06 87 42 B3 FA ..i...V......B..","0","48","2"]}
I/Xposed  ( 4980): Droidmon-apimonitor-com.dumplingsandwich.pencilsketch:{"timestamp":1464091778241,"result":"8aPA3kWv81WVkoAnQS5OxddXeLj9mDceDJIk4QcT\/De41mnO2QdWF7nPHQaHQrP6","class":"android.util.Base64","method":"encode","type":"generic","args":["\n0x00000000 F1 A3 C0 DE 45 AF F3 55 95 92 80 27 41 2E 4E C5 ....E..U...'A.N.\n0x00000010 D7 57 78 B8 FD 98 37 1E 0C 92 24 E1 07 13 FC 37 .Wx...7...$....7\n0x00000020 B8 D6 69 CE D9 07 56 17 B9 CF 1D 06 87 42 B3 FA ..i...V......B..","2"]}
I/Xposed  ( 4980): Droidmon-apimonitor-com.dumplingsandwich.pencilsketch:{"timestamp":1464091778241,"result":{"mModified":{"ClientId":"8aPA3kWv81WVkoAnQS5OxddXeLj9mDceDJIk4QcT\/De41mnO2QdWF7nPHQaHQrP6"},"mClear":false},"class":"android.app.SharedPreferencesImpl$EditorImpl","method":"putString","type":"globals","args":["ClientId","8aPA3kWv81WVkoAnQS5OxddXeLj9mDceDJIk4QcT\/De41mnO2QdWF7nPHQaHQrP6"]}
I/Xposed  ( 4980): Droidmon-apimonitor-com.dumplingsandwich.pencilsketch:{"timestamp":1464091778242,"result":"\n0x00000000 AA 34 FB A7 93 63 27 C8 06 8A 2B 91 CA 8D DF 7F .4...c'...+.....\n0x00000010 4A 7B 4E F4 E2 62 5F AB 43 9B B2 A2 73 16 63 01 J{N..b_.C...s.c.\n0x00000020 F5 98 00 F0 49 A5 88 00 5F 2D 8F 27 2F 9B 91 E0 ....I..._-.'\/...","class":"javax.crypto.Cipher","method":"doFinal","type":"crypto","this":{"mode":1},"args":["89baf2ee-6c90-4c15-ad1c-f7c2b6719753"]}
I/Xposed  ( 4980): Droidmon-apimonitor-com.dumplingsandwich.pencilsketch:{"timestamp":1464091778261,"result":"qjT7p5NjJ8gGiiuRyo3ff0p7TvTiYl+rQ5uyonMWYwH1mADwSaWIAF8tjycvm5Hg","class":"android.util.Base64","method":"encode","type":"generic","args":["\n0x00000000 AA 34 FB A7 93 63 27 C8 06 8A 2B 91 CA 8D DF 7F .4...c'...+.....\n0x00000010 4A 7B 4E F4 E2 62 5F AB 43 9B B2 A2 73 16 63 01 J{N..b_.C...s.c.\n0x00000020 F5 98 00 F0 49 A5 88 00 5F 2D 8F 27 2F 9B 91 E0 ....I..._-.'\/...","0","48","2"]}
I/Xposed  ( 4980): Droidmon-apimonitor-com.dumplingsandwich.pencilsketch:{"timestamp":1464091778262,"result":"qjT7p5NjJ8gGiiuRyo3ff0p7TvTiYl+rQ5uyonMWYwH1mADwSaWIAF8tjycvm5Hg","class":"android.util.Base64","method":"encode","type":"generic","args":["\n0x00000000 AA 34 FB A7 93 63 27 C8 06 8A 2B 91 CA 8D DF 7F .4...c'...+.....\n0x00000010 4A 7B 4E F4 E2 62 5F AB 43 9B B2 A2 73 16 63 01 J{N..b_.C...s.c.\n0x00000020 F5 98 00 F0 49 A5 88 00 5F 2D 8F 27 2F 9B 91 E0 ....I..._-.'\/...","2"]}
I/Xposed  ( 4980): Droidmon-apimonitor-com.dumplingsandwich.pencilsketch:{"timestamp":1464091778262,"result":{"mModified":{"ClientSecret":"qjT7p5NjJ8gGiiuRyo3ff0p7TvTiYl+rQ5uyonMWYwH1mADwSaWIAF8tjycvm5Hg"},"mClear":false},"class":"android.app.SharedPreferencesImpl$EditorImpl","method":"putString","type":"globals","args":["ClientSecret","qjT7p5NjJ8gGiiuRyo3ff0p7TvTiYl+rQ5uyonMWYwH1mADwSaWIAF8tjycvm5Hg"]}
I/CdsService( 4980): action: aviary.intent.action.CDS_DOWNLOAD_START
I/CdsService( 4980): extras: {downloadExtraAssets: false, downloadExtraAssetsCount: -1, isLazy: false, wifiOnly: false, pluggedOnly: false, reason: editor-opened}
V/CdsService( 4980): Skipping phone mConnection check
V/CdsService( 4980): Skiping phone charging check
I/WindowManager(  667): Screenshot max retries 4 of Token{52bfd498 ActivityRecord{52bfd3e8 u0 com.dumplingsandwich.pencilsketch/com.adobe.creativesdk.aviary.AdobeImageEditorActivity t47 f}} appWin=Window{52acb3d4 u0 Starting com.dumplingsandwich.pencilsketch} drawState=4
W/WindowManager(  667): Screenshot failure taking screenshot for (800x1280) to layer 21030
V/AdobeAccountConnection( 4958): connect.end
I/AdobeImageContentManagerService( 4958): onCreate
D/IabHelper( 4958): IAB helper created.
D/CdsService( 4980): handleCdsDownload
D/CdsService( 4980): downloadAndProcessManifest
D/CdsService( 4980): downloadManifest
I/Xposed  ( 4958): Droidmon-apimonitor-com.dumplingsandwich.pencilsketch:{"timestamp":1464091778449,"result":"PERSIST","class":"android.os.SystemProperties","method":"get","type":"content","args":["debug.sqlite.journalmode","PERSIST"]}
I/Xposed  ( 4958): Droidmon-apimonitor-com.dumplingsandwich.pencilsketch:{"timestamp":1464091778450,"result":"FULL","class":"android.os.SystemProperties","method":"get","type":"content","args":["debug.sqlite.syncmode","FULL"]}
I/CdsDatabaseHelper( 4958): onConfigure
I/CdsDatabaseHelper( 4958): onOpen, isReadOnly: false
W/CdsDefaultContentLoader( 4958): database is not empty
E/Drm     (  277): Failed to open plugin directory /vendor/lib/mediadrm
W/DG.WV   ( 1775): Widevine DRM not supported on this device
W/DG.WV   ( 1775): android.media.UnsupportedSchemeException: Failed to instantiate drm object.
W/DG.WV   ( 1775): 	at android.media.MediaDrm.native_setup(Native Method)
W/DG.WV   ( 1775): 	at android.media.MediaDrm.<init>(MediaDrm.java:163)
W/DG.WV   ( 1775): 	at com.google.android.gms.droidguard.q.run(SourceFile:99)
W/DG.WV   ( 1775): 	at java.util.concurrent.ThreadPoolExecutor.runWorker(ThreadPoolExecutor.java:1112)
W/DG.WV   ( 1775): 	at java.util.concurrent.ThreadPoolExecutor$Worker.run(ThreadPoolExecutor.java:587)
W/DG.WV   ( 1775): 	at java.lang.Thread.run(Thread.java:841)
I/GoogleURLConnFactory( 1775): Using platform SSLCertificateSocketFactory
W/InputMethodManagerService(  667): Window already focused, ignoring focus gain of: com.android.internal.view.IInputMethodClient$Stub$Proxy@52af7228 attribute=null, token = android.os.BinderProxy@52a45f30
I/Xposed  ( 4980): Droidmon-apimonitor-com.dumplingsandwich.pencilsketch:{"timestamp":1464091778457,"result":"android.content.ContentResolver$CursorWrapperInner@52837bac","class":"android.content.ContentResolver","method":"query","type":"content","args":[{"port":-2,"authority":{"encoded":"com.dumplingsandwich.pencilsketch.CdsProvider","decoded":"com.dumplingsandwich.pencilsketch.CdsProvider"},"host":"NOT CACHED","scheme":"content","uriString":"NOT CACHED","query":{},"path":{"encoded":"\/manifestVersion","decoded":"NOT CACHED"},"fragment":{}}]}
I/AdobeImageContentManagerService( 4958): onBind: Intent { cmp=com.dumplingsandwich.pencilsketch/com.adobe.creativesdk.aviary.AdobeImageBillingService }
V/AdobeAccountConnection( 4958): --- connect.onConnected
V/AdobeImageEditorActivity( 4958): connected!
I/AdobeImageEditorActivity( 4958): onServiceConnected
V/MonitoredActivity( 4958): onDestroy
I/Xposed  ( 4958): Droidmon-apimonitor-com.dumplingsandwich.pencilsketch:{"timestamp":1464091778503,"class":"android.content.ContentValues","method":"put","type":"globals","args":["session_key_ref","1"]}
I/Xposed  ( 4958): Droidmon-apimonitor-com.dumplingsandwich.pencilsketch:{"timestamp":1464091778503,"class":"android.content.ContentValues","method":"put","type":"globals","args":["uuid","4f289d49-f680-4052-ac70-38a811ca57ea"]}
I/Xposed  ( 4958): Droidmon-apimonitor-com.dumplingsandwich.pencilsketch:{"timestamp":1464091778503,"class":"android.content.ContentValues","method":"put","type":"globals","args":["event_name","com.dumplingsandwich.pencilsketch:editor: cancelled"]}
I/Xposed  ( 4958): Droidmon-apimonitor-com.dumplingsandwich.pencilsketch:{"timestamp":1464091778504,"class":"android.content.ContentValues","method":"put","type":"globals","args":["real_time","373510"]}
I/Xposed  ( 4958): Droidmon-apimonitor-com.dumplingsandwich.pencilsketch:{"timestamp":1464091778504,"class":"android.content.ContentValues","method":"put","type":"globals","args":["wall_time","1464091778504"]}
I/Xposed  ( 4958): Droidmon-apimonitor-com.dumplingsandwich.pencilsketch:{"timestamp":1464091778504,"class":"android.content.ContentValues","method":"put","type":"globals","args":["clv_increase","0"]}
I/Xposed  ( 4958): Droidmon-apimonitor-com.dumplingsandwich.pencilsketch:{"timestamp":1464091778505,"class":"android.content.ContentValues","method":"put","type":"globals","args":["customer_id","40d4b536-1ca9-4e8b-a2f7-4841df51ed25"]}
I/Xposed  ( 4958): Droidmon-apimonitor-com.dumplingsandwich.pencilsketch:{"timestamp":1464091778505,"class":"android.content.ContentValues","method":"put","type":"globals","args":["user_type","anonymous"]}
I/Xposed  ( 4958): Droidmon-apimonitor-com.dumplingsandwich.pencilsketch:{"timestamp":1464091778508,"class":"android.content.ContentValues","method":"put","type":"globals","args":["events_key_ref","6"]}
I/Xposed  ( 4958): Droidmon-apimonitor-com.dumplingsandwich.pencilsketch:{"timestamp":1464091778508,"class":"android.content.ContentValues","method":"put","type":"globals","args":["attribute_key","com.dumplingsandwich.pencilsketch:ab-group"]}
I/Xposed  ( 4958): Droidmon-apimonitor-com.dumplingsandwich.pencilsketch:{"timestamp":1464091778508,"class":"android.content.ContentValues","method":"put","type":"globals","args":["attribute_value","GroupB"]}
I/Xposed  ( 4958): Droidmon-apimonitor-com.dumplingsandwich.pencilsketch:{"timestamp":1464091778509,"class":"android.content.ContentValues","method":"put","type":"globals","args":["events_key_ref","6"]}
I/Xposed  ( 4958): Droidmon-apimonitor-com.dumplingsandwich.pencilsketch:{"timestamp":1464091778509,"class":"android.content.ContentValues","method":"put","type":"globals","args":["attribute_key","com.dumplingsandwich.pencilsketch:apiKey"]}
I/Xposed  ( 4958): Droidmon-apimonitor-com.dumplingsandwich.pencilsketch:{"timestamp":1464091778509,"class":"android.content.ContentValues","method":"put","type":"globals","args":["attribute_value","5bdd636e3694470fa58e0ea0f195e0d3"]}
I/Xposed  ( 4958): Droidmon-apimonitor-com.dumplingsandwich.pencilsketch:{"timestamp":1464091778510,"class":"android.content.ContentValues","method":"put","type":"globals","args":["events_key_ref","6"]}
I/Xposed  ( 4958): Droidmon-apimonitor-com.dumplingsandwich.pencilsketch:{"timestamp":1464091778510,"class":"android.content.ContentValues","method":"put","type":"globals","args":["attribute_key","com.dumplingsandwich.pencilsketch:appId"]}
I/Xposed  ( 4980): Droidmon-apimonitor-com.dumplingsandwich.pencilsketch:{"timestamp":1464091778492,"result":"android.content.ContentResolver$CursorWrapperInner@52837bac","class":"android.content.ContentResolver","method":"query","type":"content","args":[{"port":-2,"authority":{"encoded":"com.dumplingsandwich.pencilsketch.CdsProvider","decoded":"com.dumplingsandwich.pencilsketch.CdsProvider"},"host":"NOT CACHED","scheme":"content","uriString":"NOT CACHED","query":{},"path":{"encoded":"\/manifestVersion","decoded":"NOT CACHED"},"fragment":{}}]}
I/Xposed  ( 4958): Droidmon-apimonitor-com.dumplingsandwich.pencilsketch:{"timestamp":1464091778510,"class":"android.content.ContentValues","method":"put","type":"globals","args":["attribute_value","com.dumplingsandwich.pencilsketch"]}
W/EventBusUtils( 4958): cannot unregister (not registered)
W/EventBusUtils( 4958): cannot unregister (not registered)
I/ServiceLoader( 4958): get: com.adobe.creativesdk.aviary.internal.services.HiResBackgroundService
I/CdsServiceParamsUtils( 4980): default
V/PackageManagerUtils( 4980): O=Dumpling Sandwich,ST=Saskatchewan
V/TAG     ( 4980): isDebugVersionValue: false
V/CdsServiceParamsUtils( 4980): using cds debug: 0
I/Xposed  ( 4958): Droidmon-apimonitor-com.dumplingsandwich.pencilsketch:{"timestamp":1464091778560,"class":"android.app.ContextImpl","method":"registerReceiver","type":"binder","args":["rx.android.content.OnSubscribeBroadcastRegister$1@5281b094",{"mPriority":0,"mActions":["com.dumplingsandwich.pencilsketch.cds.serviceFinished","com.dumplingsandwich.pencilsketch.cds.downloadMissingPacksCompleted","com.dumplingsandwich.pencilsketch.cds.downloadStatusChanged","com.dumplingsandwich.pencilsketch.cds.packInstalled","com.dumplingsandwich.pencilsketch.cds.packPurchased","com.dumplingsandwich.pencilsketch.adobeId.user.signin","com.dumplingsandwich.pencilsketch.adobeId.user.logout"],"mHasPartialTypes":false}]}
I/Xposed  ( 4958): Droidmon-apimonitor-com.dumplingsandwich.pencilsketch:{"timestamp":1464091778542,"class":"android.content.ContentValues","method":"put","type":"globals","args":["events_key_ref","6"]}
I/Xposed  ( 4958): Droidmon-apimonitor-com.dumplingsandwich.pencilsketch:{"timestamp":1464091778595,"class":"android.content.ContentValues","method":"put","type":"globals","args":["attribute_key","com.dumplingsandwich.pencilsketch:sdkVersion"]}
I/Xposed  ( 4958): Droidmon-apimonitor-com.dumplingsandwich.pencilsketch:{"timestamp":1464091778596,"class":"android.content.ContentValues","method":"put","type":"globals","args":["attribute_value","4.1.1"]}
I/Xposed  ( 4958): Droidmon-apimonitor-com.dumplingsandwich.pencilsketch:{"timestamp":1464091778596,"class":"android.content.ContentValues","method":"put","type":"globals","args":["events_key_ref","6"]}
I/Xposed  ( 4958): Droidmon-apimonitor-com.dumplingsandwich.pencilsketch:{"timestamp":1464091778596,"class":"android.content.ContentValues","method":"put","type":"globals","args":["attribute_key","com.localytics.android:custom_dimension_0"]}
I/Xposed  ( 4958): Droidmon-apimonitor-com.dumplingsandwich.pencilsketch:{"timestamp":1464091778596,"class":"android.content.ContentValues","method":"put","type":"globals","args":["attribute_value","com.dumplingsandwich.pencilsketch"]}
I/Xposed  ( 4958): Droidmon-apimonitor-com.dumplingsandwich.pencilsketch:{"timestamp":1464091778597,"class":"android.content.ContentValues","method":"put","type":"globals","args":["name","editor: cancelled"]}
I/Xposed  ( 4958): Droidmon-apimonitor-com.dumplingsandwich.pencilsketch:{"timestamp":1464091778597,"class":"android.content.ContentValues","method":"put","type":"globals","args":["type","0"]}
I/Xposed  ( 4958): Droidmon-apimonitor-com.dumplingsandwich.pencilsketch:{"timestamp":1464091778597,"class":"android.content.ContentValues","method":"put","type":"globals","args":["session_key_ref","1"]}
I/Xposed  ( 4958): Droidmon-apimonitor-com.dumplingsandwich.pencilsketch:{"timestamp":1464091778598,"class":"android.content.ContentValues","method":"put","type":"globals","args":["session_key_ref","1"]}
I/Xposed  ( 4958): Droidmon-apimonitor-com.dumplingsandwich.pencilsketch:{"timestamp":1464091778598,"class":"android.content.ContentValues","method":"put","type":"globals","args":["uuid","324eb334-8cf8-4156-b477-820f36145fe6"]}
I/Xposed  ( 4958): Droidmon-apimonitor-com.dumplingsandwich.pencilsketch:{"timestamp":1464091778598,"class":"android.content.ContentValues","method":"put","type":"globals","args":["event_name","com.localytics.android:flow"]}
I/Xposed  ( 4958): Droidmon-apimonitor-com.dumplingsandwich.pencilsketch:{"timestamp":1464091778599,"class":"android.content.ContentValues","method":"put","type":"globals","args":["real_time","373605"]}
I/Xposed  ( 4958): Droidmon-apimonitor-com.dumplingsandwich.pencilsketch:{"timestamp":1464091778599,"class":"android.content.ContentValues","method":"put","type":"globals","args":["wall_time","1464091778599"]}
I/Xposed  ( 4958): Droidmon-apimonitor-com.dumplingsandwich.pencilsketch:{"timestamp":1464091778599,"class":"android.content.ContentValues","method":"put","type":"globals","args":["clv_increase","0"]}
I/Xposed  ( 4958): Droidmon-apimonitor-com.dumplingsandwich.pencilsketch:{"timestamp":1464091778599,"class":"android.content.ContentValues","method":"put","type":"globals","args":["customer_id","40d4b536-1ca9-4e8b-a2f7-4841df51ed25"]}
I/Xposed  ( 4958): Droidmon-apimonitor-com.dumplingsandwich.pencilsketch:{"timestamp":1464091778600,"class":"android.content.ContentValues","method":"put","type":"globals","args":["user_type","anonymous"]}
I/ServiceLoader( 4958): register: com.adobe.creativesdk.aviary.internal.services.HiResBackgroundService
I/HiResBackgroundService( 4958): internalDispose
I/HiResBackgroundService( 4958): dispose
I/HiResBackgroundService( 4958): stop
V/AdobeAccountConnection( 4958): dispose.start: Thread[pool-2-thread-1,5,main]
I/AdobeImageContentManagerService( 4958): onUnbind
I/AdobeImageContentManagerService( 4958): onDestroy
I/SharedPreferencesUtils( 4980): new SharedPreferencesUtils
I/Xposed  ( 4980): Droidmon-apimonitor-com.dumplingsandwich.pencilsketch:{"timestamp":1464091778623,"result":{"descriptor":58},"class":"libcore.io.IoBridge","method":"open","type":"file","args":["\/data\/data\/com.dumplingsandwich.pencilsketch\/shared_prefs\/com.aviary.android.feather.standalone.xml","0"]}
I/Xposed  ( 4980): Droidmon-apimonitor-com.dumplingsandwich.pencilsketch:{"timestamp":1464091778624,"result":"XXqvj\/CIJGKzXX5+jHLyXoWbbya2ofnubXLh\/HkIMnU=","class":"android.util.Base64","method":"encode","type":"generic","args":["\n0x00000000 5D 7A AF 8F F0 88 24 62 B3 5D 7E 7E 8C 72 F2 5E ]z....$b.]...r.^\n0x00000010 85 9B 6F 26 B6 A1 F9 EE 6D 72 E1 FC 79 08 32 75 ..o&....mr..y.2u","0","32","2"]}
I/Xposed  ( 4980): Droidmon-apimonitor-com.dumplingsandwich.pencilsketch:{"timestamp":1464091778625,"result":"XXqvj\/CIJGKzXX5+jHLyXoWbbya2ofnubXLh\/HkIMnU=","class":"android.util.Base64","method":"encode","type":"generic","args":["\n0x00000000 5D 7A AF 8F F0 88 24 62 B3 5D 7E 7E 8C 72 F2 5E ]z....$b.]...r.^\n0x00000010 85 9B 6F 26 B6 A1 F9 EE 6D 72 E1 FC 79 08 32 75 ..o&....mr..y.2u","2"]}
I/Xposed  ( 4980): Droidmon-apimonitor-com.dumplingsandwich.pencilsketch:{"timestamp":1464091778625,"result":"XXqvj\/CIJGKzXX5+jHLyXoWbbya2ofnubXLh\/HkIMnU=","class":"android.util.Base64","method":"encodeToString","type":"generic","args":["\n0x00000000 5D 7A AF 8F F0 88 24 62 B3 5D 7E 7E 8C 72 F2 5E ]z....$b.]...r.^\n0x00000010 85 9B 6F 26 B6 A1 F9 EE 6D 72 E1 FC 79 08 32 75 ..o&....mr..y.2u","2"]}
I/io-utils( 4980): download: http://cds-gateway.aviary.com/v1/gateway/manifest?apiKey=5bdd636e3694470fa58e0ea0f195e0d3&contentGroup=I&country=US&formFactor=phone&language=en&osVersion=19&platform=android&resolution=xhigh&sdkVersion=4.1.1&versionKey=0&signature=XXqvj%2FCIJGKzXX5%2BjHLyXoWbbya2ofnubXLh%2FHkIMnU%3D
I/Xposed  ( 4980): Droidmon-apimonitor-com.dumplingsandwich.pencilsketch:{"timestamp":1464091778652,"class":"java.lang.reflect.Method","method":"invoke","hooked_method":"untagSocket","hooked_class":"","type":"reflection","args":["Socket[address=\/192.168.56.1,port=1337,localPort=42086]"]}
W/CdsService( 4980): exception handled
W/System.err( 4980): java.io.IOException: 599:Server Not Found
W/System.err( 4980): 	at com.adobe.creativesdk.aviary.internal.utils.IOUtils.download(IOUtils.java:606)
W/System.err( 4980): 	at com.adobe.creativesdk.aviary.internal.cds.CdsManifestDownloader.download(CdsManifestDownloader.java:49)
W/System.err( 4980): 	at com.adobe.creativesdk.aviary.internal.cds.CdsServiceAbstract.downloadManifest(CdsServiceAbstract.java:337)
W/System.err( 4980): 	at com.adobe.creativesdk.aviary.internal.cds.CdsServiceAbstract.downloadAndProcessManifest(CdsServiceAbstract.java:359)
W/System.err( 4980): 	at com.adobe.creativesdk.aviary.internal.cds.CdsServiceAbstract.handleCdsDownload(CdsServiceAbstract.java:207)
W/System.err( 4980): 	at com.adobe.creativesdk.aviary.internal.cds.CdsServiceAbstract.onHandleIntent(CdsServiceAbstract.java:136)
W/System.err( 4980): 	at com.adobe.creativesdk.aviary.internal.os.AdobeImageIntentService$ServiceHandler.handleMessage(AdobeImageIntentService.java:66)
W/System.err( 4980): 	at android.os.Handler.dispatchMessage(Handler.java:102)
W/System.err( 4980): 	at android.os.Looper.loop(Looper.java:136)
W/System.err( 4980): 	at android.os.HandlerThread.run(HandlerThread.java:61)
I/Xposed  ( 4980): Droidmon-apimonitor-com.dumplingsandwich.pencilsketch:{"timestamp":1464091778653,"result":{"mModified":{"aviary.cds.last-execution-time":0},"mClear":false},"class":"android.app.SharedPreferencesImpl$EditorImpl","method":"putLong","type":"globals","args":["aviary.cds.last-execution-time","0"]}
D/CdsService( 4980): retrySameIntent
I/Xposed  ( 4980): Droidmon-apimonitor-com.dumplingsandwich.pencilsketch:{"timestamp":1464091778658,"result":"Asia\/Calcutta","class":"android.os.SystemProperties","method":"get","type":"content","args":["persist.sys.timezone"]}
V/AdobeAccountConnection( 4958): dispose.end
I/GoogleBillingContentManager( 4958): dispose
D/IabHelper( 4958): Disposing.
D/CdsService( 4980): handleCdsDownloadExtraAssets
W/ActivityManager(  667): Unbind failed: could not find connection for android.os.BinderProxy@52b69710
W/WindowManager(  667): Rebuild removed 6 windows but added 5
W/WindowManager(  667): java.lang.RuntimeException: here
W/WindowManager(  667): 	at com.android.server.wm.WindowManagerService.rebuildAppWindowListLocked(WindowManagerService.java:8011)
W/WindowManager(  667): 	at com.android.server.wm.WindowManagerService.rebuildAppWindowListLocked(WindowManagerService.java:7947)
W/WindowManager(  667): 	at com.android.server.wm.WindowManagerService.handleAnimatingStoppedAndTransitionLocked(WindowManagerService.java:8691)
W/WindowManager(  667): 	at com.android.server.wm.WindowManagerService.performLayoutAndPlaceSurfacesLockedInner(WindowManagerService.java:9205)
W/WindowManager(  667): 	at com.android.server.wm.WindowManagerService.performLayoutAndPlaceSurfacesLockedLoop(WindowManagerService.java:8163)
W/WindowManager(  667): 	at com.android.server.wm.WindowManagerService.performLayoutAndPlaceSurfacesLocked(WindowManagerService.java:8105)
W/WindowManager(  667): 	at com.android.server.wm.WindowManagerService.access$300(WindowManagerService.java:157)
W/WindowManager(  667): 	at com.android.server.wm.WindowManagerService$H.handleMessage(WindowManagerService.java:7139)
W/WindowManager(  667): 	at android.os.Handler.dispatchMessage(Handler.java:102)
W/WindowManager(  667): 	at android.os.Looper.loop(Looper.java:136)
W/WindowManager(  667): 	at android.os.HandlerThread.run(HandlerThread.java:61)
W/WindowManager(  667): This window was lost: Window{52acb3d4 u0 Starting com.dumplingsandwich.pencilsketch}
W/WindowManager(  667): mDisplayId=0 mSession=Session{529f5d04 667:1000} mClient=android.view.ViewRootImpl$W@52aca780
W/WindowManager(  667): mOwnerUid=1000 mShowToOwnerOnly=false package=com.dumplingsandwich.pencilsketch appop=NONE
W/WindowManager(  667): mAttrs=WM.LayoutParams{(0,0)(fillxfill) sim=#20 ty=3 fl=#1830118 pfl=0x19 wanim=0x10302a1}
W/WindowManager(  667): Requested w=800 h=1184 mLayoutSeq=953
W/WindowManager(  667): mBaseLayer=21000 mSubLayer=0 mAnimLayer=21025+0=21025 mLastLayer=22025
W/WindowManager(  667): mToken=AppWindowToken{52bfd6d4 token=Token{52bfd498 ActivityRecord{52bfd3e8 u0 com.dumplingsandwich.pencilsketch/com.adobe.creativesdk.aviary.AdobeImageEditorActivity t47}}}
W/WindowManager(  667): mRootToken=AppWindowToken{52bfd6d4 token=Token{52bfd498 ActivityRecord{52bfd3e8 u0 com.dumplingsandwich.pencilsketch/com.adobe.creativesdk.aviary.AdobeImageEditorActivity t47}}}
W/WindowManager(  667): mAppToken=AppWindowToken{52bfd6d4 token=Token{52bfd498 ActivityRecord{52bfd3e8 u0 com.dumplingsandwich.pencilsketch/com.adobe.creativesdk.aviary.AdobeImageEditorActivity t47}}}
W/WindowManager(  667): mViewVisibility=0x0 mHaveFrame=true mObscured=false
W/WindowManager(  667): mSeq=0 mSystemUiVisibility=0x0
W/WindowManager(  667): mGivenContentInsets=[0,0][0,0] mGivenVisibleInsets=[0,0][0,0]
W/WindowManager(  667): mConfiguration={1.0 ?mcc?mnc en_US ldltr sw400dp w400dp h567dp 320dpi nrml port -touch qwerty/v/v -nav/h s.5}
W/WindowManager(  667): mHasSurface=true mShownFrame=[0.0,0.0][800.0,1184.0] isReadyForDisplay()=false
W/WindowManager(  667): mFrame=[0,0][800,1184] last=[0,0][800,1184]
W/WindowManager(  667): mSystemDecorRect=[0,50][800,1184] last=[0,50][800,1184]
W/WindowManager(  667): Frames: containing=[0,0][800,1184] parent=[0,0][800,1184]
W/WindowManager(  667):     display=[0,0][800,1184] overscan=[0,0][800,1280]
W/WindowManager(  667):     content=[0,50][800,1184] visible=[0,50][800,1184]
W/WindowManager(  667):     decor=[0,50][800,1184]
W/WindowManager(  667): Cur insets: overscan=[0,0][0,0] content=[0,50][0,0] visible=[0,50][0,0]
W/WindowManager(  667): Lst insets: overscan=[0,0][0,0] content=[0,50][0,0] visible=[0,50][0,0]
W/WindowManager(  667): WindowStateAnimator{52acb6b4 Starting com.dumplingsandwich.pencilsketch}:
W/WindowManager(  667):   mSurface=Surface(name=Starting com.dumplingsandwich.pencilsketch)
W/WindowManager(  667):   mDrawState=HAS_DRAWN mLastHidden=true
W/WindowManager(  667):   Surface: shown=false layer=22025 alpha=0.0 rect=(0.0,0.0) 800.0 x 1184.0
W/WindowManager(  667):   mShownAlpha=1.0 mAlpha=1.0 mLastAlpha=0.0
I/ActivityManager(  667): Killing 1275:com.android.providers.calendar/u0a1 (adj 15): empty #17
W/WindowManager(  667): Current app token list:
V/WindowManager(  667):   Display 0
V/WindowManager(  667):   #4: Token{529f2eb0 ActivityRecord{529d16b8 u0 com.android.launcher/com.android.launcher2.Launcher t1}}
V/WindowManager(  667):   #3: Token{52a5e918 ActivityRecord{52a32e28 u0 com.android.settings/.SubSettings t6}}
V/WindowManager(  667):   #2: Token{52a42d54 ActivityRecord{529f530c u0 com.android.settings/.Settings t6}}
V/WindowManager(  667):   #1: Token{52ae0158 ActivityRecord{52ae00a8 u0 jackpal.androidterm/.Term t5}}
V/WindowManager(  667):   #0: Token{529b5e48 ActivityRecord{529ce0bc u0 com.android.dialer/.DialtactsActivity t2}}
W/WindowManager(  667): Final window list:
V/WindowManager(  667):   #0: Window{529d98cc u0 SearchPanel}
V/WindowManager(  667):   #1: Window{529d0acc u0 NavigationBar}
V/WindowManager(  667):   #2: Window{529bb87c u0 StatusBar}
V/WindowManager(  667):   #3: Window{529aa2b0 u0 Keyguard}
V/WindowManager(  667):   #4: Window{529f6690 u0 KeyguardScrim}
V/WindowManager(  667):   #5: Window{52a2c63c u0 com.android.launcher/com.android.launcher2.Launcher}
V/WindowManager(  667):   #6: Window{52aacc60 u0 com.android.settings/com.android.settings.SubSettings}
V/WindowManager(  667):   #7: Window{52a7ba38 u0 com.android.settings/com.android.settings.Settings}
V/WindowManager(  667):   #8: Window{52a14510 u0 jackpal.androidterm/jackpal.androidterm.Term}
V/WindowManager(  667):   #9: Window{52a42054 u0 com.android.dialer/com.android.dialer.DialtactsActivity}
V/WindowManager(  667):   #10: Window{52a1db68 u0 com.android.systemui.ImageWallpaper}
E/cutils-trace( 5007): Error opening trace file: No such file or directory (2)
D/gralloc_vbox86( 5007): Emulator without GPU emulation detected.
D/gralloc (  275): Registering a buffer in the process that created it. This may cause memory ordering problems.
E/libEGL  (  275): called unimplemented OpenGL ES API
E/libEGL  (  275): called unimplemented OpenGL ES API
E/libEGL  (  275): called unimplemented OpenGL ES API
E/libEGL  (  275): called unimplemented OpenGL ES API
E/libEGL  (  275): called unimplemented OpenGL ES API
E/libEGL  (  275): called unimplemented OpenGL ES API
E/libEGL  (  275): called unimplemented OpenGL ES API
E/SurfaceFlinger(  275): glCheckFramebufferStatusOES error 908003643
E/SurfaceFlinger(  275): got GL_FRAMEBUFFER_COMPLETE_OES error while taking screenshot
E/libEGL  (  275): called unimplemented OpenGL ES API
E/libEGL  (  275): called unimplemented OpenGL ES API
E/libEGL  (  275): called unimplemented OpenGL ES API
W/linker  ( 5012): libdvm.so has text relocations. This is wasting memory and is a security risk. Please fix.
W/linker  ( 5012): app_process has text relocations. This is wasting memory and is a security risk. Please fix.
D/AndroidRuntime( 5012): 
D/AndroidRuntime( 5012): >>>>>> AndroidRuntime START com.android.internal.os.RuntimeInit <<<<<<
D/AndroidRuntime( 5012): CheckJNI is OFF
E/memtrack( 5012): Couldn't load memtrack module (No such file or directory)
E/android.os.Debug( 5012): failed to load memtrack module: -2
D/AndroidRuntime( 5012): Calling main entry com.android.commands.am.Am
I/ActivityManager(  667): Force stopping com.dumplingsandwich.pencilsketch appid=10019 user=0: from pid 5012
I/ActivityManager(  667): Killing 4980:com.dumplingsandwich.pencilsketch:cds/u0a19 (adj 9): stop com.dumplingsandwich.pencilsketch
I/ActivityManager(  667): Killing 4958:com.dumplingsandwich.pencilsketch/u0a19 (adj 9): stop com.dumplingsandwich.pencilsketch
D/AndroidRuntime( 5012): Shutting down VM
E/cutils-trace( 5012): Error opening trace file: No such file or directory (2)
I/AndroidRuntime( 5012): NOTE: attach of thread 'Binder_1' failed
W/linker  ( 5022): libdvm.so has text relocations. This is wasting memory and is a security risk. Please fix.
W/linker  ( 5022): app_process has text relocations. This is wasting memory and is a security risk. Please fix.
D/AndroidRuntime( 5022): 
D/AndroidRuntime( 5022): >>>>>> AndroidRuntime START com.android.internal.os.RuntimeInit <<<<<<
D/AndroidRuntime( 5022): CheckJNI is OFF
E/cutils-trace( 5022): Error opening trace file: No such file or directory (2)
E/memtrack( 5022): Couldn't load memtrack module (No such file or directory)
E/android.os.Debug( 5022): failed to load memtrack module: -2
D/AndroidRuntime( 5022): Calling main entry com.android.commands.am.Am
I/ActivityManager(  667): START u0 {flg=0x10000000 cmp=com.dumplingsandwich.pencilsketch/com.adobe.creativesdk.foundation.internal.storage.utils.CopyToClipboardActivity} from pid 5022
D/gralloc (  275): Registering a buffer in the process that created it. This may cause memory ordering problems.
E/libEGL  (  275): called unimplemented OpenGL ES API
E/libEGL  (  275): called unimplemented OpenGL ES API
E/libEGL  (  275): called unimplemented OpenGL ES API
E/libEGL  (  275): called unimplemented OpenGL ES API
E/libEGL  (  275): called unimplemented OpenGL ES API
E/libEGL  (  275): called unimplemented OpenGL ES API
E/libEGL  (  275): called unimplemented OpenGL ES API
E/SurfaceFlinger(  275): glCheckFramebufferStatusOES error 908003643
E/SurfaceFlinger(  275): got GL_FRAMEBUFFER_COMPLETE_OES error while taking screenshot
E/libEGL  (  275): called unimplemented OpenGL ES API
E/libEGL  (  275): called unimplemented OpenGL ES API
E/libEGL  (  275): called unimplemented OpenGL ES API
D/AndroidRuntime( 5022): Shutting down VM
I/AndroidRuntime( 5022): NOTE: attach of thread 'Binder_1' failed
W/WindowManager(  667): Screenshot failure taking screenshot for (328x524) to layer 21025
I/ActivityManager(  667): Start proc com.dumplingsandwich.pencilsketch for activity com.dumplingsandwich.pencilsketch/com.adobe.creativesdk.foundation.internal.storage.utils.CopyToClipboardActivity: pid=5032 uid=10019 gids={50019, 3003, 1028, 1015}
I/InputDispatcher(  667): Dropping event because there is no touchable window at (395, 743).
I/InputDispatcher(  667): Dropping event because there is no touchable window at (393, 743).
I/InputDispatcher(  667): Dropping event because there is no touchable window at (393, 745).
I/InputDispatcher(  667): Dropping event because there is no touchable window at (391, 747).
I/InputDispatcher(  667): Dropping event because there is no touchable window at (389, 747).
I/InputDispatcher(  667): Dropping event because there is no touchable window at (388, 747).
I/InputDispatcher(  667): Dropping event because there is no touchable window at (388, 749).
I/InputDispatcher(  667): Dropping event because there is no touchable window at (386, 749).
I/InputDispatcher(  667): Dropping event because there is no touchable window at (384, 749).
I/InputDispatcher(  667): Dropping event because there is no touchable window at (382, 749).
I/InputDispatcher(  667): Dropping event because there is no touchable window at (380, 749).
I/InputDispatcher(  667): Dropping event because there is no touchable window at (378, 749).
I/InputDispatcher(  667): Dropping event because there is no touchable window at (377, 749).
I/InputDispatcher(  667): Dropping event because there is no touchable window at (375, 749).
I/InputDispatcher(  667): Dropping event because there is no touchable window at (373, 749).
I/InputDispatcher(  667): Dropping event because there is no touchable window at (371, 749).
I/InputDispatcher(  667): Dropping event because there is no touchable window at (369, 749).
I/InputDispatcher(  667): Dropping event because there is no touchable window at (369, 751).
I/InputDispatcher(  667): Dropping event because there is no touchable window at (367, 751).
I/InputDispatcher(  667): Dropping event because there is no touchable window at (365, 751).
I/InputDispatcher(  667): Dropping event because there is no touchable window at (364, 751).
I/InputDispatcher(  667): Dropping event because there is no touchable window at (360, 751).
I/InputDispatcher(  667): Dropping event because there is no touchable window at (358, 753).
D/JustTrustMe( 5032): Hooking DefaultHTTPClient for: com.dumplingsandwich.pencilsketch
D/JustTrustMe( 5032): Hooking DefaultHTTPClient(HttpParams) for: com.dumplingsandwich.pencilsketch
D/JustTrustMe( 5032): Hooking DefaultHTTPClient(ClientConnectionManager, HttpParams) for: com.dumplingsandwich.pencilsketch
D/JustTrustMe( 5032): Hooking SSLSocketFactory(String, KeyStore, String, KeyStore) for: com.dumplingsandwich.pencilsketch
D/JustTrustMe( 5032): Hooking static SSLSocketFactory(String, KeyStore, String, KeyStore) for: com.dumplingsandwich.pencilsketch
D/JustTrustMe( 5032): Hooking SSLSocketFactory(Socket) for: com.dumplingsandwich.pencilsketch
D/JustTrustMe( 5032): Hooking TrustManagerFactory.getTrustManagers() for: com.dumplingsandwich.pencilsketch
D/JustTrustMe( 5032): Hooking HttpsURLConnection.setDefaultHostnameVerifier for: com.dumplingsandwich.pencilsketch
D/JustTrustMe( 5032): Hooking HttpsURLConnection.setSSLSocketFactory for: com.dumplingsandwich.pencilsketch
D/JustTrustMe( 5032): Hooking HttpsURLConnection.setHostnameVerifier for: com.dumplingsandwich.pencilsketch
D/JustTrustMe( 5032): Hooking WebViewClient.onReceivedSslError(WebView, SslErrorHandler, SslError) for: com.dumplingsandwich.pencilsketch
D/JustTrustMe( 5032): Hooking WebViewClient.onReceivedSslError(WebView, int, string, string) for: com.dumplingsandwich.pencilsketch
D/JustTrustMe( 5032): Hooking com.android.org.conscrypt.TrustManagerImpl.checkServerTrusted(X509Certificate[]) for: com.dumplingsandwich.pencilsketch
I/InputDispatcher(  667): Dropping event because there is no touchable window at (356, 753).
I/InputDispatcher(  667): Dropping event because there is no touchable window at (354, 753).
I/InputDispatcher(  667): Dropping event because there is no touchable window at (353, 753).
I/InputDispatcher(  667): Dropping event because there is no touchable window at (351, 753).
I/InputDispatcher(  667): Dropping event because there is no touchable window at (349, 753).
I/MultiDex( 5032): VM with version 1.6.0 does not have multidex support
I/MultiDex( 5032): install
I/InputDispatcher(  667): Dropping event because there is no touchable window at (347, 755).
I/InputDispatcher(  667): Dropping event because there is no touchable window at (345, 755).
I/MultiDex( 5032): MultiDexExtractor.load(/data/app/com.dumplingsandwich.pencilsketch-1.apk, false)
I/Xposed  ( 5032): Droidmon-apimonitor-com.dumplingsandwich.pencilsketch:{"timestamp":1464091782572,"result":{"descriptor":55},"class":"libcore.io.IoBridge","method":"open","type":"file","args":["\/data\/app\/com.dumplingsandwich.pencilsketch-1.apk","0"]}
I/InputDispatcher(  667): Dropping event because there is no touchable window at (343, 755).
I/InputDispatcher(  667): Dropping event because there is no touchable window at (342, 755).
I/InputDispatcher(  667): Dropping event because there is no touchable window at (340, 755).
I/InputDispatcher(  667): Dropping event because there is no touchable window at (338, 755).
I/InputDispatcher(  667): Dropping event because there is no touchable window at (336, 755).
I/InputDispatcher(  667): Dropping event because there is no touchable window at (334, 755).
I/InputDispatcher(  667): Dropping event because there is no touchable window at (331, 757).
I/Xposed  ( 5032): Droidmon-apimonitor-com.dumplingsandwich.pencilsketch:{"timestamp":1464091782595,"result":{"descriptor":55},"class":"libcore.io.IoBridge","method":"open","type":"file","args":["\/data\/data\/com.dumplingsandwich.pencilsketch\/shared_prefs\/multidex.version.xml","0"]}
I/InputDispatcher(  667): Dropping event because there is no touchable window at (329, 757).
I/InputDispatcher(  667): Dropping event because there is no touchable window at (327, 757).
I/MultiDex( 5032): loading existing secondary dex files
I/MultiDex( 5032): load found 0 secondary dex files
I/MultiDex( 5032): install done
D/JustTrustMe( 5032): Hooking com.squareup.okhttp.CertificatePinner.check(String,List) (2.5) for: com.dumplingsandwich.pencilsketch
I/Xposed  ( 5032): java.lang.NoSuchMethodError: com.squareup.okhttp.CertificatePinner#check(java.lang.String,java.util.List)#exact
I/Xposed  ( 5032): 	at de.robv.android.xposed.XposedHelpers.findMethodExact(XposedHelpers.java:179)
I/Xposed  ( 5032): 	at de.robv.android.xposed.XposedHelpers.findAndHookMethod(XposedHelpers.java:129)
I/Xposed  ( 5032): 	at de.robv.android.xposed.XposedHelpers.findAndHookMethod(XposedHelpers.java:136)
I/Xposed  ( 5032): 	at just.trust.me.Main.processOkHttp(Main.java:354)
I/Xposed  ( 5032): 	at just.trust.me.Main$13.afterHookedMethod(Main.java:243)
I/Xposed  ( 5032): 	at de.robv.android.xposed.XposedBridge.handleHookedMethod(XposedBridge.java:645)
I/Xposed  ( 5032): 	at android.app.Application.attach(Native Method)
I/Xposed  ( 5032): 	at android.app.Instrumentation.newApplication(Instrumentation.java:991)
I/Xposed  ( 5032): 	at android.app.Instrumentation.newApplication(Instrumentation.java:975)
I/Xposed  ( 5032): 	at android.app.LoadedApk.makeApplication(LoadedApk.java:511)
I/Xposed  ( 5032): 	at android.app.ActivityThread.handleBindApplication(ActivityThread.java:4317)
I/Xposed  ( 5032): 	at de.robv.android.xposed.XposedBridge.invokeOriginalMethodNative(Native Method)
I/Xposed  ( 5032): 	at de.robv.android.xposed.XposedBridge.handleHookedMethod(XposedBridge.java:631)
I/Xposed  ( 5032): 	at android.app.ActivityThread.handleBindApplication(Native Method)
I/Xposed  ( 5032): 	at android.app.ActivityThread.access$1500(ActivityThread.java:135)
I/Xposed  ( 5032): 	at android.app.ActivityThread$H.handleMessage(ActivityThread.java:1256)
I/Xposed  ( 5032): 	at android.os.Handler.dispatchMessage(Handler.java:102)
I/Xposed  ( 5032): 	at android.os.Looper.loop(Looper.java:136)
I/Xposed  ( 5032): 	at android.app.ActivityThread.main(ActivityThread.java:5017)
I/Xposed  ( 5032): 	at java.lang.reflect.Method.invokeNative(Native Method)
I/Xposed  ( 5032): 	at java.lang.reflect.Method.invoke(Native Method)
I/Xposed  ( 5032): 	at com.android.internal.os.ZygoteInit$MethodAndArgsCaller.run(ZygoteInit.java:779)
I/Xposed  ( 5032): 	at com.android.internal.os.ZygoteInit.main(ZygoteInit.java:595)
I/Xposed  ( 5032): 	at de.robv.android.xposed.XposedBridge.main(XposedBridge.java:132)
I/Xposed  ( 5032): 	at dalvik.system.NativeStart.main(Native Method)
I/InputDispatcher(  667): Dropping event because there is no touchable window at (325, 757).
I/AdobeImageCdsProvider( 5032): onCreate
I/InputDispatcher(  667): Dropping event because there is no touchable window at (323, 757).
I/InputDispatcher(  667): Dropping event because there is no touchable window at (321, 757).
I/InputDispatcher(  667): Dropping event because there is no touchable window at (320, 759).
I/InputDispatcher(  667): Dropping event because there is no touchable window at (318, 759).
I/InputDispatcher(  667): Dropping event because there is no touchable window at (316, 759).
I/InputDispatcher(  667): Dropping event because there is no touchable window at (312, 759).
I/InputDispatcher(  667): Dropping event because there is no touchable window at (308, 759).
I/InputDispatcher(  667): Dropping event because there is no touchable window at (305, 762).
I/Xposed  ( 5032): Droidmon-apimonitor-com.dumplingsandwich.pencilsketch:{"timestamp":1464091782617,"result":{"descriptor":55},"class":"libcore.io.IoBridge","method":"open","type":"file","args":["\/data\/data\/com.dumplingsandwich.pencilsketch\/shared_prefs\/Foundation.xml","0"]}
I/InputDispatcher(  667): Dropping event because there is no touchable window at (301, 762).
I/InputDispatcher(  667): Dropping event because there is no touchable window at (299, 762).
I/InputDispatcher(  667): Dropping event because there is no touchable window at (294, 764).
I/InputDispatcher(  667): Dropping event because there is no touchable window at (292, 764).
I/Xposed  ( 5032): Droidmon-apimonitor-com.dumplingsandwich.pencilsketch:{"timestamp":1464091782644,"result":{"descriptor":55},"class":"libcore.io.IoBridge","method":"open","type":"file","args":["\/data\/data\/com.dumplingsandwich.pencilsketch\/shared_prefs\/adb_foundation_auth_aes_preference.xml","0"]}
I/Xposed  ( 5032): Droidmon-apimonitor-com.dumplingsandwich.pencilsketch:{"timestamp":1464091782645,"result":"\n0x00000000 39 C6 AE C9 04 39 6B FA 88 98 A1 97 9B 81 91 3E 9....9k........>","class":"android.util.Base64","method":"decode","type":"generic","args":["OcauyQQ5a\/qImKGXm4GRPg==","0","24","2"]}
I/Xposed  ( 5032): Droidmon-apimonitor-com.dumplingsandwich.pencilsketch:{"timestamp":1464091782646,"result":"\n0x00000000 39 C6 AE C9 04 39 6B FA 88 98 A1 97 9B 81 91 3E 9....9k........>","class":"android.util.Base64","method":"decode","type":"generic","args":["OcauyQQ5a\/qImKGXm4GRPg==","2"]}
I/Xposed  ( 5032): Droidmon-apimonitor-com.dumplingsandwich.pencilsketch:{"timestamp":1464091782646,"result":"\n0x00000000 39 C6 AE C9 04 39 6B FA 88 98 A1 97 9B 81 91 3E 9....9k........>","class":"android.util.Base64","method":"decode","type":"generic","args":["OcauyQQ5a\/qImKGXm4GRPg==","2"]}
I/Xposed  ( 5032): Droidmon-apimonitor-com.dumplingsandwich.pencilsketch:{"timestamp":1464091782647,"class":"javax.crypto.spec.SecretKeySpec","method":"javax.crypto.spec.SecretKeySpec","type":"crypto","args":["\n0x00000000 39 C6 AE C9 04 39 6B FA 88 98 A1 97 9B 81 91 3E 9....9k........>","AES"]}
I/InputDispatcher(  667): Dropping event because there is no touchable window at (290, 764).
I/InputDispatcher(  667): Dropping event because there is no touchable window at (288, 764).
I/InputDispatcher(  667): Dropping event because there is no touchable window at (286, 764).
I/InputDispatcher(  667): Dropping event because there is no touchable window at (281, 766).
I/InputDispatcher(  667): Dropping event because there is no touchable window at (272, 766).
I/InputDispatcher(  667): Dropping event because there is no touchable window at (270, 766).
I/InputDispatcher(  667): Dropping event because there is no touchable window at (266, 766).
I/InputDispatcher(  667): Dropping event because there is no touchable window at (262, 770).
I/InputDispatcher(  667): Dropping event because there is no touchable window at (259, 770).
I/InputDispatcher(  667): Dropping event because there is no touchable window at (255, 770).
I/InputDispatcher(  667): Dropping event because there is no touchable window at (253, 770).
I/InputDispatcher(  667): Dropping event because there is no touchable window at (251, 770).
I/InputDispatcher(  667): Dropping event because there is no touchable window at (248, 770).
I/InputDispatcher(  667): Dropping event because there is no touchable window at (246, 770).
I/InputDispatcher(  667): Dropping event because there is no touchable window at (242, 770).
I/InputDispatcher(  667): Dropping event because there is no touchable window at (237, 770).
I/InputDispatcher(  667): Dropping event because there is no touchable window at (233, 770).
I/InputDispatcher(  667): Dropping event because there is no touchable window at (228, 770).
I/InputDispatcher(  667): Dropping event because there is no touchable window at (226, 770).
I/InputDispatcher(  667): Dropping event because there is no touchable window at (222, 770).
I/InputDispatcher(  667): Dropping event because there is no touchable window at (218, 770).
I/InputDispatcher(  667): Dropping event because there is no touchable window at (213, 770).
I/InputDispatcher(  667): Dropping event because there is no touchable window at (211, 770).
I/InputDispatcher(  667): Dropping event because there is no touchable window at (205, 770).
I/InputDispatcher(  667): Dropping event because there is no touchable window at (200, 770).
I/InputDispatcher(  667): Dropping event because there is no touchable window at (196, 770).
I/InputDispatcher(  667): Dropping event because there is no touchable window at (191, 770).
I/InputDispatcher(  667): Dropping event because there is no touchable window at (185, 770).
I/InputDispatcher(  667): Dropping event because there is no touchable window at (182, 770).
I/InputDispatcher(  667): Dropping event because there is no touchable window at (180, 770).
I/InputDispatcher(  667): Dropping event because there is no touchable window at (174, 770).
I/InputDispatcher(  667): Dropping event because there is no touchable window at (169, 770).
I/InputDispatcher(  667): Dropping event because there is no touchable window at (165, 770).
I/InputDispatcher(  667): Dropping event because there is no touchable window at (163, 770).
I/InputDispatcher(  667): Dropping event because there is no touchable window at (161, 770).
I/InputDispatcher(  667): Dropping event because there is no touchable window at (158, 770).
I/InputDispatcher(  667): Dropping event because there is no touchable window at (154, 770).
I/InputDispatcher(  667): Dropping event because there is no touchable window at (152, 770).
I/InputDispatcher(  667): Dropping event because there is no touchable window at (148, 770).
I/InputDispatcher(  667): Dropping event because there is no touchable window at (147, 770).
I/InputDispatcher(  667): Dropping event because there is no touchable window at (145, 770).
I/InputDispatcher(  667): Dropping event because there is no touchable window at (143, 770).
I/InputDispatcher(  667): Dropping event because there is no touchable window at (141, 770).
I/Xposed  ( 5032): Droidmon-apimonitor-com.dumplingsandwich.pencilsketch:{"timestamp":1464091782653,"result":"\n0x00000000 F1 A3 C0 DE 45 AF F3 55 95 92 80 27 41 2E 4E C5 ....E..U...'A.N.\n0x00000010 D7 57 78 B8 FD 98 37 1E 0C 92 24 E1 07 13 FC 37 .Wx...7...$....7\n0x00000020 B8 D6 69 CE D9 07 56 17 B9 CF 1D 06 87 42 B3 FA ..i...V......B..","class":"javax.crypto.Cipher","method":"doFinal","type":"crypto","this":{"mode":1},"args":["5bdd636e3694470fa58e0ea0f195e0d3"]}
