E/NativeCrashListener(  686): Exception dealing with report
E/NativeCrashListener(  686): libcore.io.ErrnoException: read failed: EAGAIN (Try again)
E/NativeCrashListener(  686): 	at libcore.io.Posix.readBytes(Native Method)
E/NativeCrashListener(  686): 	at libcore.io.Posix.read(Posix.java:128)
E/NativeCrashListener(  686): 	at libcore.io.BlockGuardOs.read(BlockGuardOs.java:149)
E/NativeCrashListener(  686): 	at com.android.server.am.NativeCrashListener.consumeNativeCrashData(NativeCrashListener.java:240)
E/NativeCrashListener(  686): 	at com.android.server.am.NativeCrashListener.run(NativeCrashListener.java:138)
E/cutils-trace( 6509): Error opening trace file: No such file or directory (2)
D/gralloc_vbox86( 6509): Emulator without GPU emulation detected.
D/gralloc (  294): Registering a buffer in the process that created it. This may cause memory ordering problems.
E/libEGL  (  294): called unimplemented OpenGL ES API
E/libEGL  (  294): called unimplemented OpenGL ES API
E/libEGL  (  294): called unimplemented OpenGL ES API
E/libEGL  (  294): called unimplemented OpenGL ES API
E/libEGL  (  294): called unimplemented OpenGL ES API
E/libEGL  (  294): called unimplemented OpenGL ES API
E/libEGL  (  294): called unimplemented OpenGL ES API
E/SurfaceFlinger(  294): glCheckFramebufferStatusOES error -847558455
E/SurfaceFlinger(  294): got GL_FRAMEBUFFER_COMPLETE_OES error while taking screenshot
E/libEGL  (  294): called unimplemented OpenGL ES API
E/libEGL  (  294): called unimplemented OpenGL ES API
E/libEGL  (  294): called unimplemented OpenGL ES API
W/linker  ( 6514): libdvm.so has text relocations. This is wasting memory and is a security risk. Please fix.
W/linker  ( 6514): app_process has text relocations. This is wasting memory and is a security risk. Please fix.
D/AndroidRuntime( 6514): 
D/AndroidRuntime( 6514): >>>>>> AndroidRuntime START com.android.internal.os.RuntimeInit <<<<<<
D/AndroidRuntime( 6514): CheckJNI is OFF
W/dalvikvm( 6491): threadid=5: spin on suspend #1 threadid=1 (pcf=0)
E/cutils-trace( 6514): Error opening trace file: No such file or directory (2)
E/memtrack( 6514): Couldn't load memtrack module (No such file or directory)
E/android.os.Debug( 6514): failed to load memtrack module: -2
D/AndroidRuntime( 6514): Calling main entry com.android.commands.am.Am
I/ActivityManager(  686): Force stopping com.tencent.mobileqq appid=10019 user=0: from pid 6514
I/ActivityManager(  686): Killing 6491:com.tencent.mobileqq/u0a19 (adj 0): stop com.tencent.mobileqq
I/ActivityManager(  686):   Force finishing activity ActivityRecord{52e2ea20 u0 com.tencent.mobileqq/.maproam.activity.RoamingActivity t52}
D/AndroidRuntime( 6514): Shutting down VM
I/AndroidRuntime( 6514): NOTE: attach of thread 'Binder_1' failed
W/linker  ( 6525): libdvm.so has text relocations. This is wasting memory and is a security risk. Please fix.
W/linker  ( 6525): app_process has text relocations. This is wasting memory and is a security risk. Please fix.
D/AndroidRuntime( 6525): 
D/AndroidRuntime( 6525): >>>>>> AndroidRuntime START com.android.internal.os.RuntimeInit <<<<<<
D/AndroidRuntime( 6525): CheckJNI is OFF
E/cutils-trace( 6525): Error opening trace file: No such file or directory (2)
E/memtrack( 6525): Couldn't load memtrack module (No such file or directory)
E/android.os.Debug( 6525): failed to load memtrack module: -2
D/AndroidRuntime( 6525): Calling main entry com.android.commands.am.Am
I/ActivityManager(  686): START u0 {flg=0x10000000 cmp=com.tencent.mobileqq/.maproam.activity.VipMapRoamActivity} from pid 6525
D/gralloc (  294): Registering a buffer in the process that created it. This may cause memory ordering problems.
E/libEGL  (  294): called unimplemented OpenGL ES API
E/libEGL  (  294): called unimplemented OpenGL ES API
E/libEGL  (  294): called unimplemented OpenGL ES API
E/libEGL  (  294): called unimplemented OpenGL ES API
E/libEGL  (  294): called unimplemented OpenGL ES API
E/libEGL  (  294): called unimplemented OpenGL ES API
E/libEGL  (  294): called unimplemented OpenGL ES API
E/SurfaceFlinger(  294): glCheckFramebufferStatusOES error -847558455
E/SurfaceFlinger(  294): got GL_FRAMEBUFFER_COMPLETE_OES error while taking screenshot
E/libEGL  (  294): called unimplemented OpenGL ES API
E/libEGL  (  294): called unimplemented OpenGL ES API
E/libEGL  (  294): called unimplemented OpenGL ES API
D/AndroidRuntime( 6525): Shutting down VM
W/WindowManager(  686): Screenshot failure taking screenshot for (328x524) to layer 21010
I/AndroidRuntime( 6525): NOTE: attach of thread 'Binder_1' failed
I/ActivityManager(  686): Start proc com.tencent.mobileqq:nearby for activity com.tencent.mobileqq/.maproam.activity.VipMapRoamActivity: pid=6535 uid=10019 gids={50019, 3003, 3002, 3001, 1028, 1015}
D/JustTrustMe( 6535): Hooking DefaultHTTPClient for: com.tencent.mobileqq
D/JustTrustMe( 6535): Hooking DefaultHTTPClient(HttpParams) for: com.tencent.mobileqq
D/JustTrustMe( 6535): Hooking DefaultHTTPClient(ClientConnectionManager, HttpParams) for: com.tencent.mobileqq
D/JustTrustMe( 6535): Hooking SSLSocketFactory(String, KeyStore, String, KeyStore) for: com.tencent.mobileqq
D/JustTrustMe( 6535): Hooking static SSLSocketFactory(String, KeyStore, String, KeyStore) for: com.tencent.mobileqq
D/JustTrustMe( 6535): Hooking SSLSocketFactory(Socket) for: com.tencent.mobileqq
D/JustTrustMe( 6535): Hooking TrustManagerFactory.getTrustManagers() for: com.tencent.mobileqq
D/JustTrustMe( 6535): Hooking HttpsURLConnection.setDefaultHostnameVerifier for: com.tencent.mobileqq
D/JustTrustMe( 6535): Hooking HttpsURLConnection.setSSLSocketFactory for: com.tencent.mobileqq
D/JustTrustMe( 6535): Hooking HttpsURLConnection.setHostnameVerifier for: com.tencent.mobileqq
D/JustTrustMe( 6535): Hooking WebViewClient.onReceivedSslError(WebView, SslErrorHandler, SslError) for: com.tencent.mobileqq
D/JustTrustMe( 6535): Hooking WebViewClient.onReceivedSslError(WebView, int, string, string) for: com.tencent.mobileqq
D/JustTrustMe( 6535): Hooking com.android.org.conscrypt.TrustManagerImpl.checkServerTrusted(X509Certificate[]) for: com.tencent.mobileqq
I/Xposed  ( 6535): Droidmon-apimonitor-com.tencent.mobileqq:{"timestamp":1463829803887,"result":"Asia\/Calcutta","class":"android.os.SystemProperties","method":"get","type":"content","args":["persist.sys.timezone"]}
I/Xposed  ( 6535): Droidmon-apimonitor-com.tencent.mobileqq:{"timestamp":1463829803925,"class":"dalvik.system.DexFile","method":"dalvik.system.DexFile","type":"dex","args":["\/data\/data\/com.tencent.mobileqq\/files\/classes4.jar","\/data\/data\/com.tencent.mobileqq\/app_dex\/classes4.dex","0"]}
I/Xposed  ( 6535): Droidmon-apimonitor-com.tencent.mobileqq:{"timestamp":1463829803925,"result":{"mCookie":-1202584272,"mFileName":"\/data\/data\/com.tencent.mobileqq\/files\/classes4.jar","guard":{}},"class":"dalvik.system.DexFile","method":"loadDex","type":"dex","args":["\/data\/data\/com.tencent.mobileqq\/files\/classes4.jar","\/data\/data\/com.tencent.mobileqq\/app_dex\/classes4.dex","0"]}
D/MSF.D.QLog( 6535): QLog init
I/Xposed  ( 6535): Droidmon-apimonitor-com.tencent.mobileqq:{"timestamp":1463829803927,"result":{"descriptor":60},"class":"libcore.io.IoBridge","method":"open","type":"file","args":["\/storage\/emulated\/0\/tencent\/msflogs\/com\/tencent\/mobileqq\/com.tencent.mobileqq_nearby.16.05.21.16.log","1089"]}
I/Xposed  ( 6535): Droidmon-apimonitor-com.tencent.mobileqq:{"timestamp":1463829803926,"class":"dalvik.system.DexClassLoader","method":"dalvik.system.DexClassLoader","type":"dex","args":["\/data\/data\/com.tencent.mobileqq\/files\/classes4.jar","\/data\/data\/com.tencent.mobileqq\/app_dex","\/data\/data\/com.tencent.mobileqq\/files\/classes4.jar","dalvik.system.PathClassLoader[DexPathList[[zip file \"\/system\/framework\/com.google.android.media.effects.jar\", zip file \"\/data\/app\/com.tencent.mobileqq-1.apk\"],nativeLibraryDirectories=[\/data\/app-lib\/com.tencent.mobileqq-1, \/system\/lib]]]"]}
D/BaseApplicationImpl( 6535): com.tencent.mobileqq:nearby, injectHackDex=Success, cost=3 ms.
D/BaseApplicationImpl( 6535): injectPatchDex enable=false, isStartup=true
D/JustTrustMe( 6535): Hooking com.squareup.okhttp.CertificatePinner.check(String,List) (2.5) for: com.tencent.mobileqq
D/JustTrustMe( 6535): OKHTTP 2.5 not found in com.tencent.mobileqq-- not hooking
D/JustTrustMe( 6535): Hooking okhttp3.CertificatePinner.check(String,List) (3.x) for: com.tencent.mobileqq
D/JustTrustMe( 6535): OKHTTP 3.x not found in com.tencent.mobileqq -- not hooking
D/JustTrustMe( 6535): OKHTTP 3.x not found in com.tencent.mobileqq -- not hooking OkHostnameVerifier.verify(String, SSLSession)
D/JustTrustMe( 6535): OKHTTP 3.x not found in com.tencent.mobileqq -- not hooking OkHostnameVerifier.verify(String, X509)(
I/Xposed  ( 6535): Droidmon-apimonitor-com.tencent.mobileqq:{"timestamp":1463829803984,"result":{"descriptor":61},"class":"libcore.io.IoBridge","method":"open","type":"file","args":["\/data\/data\/com.tencent.mobileqq\/files\/classes2.dex.MD5","0"]}
I/Xposed  ( 6535): Droidmon-apimonitor-com.tencent.mobileqq:{"timestamp":1463829803985,"result":{"descriptor":61},"class":"libcore.io.IoBridge","method":"open","type":"file","args":["\/data\/data\/com.tencent.mobileqq\/app_dex\/classes2\/classes2.dat","0"]}
I/Xposed  ( 6535): Droidmon-apimonitor-com.tencent.mobileqq:{"timestamp":1463829803985,"result":"\n0x00000000 59 32 78 68 63 33 4E 6C 63 7A 49 75 5A 47 56 34 Y2xhc3NlczIuZGV4\n0x00000010 4F 54 6B 77 4F 44 45 77 4E 44 45 30 4E 6A 4D 34 OTkwODEwNDE0NjM4\n0x00000020 4D 6A 6B 30 4E 7A 51 77 4D 44 41 3D 0A          Mjk0NzQwMDA=.","class":"android.util.Base64","method":"encode","type":"generic","args":["classes2.dex99081041463829474000","0","32","0"]}
I/Xposed  ( 6535): Droidmon-apimonitor-com.tencent.mobileqq:{"timestamp":1463829803985,"result":"\n0x00000000 59 32 78 68 63 33 4E 6C 63 7A 49 75 5A 47 56 34 Y2xhc3NlczIuZGV4\n0x00000010 4F 54 6B 77 4F 44 45 77 4E 44 45 30 4E 6A 4D 34 OTkwODEwNDE0NjM4\n0x00000020 4D 6A 6B 30 4E 7A 51 77 4D 44 41 3D 0A          Mjk0NzQwMDA=.","class":"android.util.Base64","method":"encode","type":"generic","args":["classes2.dex99081041463829474000","0"]}
I/Xposed  ( 6535): Droidmon-apimonitor-com.tencent.mobileqq:{"timestamp":1463829803986,"result":"Y2xhc3NlczIuZGV4OTkwODEwNDE0NjM4Mjk0NzQwMDA=\n","class":"android.util.Base64","method":"encodeToString","type":"generic","args":["classes2.dex99081041463829474000","0"]}
I/Xposed  ( 6535): Droidmon-apimonitor-com.tencent.mobileqq:{"timestamp":1463829804025,"class":"dalvik.system.DexFile","method":"dalvik.system.DexFile","type":"dex","args":["\/data\/data\/com.tencent.mobileqq\/files\/classes2.jar","\/data\/data\/com.tencent.mobileqq\/app_dex\/classes2\/classes2.dex","0"]}
I/Xposed  ( 6535): Droidmon-apimonitor-com.tencent.mobileqq:{"timestamp":1463829804025,"result":{"mCookie":-1202575272,"mFileName":"\/data\/data\/com.tencent.mobileqq\/files\/classes2.jar","guard":{}},"class":"dalvik.system.DexFile","method":"loadDex","type":"dex","args":["\/data\/data\/com.tencent.mobileqq\/files\/classes2.jar","\/data\/data\/com.tencent.mobileqq\/app_dex\/classes2\/classes2.dex","0"]}
I/Xposed  ( 6535): Droidmon-apimonitor-com.tencent.mobileqq:{"timestamp":1463829804036,"class":"dalvik.system.DexClassLoader","method":"dalvik.system.DexClassLoader","type":"dex","args":["\/data\/data\/com.tencent.mobileqq\/files\/classes2.jar","\/data\/data\/com.tencent.mobileqq\/app_dex\/classes2","\/data\/data\/com.tencent.mobileqq\/files\/classes2.jar","dalvik.system.PathClassLoader[DexPathList[[zip file \"\/system\/framework\/com.google.android.media.effects.jar\", zip file \"\/data\/app\/com.tencent.mobileqq-1.apk\", zip file \"\/data\/data\/com.tencent.mobileqq\/files\/classes4.jar\"],nativeLibraryDirectories=[\/data\/app-lib\/com.tencent.mobileqq-1, \/system\/lib]]]"]}
I/Xposed  ( 6535): Droidmon-apimonitor-com.tencent.mobileqq:{"timestamp":1463829804037,"result":"\n0x00000000 59 32 78 68 63 33 4E 6C 63 7A 49 75 5A 47 56 34 Y2xhc3NlczIuZGV4\n0x00000010 4F 54 6B 77 4F 44 45 77 4E 44 45 30 4E 6A 4D 34 OTkwODEwNDE0NjM4\n0x00000020 4D 6A 6B 30 4E 7A 51 77 4D 44 41 3D 0A          Mjk0NzQwMDA=.","class":"android.util.Base64","method":"encode","type":"generic","args":["classes2.dex99081041463829474000","0","32","0"]}
I/Xposed  ( 6535): Droidmon-apimonitor-com.tencent.mobileqq:{"timestamp":1463829804038,"result":"\n0x00000000 59 32 78 68 63 33 4E 6C 63 7A 49 75 5A 47 56 34 Y2xhc3NlczIuZGV4\n0x00000010 4F 54 6B 77 4F 44 45 77 4E 44 45 30 4E 6A 4D 34 OTkwODEwNDE0NjM4\n0x00000020 4D 6A 6B 30 4E 7A 51 77 4D 44 41 3D 0A          Mjk0NzQwMDA=.","class":"android.util.Base64","method":"encode","type":"generic","args":["classes2.dex99081041463829474000","0"]}
I/Xposed  ( 6535): Droidmon-apimonitor-com.tencent.mobileqq:{"timestamp":1463829804038,"result":"Y2xhc3NlczIuZGV4OTkwODEwNDE0NjM4Mjk0NzQwMDA=\n","class":"android.util.Base64","method":"encodeToString","type":"generic","args":["classes2.dex99081041463829474000","0"]}
E/DexLoadOat( 6535): Success
I/Xposed  ( 6535): Droidmon-apimonitor-com.tencent.mobileqq:{"timestamp":1463829804053,"result":{"descriptor":65},"class":"libcore.io.IoBridge","method":"open","type":"file","args":["\/data\/data\/com.tencent.mobileqq\/files\/classes3.dex.MD5","0"]}
I/Xposed  ( 6535): Droidmon-apimonitor-com.tencent.mobileqq:{"timestamp":1463829804054,"result":{"descriptor":65},"class":"libcore.io.IoBridge","method":"open","type":"file","args":["\/data\/data\/com.tencent.mobileqq\/app_dex\/classes3\/classes3.dat","0"]}
I/Xposed  ( 6535): Droidmon-apimonitor-com.tencent.mobileqq:{"timestamp":1463829804054,"result":"\n0x00000000 59 32 78 68 63 33 4E 6C 63 7A 4D 75 5A 47 56 34 Y2xhc3NlczMuZGV4\n0x00000010 4D 54 41 31 4D 44 41 78 4F 54 49 78 4E 44 59 7A MTA1MDAxOTIxNDYz\n0x00000020 4F 44 49 35 4E 44 63 31 4D 44 41 77 0A          ODI5NDc1MDAw.","class":"android.util.Base64","method":"encode","type":"generic","args":["classes3.dex105001921463829475000","0","33","0"]}
I/Xposed  ( 6535): Droidmon-apimonitor-com.tencent.mobileqq:{"timestamp":1463829804055,"result":"\n0x00000000 59 32 78 68 63 33 4E 6C 63 7A 4D 75 5A 47 56 34 Y2xhc3NlczMuZGV4\n0x00000010 4D 54 41 31 4D 44 41 78 4F 54 49 78 4E 44 59 7A MTA1MDAxOTIxNDYz\n0x00000020 4F 44 49 35 4E 44 63 31 4D 44 41 77 0A          ODI5NDc1MDAw.","class":"android.util.Base64","method":"encode","type":"generic","args":["classes3.dex105001921463829475000","0"]}
I/Xposed  ( 6535): Droidmon-apimonitor-com.tencent.mobileqq:{"timestamp":1463829804055,"result":"Y2xhc3NlczMuZGV4MTA1MDAxOTIxNDYzODI5NDc1MDAw\n","class":"android.util.Base64","method":"encodeToString","type":"generic","args":["classes3.dex105001921463829475000","0"]}
I/Xposed  ( 6535): Droidmon-apimonitor-com.tencent.mobileqq:{"timestamp":1463829804055,"class":"dalvik.system.DexFile","method":"dalvik.system.DexFile","type":"dex","args":["\/data\/data\/com.tencent.mobileqq\/files\/classes3.jar","\/data\/data\/com.tencent.mobileqq\/app_dex\/classes3\/classes3.dex","0"]}
I/Xposed  ( 6535): Droidmon-apimonitor-com.tencent.mobileqq:{"timestamp":1463829804056,"result":{"mCookie":-1202576400,"mFileName":"\/data\/data\/com.tencent.mobileqq\/files\/classes3.jar","guard":{}},"class":"dalvik.system.DexFile","method":"loadDex","type":"dex","args":["\/data\/data\/com.tencent.mobileqq\/files\/classes3.jar","\/data\/data\/com.tencent.mobileqq\/app_dex\/classes3\/classes3.dex","0"]}
I/Xposed  ( 6535): Droidmon-apimonitor-com.tencent.mobileqq:{"timestamp":1463829804056,"class":"dalvik.system.DexClassLoader","method":"dalvik.system.DexClassLoader","type":"dex","args":["\/data\/data\/com.tencent.mobileqq\/files\/classes3.jar","\/data\/data\/com.tencent.mobileqq\/app_dex\/classes3","\/data\/data\/com.tencent.mobileqq\/files\/classes3.jar","dalvik.system.PathClassLoader[DexPathList[[zip file \"\/system\/framework\/com.google.android.media.effects.jar\", zip file \"\/data\/app\/com.tencent.mobileqq-1.apk\", zip file \"\/data\/data\/com.tencent.mobileqq\/files\/classes4.jar\", zip file \"\/data\/data\/com.tencent.mobileqq\/files\/classes2.jar\"],nativeLibraryDirectories=[\/data\/app-lib\/com.tencent.mobileqq-1, \/system\/lib]]]"]}
I/Xposed  ( 6535): Droidmon-apimonitor-com.tencent.mobileqq:{"timestamp":1463829804057,"result":"\n0x00000000 59 32 78 68 63 33 4E 6C 63 7A 4D 75 5A 47 56 34 Y2xhc3NlczMuZGV4\n0x00000010 4D 54 41 31 4D 44 41 78 4F 54 49 78 4E 44 59 7A MTA1MDAxOTIxNDYz\n0x00000020 4F 44 49 35 4E 44 63 31 4D 44 41 77 0A          ODI5NDc1MDAw.","class":"android.util.Base64","method":"encode","type":"generic","args":["classes3.dex105001921463829475000","0","33","0"]}
I/Xposed  ( 6535): Droidmon-apimonitor-com.tencent.mobileqq:{"timestamp":1463829804057,"result":"\n0x00000000 59 32 78 68 63 33 4E 6C 63 7A 4D 75 5A 47 56 34 Y2xhc3NlczMuZGV4\n0x00000010 4D 54 41 31 4D 44 41 78 4F 54 49 78 4E 44 59 7A MTA1MDAxOTIxNDYz\n0x00000020 4F 44 49 35 4E 44 63 31 4D 44 41 77 0A          ODI5NDc1MDAw.","class":"android.util.Base64","method":"encode","type":"generic","args":["classes3.dex105001921463829475000","0"]}
I/Xposed  ( 6535): Droidmon-apimonitor-com.tencent.mobileqq:{"timestamp":1463829804057,"result":"Y2xhc3NlczMuZGV4MTA1MDAxOTIxNDYzODI5NDc1MDAw\n","class":"android.util.Base64","method":"encodeToString","type":"generic","args":["classes3.dex105001921463829475000","0"]}
E/DexLoadOat( 6535): Success
I/Xposed  ( 6535): Droidmon-apimonitor-com.tencent.mobileqq:{"timestamp":1463829804086,"result":{"descriptor":66},"class":"libcore.io.IoBridge","method":"open","type":"file","args":["\/data\/data\/com.tencent.mobileqq\/files\/classes5.dex.MD5","0"]}
I/Xposed  ( 6535): Droidmon-apimonitor-com.tencent.mobileqq:{"timestamp":1463829804087,"result":{"descriptor":66},"class":"libcore.io.IoBridge","method":"open","type":"file","args":["\/data\/data\/com.tencent.mobileqq\/app_dex\/classes5\/classes5.dat","0"]}
I/Xposed  ( 6535): Droidmon-apimonitor-com.tencent.mobileqq:{"timestamp":1463829804087,"result":"\n0x00000000 59 32 78 68 63 33 4E 6C 63 7A 55 75 5A 47 56 34 Y2xhc3NlczUuZGV4\n0x00000010 4F 44 4D 79 4D 7A 67 32 4E 44 45 30 4E 6A 4D 34 ODMyMzg2NDE0NjM4\n0x00000020 4D 6A 6B 30 4E 7A 55 77 4D 44 41 3D 0A          Mjk0NzUwMDA=.","class":"android.util.Base64","method":"encode","type":"generic","args":["classes5.dex83238641463829475000","0","32","0"]}
I/Xposed  ( 6535): Droidmon-apimonitor-com.tencent.mobileqq:{"timestamp":1463829804098,"result":"\n0x00000000 59 32 78 68 63 33 4E 6C 63 7A 55 75 5A 47 56 34 Y2xhc3NlczUuZGV4\n0x00000010 4F 44 4D 79 4D 7A 67 32 4E 44 45 30 4E 6A 4D 34 ODMyMzg2NDE0NjM4\n0x00000020 4D 6A 6B 30 4E 7A 55 77 4D 44 41 3D 0A          Mjk0NzUwMDA=.","class":"android.util.Base64","method":"encode","type":"generic","args":["classes5.dex83238641463829475000","0"]}
I/Xposed  ( 6535): Droidmon-apimonitor-com.tencent.mobileqq:{"timestamp":1463829804099,"result":"Y2xhc3NlczUuZGV4ODMyMzg2NDE0NjM4Mjk0NzUwMDA=\n","class":"android.util.Base64","method":"encodeToString","type":"generic","args":["classes5.dex83238641463829475000","0"]}
I/Xposed  ( 6535): Droidmon-apimonitor-com.tencent.mobileqq:{"timestamp":1463829804099,"class":"dalvik.system.DexFile","method":"dalvik.system.DexFile","type":"dex","args":["\/data\/data\/com.tencent.mobileqq\/files\/classes5.jar","\/data\/data\/com.tencent.mobileqq\/app_dex\/classes5\/classes5.dex","0"]}
I/Xposed  ( 6535): Droidmon-apimonitor-com.tencent.mobileqq:{"timestamp":1463829804100,"result":{"mCookie":-1202615352,"mFileName":"\/data\/data\/com.tencent.mobileqq\/files\/classes5.jar","guard":{}},"class":"dalvik.system.DexFile","method":"loadDex","type":"dex","args":["\/data\/data\/com.tencent.mobileqq\/files\/classes5.jar","\/data\/data\/com.tencent.mobileqq\/app_dex\/classes5\/classes5.dex","0"]}
I/Xposed  ( 6535): Droidmon-apimonitor-com.tencent.mobileqq:{"timestamp":1463829804100,"class":"dalvik.system.DexClassLoader","method":"dalvik.system.DexClassLoader","type":"dex","args":["\/data\/data\/com.tencent.mobileqq\/files\/classes5.jar","\/data\/data\/com.tencent.mobileqq\/app_dex\/classes5","\/data\/data\/com.tencent.mobileqq\/files\/classes5.jar","dalvik.system.PathClassLoader[DexPathList[[zip file \"\/system\/framework\/com.google.android.media.effects.jar\", zip file \"\/data\/app\/com.tencent.mobileqq-1.apk\", zip file \"\/data\/data\/com.tencent.mobileqq\/files\/classes4.jar\", zip file \"\/data\/data\/com.tencent.mobileqq\/files\/classes2.jar\", zip file \"\/data\/data\/com.tencent.mobileqq\/files\/classes3.jar\"],nativeLibraryDirectories=[\/data\/app-lib\/com.tencent.mobileqq-1, \/system\/lib]]]"]}
I/Xposed  ( 6535): Droidmon-apimonitor-com.tencent.mobileqq:{"timestamp":1463829804101,"result":"\n0x00000000 59 32 78 68 63 33 4E 6C 63 7A 55 75 5A 47 56 34 Y2xhc3NlczUuZGV4\n0x00000010 4F 44 4D 79 4D 7A 67 32 4E 44 45 30 4E 6A 4D 34 ODMyMzg2NDE0NjM4\n0x00000020 4D 6A 6B 30 4E 7A 55 77 4D 44 41 3D 0A          Mjk0NzUwMDA=.","class":"android.util.Base64","method":"encode","type":"generic","args":["classes5.dex83238641463829475000","0","32","0"]}
I/Xposed  ( 6535): Droidmon-apimonitor-com.tencent.mobileqq:{"timestamp":1463829804101,"result":"\n0x00000000 59 32 78 68 63 33 4E 6C 63 7A 55 75 5A 47 56 34 Y2xhc3NlczUuZGV4\n0x00000010 4F 44 4D 79 4D 7A 67 32 4E 44 45 30 4E 6A 4D 34 ODMyMzg2NDE0NjM4\n0x00000020 4D 6A 6B 30 4E 7A 55 77 4D 44 41 3D 0A          Mjk0NzUwMDA=.","class":"android.util.Base64","method":"encode","type":"generic","args":["classes5.dex83238641463829475000","0"]}
I/Xposed  ( 6535): Droidmon-apimonitor-com.tencent.mobileqq:{"timestamp":1463829804102,"result":"Y2xhc3NlczUuZGV4ODMyMzg2NDE0NjM4Mjk0NzUwMDA=\n","class":"android.util.Base64","method":"encodeToString","type":"generic","args":["classes5.dex83238641463829475000","0"]}
E/DexLoadOat( 6535): Success
I/Xposed  ( 6535): Droidmon-apimonitor-com.tencent.mobileqq:{"timestamp":1463829804134,"class":"android.app.ContextImpl","method":"registerReceiver","type":"binder","args":[{"mDebugUnregister":false},{"mPriority":0,"mActions":["android.intent.action.SCREEN_ON","android.intent.action.SCREEN_OFF"],"mHasPartialTypes":false}]}
I/Xposed  ( 6535): Droidmon-apimonitor-com.tencent.mobileqq:{"timestamp":1463829804157,"class":"android.app.ContextImpl","method":"registerReceiver","type":"binder","args":[{"mDebugUnregister":false},{"mPriority":0,"mActions":["android.intent.action.SCREEN_ON","android.intent.action.SCREEN_OFF"],"mHasPartialTypes":false}]}
D/MSF.D.MonitorSocket( 6535): monitor_config not found, disable monitor socket
I/Xposed  ( 6535): Droidmon-apimonitor-com.tencent.mobileqq:{"timestamp":1463829804227,"result":{"descriptor":73},"class":"libcore.io.IoBridge","method":"open","type":"file","args":["\/proc\/meminfo","0"]}
I/Xposed  ( 6535): Droidmon-apimonitor-com.tencent.mobileqq:{"timestamp":1463829804244,"result":"","class":"android.os.SystemProperties","method":"get","type":"content","args":["dalvik.vm.heapgrowthlimit",""]}
I/Xposed  ( 6535): Droidmon-apimonitor-com.tencent.mobileqq:{"timestamp":1463829804244,"result":"256m","class":"android.os.SystemProperties","method":"get","type":"content","args":["dalvik.vm.heapsize","16m"]}
D/mqq     ( 6535): doInit begin withcom.tencent.mobileqq:nearby
W/System.err( 6535): java.io.FileNotFoundException: /data/data/com.tencent.mobileqq/files/Properties: open failed: ENOENT (No such file or directory)
W/System.err( 6535): 	at libcore.io.IoBridge.open(IoBridge.java:409)
W/System.err( 6535): 	at de.robv.android.xposed.XposedBridge.invokeOriginalMethodNative(Native Method)
W/System.err( 6535): 	at de.robv.android.xposed.XposedBridge.handleHookedMethod(XposedBridge.java:631)
W/System.err( 6535): 	at libcore.io.IoBridge.open(Native Method)
W/System.err( 6535): 	at java.io.FileInputStream.<init>(FileInputStream.java:78)
W/System.err( 6535): 	at android.app.ContextImpl.openFileInput(ContextImpl.java:788)
W/System.err( 6535): 	at android.content.ContextWrapper.openFileInput(ContextWrapper.java:179)
W/System.err( 6535): 	at mqq.app.MobileQQ.loadProperites(MobileQQ.java:213)
W/System.err( 6535): 	at mqq.app.MobileQQ.doInit(MobileQQ.java:154)
W/System.err( 6535): 	at com.tencent.mobileqq.startup.step.NewRuntime.a(ProGuard:14)
W/System.err( 6535): 	at com.tencent.mobileqq.startup.step.Step.c(ProGuard:100)
W/System.err( 6535): 	at com.tencent.mobileqq.startup.step.Step.a(ProGuard:132)
W/System.err( 6535): 	at com.tencent.mobileqq.startup.step.Step.c(ProGuard:100)
W/System.err( 6535): 	at com.tencent.mobileqq.startup.director.StartupDirector.a(ProGuard:311)
W/System.err( 6535): 	at com.tencent.common.app.BaseApplicationImpl.onCreate(ProGuard:252)
W/System.err( 6535): 	at android.app.Instrumentation.callApplicationOnCreate(Instrumentation.java:1007)
W/System.err( 6535): 	at android.app.ActivityThread.handleBindApplication(ActivityThread.java:4344)
W/System.err( 6535): 	at de.robv.android.xposed.XposedBridge.invokeOriginalMethodNative(Native Method)
W/System.err( 6535): 	at de.robv.android.xposed.XposedBridge.handleHookedMethod(XposedBridge.java:631)
W/System.err( 6535): 	at android.app.ActivityThread.handleBindApplication(Native Method)
W/System.err( 6535): 	at android.app.ActivityThread.access$1500(ActivityThread.java:135)
W/System.err( 6535): 	at android.app.ActivityThread$H.handleMessage(ActivityThread.java:1256)
W/System.err( 6535): 	at android.os.Handler.dispatchMessage(Handler.java:102)
W/System.err( 6535): 	at android.os.Looper.loop(Looper.java:136)
W/System.err( 6535): 	at android.app.ActivityThread.main(ActivityThread.java:5017)
W/System.err( 6535): 	at java.lang.reflect.Method.invokeNative(Native Method)
W/System.err( 6535): 	at java.lang.reflect.Method.invoke(Native Method)
W/System.err( 6535): 	at com.android.internal.os.ZygoteInit$MethodAndArgsCaller.run(ZygoteInit.java:779)
W/System.err( 6535): 	at com.android.internal.os.ZygoteInit.main(ZygoteInit.java:595)
W/System.err( 6535): 	at de.robv.android.xposed.XposedBridge.main(XposedBridge.java:132)
W/System.err( 6535): 	at dalvik.system.NativeStart.main(Native Method)
W/System.err( 6535): Caused by: libcore.io.ErrnoException: open failed: ENOENT (No such file or directory)
W/System.err( 6535): 	at libcore.io.Posix.open(Native Method)
W/System.err( 6535): 	at libcore.io.BlockGuardOs.open(BlockGuardOs.java:110)
W/System.err( 6535): 	at libcore.io.IoBridge.open(IoBridge.java:393)
W/System.err( 6535): 	... 30 more
D/MSF.D.Proxy( 6535): start service finish
D/MSF.D.Proxy( 6535): threadID:1, threadName: main bind com.tencent.mobileqq.msf.service.MsfService service finished true
D/mqq     ( 6535): doinit last == null goto to sharedPreferences....
I/ActivityManager(  686): Start proc com.tencent.mobileqq:MSF for service com.tencent.mobileqq/.msf.service.MsfService: pid=6553 uid=10019 gids={50019, 3003, 3002, 3001, 1028, 1015}
I/Xposed  ( 6535): Droidmon-apimonitor-com.tencent.mobileqq:{"timestamp":1463829804294,"result":"android.app.SharedPreferencesImpl@5282f5d4","hooked_method":"getSystemSharedPreferences","hooked_class":"com.tencent.common.app.BaseApplicationImpl","args":["share","0"],"class":"java.lang.reflect.Method","method":"invoke","type":"reflection"}
D/MobileQQ( 6535): createNewRuntimefalsefalse5null
D/MSF.D.Proxy( 6535): start service finish
D/MSF.D.Proxy( 6535): threadID:1, threadName: main bind com.tencent.mobileqq.msf.service.MsfService service finished true
D/MobileQQ( 6535): CNR account == null
I/Xposed  ( 6535): Droidmon-apimonitor-com.tencent.mobileqq:{"timestamp":1463829804348,"result":{"descriptor":76},"class":"libcore.io.IoBridge","method":"open","type":"file","args":["\/data\/data\/com.tencent.mobileqq\/files\/kc","0"]}
I/Xposed  ( 6535): Droidmon-apimonitor-com.tencent.mobileqq:{"timestamp":1463829804380,"class":"android.app.ContextImpl","method":"registerReceiver","type":"binder","args":[{"mDebugUnregister":false},{"mPriority":0,"mActions":["mqq.intent.action.ACCOUNT_KICKED","mqq.intent.action.EXIT_com.tencent.mobileqq","mqq.intent.action.ACCOUNT_CHANGED","mqq.intent.action.ACCOUNT_EXPIRED","mqq.intent.action.LOGOUT"],"mHasPartialTypes":false}]}
I/Xposed  ( 6535): Droidmon-apimonitor-com.tencent.mobileqq:{"timestamp":1463829804382,"class":"android.app.ContextImpl","method":"registerReceiver","type":"binder","args":[{"mDebugUnregister":false},{"mPriority":0,"mActions":["mqq.intent.action.ACCOUNT_KICKED","mqq.intent.action.EXIT_com.tencent.mobileqq","mqq.intent.action.ACCOUNT_CHANGED","mqq.intent.action.ACCOUNT_EXPIRED","mqq.intent.action.LOGOUT"],"mHasPartialTypes":false}]}
I/ActivityManager(  686): Start proc com.tencent.mobileqq for service com.tencent.mobileqq/.nearby.ipc.ConnectNearbyProcService: pid=6568 uid=10019 gids={50019, 3003, 3002, 3001, 1028, 1015}
D/mqq     ( 6535): doInit finished
I/Xposed  ( 6535): Droidmon-apimonitor-com.tencent.mobileqq:{"timestamp":1463829804499,"result":"","class":"android.os.SystemProperties","method":"get","type":"content","args":["ro.lewa.version"]}
I/Xposed  ( 6535): Droidmon-apimonitor-com.tencent.mobileqq:{"timestamp":1463829804499,"result":"","hooked_method":"get","hooked_class":"java.lang.Class","args":["ro.lewa.version"],"class":"java.lang.reflect.Method","method":"invoke","type":"reflection"}
I/Xposed  ( 6535): Droidmon-apimonitor-com.tencent.mobileqq:{"timestamp":1463829804504,"class":"android.app.ContextImpl","method":"registerReceiver","type":"binder","args":["com.tencent.theme.SkinEngine$1@5285933c",{"mPriority":0,"mActions":["com.tencent.qplus.THEME_UPDATE"],"mHasPartialTypes":false},"com.tencent.msg.permission.pushnotify"]}
D/JustTrustMe( 6553): Hooking DefaultHTTPClient for: com.tencent.mobileqq
D/JustTrustMe( 6553): Hooking DefaultHTTPClient(HttpParams) for: com.tencent.mobileqq
D/JustTrustMe( 6553): Hooking DefaultHTTPClient(ClientConnectionManager, HttpParams) for: com.tencent.mobileqq
D/JustTrustMe( 6553): Hooking SSLSocketFactory(String, KeyStore, String, KeyStore) for: com.tencent.mobileqq
D/JustTrustMe( 6553): Hooking static SSLSocketFactory(String, KeyStore, String, KeyStore) for: com.tencent.mobileqq
D/JustTrustMe( 6553): Hooking SSLSocketFactory(Socket) for: com.tencent.mobileqq
D/JustTrustMe( 6553): Hooking TrustManagerFactory.getTrustManagers() for: com.tencent.mobileqq
D/JustTrustMe( 6553): Hooking HttpsURLConnection.setDefaultHostnameVerifier for: com.tencent.mobileqq
D/JustTrustMe( 6553): Hooking HttpsURLConnection.setSSLSocketFactory for: com.tencent.mobileqq
D/JustTrustMe( 6553): Hooking HttpsURLConnection.setHostnameVerifier for: com.tencent.mobileqq
D/JustTrustMe( 6553): Hooking WebViewClient.onReceivedSslError(WebView, SslErrorHandler, SslError) for: com.tencent.mobileqq
D/JustTrustMe( 6553): Hooking WebViewClient.onReceivedSslError(WebView, int, string, string) for: com.tencent.mobileqq
D/JustTrustMe( 6553): Hooking com.android.org.conscrypt.TrustManagerImpl.checkServerTrusted(X509Certificate[]) for: com.tencent.mobileqq
I/Xposed  ( 6553): Droidmon-apimonitor-com.tencent.mobileqq:{"timestamp":1463829804606,"result":"Asia\/Calcutta","class":"android.os.SystemProperties","method":"get","type":"content","args":["persist.sys.timezone"]}
W/dalvikvm( 6535): threadid=16: thread exiting with uncaught exception (group=0xa4d06b20)
I/Xposed  ( 6553): Droidmon-apimonitor-com.tencent.mobileqq:{"timestamp":1463829804650,"class":"dalvik.system.DexFile","method":"dalvik.system.DexFile","type":"dex","args":["\/data\/data\/com.tencent.mobileqq\/files\/classes4.jar","\/data\/data\/com.tencent.mobileqq\/app_dex\/classes4.dex","0"]}
I/Xposed  ( 6553): Droidmon-apimonitor-com.tencent.mobileqq:{"timestamp":1463829804650,"result":{"mCookie":-1202582736,"mFileName":"\/data\/data\/com.tencent.mobileqq\/files\/classes4.jar","guard":{}},"class":"dalvik.system.DexFile","method":"loadDex","type":"dex","args":["\/data\/data\/com.tencent.mobileqq\/files\/classes4.jar","\/data\/data\/com.tencent.mobileqq\/app_dex\/classes4.dex","0"]}
I/Xposed  ( 6553): Droidmon-apimonitor-com.tencent.mobileqq:{"timestamp":1463829804651,"class":"dalvik.system.DexClassLoader","method":"dalvik.system.DexClassLoader","type":"dex","args":["\/data\/data\/com.tencent.mobileqq\/files\/classes4.jar","\/data\/data\/com.tencent.mobileqq\/app_dex","\/data\/data\/com.tencent.mobileqq\/files\/classes4.jar","dalvik.system.PathClassLoader[DexPathList[[zip file \"\/system\/framework\/com.google.android.media.effects.jar\", zip file \"\/data\/app\/com.tencent.mobileqq-1.apk\"],nativeLibraryDirectories=[\/data\/app-lib\/com.tencent.mobileqq-1, \/system\/lib]]]"]}
D/BaseApplicationImpl( 6553): com.tencent.mobileqq:MSF, injectHackDex=Success, cost=3 ms.
D/MSF.D.QLog( 6553): QLog init
I/Xposed  ( 6553): Droidmon-apimonitor-com.tencent.mobileqq:{"timestamp":1463829804652,"result":{"descriptor":60},"class":"libcore.io.IoBridge","method":"open","type":"file","args":["\/storage\/emulated\/0\/tencent\/msflogs\/com\/tencent\/mobileqq\/com.tencent.mobileqq_MSF.16.05.21.16.log","1089"]}
D/BaseApplicationImpl( 6553): injectPatchDex enable=false, isStartup=true
D/JustTrustMe( 6553): Hooking com.squareup.okhttp.CertificatePinner.check(String,List) (2.5) for: com.tencent.mobileqq
D/JustTrustMe( 6553): OKHTTP 2.5 not found in com.tencent.mobileqq-- not hooking
D/JustTrustMe( 6553): Hooking okhttp3.CertificatePinner.check(String,List) (3.x) for: com.tencent.mobileqq
D/JustTrustMe( 6553): OKHTTP 3.x not found in com.tencent.mobileqq -- not hooking
D/JustTrustMe( 6553): OKHTTP 3.x not found in com.tencent.mobileqq -- not hooking OkHostnameVerifier.verify(String, SSLSession)
D/JustTrustMe( 6553): OKHTTP 3.x not found in com.tencent.mobileqq -- not hooking OkHostnameVerifier.verify(String, X509)(
I/Xposed  ( 6553): Droidmon-apimonitor-com.tencent.mobileqq:{"timestamp":1463829804714,"class":"android.app.ContextImpl","method":"registerReceiver","type":"binder","args":[{"mDebugUnregister":false},{"mPriority":0,"mActions":["android.intent.action.SCREEN_ON","android.intent.action.SCREEN_OFF"],"mHasPartialTypes":false}]}
I/Xposed  ( 6553): Droidmon-apimonitor-com.tencent.mobileqq:{"timestamp":1463829804718,"class":"android.app.ContextImpl","method":"registerReceiver","type":"binder","args":[{"mDebugUnregister":false},{"mPriority":0,"mActions":["android.intent.action.SCREEN_ON","android.intent.action.SCREEN_OFF"],"mHasPartialTypes":false}]}
D/MSF.D.MonitorSocket( 6553): monitor_config not found, disable monitor socket
E/AndroidRuntime( 6535): FATAL EXCEPTION: GlobalPool-L
E/AndroidRuntime( 6535): Process: com.tencent.mobileqq:nearby, PID: 6535
E/AndroidRuntime( 6535): java.lang.NullPointerException
E/AndroidRuntime( 6535): 	at java.util.concurrent.ConcurrentHashMap.containsKey(ConcurrentHashMap.java:911)
E/AndroidRuntime( 6535): 	at com.tencent.mobileqq.app.message.MsgProxyUtils.a(ProGuard:1809)
E/AndroidRuntime( 6535): 	at com.tencent.mobileqq.app.DeviceProfileManager$AccountDpcManager.<init>(ProGuard:1234)
E/AndroidRuntime( 6535): 	at com.tencent.mobileqq.nearby.NearbyAppInterface.getManager(ProGuard:237)
E/AndroidRuntime( 6535): 	at com.tencent.mobileqq.app.DeviceProfileManager.a(ProGuard:226)
E/AndroidRuntime( 6535): 	at pzg.run(ProGuard:186)
E/AndroidRuntime( 6535): 	at com.tencent.mobileqq.app.Job.run(ProGuard:126)
E/AndroidRuntime( 6535): 	at java.util.concurrent.ThreadPoolExecutor.runWorker(ThreadPoolExecutor.java:1112)
E/AndroidRuntime( 6535): 	at java.util.concurrent.ThreadPoolExecutor$Worker.run(ThreadPoolExecutor.java:587)
E/AndroidRuntime( 6535): 	at java.lang.Thread.run(Thread.java:841)
W/ActivityManager(  686):   Force finishing activity com.tencent.mobileqq/.maproam.activity.VipMapRoamActivity
D/JustTrustMe( 6568): Hooking DefaultHTTPClient for: com.tencent.mobileqq
D/JustTrustMe( 6568): Hooking DefaultHTTPClient(HttpParams) for: com.tencent.mobileqq
D/JustTrustMe( 6568): Hooking DefaultHTTPClient(ClientConnectionManager, HttpParams) for: com.tencent.mobileqq
D/JustTrustMe( 6568): Hooking SSLSocketFactory(String, KeyStore, String, KeyStore) for: com.tencent.mobileqq
D/JustTrustMe( 6568): Hooking static SSLSocketFactory(String, KeyStore, String, KeyStore) for: com.tencent.mobileqq
D/JustTrustMe( 6568): Hooking SSLSocketFactory(Socket) for: com.tencent.mobileqq
D/JustTrustMe( 6568): Hooking TrustManagerFactory.getTrustManagers() for: com.tencent.mobileqq
D/JustTrustMe( 6568): Hooking HttpsURLConnection.setDefaultHostnameVerifier for: com.tencent.mobileqq
D/JustTrustMe( 6568): Hooking HttpsURLConnection.setSSLSocketFactory for: com.tencent.mobileqq
D/JustTrustMe( 6568): Hooking HttpsURLConnection.setHostnameVerifier for: com.tencent.mobileqq
D/JustTrustMe( 6568): Hooking WebViewClient.onReceivedSslError(WebView, SslErrorHandler, SslError) for: com.tencent.mobileqq
D/JustTrustMe( 6568): Hooking WebViewClient.onReceivedSslError(WebView, int, string, string) for: com.tencent.mobileqq
D/JustTrustMe( 6568): Hooking com.android.org.conscrypt.TrustManagerImpl.checkServerTrusted(X509Certificate[]) for: com.tencent.mobileqq
I/Xposed  ( 6568): Droidmon-apimonitor-com.tencent.mobileqq:{"timestamp":1463829804800,"result":"Asia\/Calcutta","class":"android.os.SystemProperties","method":"get","type":"content","args":["persist.sys.timezone"]}
W/dalvikvm( 6553): Unable to resolve superclass of Lcom/tencent/mobileqq/app/automator/Automator; (2267)
W/dalvikvm( 6553): Link of class 'Lcom/tencent/mobileqq/app/automator/Automator;' failed
W/dalvikvm( 6553): Unable to resolve superclass of Lcom/tencent/mobileqq/app/automator/Automator; (2267)
W/dalvikvm( 6553): Link of class 'Lcom/tencent/mobileqq/app/automator/Automator;' failed
W/dalvikvm( 6553): Unable to resolve superclass of Lcom/tencent/mobileqq/app/automator/Automator; (2267)
W/dalvikvm( 6553): Link of class 'Lcom/tencent/mobileqq/app/automator/Automator;' failed
W/dalvikvm( 6553): VFY: unable to find class referenced in signature (Lcom/tencent/mobileqq/app/automator/Automator;)
W/dalvikvm( 6553): Unable to resolve superclass of Lcom/tencent/mobileqq/app/automator/Automator; (2267)
W/dalvikvm( 6553): Link of class 'Lcom/tencent/mobileqq/app/automator/Automator;' failed
W/dalvikvm( 6553): VFY: unable to resolve virtual method 21159: Lcom/tencent/mobileqq/app/automator/Automator;.a (Lcom/tencent/mobileqq/app/automator/AsyncStep;)V
D/MSF.S.MsfService( 6553): serivce onCreate
D/MSF.C.MsfCore( 6553): MsfCore init begin.
I/Xposed  ( 6553): Droidmon-apimonitor-com.tencent.mobileqq:{"timestamp":1463829804802,"result":{"descriptor":71},"class":"libcore.io.IoBridge","method":"open","type":"file","args":["\/data\/data\/com.tencent.mobileqq\/files\/verFile","0"]}
I/Xposed  ( 6553): Droidmon-apimonitor-com.tencent.mobileqq:{"timestamp":1463829804803,"class":"android.telephony.TelephonyManager","method":"getSubscriberId","type":"fingerprint","args":[]}
I/Xposed  ( 6553): Droidmon-apimonitor-com.tencent.mobileqq:{"timestamp":1463829804803,"result":"","class":"android.os.SystemProperties","method":"get","type":"content","args":["gsm.operator.alpha"]}
I/Xposed  ( 6553): Droidmon-apimonitor-com.tencent.mobileqq:{"timestamp":1463829804803,"result":"Cellcom","class":"android.telephony.TelephonyManager","method":"getNetworkOperatorName","type":"fingerprint","args":[]}
I/Xposed  ( 6553): Droidmon-apimonitor-com.tencent.mobileqq:{"timestamp":1463829804804,"result":"","class":"android.os.SystemProperties","method":"get","type":"content","args":["gsm.operator.iso-country"]}
I/Xposed  ( 6553): Droidmon-apimonitor-com.tencent.mobileqq:{"timestamp":1463829804804,"result":"","class":"android.telephony.TelephonyManager","method":"getNetworkCountryIso","type":"fingerprint","args":[]}
I/Xposed  ( 6553): Droidmon-apimonitor-com.tencent.mobileqq:{"timestamp":1463829804804,"result":"","class":"android.os.SystemProperties","method":"get","type":"content","args":["gsm.sim.operator.iso-country"]}
I/Xposed  ( 6553): Droidmon-apimonitor-com.tencent.mobileqq:{"timestamp":1463829804805,"result":"","class":"android.telephony.TelephonyManager","method":"getSimCountryIso","type":"fingerprint","args":[]}
W/ResourceType( 6535): getEntry failing because entryIndex 5524 is beyond type entryCount 5524
W/ResourceType( 6535): Failure getting entry for 0x7f021594 (t=1 e=5524) in package 0 (error -2147483647)
W/ResourceType( 6535): getEntry failing because entryIndex 922 is beyond type entryCount 922
W/ResourceType( 6535): Failure getting entry for 0x7f0b039a (t=10 e=922) in package 0 (error -2147483647)
I/Xposed  ( 6553): Droidmon-apimonitor-com.tencent.mobileqq:{"timestamp":1463829805051,"result":{"descriptor":71},"class":"libcore.io.IoBridge","method":"open","type":"file","args":["\/data\/data\/com.tencent.mobileqq\/files\/imei","0"]}
I/Xposed  ( 6568): Droidmon-apimonitor-com.tencent.mobileqq:{"timestamp":1463829805053,"class":"dalvik.system.DexFile","method":"dalvik.system.DexFile","type":"dex","args":["\/data\/data\/com.tencent.mobileqq\/files\/classes4.jar","\/data\/data\/com.tencent.mobileqq\/app_dex\/classes4.dex","0"]}
I/WindowManager(  686): Screenshot max retries 4 of Token{52bede7c ActivityRecord{52beddcc u0 com.tencent.mobileqq/.maproam.activity.VipMapRoamActivity t53 f}} appWin=Window{52bbbf1c u0 Starting com.tencent.mobileqq} drawState=4
W/WindowManager(  686): Screenshot failure taking screenshot for (800x1280) to layer 21015
I/Xposed  ( 6568): Droidmon-apimonitor-com.tencent.mobileqq:{"timestamp":1463829805053,"result":{"mCookie":-1203848992,"mFileName":"\/data\/data\/com.tencent.mobileqq\/files\/classes4.jar","guard":{}},"class":"dalvik.system.DexFile","method":"loadDex","type":"dex","args":["\/data\/data\/com.tencent.mobileqq\/files\/classes4.jar","\/data\/data\/com.tencent.mobileqq\/app_dex\/classes4.dex","0"]}
I/Xposed  ( 6568): Droidmon-apimonitor-com.tencent.mobileqq:{"timestamp":1463829805054,"class":"dalvik.system.DexClassLoader","method":"dalvik.system.DexClassLoader","type":"dex","args":["\/data\/data\/com.tencent.mobileqq\/files\/classes4.jar","\/data\/data\/com.tencent.mobileqq\/app_dex","\/data\/data\/com.tencent.mobileqq\/files\/classes4.jar","dalvik.system.PathClassLoader[DexPathList[[zip file \"\/system\/framework\/com.google.android.media.effects.jar\", zip file \"\/data\/app\/com.tencent.mobileqq-1.apk\"],nativeLibraryDirectories=[\/data\/app-lib\/com.tencent.mobileqq-1, \/system\/lib]]]"]}
D/BaseApplicationImpl( 6568): com.tencent.mobileqq, injectHackDex=Success, cost=3 ms.
I/Xposed  ( 6553): Droidmon-apimonitor-com.tencent.mobileqq:{"timestamp":1463829805055,"result":"android.app.SharedPreferencesImpl@52815258","hooked_method":"getSystemSharedPreferences","hooked_class":"com.tencent.common.app.BaseApplicationImpl","args":["MSF.C.Util","0"],"class":"java.lang.reflect.Method","method":"invoke","type":"reflection"}
D/MSF.C.Util( 6553): save imei:351451208401216,with order:1
I/Xposed  ( 6553): Droidmon-apimonitor-com.tencent.mobileqq:{"timestamp":1463829805056,"result":{"descriptor":71},"class":"libcore.io.IoBridge","method":"open","type":"file","args":["\/data\/data\/com.tencent.mobileqq\/files\/jni.ini","0"]}
I/Xposed  ( 6553): Droidmon-apimonitor-com.tencent.mobileqq:{"timestamp":1463829805057,"result":"000000000000000","class":"android.os.SystemProperties","method":"get","type":"content","args":["genyd.device.id","00000000000000"]}
W/TelephonyManager( 6553): Overriding DeviceId with 000000000000000
I/Xposed  ( 6553): Droidmon-apimonitor-com.tencent.mobileqq:{"timestamp":1463829805058,"result":"000000000000000","class":"android.telephony.TelephonyManager","method":"getDeviceId","type":"fingerprint","args":[]}
I/Xposed  ( 6553): Droidmon-apimonitor-com.tencent.mobileqq:{"timestamp":1463829805059,"result":{"descriptor":71},"class":"libcore.io.IoBridge","method":"open","type":"file","args":["\/data\/data\/com.tencent.mobileqq\/shared_prefs\/MSF.C.Util.xml","0"]}
D/BaseApplicationImpl( 6568): injectPatchDex enable=false, isStartup=true
D/JustTrustMe( 6568): Hooking com.squareup.okhttp.CertificatePinner.check(String,List) (2.5) for: com.tencent.mobileqq
D/JustTrustMe( 6568): OKHTTP 2.5 not found in com.tencent.mobileqq-- not hooking
D/JustTrustMe( 6568): Hooking okhttp3.CertificatePinner.check(String,List) (3.x) for: com.tencent.mobileqq
D/JustTrustMe( 6568): OKHTTP 3.x not found in com.tencent.mobileqq -- not hooking
D/JustTrustMe( 6568): OKHTTP 3.x not found in com.tencent.mobileqq -- not hooking OkHostnameVerifier.verify(String, SSLSession)
D/JustTrustMe( 6568): OKHTTP 3.x not found in com.tencent.mobileqq -- not hooking OkHostnameVerifier.verify(String, X509)(
I/Xposed  ( 6553): Droidmon-apimonitor-com.tencent.mobileqq:{"timestamp":1463829805070,"result":"android.app.SharedPreferencesImpl@5285a9cc","hooked_method":"getSystemSharedPreferences","hooked_class":"com.tencent.common.app.BaseApplicationImpl","args":["msf_crashcontrol","0"],"class":"java.lang.reflect.Method","method":"invoke","type":"reflection"}
I/Xposed  ( 6553): Droidmon-apimonitor-com.tencent.mobileqq:{"timestamp":1463829805071,"result":"000000000000000","class":"android.os.SystemProperties","method":"get","type":"content","args":["genyd.device.id","00000000000000"]}
W/TelephonyManager( 6553): Overriding DeviceId with 000000000000000
I/Xposed  ( 6553): Droidmon-apimonitor-com.tencent.mobileqq:{"timestamp":1463829805071,"result":"000000000000000","class":"android.telephony.TelephonyManager","method":"getDeviceId","type":"fingerprint","args":[]}
I/Xposed  ( 6553): Droidmon-apimonitor-com.tencent.mobileqq:{"timestamp":1463829805071,"result":"android.app.SharedPreferencesImpl@528054bc","hooked_method":"getSystemSharedPreferences","hooked_class":"com.tencent.common.app.BaseApplicationImpl","args":["DENGTA_META","0"],"class":"java.lang.reflect.Method","method":"invoke","type":"reflection"}
I/Xposed  ( 6553): Droidmon-apimonitor-com.tencent.mobileqq:{"timestamp":1463829805072,"result":{"descriptor":71},"class":"libcore.io.IoBridge","method":"open","type":"file","args":["\/data\/data\/com.tencent.mobileqq\/shared_prefs\/DENGTA_META.xml","0"]}
I/Xposed  ( 6568): Droidmon-apimonitor-com.tencent.mobileqq:{"timestamp":1463829805076,"result":{"descriptor":60},"class":"libcore.io.IoBridge","method":"open","type":"file","args":["\/data\/data\/com.tencent.mobileqq\/files\/classes2.dex.MD5","0"]}
I/Xposed  ( 6568): Droidmon-apimonitor-com.tencent.mobileqq:{"timestamp":1463829805076,"result":{"descriptor":60},"class":"libcore.io.IoBridge","method":"open","type":"file","args":["\/data\/data\/com.tencent.mobileqq\/app_dex\/classes2\/classes2.dat","0"]}
I/Xposed  ( 6568): Droidmon-apimonitor-com.tencent.mobileqq:{"timestamp":1463829805077,"result":"\n0x00000000 59 32 78 68 63 33 4E 6C 63 7A 49 75 5A 47 56 34 Y2xhc3NlczIuZGV4\n0x00000010 4F 54 6B 77 4F 44 45 77 4E 44 45 30 4E 6A 4D 34 OTkwODEwNDE0NjM4\n0x00000020 4D 6A 6B 30 4E 7A 51 77 4D 44 41 3D 0A          Mjk0NzQwMDA=.","class":"android.util.Base64","method":"encode","type":"generic","args":["classes2.dex99081041463829474000","0","32","0"]}
I/Xposed  ( 6568): Droidmon-apimonitor-com.tencent.mobileqq:{"timestamp":1463829805077,"result":"\n0x00000000 59 32 78 68 63 33 4E 6C 63 7A 49 75 5A 47 56 34 Y2xhc3NlczIuZGV4\n0x00000010 4F 54 6B 77 4F 44 45 77 4E 44 45 30 4E 6A 4D 34 OTkwODEwNDE0NjM4\n0x00000020 4D 6A 6B 30 4E 7A 51 77 4D 44 41 3D 0A          Mjk0NzQwMDA=.","class":"android.util.Base64","method":"encode","type":"generic","args":["classes2.dex99081041463829474000","0"]}
I/Xposed  ( 6568): Droidmon-apimonitor-com.tencent.mobileqq:{"timestamp":1463829805077,"result":"Y2xhc3NlczIuZGV4OTkwODEwNDE0NjM4Mjk0NzQwMDA=\n","class":"android.util.Base64","method":"encodeToString","type":"generic","args":["classes2.dex99081041463829474000","0"]}
I/Xposed  ( 6553): Droidmon-apimonitor-com.tencent.mobileqq:{"timestamp":1463829805138,"result":"PERSIST","class":"android.os.SystemProperties","method":"get","type":"content","args":["debug.sqlite.journalmode","PERSIST"]}
I/Xposed  ( 6553): Droidmon-apimonitor-com.tencent.mobileqq:{"timestamp":1463829805154,"result":"FULL","class":"android.os.SystemProperties","method":"get","type":"content","args":["debug.sqlite.syncmode","FULL"]}
I/Xposed  ( 6553): Droidmon-apimonitor-com.tencent.mobileqq:{"timestamp":1463829805156,"result":"000000000000000","class":"android.os.SystemProperties","method":"get","type":"content","args":["genyd.device.id","00000000000000"]}
W/TelephonyManager( 6553): Overriding DeviceId with 000000000000000
I/Xposed  ( 6553): Droidmon-apimonitor-com.tencent.mobileqq:{"timestamp":1463829805156,"result":"000000000000000","class":"android.telephony.TelephonyManager","method":"getDeviceId","type":"fingerprint","args":[]}
I/Xposed  ( 6568): Droidmon-apimonitor-com.tencent.mobileqq:{"timestamp":1463829805157,"class":"dalvik.system.DexFile","method":"dalvik.system.DexFile","type":"dex","args":["\/data\/data\/com.tencent.mobileqq\/files\/classes2.jar","\/data\/data\/com.tencent.mobileqq\/app_dex\/classes2\/classes2.dex","0"]}
I/Xposed  ( 6568): Droidmon-apimonitor-com.tencent.mobileqq:{"timestamp":1463829805157,"result":{"mCookie":-1203732584,"mFileName":"\/data\/data\/com.tencent.mobileqq\/files\/classes2.jar","guard":{}},"class":"dalvik.system.DexFile","method":"loadDex","type":"dex","args":["\/data\/data\/com.tencent.mobileqq\/files\/classes2.jar","\/data\/data\/com.tencent.mobileqq\/app_dex\/classes2\/classes2.dex","0"]}
I/Xposed  ( 6568): Droidmon-apimonitor-com.tencent.mobileqq:{"timestamp":1463829805158,"class":"dalvik.system.DexClassLoader","method":"dalvik.system.DexClassLoader","type":"dex","args":["\/data\/data\/com.tencent.mobileqq\/files\/classes2.jar","\/data\/data\/com.tencent.mobileqq\/app_dex\/classes2","\/data\/data\/com.tencent.mobileqq\/files\/classes2.jar","dalvik.system.PathClassLoader[DexPathList[[zip file \"\/system\/framework\/com.google.android.media.effects.jar\", zip file \"\/data\/app\/com.tencent.mobileqq-1.apk\", zip file \"\/data\/data\/com.tencent.mobileqq\/files\/classes4.jar\"],nativeLibraryDirectories=[\/data\/app-lib\/com.tencent.mobileqq-1, \/system\/lib]]]"]}
