W/WindowManager(  667): Frames: containing=[0,0][800,1184] parent=[0,0][800,1184]
W/WindowManager(  667):     display=[0,0][800,1184] overscan=[0,0][800,1280]
W/WindowManager(  667):     content=[0,50][800,1184] visible=[0,50][800,1184]
W/WindowManager(  667):     decor=[0,50][800,1184]
W/WindowManager(  667): Cur insets: overscan=[0,0][0,0] content=[0,50][0,0] visible=[0,50][0,0]
W/WindowManager(  667): Lst insets: overscan=[0,0][0,0] content=[0,50][0,0] visible=[0,50][0,0]
W/WindowManager(  667): WindowStateAnimator{52add8f4 com.dumplingsandwich.pencilsketch/com.behance.sdk.ui.activities.BehanceSDKPublishResultsActivity}:
W/WindowManager(  667):   mAnimating=true mLocalAnimating=true mAnimationIsEntrance=false mAnimation=android.view.animation.AnimationSet@52aec1e0
W/WindowManager(  667):   XForm: has=true hasLocal=true {alpha=1.0 matrix=[1.0, 0.0, 0.0][0.0, 1.0, 15.658401][0.0, 0.0, 1.0]}
W/WindowManager(  667):   mSurface=Surface(name=com.dumplingsandwich.pencilsketch/com.behance.sdk.ui.activities.BehanceSDKPublishResultsActivity)
W/WindowManager(  667):   mDrawState=HAS_DRAWN mLastHidden=false
W/WindowManager(  667):   Surface: shown=true layer=21030 alpha=1.0 rect=(0.0,15.658401) 800.0 x 1184.0
W/WindowManager(  667):   mGlobalScale=1.0 mDsDx=1.0 mDtDx=0.0 mDsDy=0.0 mDtDy=1.0
W/WindowManager(  667): mExiting=true mRemoveOnExit=true mDestroying=false mRemoved=false
W/WindowManager(  667): Current app token list:
V/WindowManager(  667):   Display 0
V/WindowManager(  667):   #4: Token{529f2eb0 ActivityRecord{529d16b8 u0 com.android.launcher/com.android.launcher2.Launcher t1}}
V/WindowManager(  667):   #3: Token{52a5e918 ActivityRecord{52a32e28 u0 com.android.settings/.SubSettings t6}}
V/WindowManager(  667):   #2: Token{52a42d54 ActivityRecord{529f530c u0 com.android.settings/.Settings t6}}
V/WindowManager(  667):   #1: Token{52ae0158 ActivityRecord{52ae00a8 u0 jackpal.androidterm/.Term t5}}
V/WindowManager(  667):   #0: Token{529b5e48 ActivityRecord{529ce0bc u0 com.android.dialer/.DialtactsActivity t2}}
W/WindowManager(  667): Final window list:
V/WindowManager(  667):   #0: Window{529d98cc u0 SearchPanel}
V/WindowManager(  667):   #1: Window{529d0acc u0 NavigationBar}
V/WindowManager(  667):   #2: Window{529bb87c u0 StatusBar}
V/WindowManager(  667):   #3: Window{529aa2b0 u0 Keyguard}
V/WindowManager(  667):   #4: Window{529f6690 u0 KeyguardScrim}
V/WindowManager(  667):   #5: Window{52a2c63c u0 com.android.launcher/com.android.launcher2.Launcher}
V/WindowManager(  667):   #6: Window{52aacc60 u0 com.android.settings/com.android.settings.SubSettings}
V/WindowManager(  667):   #7: Window{52a7ba38 u0 com.android.settings/com.android.settings.Settings}
V/WindowManager(  667):   #8: Window{52a14510 u0 jackpal.androidterm/jackpal.androidterm.Term}
V/WindowManager(  667):   #9: Window{52a42054 u0 com.android.dialer/com.android.dialer.DialtactsActivity}
V/WindowManager(  667):   #10: Window{52a1db68 u0 com.android.systemui.ImageWallpaper}
I/ActivityManager(  667): START u0 {flg=0x10000000 cmp=com.dumplingsandwich.pencilsketch/com.behance.sdk.ui.activities.BehanceSDKEditProfileActivity} from pid 4442
W/WindowManager(  667): Screenshot failure taking screenshot for (328x524) to layer 21025
I/ActivityManager(  667): Start proc com.dumplingsandwich.pencilsketch for activity com.dumplingsandwich.pencilsketch/com.behance.sdk.ui.activities.BehanceSDKEditProfileActivity: pid=4452 uid=10019 gids={50019, 3003, 1028, 1015}
I/BootReceiver(  667): Copying /data/tombstones/tombstone_05 to DropBox (SYSTEM_TOMBSTONE)
I/ActivityManager(  667): Process com.dumplingsandwich.pencilsketch (pid 4452) has died.
I/ActivityManager(  667): Start proc com.dumplingsandwich.pencilsketch for activity com.dumplingsandwich.pencilsketch/com.behance.sdk.ui.activities.BehanceSDKEditProfileActivity: pid=4470 uid=10019 gids={50019, 3003, 1028, 1015}
I/BootReceiver(  667): Copying /data/tombstones/tombstone_06 to DropBox (SYSTEM_TOMBSTONE)
I/ActivityManager(  667): Process com.dumplingsandwich.pencilsketch (pid 4470) has died.
I/ActivityManager(  667): Start proc com.dumplingsandwich.pencilsketch for activity com.dumplingsandwich.pencilsketch/com.behance.sdk.ui.activities.BehanceSDKEditProfileActivity: pid=4488 uid=10019 gids={50019, 3003, 1028, 1015}
I/BootReceiver(  667): Copying /data/tombstones/tombstone_07 to DropBox (SYSTEM_TOMBSTONE)
I/ActivityManager(  667): Process com.dumplingsandwich.pencilsketch (pid 4488) has died.
W/ActivityManager(  667): Force removing ActivityRecord{529514f4 u0 com.dumplingsandwich.pencilsketch/com.behance.sdk.ui.activities.BehanceSDKEditProfileActivity t40}: app died, no saved state
W/ActivityManager(  667): Process com.dumplingsandwich.pencilsketch has crashed too many times: killing!
I/ActivityManager(  667): Exiting empty application process com.dumplingsandwich.pencilsketch (null)
W/InputMethodManagerService(  667): Window already focused, ignoring focus gain of: com.android.internal.view.IInputMethodClient$Stub$Proxy@529a61b8 attribute=null, token = android.os.BinderProxy@52a45f30
I/ActivityManager(  667): Force stopping com.dumplingsandwich.pencilsketch appid=10019 user=0: from pid 4513
I/ActivityManager(  667): START u0 {flg=0x10000000 cmp=com.dumplingsandwich.pencilsketch/com.facebook.LoginActivity} from pid 4524
W/WindowManager(  667): Screenshot failure taking screenshot for (328x524) to layer 21025
I/ActivityManager(  667): Start proc com.dumplingsandwich.pencilsketch for activity com.dumplingsandwich.pencilsketch/com.facebook.LoginActivity: pid=4535 uid=10019 gids={50019, 3003, 1028, 1015}
W/InputMethodManagerService(  667): Window already focused, ignoring focus gain of: com.android.internal.view.IInputMethodClient$Stub$Proxy@5296ac08 attribute=null, token = android.os.BinderProxy@52a45f30
I/ActivityManager(  667): Force stopping com.dumplingsandwich.pencilsketch appid=10019 user=0: from pid 4556
I/ActivityManager(  667): Killing 4535:com.dumplingsandwich.pencilsketch/u0a19 (adj 9): stop com.dumplingsandwich.pencilsketch
I/ActivityManager(  667): START u0 {flg=0x10000000 cmp=com.dumplingsandwich.pencilsketch/com.behance.sdk.ui.activities.BehanceSDKLoginToTwitterActivity} from pid 4566
W/WindowManager(  667): Screenshot failure taking screenshot for (328x524) to layer 21025
I/ActivityManager(  667): Start proc com.dumplingsandwich.pencilsketch for activity com.dumplingsandwich.pencilsketch/com.behance.sdk.ui.activities.BehanceSDKLoginToTwitterActivity: pid=4576 uid=10019 gids={50019, 3003, 1028, 1015}
I/BootReceiver(  667): Copying /data/tombstones/tombstone_08 to DropBox (SYSTEM_TOMBSTONE)
I/ActivityManager(  667): Process com.dumplingsandwich.pencilsketch (pid 4576) has died.
I/ActivityManager(  667): Start proc com.dumplingsandwich.pencilsketch for activity com.dumplingsandwich.pencilsketch/com.behance.sdk.ui.activities.BehanceSDKLoginToTwitterActivity: pid=4608 uid=10019 gids={50019, 3003, 1028, 1015}
I/BootReceiver(  667): Copying /data/tombstones/tombstone_09 to DropBox (SYSTEM_TOMBSTONE)
I/ActivityManager(  667): Process com.dumplingsandwich.pencilsketch (pid 4608) has died.
I/ActivityManager(  667): Start proc com.dumplingsandwich.pencilsketch for activity com.dumplingsandwich.pencilsketch/com.behance.sdk.ui.activities.BehanceSDKLoginToTwitterActivity: pid=4641 uid=10019 gids={50019, 3003, 1028, 1015}
I/BootReceiver(  667): Copying /data/tombstones/tombstone_00 to DropBox (SYSTEM_TOMBSTONE)
I/ActivityManager(  667): Process com.dumplingsandwich.pencilsketch (pid 4641) has died.
W/ActivityManager(  667): Force removing ActivityRecord{52b634ac u0 com.dumplingsandwich.pencilsketch/com.behance.sdk.ui.activities.BehanceSDKLoginToTwitterActivity t42}: app died, no saved state
W/ActivityManager(  667): Process com.dumplingsandwich.pencilsketch has crashed too many times: killing!
I/ActivityManager(  667): Exiting empty application process com.dumplingsandwich.pencilsketch (null)
W/InputMethodManagerService(  667): Window already focused, ignoring focus gain of: com.android.internal.view.IInputMethodClient$Stub$Proxy@52a6f574 attribute=null, token = android.os.BinderProxy@52a45f30
I/ActivityManager(  667): Force stopping com.dumplingsandwich.pencilsketch appid=10019 user=0: from pid 4682
I/ActivityManager(  667): START u0 {flg=0x10000000 cmp=com.dumplingsandwich.pencilsketch/com.behance.sdk.ui.activities.BehanceSDKUnlinkSocialAccountActivity} from pid 4692
W/WindowManager(  667): Screenshot failure taking screenshot for (328x524) to layer 21025
I/ActivityManager(  667): Start proc com.dumplingsandwich.pencilsketch for activity com.dumplingsandwich.pencilsketch/com.behance.sdk.ui.activities.BehanceSDKUnlinkSocialAccountActivity: pid=4702 uid=10019 gids={50019, 3003, 1028, 1015}
W/InputMethodManagerService(  667): Window already focused, ignoring focus gain of: com.android.internal.view.IInputMethodClient$Stub$Proxy@529f4ce8 attribute=null, token = android.os.BinderProxy@52a45f30
I/ActivityManager(  667): Force stopping com.dumplingsandwich.pencilsketch appid=10019 user=0: from pid 4728
I/ActivityManager(  667): Killing 4702:com.dumplingsandwich.pencilsketch/u0a19 (adj 9): stop com.dumplingsandwich.pencilsketch
I/ActivityManager(  667): START u0 {flg=0x10000000 cmp=com.dumplingsandwich.pencilsketch/com.behance.sdk.ui.activities.BehanceSDKAdobeCloudSelectionActivity} from pid 4738
W/WindowManager(  667): Screenshot failure taking screenshot for (328x524) to layer 21025
I/ActivityManager(  667): Start proc com.dumplingsandwich.pencilsketch for activity com.dumplingsandwich.pencilsketch/com.behance.sdk.ui.activities.BehanceSDKAdobeCloudSelectionActivity: pid=4748 uid=10019 gids={50019, 3003, 1028, 1015}
--------- beginning of /dev/log/main
E/cutils-trace( 4769): Error opening trace file: No such file or directory (2)
D/gralloc_vbox86( 4769): Emulator without GPU emulation detected.
D/gralloc (  275): Registering a buffer in the process that created it. This may cause memory ordering problems.
E/libEGL  (  275): called unimplemented OpenGL ES API
E/libEGL  (  275): called unimplemented OpenGL ES API
E/libEGL  (  275): called unimplemented OpenGL ES API
E/libEGL  (  275): called unimplemented OpenGL ES API
E/libEGL  (  275): called unimplemented OpenGL ES API
E/libEGL  (  275): called unimplemented OpenGL ES API
E/libEGL  (  275): called unimplemented OpenGL ES API
E/SurfaceFlinger(  275): glCheckFramebufferStatusOES error 908003643
E/SurfaceFlinger(  275): got GL_FRAMEBUFFER_COMPLETE_OES error while taking screenshot
E/libEGL  (  275): called unimplemented OpenGL ES API
E/libEGL  (  275): called unimplemented OpenGL ES API
E/libEGL  (  275): called unimplemented OpenGL ES API
W/linker  ( 4774): libdvm.so has text relocations. This is wasting memory and is a security risk. Please fix.
W/linker  ( 4774): app_process has text relocations. This is wasting memory and is a security risk. Please fix.
D/AndroidRuntime( 4774): 
D/AndroidRuntime( 4774): >>>>>> AndroidRuntime START com.android.internal.os.RuntimeInit <<<<<<
D/AndroidRuntime( 4774): CheckJNI is OFF
E/cutils-trace( 4774): Error opening trace file: No such file or directory (2)
E/memtrack( 4774): Couldn't load memtrack module (No such file or directory)
E/android.os.Debug( 4774): failed to load memtrack module: -2
D/AndroidRuntime( 4774): Calling main entry com.android.commands.am.Am
I/ActivityManager(  667): Force stopping com.dumplingsandwich.pencilsketch appid=10019 user=0: from pid 4774
I/ActivityManager(  667): Killing 4748:com.dumplingsandwich.pencilsketch/u0a19 (adj 0): stop com.dumplingsandwich.pencilsketch
W/ActivityManager(  667): Force removing ActivityRecord{52abdfe4 u0 com.dumplingsandwich.pencilsketch/com.behance.sdk.ui.activities.BehanceSDKAdobeCloudSelectionActivity t44}: app died, no saved state
W/InputDispatcher(  667): channel '52b09648 com.dumplingsandwich.pencilsketch/com.behance.sdk.ui.activities.BehanceSDKAdobeCloudSelectionActivity (server)' ~ Consumer closed input channel or an error occurred.  events=0x9
E/InputDispatcher(  667): channel '52b09648 com.dumplingsandwich.pencilsketch/com.behance.sdk.ui.activities.BehanceSDKAdobeCloudSelectionActivity (server)' ~ Channel is unrecoverably broken and will be disposed!
W/InputDispatcher(  667): Attempted to unregister already unregistered input channel '52b09648 com.dumplingsandwich.pencilsketch/com.behance.sdk.ui.activities.BehanceSDKAdobeCloudSelectionActivity (server)'
I/WindowState(  667): WIN DEATH: Window{52b09648 u0 com.dumplingsandwich.pencilsketch/com.behance.sdk.ui.activities.BehanceSDKAdobeCloudSelectionActivity}
W/SurfaceFlinger(  275): couldn't log to binary event log: overflow.
D/AndroidRuntime( 4774): Shutting down VM
I/AndroidRuntime( 4774): NOTE: attach of thread 'Binder_1' failed
W/linker  ( 4784): libdvm.so has text relocations. This is wasting memory and is a security risk. Please fix.
W/linker  ( 4784): app_process has text relocations. This is wasting memory and is a security risk. Please fix.
D/AndroidRuntime( 4784): 
D/AndroidRuntime( 4784): >>>>>> AndroidRuntime START com.android.internal.os.RuntimeInit <<<<<<
D/AndroidRuntime( 4784): CheckJNI is OFF
E/cutils-trace( 4784): Error opening trace file: No such file or directory (2)
E/memtrack( 4784): Couldn't load memtrack module (No such file or directory)
E/android.os.Debug( 4784): failed to load memtrack module: -2
D/AndroidRuntime( 4784): Calling main entry com.android.commands.am.Am
D/gralloc (  275): Registering a buffer in the process that created it. This may cause memory ordering problems.
E/libEGL  (  275): called unimplemented OpenGL ES API
E/libEGL  (  275): called unimplemented OpenGL ES API
E/libEGL  (  275): called unimplemented OpenGL ES API
E/libEGL  (  275): called unimplemented OpenGL ES API
E/libEGL  (  275): called unimplemented OpenGL ES API
E/libEGL  (  275): called unimplemented OpenGL ES API
E/libEGL  (  275): called unimplemented OpenGL ES API
E/SurfaceFlinger(  275): glCheckFramebufferStatusOES error 908003643
E/SurfaceFlinger(  275): got GL_FRAMEBUFFER_COMPLETE_OES error while taking screenshot
E/libEGL  (  275): called unimplemented OpenGL ES API
E/libEGL  (  275): called unimplemented OpenGL ES API
E/libEGL  (  275): called unimplemented OpenGL ES API
I/ActivityManager(  667): START u0 {flg=0x10000000 cmp=com.dumplingsandwich.pencilsketch/com.behance.sdk.ui.activities.BehanceSDKCCLauncherActivity} from pid 4784
W/WindowManager(  667): Screenshot failure taking screenshot for (328x524) to layer 21025
D/AndroidRuntime( 4784): Shutting down VM
I/AndroidRuntime( 4784): NOTE: attach of thread 'Binder_1' failed
I/ActivityManager(  667): Start proc com.dumplingsandwich.pencilsketch for activity com.dumplingsandwich.pencilsketch/com.behance.sdk.ui.activities.BehanceSDKCCLauncherActivity: pid=4794 uid=10019 gids={50019, 3003, 1028, 1015}
D/JustTrustMe( 4794): Hooking DefaultHTTPClient for: com.dumplingsandwich.pencilsketch
D/JustTrustMe( 4794): Hooking DefaultHTTPClient(HttpParams) for: com.dumplingsandwich.pencilsketch
D/JustTrustMe( 4794): Hooking DefaultHTTPClient(ClientConnectionManager, HttpParams) for: com.dumplingsandwich.pencilsketch
D/JustTrustMe( 4794): Hooking SSLSocketFactory(String, KeyStore, String, KeyStore) for: com.dumplingsandwich.pencilsketch
D/JustTrustMe( 4794): Hooking static SSLSocketFactory(String, KeyStore, String, KeyStore) for: com.dumplingsandwich.pencilsketch
D/JustTrustMe( 4794): Hooking SSLSocketFactory(Socket) for: com.dumplingsandwich.pencilsketch
D/JustTrustMe( 4794): Hooking TrustManagerFactory.getTrustManagers() for: com.dumplingsandwich.pencilsketch
D/JustTrustMe( 4794): Hooking HttpsURLConnection.setDefaultHostnameVerifier for: com.dumplingsandwich.pencilsketch
D/JustTrustMe( 4794): Hooking HttpsURLConnection.setSSLSocketFactory for: com.dumplingsandwich.pencilsketch
D/JustTrustMe( 4794): Hooking HttpsURLConnection.setHostnameVerifier for: com.dumplingsandwich.pencilsketch
D/JustTrustMe( 4794): Hooking WebViewClient.onReceivedSslError(WebView, SslErrorHandler, SslError) for: com.dumplingsandwich.pencilsketch
D/JustTrustMe( 4794): Hooking WebViewClient.onReceivedSslError(WebView, int, string, string) for: com.dumplingsandwich.pencilsketch
D/JustTrustMe( 4794): Hooking com.android.org.conscrypt.TrustManagerImpl.checkServerTrusted(X509Certificate[]) for: com.dumplingsandwich.pencilsketch
I/MultiDex( 4794): VM with version 1.6.0 does not have multidex support
I/MultiDex( 4794): install
I/MultiDex( 4794): MultiDexExtractor.load(/data/app/com.dumplingsandwich.pencilsketch-1.apk, false)
I/Xposed  ( 4794): Droidmon-apimonitor-com.dumplingsandwich.pencilsketch:{"timestamp":1464091765924,"result":{"descriptor":55},"class":"libcore.io.IoBridge","method":"open","type":"file","args":["\/data\/app\/com.dumplingsandwich.pencilsketch-1.apk","0"]}
I/Xposed  ( 4794): Droidmon-apimonitor-com.dumplingsandwich.pencilsketch:{"timestamp":1464091765963,"result":{"descriptor":55},"class":"libcore.io.IoBridge","method":"open","type":"file","args":["\/data\/data\/com.dumplingsandwich.pencilsketch\/shared_prefs\/multidex.version.xml","0"]}
I/MultiDex( 4794): loading existing secondary dex files
I/MultiDex( 4794): load found 0 secondary dex files
I/MultiDex( 4794): install done
D/JustTrustMe( 4794): Hooking com.squareup.okhttp.CertificatePinner.check(String,List) (2.5) for: com.dumplingsandwich.pencilsketch
I/Xposed  ( 4794): java.lang.NoSuchMethodError: com.squareup.okhttp.CertificatePinner#check(java.lang.String,java.util.List)#exact
I/Xposed  ( 4794): 	at de.robv.android.xposed.XposedHelpers.findMethodExact(XposedHelpers.java:179)
I/Xposed  ( 4794): 	at de.robv.android.xposed.XposedHelpers.findAndHookMethod(XposedHelpers.java:129)
I/Xposed  ( 4794): 	at de.robv.android.xposed.XposedHelpers.findAndHookMethod(XposedHelpers.java:136)
I/Xposed  ( 4794): 	at just.trust.me.Main.processOkHttp(Main.java:354)
I/Xposed  ( 4794): 	at just.trust.me.Main$13.afterHookedMethod(Main.java:243)
I/Xposed  ( 4794): 	at de.robv.android.xposed.XposedBridge.handleHookedMethod(XposedBridge.java:645)
I/Xposed  ( 4794): 	at android.app.Application.attach(Native Method)
I/Xposed  ( 4794): 	at android.app.Instrumentation.newApplication(Instrumentation.java:991)
I/Xposed  ( 4794): 	at android.app.Instrumentation.newApplication(Instrumentation.java:975)
I/Xposed  ( 4794): 	at android.app.LoadedApk.makeApplication(LoadedApk.java:511)
I/Xposed  ( 4794): 	at android.app.ActivityThread.handleBindApplication(ActivityThread.java:4317)
I/Xposed  ( 4794): 	at de.robv.android.xposed.XposedBridge.invokeOriginalMethodNative(Native Method)
I/Xposed  ( 4794): 	at de.robv.android.xposed.XposedBridge.handleHookedMethod(XposedBridge.java:631)
I/Xposed  ( 4794): 	at android.app.ActivityThread.handleBindApplication(Native Method)
I/Xposed  ( 4794): 	at android.app.ActivityThread.access$1500(ActivityThread.java:135)
I/Xposed  ( 4794): 	at android.app.ActivityThread$H.handleMessage(ActivityThread.java:1256)
I/Xposed  ( 4794): 	at android.os.Handler.dispatchMessage(Handler.java:102)
I/Xposed  ( 4794): 	at android.os.Looper.loop(Looper.java:136)
I/Xposed  ( 4794): 	at android.app.ActivityThread.main(ActivityThread.java:5017)
I/Xposed  ( 4794): 	at java.lang.reflect.Method.invokeNative(Native Method)
I/Xposed  ( 4794): 	at java.lang.reflect.Method.invoke(Native Method)
I/Xposed  ( 4794): 	at com.android.internal.os.ZygoteInit$MethodAndArgsCaller.run(ZygoteInit.java:779)
I/Xposed  ( 4794): 	at com.android.internal.os.ZygoteInit.main(ZygoteInit.java:595)
I/Xposed  ( 4794): 	at de.robv.android.xposed.XposedBridge.main(XposedBridge.java:132)
I/Xposed  ( 4794): 	at dalvik.system.NativeStart.main(Native Method)
I/AdobeImageCdsProvider( 4794): onCreate
I/Xposed  ( 4794): Droidmon-apimonitor-com.dumplingsandwich.pencilsketch:{"timestamp":1464091765972,"result":{"descriptor":55},"class":"libcore.io.IoBridge","method":"open","type":"file","args":["\/data\/data\/com.dumplingsandwich.pencilsketch\/shared_prefs\/Foundation.xml","0"]}
I/Xposed  ( 4794): Droidmon-apimonitor-com.dumplingsandwich.pencilsketch:{"timestamp":1464091766002,"result":{"descriptor":55},"class":"libcore.io.IoBridge","method":"open","type":"file","args":["\/data\/data\/com.dumplingsandwich.pencilsketch\/shared_prefs\/adb_foundation_auth_aes_preference.xml","0"]}
I/Xposed  ( 4794): Droidmon-apimonitor-com.dumplingsandwich.pencilsketch:{"timestamp":1464091766003,"result":"\n0x00000000 39 C6 AE C9 04 39 6B FA 88 98 A1 97 9B 81 91 3E 9....9k........>","class":"android.util.Base64","method":"decode","type":"generic","args":["OcauyQQ5a\/qImKGXm4GRPg==","0","24","2"]}
I/Xposed  ( 4794): Droidmon-apimonitor-com.dumplingsandwich.pencilsketch:{"timestamp":1464091766003,"result":"\n0x00000000 39 C6 AE C9 04 39 6B FA 88 98 A1 97 9B 81 91 3E 9....9k........>","class":"android.util.Base64","method":"decode","type":"generic","args":["OcauyQQ5a\/qImKGXm4GRPg==","2"]}
I/Xposed  ( 4794): Droidmon-apimonitor-com.dumplingsandwich.pencilsketch:{"timestamp":1464091766004,"result":"\n0x00000000 39 C6 AE C9 04 39 6B FA 88 98 A1 97 9B 81 91 3E 9....9k........>","class":"android.util.Base64","method":"decode","type":"generic","args":["OcauyQQ5a\/qImKGXm4GRPg==","2"]}
I/Xposed  ( 4794): Droidmon-apimonitor-com.dumplingsandwich.pencilsketch:{"timestamp":1464091766004,"class":"javax.crypto.spec.SecretKeySpec","method":"javax.crypto.spec.SecretKeySpec","type":"crypto","args":["\n0x00000000 39 C6 AE C9 04 39 6B FA 88 98 A1 97 9B 81 91 3E 9....9k........>","AES"]}
I/Xposed  ( 4794): Droidmon-apimonitor-com.dumplingsandwich.pencilsketch:{"timestamp":1464091766007,"result":"\n0x00000000 F1 A3 C0 DE 45 AF F3 55 95 92 80 27 41 2E 4E C5 ....E..U...'A.N.\n0x00000010 D7 57 78 B8 FD 98 37 1E 0C 92 24 E1 07 13 FC 37 .Wx...7...$....7\n0x00000020 B8 D6 69 CE D9 07 56 17 B9 CF 1D 06 87 42 B3 FA ..i...V......B..","class":"javax.crypto.Cipher","method":"doFinal","type":"crypto","this":{"mode":1},"args":["5bdd636e3694470fa58e0ea0f195e0d3"]}
I/Xposed  ( 4794): Droidmon-apimonitor-com.dumplingsandwich.pencilsketch:{"timestamp":1464091766095,"result":"8aPA3kWv81WVkoAnQS5OxddXeLj9mDceDJIk4QcT\/De41mnO2QdWF7nPHQaHQrP6","class":"android.util.Base64","method":"encode","type":"generic","args":["\n0x00000000 F1 A3 C0 DE 45 AF F3 55 95 92 80 27 41 2E 4E C5 ....E..U...'A.N.\n0x00000010 D7 57 78 B8 FD 98 37 1E 0C 92 24 E1 07 13 FC 37 .Wx...7...$....7\n0x00000020 B8 D6 69 CE D9 07 56 17 B9 CF 1D 06 87 42 B3 FA ..i...V......B..","0","48","2"]}
I/Xposed  ( 4794): Droidmon-apimonitor-com.dumplingsandwich.pencilsketch:{"timestamp":1464091766095,"result":"8aPA3kWv81WVkoAnQS5OxddXeLj9mDceDJIk4QcT\/De41mnO2QdWF7nPHQaHQrP6","class":"android.util.Base64","method":"encode","type":"generic","args":["\n0x00000000 F1 A3 C0 DE 45 AF F3 55 95 92 80 27 41 2E 4E C5 ....E..U...'A.N.\n0x00000010 D7 57 78 B8 FD 98 37 1E 0C 92 24 E1 07 13 FC 37 .Wx...7...$....7\n0x00000020 B8 D6 69 CE D9 07 56 17 B9 CF 1D 06 87 42 B3 FA ..i...V......B..","2"]}
I/Xposed  ( 4794): Droidmon-apimonitor-com.dumplingsandwich.pencilsketch:{"timestamp":1464091766095,"result":{"mModified":{"ClientId":"8aPA3kWv81WVkoAnQS5OxddXeLj9mDceDJIk4QcT\/De41mnO2QdWF7nPHQaHQrP6"},"mClear":false},"class":"android.app.SharedPreferencesImpl$EditorImpl","method":"putString","type":"globals","args":["ClientId","8aPA3kWv81WVkoAnQS5OxddXeLj9mDceDJIk4QcT\/De41mnO2QdWF7nPHQaHQrP6"]}
I/Xposed  ( 4794): Droidmon-apimonitor-com.dumplingsandwich.pencilsketch:{"timestamp":1464091766096,"result":"\n0x00000000 AA 34 FB A7 93 63 27 C8 06 8A 2B 91 CA 8D DF 7F .4...c'...+.....\n0x00000010 4A 7B 4E F4 E2 62 5F AB 43 9B B2 A2 73 16 63 01 J{N..b_.C...s.c.\n0x00000020 F5 98 00 F0 49 A5 88 00 5F 2D 8F 27 2F 9B 91 E0 ....I..._-.'\/...","class":"javax.crypto.Cipher","method":"doFinal","type":"crypto","this":{"mode":1},"args":["89baf2ee-6c90-4c15-ad1c-f7c2b6719753"]}
I/Xposed  ( 4794): Droidmon-apimonitor-com.dumplingsandwich.pencilsketch:{"timestamp":1464091766199,"result":"qjT7p5NjJ8gGiiuRyo3ff0p7TvTiYl+rQ5uyonMWYwH1mADwSaWIAF8tjycvm5Hg","class":"android.util.Base64","method":"encode","type":"generic","args":["\n0x00000000 AA 34 FB A7 93 63 27 C8 06 8A 2B 91 CA 8D DF 7F .4...c'...+.....\n0x00000010 4A 7B 4E F4 E2 62 5F AB 43 9B B2 A2 73 16 63 01 J{N..b_.C...s.c.\n0x00000020 F5 98 00 F0 49 A5 88 00 5F 2D 8F 27 2F 9B 91 E0 ....I..._-.'\/...","0","48","2"]}
I/Xposed  ( 4794): Droidmon-apimonitor-com.dumplingsandwich.pencilsketch:{"timestamp":1464091766200,"result":"qjT7p5NjJ8gGiiuRyo3ff0p7TvTiYl+rQ5uyonMWYwH1mADwSaWIAF8tjycvm5Hg","class":"android.util.Base64","method":"encode","type":"generic","args":["\n0x00000000 AA 34 FB A7 93 63 27 C8 06 8A 2B 91 CA 8D DF 7F .4...c'...+.....\n0x00000010 4A 7B 4E F4 E2 62 5F AB 43 9B B2 A2 73 16 63 01 J{N..b_.C...s.c.\n0x00000020 F5 98 00 F0 49 A5 88 00 5F 2D 8F 27 2F 9B 91 E0 ....I..._-.'\/...","2"]}
I/Xposed  ( 4794): Droidmon-apimonitor-com.dumplingsandwich.pencilsketch:{"timestamp":1464091766200,"result":{"mModified":{"ClientSecret":"qjT7p5NjJ8gGiiuRyo3ff0p7TvTiYl+rQ5uyonMWYwH1mADwSaWIAF8tjycvm5Hg"},"mClear":false},"class":"android.app.SharedPreferencesImpl$EditorImpl","method":"putString","type":"globals","args":["ClientSecret","qjT7p5NjJ8gGiiuRyo3ff0p7TvTiYl+rQ5uyonMWYwH1mADwSaWIAF8tjycvm5Hg"]}
I/Xposed  ( 4794): Droidmon-apimonitor-com.dumplingsandwich.pencilsketch:{"timestamp":1464091766201,"result":"","class":"android.os.SystemProperties","method":"get","type":"content","args":["debug.second-display.pkg"]}
I/dalvikvm-heap( 4794): Grow heap (frag case) to 3.855MB for 484360-byte allocation
I/Xposed  ( 4794): Droidmon-apimonitor-com.dumplingsandwich.pencilsketch:{"timestamp":1464091766318,"result":{"descriptor":55},"class":"libcore.io.IoBridge","method":"open","type":"file","args":["\/data\/data\/com.dumplingsandwich.pencilsketch\/cache\/tmp_adobeclean_regular.raw","577"]}
I/Xposed  ( 4794): Droidmon-apimonitor-com.dumplingsandwich.pencilsketch:{"timestamp":1464091766365,"result":{"descriptor":55},"class":"libcore.io.IoBridge","method":"open","type":"file","args":["\/data\/data\/com.dumplingsandwich.pencilsketch\/cache\/tmp_adobeclean_bold.raw","577"]}
I/Xposed  ( 4794): Droidmon-apimonitor-com.dumplingsandwich.pencilsketch:{"timestamp":1464091766405,"result":{"descriptor":55},"class":"libcore.io.IoBridge","method":"open","type":"file","args":["\/data\/data\/com.dumplingsandwich.pencilsketch\/cache\/tmp_adobeclean_light.raw","577"]}
I/Xposed  ( 4794): Droidmon-apimonitor-com.dumplingsandwich.pencilsketch:{"timestamp":1464091766410,"result":["MIMETYPE_OCTETSTREAM","MIMETYPE_PHOTOSHOP","MIMETYPE_JPEG","MIMETYPE_ILLUSTRATOR","MIMETYPE_GIF","MIMETYPE_PNG","MIMETYPE_TIFF","MIMETYPE_BMP","MIMETYPE_PDF","MIMETYPE_DMG","MIMETYPE_DNG","MIMETYPE_RAW","MIMETYPE_MP4","MIMETYPE_QUICKTIME"],"hooked_method":"values","hooked_class":"","args":[],"class":"java.lang.reflect.Method","method":"invoke","type":"reflection"}
I/Xposed  ( 4794): Droidmon-apimonitor-com.dumplingsandwich.pencilsketch:{"timestamp":1464091766442,"result":{"mModified":{"lastSortType":"SORT_TYPE_TIME"},"mClear":false},"class":"android.app.SharedPreferencesImpl$EditorImpl","method":"putString","type":"globals","args":["lastSortType","SORT_TYPE_TIME"]}
I/Xposed  ( 4794): Droidmon-apimonitor-com.dumplingsandwich.pencilsketch:{"timestamp":1464091766443,"result":{"descriptor":55},"class":"libcore.io.IoBridge","method":"open","type":"file","args":["\/data\/data\/com.dumplingsandwich.pencilsketch\/shared_prefs\/CommonLearnedSettings.xml","577"]}
I/Xposed  ( 4794): Droidmon-apimonitor-com.dumplingsandwich.pencilsketch:{"timestamp":1464091766451,"result":{"mModified":{"VisualLayout":"ADOBE_STORAGE_VISUAL_LAYOUT_WATERFALL"},"mClear":false},"class":"android.app.SharedPreferencesImpl$EditorImpl","method":"putString","type":"globals","args":["VisualLayout","ADOBE_STORAGE_VISUAL_LAYOUT_WATERFALL"]}
I/Xposed  ( 4794): Droidmon-apimonitor-com.dumplingsandwich.pencilsketch:{"timestamp":1464091766453,"result":{"descriptor":55},"class":"libcore.io.IoBridge","method":"open","type":"file","args":["\/data\/data\/com.dumplingsandwich.pencilsketch\/shared_prefs\/CommonLearnedSettings.xml","577"]}
I/Xposed  ( 4794): Droidmon-apimonitor-com.dumplingsandwich.pencilsketch:{"timestamp":1464091766471,"result":["AdobeCommonCacheUnset","AdobeCommonCacheKeepInMemoryCache","AdobeCommonCacheKeepOnDiskCache"],"hooked_method":"values","hooked_class":"","args":[],"class":"java.lang.reflect.Method","method":"invoke","type":"reflection"}
I/Xposed  ( 4794): Droidmon-apimonitor-com.dumplingsandwich.pencilsketch:{"timestamp":1464091766479,"class":"java.lang.reflect.Method","method":"invoke","hooked_method":"writeObject","hooked_class":"java.util.HashMap","type":"reflection","args":["java.io.ObjectOutputStream@5289f410"]}
I/ActivityManager(  667): START u0 {cmp=com.dumplingsandwich.pencilsketch/com.adobe.creativesdk.foundation.internal.storage.controllers.AdobeUxAssetBrowserV2Activity (has extras)} from pid 4794
I/Xposed  ( 4794): Droidmon-apimonitor-com.dumplingsandwich.pencilsketch:{"timestamp":1464091766490,"result":"","class":"android.os.SystemProperties","method":"get","type":"content","args":["debug.second-display.pkg"]}
I/Xposed  ( 4794): Droidmon-apimonitor-com.dumplingsandwich.pencilsketch:{"timestamp":1464091766493,"class":"java.lang.reflect.Method","method":"invoke","hooked_method":"makeOptionalFitsSystemWindows","hooked_class":"android.support.v7.internal.widget.FitWindowsLinearLayout","type":"reflection","args":[]}
I/AppCompatViewInflater( 4794): app:theme is now deprecated. Please move to using android:theme instead.
I/Xposed  ( 4794): Droidmon-apimonitor-com.dumplingsandwich.pencilsketch:{"timestamp":1464091766496,"class":"java.lang.reflect.Method","method":"invoke","hooked_method":"readObject","hooked_class":"java.util.HashMap","type":"reflection","args":["java.io.ObjectInputStream@5286bff4"]}
I/Xposed  ( 4794): Droidmon-apimonitor-com.dumplingsandwich.pencilsketch:{"timestamp":1464091766508,"result":["myAssets","myLibraries"],"hooked_method":"values","hooked_class":"","args":[],"class":"java.lang.reflect.Method","method":"invoke","type":"reflection"}
I/Xposed  ( 4794): Droidmon-apimonitor-com.dumplingsandwich.pencilsketch:{"timestamp":1464091766508,"class":"java.lang.reflect.Method","method":"invoke","hooked_method":"readObject","hooked_class":"java.util.HashMap","type":"reflection","args":["java.io.ObjectInputStream@5288a44c"]}
I/Xposed  ( 4794): Droidmon-apimonitor-com.dumplingsandwich.pencilsketch:{"timestamp":1464091766522,"result":["CONNECTING","CONNECTED","SUSPENDED","DISCONNECTING","DISCONNECTED","UNKNOWN"],"hooked_method":"values","hooked_class":"","args":[],"class":"java.lang.reflect.Method","method":"invoke","type":"reflection"}
I/Xposed  ( 4794): Droidmon-apimonitor-com.dumplingsandwich.pencilsketch:{"timestamp":1464091766521,"result":{"act":"android.net.conn.CONNECTIVITY_CHANGE","extras":[{"value":"NetworkInfo: type: WIFI[], state: CONNECTED\/CONNECTED, reason: (unspecified), extra: \"WiredSSID\", roaming: false, failover: false, isAvailable: true, isConnectedToProvisioningNetwork: false","key":"networkInfo"},{"value":"1","key":"networkType"},{"value":"0","key":"inetCondition"},{"value":"\"WiredSSID\"","key":"extraInfo"}]},"class":"android.app.ContextImpl","method":"registerReceiver","type":"binder","args":[{"mDebugUnregister":false},{"mPriority":0,"mActions":["android.net.conn.CONNECTIVITY_CHANGE"],"mHasPartialTypes":false}]}
I/Xposed  ( 4794): Droidmon-apimonitor-com.dumplingsandwich.pencilsketch:{"timestamp":1464091766530,"result":{"act":"android.net.conn.CONNECTIVITY_CHANGE","extras":[{"value":"NetworkInfo: type: WIFI[], state: CONNECTED\/CONNECTED, reason: (unspecified), extra: \"WiredSSID\", roaming: false, failover: false, isAvailable: true, isConnectedToProvisioningNetwork: false","key":"networkInfo"},{"value":"1","key":"networkType"},{"value":"0","key":"inetCondition"},{"value":"\"WiredSSID\"","key":"extraInfo"}]},"class":"android.app.ContextImpl","method":"registerReceiver","type":"binder","args":[{"mDebugUnregister":false},{"mPriority":0,"mActions":["android.net.conn.CONNECTIVITY_CHANGE"],"mHasPartialTypes":false}]}
I/Xposed  ( 4794): Droidmon-apimonitor-com.dumplingsandwich.pencilsketch:{"timestamp":1464091766536,"result":"","class":"android.os.SystemProperties","method":"get","type":"content","args":["debug.second-display.pkg"]}
I/Xposed  ( 4794): Droidmon-apimonitor-com.dumplingsandwich.pencilsketch:{"timestamp":1464091766537,"class":"java.lang.reflect.Method","method":"invoke","hooked_method":"makeOptionalFitsSystemWindows","hooked_class":"android.support.v7.internal.widget.FitWindowsLinearLayout","type":"reflection","args":[]}
I/AppCompatViewInflater( 4794): app:theme is now deprecated. Please move to using android:theme instead.
I/Xposed  ( 4794): Droidmon-apimonitor-com.dumplingsandwich.pencilsketch:{"timestamp":1464091766539,"result":{"descriptor":55},"class":"libcore.io.IoBridge","method":"open","type":"file","args":["\/data\/data\/com.dumplingsandwich.pencilsketch\/cache\/temp1464976026.tmp","577"]}
I/ActivityManager(  667): START u0 {cmp=com.dumplingsandwich.pencilsketch/com.adobe.creativesdk.foundation.internal.auth.AdobeAuthSignInActivity (has extras)} from pid 4794
V/WebViewChromium( 4794): Binding Chromium to the background looper Looper (main, tid 1) {5280ba7c}
I/chromium( 4794): [INFO:library_loader_hooks.cc(112)] Chromium logging enabled: level = 0, default verbosity = 0
I/Xposed  ( 4794): Droidmon-apimonitor-com.dumplingsandwich.pencilsketch:{"timestamp":1464091766547,"class":"java.lang.reflect.Method","method":"invoke","hooked_method":"addChangeCallback","hooked_class":"","type":"reflection","args":["com.android.org.chromium.content.common.TraceEvent$1@52878af0"]}
I/Xposed  ( 4794): Droidmon-apimonitor-com.dumplingsandwich.pencilsketch:{"timestamp":1464091766547,"result":"0","hooked_method":"getLong","hooked_class":"","args":["debug.atrace.tags.enableflags","0"],"class":"java.lang.reflect.Method","method":"invoke","type":"reflection"}
I/BrowserProcessMain( 4794): Initializing chromium process, renderers=0
I/Xposed  ( 4794): Droidmon-apimonitor-com.dumplingsandwich.pencilsketch:{"timestamp":1464091766550,"result":{"act":"android.intent.action.PROXY_CHANGE","extras":[{"value":"[192.168.56.1] 1337 xl=","key":"proxy"}]},"class":"android.app.ContextImpl","method":"registerReceiver","type":"binder","args":[{"mDebugUnregister":false},{"mPriority":0,"mActions":["android.intent.action.PROXY_CHANGE"],"mHasPartialTypes":false}]}
I/Xposed  ( 4794): Droidmon-apimonitor-com.dumplingsandwich.pencilsketch:{"timestamp":1464091766552,"result":{"act":"android.intent.action.PROXY_CHANGE","extras":[{"value":"[192.168.56.1] 1337 xl=","key":"proxy"}]},"class":"android.app.ContextImpl","method":"registerReceiver","type":"binder","args":[{"mDebugUnregister":false},{"mPriority":0,"mActions":["android.intent.action.PROXY_CHANGE"],"mHasPartialTypes":false}]}
D/libEGL  ( 4794): Emulator without GPU support detected. Fallback to software renderer.
D/libEGL  ( 4794): loaded /system/lib/egl/libGLES_android.so
E/chromium( 4794): [ERROR:gl_surface_egl.cc(153)] No suitable EGL configs found.
E/chromium( 4794): [ERROR:gl_surface_egl.cc(620)] GLSurfaceEGL::InitializeOneOff failed.
E/chromium( 4794): [ERROR:gl_surface_egl.cc(153)] No suitable EGL configs found.
E/chromium( 4794): [ERROR:gl_surface_egl.cc(620)] GLSurfaceEGL::InitializeOneOff failed.
E/chromium( 4794): [ERROR:gpu_info_collector.cc(86)] gfx::GLSurface::InitializeOneOff() failed
W/chromium( 4794): [WARNING:proxy_service.cc(888)] PAC support disabled because there is no system implementation
I/dalvikvm-heap( 4794): Grow heap (frag case) to 3.954MB for 100236-byte allocation
I/dalvikvm-heap( 4794): Grow heap (frag case) to 5.030MB for 1127532-byte allocation
I/Xposed  ( 4794): Droidmon-apimonitor-com.dumplingsandwich.pencilsketch:{"timestamp":1464091766596,"result":{"act":"android.net.conn.CONNECTIVITY_CHANGE","extras":[{"value":"NetworkInfo: type: WIFI[], state: CONNECTED\/CONNECTED, reason: (unspecified), extra: \"WiredSSID\", roaming: false, failover: false, isAvailable: true, isConnectedToProvisioningNetwork: false","key":"networkInfo"},{"value":"1","key":"networkType"},{"value":"0","key":"inetCondition"},{"value":"\"WiredSSID\"","key":"extraInfo"}]},"class":"android.app.ContextImpl","method":"registerReceiver","type":"binder","args":[{"mDebugUnregister":false},{"mPriority":0,"mActions":["android.net.conn.CONNECTIVITY_CHANGE"],"mHasPartialTypes":false}]}
I/Xposed  ( 4794): Droidmon-apimonitor-com.dumplingsandwich.pencilsketch:{"timestamp":1464091766597,"result":{"act":"android.net.conn.CONNECTIVITY_CHANGE","extras":[{"value":"NetworkInfo: type: WIFI[], state: CONNECTED\/CONNECTED, reason: (unspecified), extra: \"WiredSSID\", roaming: false, failover: false, isAvailable: true, isConnectedToProvisioningNetwork: false","key":"networkInfo"},{"value":"1","key":"networkType"},{"value":"0","key":"inetCondition"},{"value":"\"WiredSSID\"","key":"extraInfo"}]},"class":"android.app.ContextImpl","method":"registerReceiver","type":"binder","args":[{"mDebugUnregister":false},{"mPriority":0,"mActions":["android.net.conn.CONNECTIVITY_CHANGE"],"mHasPartialTypes":false}]}
I/Xposed  ( 4794): Droidmon-apimonitor-com.dumplingsandwich.pencilsketch:{"timestamp":1464091766612,"result":"","class":"android.os.SystemProperties","method":"get","type":"content","args":["gsm.operator.iso-country"]}
I/Xposed  ( 4794): Droidmon-apimonitor-com.dumplingsandwich.pencilsketch:{"timestamp":1464091766612,"result":"","class":"android.telephony.TelephonyManager","method":"getNetworkCountryIso","type":"fingerprint","args":[]}
D/gralloc_vbox86( 4794): Emulator without GPU emulation detected.
I/ActivityManager(  667): Displayed com.dumplingsandwich.pencilsketch/com.adobe.creativesdk.foundation.internal.auth.AdobeAuthSignInActivity: +113ms (total +979ms)
E/cutils-trace( 4836): Error opening trace file: No such file or directory (2)
D/gralloc_vbox86( 4836): Emulator without GPU emulation detected.
D/gralloc (  275): Registering a buffer in the process that created it. This may cause memory ordering problems.
E/libEGL  (  275): called unimplemented OpenGL ES API
E/libEGL  (  275): called unimplemented OpenGL ES API
E/libEGL  (  275): called unimplemented OpenGL ES API
E/libEGL  (  275): called unimplemented OpenGL ES API
E/libEGL  (  275): called unimplemented OpenGL ES API
E/libEGL  (  275): called unimplemented OpenGL ES API
E/libEGL  (  275): called unimplemented OpenGL ES API
E/SurfaceFlinger(  275): glCheckFramebufferStatusOES error 908003643
E/SurfaceFlinger(  275): got GL_FRAMEBUFFER_COMPLETE_OES error while taking screenshot
E/libEGL  (  275): called unimplemented OpenGL ES API
E/libEGL  (  275): called unimplemented OpenGL ES API
E/libEGL  (  275): called unimplemented OpenGL ES API
W/linker  ( 4841): libdvm.so has text relocations. This is wasting memory and is a security risk. Please fix.
W/linker  ( 4841): app_process has text relocations. This is wasting memory and is a security risk. Please fix.
D/AndroidRuntime( 4841): 
D/AndroidRuntime( 4841): >>>>>> AndroidRuntime START com.android.internal.os.RuntimeInit <<<<<<
D/AndroidRuntime( 4841): CheckJNI is OFF
E/memtrack( 4841): Couldn't load memtrack module (No such file or directory)
E/android.os.Debug( 4841): failed to load memtrack module: -2
D/AndroidRuntime( 4841): Calling main entry com.android.commands.am.Am
E/JavaBinder(  667): !!! FAILED BINDER TRANSACTION !!!
I/ActivityManager(  667): Force stopping com.dumplingsandwich.pencilsketch appid=10019 user=0: from pid 4841
I/ActivityManager(  667): Killing 4794:com.dumplingsandwich.pencilsketch/u0a19 (adj 0): stop com.dumplingsandwich.pencilsketch
W/ActivityManager(  667): Force removing ActivityRecord{52a63654 u0 com.dumplingsandwich.pencilsketch/com.adobe.creativesdk.foundation.internal.auth.AdobeAuthSignInActivity t45}: app died, no saved state
I/ActivityManager(  667):   Force finishing activity ActivityRecord{52ba62d8 u0 com.dumplingsandwich.pencilsketch/com.behance.sdk.ui.activities.BehanceSDKCCLauncherActivity t45}
I/WindowState(  667): WIN DEATH: Window{52baa5e8 u0 com.dumplingsandwich.pencilsketch/com.adobe.creativesdk.foundation.internal.auth.AdobeAuthSignInActivity}
W/SurfaceFlinger(  275): couldn't log to binary event log: overflow.
I/ActivityManager(  667): Start proc com.dumplingsandwich.pencilsketch for activity com.dumplingsandwich.pencilsketch/com.adobe.creativesdk.foundation.internal.storage.controllers.AdobeUxAssetBrowserV2Activity: pid=4852 uid=10019 gids={50019, 3003, 1028, 1015}
I/ActivityManager(  667):   Force finishing activity ActivityRecord{52b9994c u0 com.dumplingsandwich.pencilsketch/com.adobe.creativesdk.foundation.internal.storage.controllers.AdobeUxAssetBrowserV2Activity t45}
D/AndroidRuntime( 4841): Shutting down VM
E/cutils-trace( 4841): Error opening trace file: No such file or directory (2)
W/Binder  (  836): Caught a RuntimeException from the binder stub implementation.
W/Binder  (  836): java.lang.NullPointerException
W/Binder  (  836): 	at android.inputmethodservice.IInputMethodWrapper.setSessionEnabled(IInputMethodWrapper.java:280)
W/Binder  (  836): 	at com.android.internal.view.IInputMethod$Stub.onTransact(IInputMethod.java:129)
W/Binder  (  836): 	at android.os.Binder.execTransact(Binder.java:404)
W/Binder  (  836): 	at dalvik.system.NativeStart.run(Native Method)
W/InputMethodManagerService(  667): Got RemoteException sending setActive(false) notification to pid 4794 uid 10019
I/ActivityManager(  667): Activity reported stop, but no longer stopping: ActivityRecord{52a32e28 u0 com.android.settings/.SubSettings t6}
D/JustTrustMe( 4852): Hooking DefaultHTTPClient for: com.dumplingsandwich.pencilsketch
D/JustTrustMe( 4852): Hooking DefaultHTTPClient(HttpParams) for: com.dumplingsandwich.pencilsketch
D/JustTrustMe( 4852): Hooking DefaultHTTPClient(ClientConnectionManager, HttpParams) for: com.dumplingsandwich.pencilsketch
D/JustTrustMe( 4852): Hooking SSLSocketFactory(String, KeyStore, String, KeyStore) for: com.dumplingsandwich.pencilsketch
D/JustTrustMe( 4852): Hooking static SSLSocketFactory(String, KeyStore, String, KeyStore) for: com.dumplingsandwich.pencilsketch
D/JustTrustMe( 4852): Hooking SSLSocketFactory(Socket) for: com.dumplingsandwich.pencilsketch
D/JustTrustMe( 4852): Hooking TrustManagerFactory.getTrustManagers() for: com.dumplingsandwich.pencilsketch
D/JustTrustMe( 4852): Hooking HttpsURLConnection.setDefaultHostnameVerifier for: com.dumplingsandwich.pencilsketch
D/JustTrustMe( 4852): Hooking HttpsURLConnection.setSSLSocketFactory for: com.dumplingsandwich.pencilsketch
D/JustTrustMe( 4852): Hooking HttpsURLConnection.setHostnameVerifier for: com.dumplingsandwich.pencilsketch
D/JustTrustMe( 4852): Hooking WebViewClient.onReceivedSslError(WebView, SslErrorHandler, SslError) for: com.dumplingsandwich.pencilsketch
D/JustTrustMe( 4852): Hooking WebViewClient.onReceivedSslError(WebView, int, string, string) for: com.dumplingsandwich.pencilsketch
D/JustTrustMe( 4852): Hooking com.android.org.conscrypt.TrustManagerImpl.checkServerTrusted(X509Certificate[]) for: com.dumplingsandwich.pencilsketch
I/MultiDex( 4852): VM with version 1.6.0 does not have multidex support
I/MultiDex( 4852): install
I/MultiDex( 4852): MultiDexExtractor.load(/data/app/com.dumplingsandwich.pencilsketch-1.apk, false)
I/Xposed  ( 4852): Droidmon-apimonitor-com.dumplingsandwich.pencilsketch:{"timestamp":1464091770483,"result":{"descriptor":55},"class":"libcore.io.IoBridge","method":"open","type":"file","args":["\/data\/app\/com.dumplingsandwich.pencilsketch-1.apk","0"]}
I/Xposed  ( 4852): Droidmon-apimonitor-com.dumplingsandwich.pencilsketch:{"timestamp":1464091770485,"result":{"descriptor":55},"class":"libcore.io.IoBridge","method":"open","type":"file","args":["\/data\/data\/com.dumplingsandwich.pencilsketch\/shared_prefs\/multidex.version.xml","0"]}
I/MultiDex( 4852): loading existing secondary dex files
I/MultiDex( 4852): load found 0 secondary dex files
I/MultiDex( 4852): install done
D/JustTrustMe( 4852): Hooking com.squareup.okhttp.CertificatePinner.check(String,List) (2.5) for: com.dumplingsandwich.pencilsketch
I/Xposed  ( 4852): java.lang.NoSuchMethodError: com.squareup.okhttp.CertificatePinner#check(java.lang.String,java.util.List)#exact
I/Xposed  ( 4852): 	at de.robv.android.xposed.XposedHelpers.findMethodExact(XposedHelpers.java:179)
I/Xposed  ( 4852): 	at de.robv.android.xposed.XposedHelpers.findAndHookMethod(XposedHelpers.java:129)
I/Xposed  ( 4852): 	at de.robv.android.xposed.XposedHelpers.findAndHookMethod(XposedHelpers.java:136)
I/Xposed  ( 4852): 	at just.trust.me.Main.processOkHttp(Main.java:354)
I/Xposed  ( 4852): 	at just.trust.me.Main$13.afterHookedMethod(Main.java:243)
I/Xposed  ( 4852): 	at de.robv.android.xposed.XposedBridge.handleHookedMethod(XposedBridge.java:645)
I/Xposed  ( 4852): 	at android.app.Application.attach(Native Method)
I/Xposed  ( 4852): 	at android.app.Instrumentation.newApplication(Instrumentation.java:991)
I/Xposed  ( 4852): 	at android.app.Instrumentation.newApplication(Instrumentation.java:975)
I/Xposed  ( 4852): 	at android.app.LoadedApk.makeApplication(LoadedApk.java:511)
I/Xposed  ( 4852): 	at android.app.ActivityThread.handleBindApplication(ActivityThread.java:4317)
I/Xposed  ( 4852): 	at de.robv.android.xposed.XposedBridge.invokeOriginalMethodNative(Native Method)
I/Xposed  ( 4852): 	at de.robv.android.xposed.XposedBridge.handleHookedMethod(XposedBridge.java:631)
I/Xposed  ( 4852): 	at android.app.ActivityThread.handleBindApplication(Native Method)
I/Xposed  ( 4852): 	at android.app.ActivityThread.access$1500(ActivityThread.java:135)
I/Xposed  ( 4852): 	at android.app.ActivityThread$H.handleMessage(ActivityThread.java:1256)
I/Xposed  ( 4852): 	at android.os.Handler.dispatchMessage(Handler.java:102)
I/Xposed  ( 4852): 	at android.os.Looper.loop(Looper.java:136)
I/Xposed  ( 4852): 	at android.app.ActivityThread.main(ActivityThread.java:5017)
I/Xposed  ( 4852): 	at java.lang.reflect.Method.invokeNative(Native Method)
I/Xposed  ( 4852): 	at java.lang.reflect.Method.invoke(Native Method)
I/Xposed  ( 4852): 	at com.android.internal.os.ZygoteInit$MethodAndArgsCaller.run(ZygoteInit.java:779)
I/Xposed  ( 4852): 	at com.android.internal.os.ZygoteInit.main(ZygoteInit.java:595)
I/Xposed  ( 4852): 	at de.robv.android.xposed.XposedBridge.main(XposedBridge.java:132)
I/Xposed  ( 4852): 	at dalvik.system.NativeStart.main(Native Method)
I/AdobeImageCdsProvider( 4852): onCreate
I/Xposed  ( 4852): Droidmon-apimonitor-com.dumplingsandwich.pencilsketch:{"timestamp":1464091770489,"result":{"descriptor":55},"class":"libcore.io.IoBridge","method":"open","type":"file","args":["\/data\/data\/com.dumplingsandwich.pencilsketch\/shared_prefs\/Foundation.xml","0"]}
I/Xposed  ( 4852): Droidmon-apimonitor-com.dumplingsandwich.pencilsketch:{"timestamp":1464091770493,"result":{"descriptor":55},"class":"libcore.io.IoBridge","method":"open","type":"file","args":["\/data\/data\/com.dumplingsandwich.pencilsketch\/shared_prefs\/adb_foundation_auth_aes_preference.xml","0"]}
I/Xposed  ( 4852): Droidmon-apimonitor-com.dumplingsandwich.pencilsketch:{"timestamp":1464091770494,"result":"\n0x00000000 39 C6 AE C9 04 39 6B FA 88 98 A1 97 9B 81 91 3E 9....9k........>","class":"android.util.Base64","method":"decode","type":"generic","args":["OcauyQQ5a\/qImKGXm4GRPg==","0","24","2"]}
I/Xposed  ( 4852): Droidmon-apimonitor-com.dumplingsandwich.pencilsketch:{"timestamp":1464091770494,"result":"\n0x00000000 39 C6 AE C9 04 39 6B FA 88 98 A1 97 9B 81 91 3E 9....9k........>","class":"android.util.Base64","method":"decode","type":"generic","args":["OcauyQQ5a\/qImKGXm4GRPg==","2"]}
I/Xposed  ( 4852): Droidmon-apimonitor-com.dumplingsandwich.pencilsketch:{"timestamp":1464091770494,"result":"\n0x00000000 39 C6 AE C9 04 39 6B FA 88 98 A1 97 9B 81 91 3E 9....9k........>","class":"android.util.Base64","method":"decode","type":"generic","args":["OcauyQQ5a\/qImKGXm4GRPg==","2"]}
I/Xposed  ( 4852): Droidmon-apimonitor-com.dumplingsandwich.pencilsketch:{"timestamp":1464091770495,"class":"javax.crypto.spec.SecretKeySpec","method":"javax.crypto.spec.SecretKeySpec","type":"crypto","args":["\n0x00000000 39 C6 AE C9 04 39 6B FA 88 98 A1 97 9B 81 91 3E 9....9k........>","AES"]}
I/Xposed  ( 4852): Droidmon-apimonitor-com.dumplingsandwich.pencilsketch:{"timestamp":1464091770498,"result":"\n0x00000000 F1 A3 C0 DE 45 AF F3 55 95 92 80 27 41 2E 4E C5 ....E..U...'A.N.\n0x00000010 D7 57 78 B8 FD 98 37 1E 0C 92 24 E1 07 13 FC 37 .Wx...7...$....7\n0x00000020 B8 D6 69 CE D9 07 56 17 B9 CF 1D 06 87 42 B3 FA ..i...V......B..","class":"javax.crypto.Cipher","method":"doFinal","type":"crypto","this":{"mode":1},"args":["5bdd636e3694470fa58e0ea0f195e0d3"]}
I/Xposed  ( 4852): Droidmon-apimonitor-com.dumplingsandwich.pencilsketch:{"timestamp":1464091770519,"result":"8aPA3kWv81WVkoAnQS5OxddXeLj9mDceDJIk4QcT\/De41mnO2QdWF7nPHQaHQrP6","class":"android.util.Base64","method":"encode","type":"generic","args":["\n0x00000000 F1 A3 C0 DE 45 AF F3 55 95 92 80 27 41 2E 4E C5 ....E..U...'A.N.\n0x00000010 D7 57 78 B8 FD 98 37 1E 0C 92 24 E1 07 13 FC 37 .Wx...7...$....7\n0x00000020 B8 D6 69 CE D9 07 56 17 B9 CF 1D 06 87 42 B3 FA ..i...V......B..","0","48","2"]}
I/Xposed  ( 4852): Droidmon-apimonitor-com.dumplingsandwich.pencilsketch:{"timestamp":1464091770520,"result":"8aPA3kWv81WVkoAnQS5OxddXeLj9mDceDJIk4QcT\/De41mnO2QdWF7nPHQaHQrP6","class":"android.util.Base64","method":"encode","type":"generic","args":["\n0x00000000 F1 A3 C0 DE 45 AF F3 55 95 92 80 27 41 2E 4E C5 ....E..U...'A.N.\n0x00000010 D7 57 78 B8 FD 98 37 1E 0C 92 24 E1 07 13 FC 37 .Wx...7...$....7\n0x00000020 B8 D6 69 CE D9 07 56 17 B9 CF 1D 06 87 42 B3 FA ..i...V......B..","2"]}
