I/Xposed  (14670): Droidmon-apimonitor-com.tencent.mobileqq:{"timestamp":1463830472656,"result":"HYHsALGwiA6RMa8Qw+clofXxPvciQfUyyNy88puNWT02PO8XrbFHhuprur2sNhJbY1kHlMBMJLpJOCMuzwHZ0LHX67x8Ujr+ObQhvv0X5pv2deQbUxx+fb3WlZODM4tnlinBOVDUThThmT2XhwlD73yOc\/P8mJz7WRfRO9x+Aa8=","class":"android.util.Base64","method":"encode","type":"generic","args":["\n0x00000000 1D 81 EC 00 B1 B0 88 0E 91 31 AF 10 C3 E7 25 A1 .........1....%.\n0x00000010 F5 F1 3E F7 22 41 F5 32 C8 DC BC F2 9B 8D 59 3D ..>.\"A.2......Y=\n0x00000020 36 3C EF 17 AD B1 47 86 EA 6B BA BD AC 36 12 5B 6<....G..k...6.[\n0x00000030 63 59 07 94 C0 4C 24 BA 49 38 23 2E CF 01 D9 D0 cY...L$.I8#.....\n0x00000040 B1 D7 EB BC 7C 52 3A FE 39 B4 21 BE FD 17 E6 9B ....|R:.9.!.....\n0x00000050 F6 75 E4 1B 53 1C 7E 7D BD D6 95 93 83 33 8B 67 .u..S..}.....3.g\n0x00000060 96 29 C1 39 50 D4 4E 14 E1 99 3D 97 87 09 43 EF .).9P.N...=...C.\n0x00000070 7C 8E 73 F3 FC 98 9C FB 59 17 D1 3B DC 7E 01 AF |.s.....Y..;....","2"]}
I/Xposed  (14670): Droidmon-apimonitor-com.tencent.mobileqq:{"timestamp":1463830472656,"result":"HYHsALGwiA6RMa8Qw+clofXxPvciQfUyyNy88puNWT02PO8XrbFHhuprur2sNhJbY1kHlMBMJLpJOCMuzwHZ0LHX67x8Ujr+ObQhvv0X5pv2deQbUxx+fb3WlZODM4tnlinBOVDUThThmT2XhwlD73yOc\/P8mJz7WRfRO9x+Aa8=","class":"android.util.Base64","method":"encodeToString","type":"generic","args":["\n0x00000000 1D 81 EC 00 B1 B0 88 0E 91 31 AF 10 C3 E7 25 A1 .........1....%.\n0x00000010 F5 F1 3E F7 22 41 F5 32 C8 DC BC F2 9B 8D 59 3D ..>.\"A.2......Y=\n0x00000020 36 3C EF 17 AD B1 47 86 EA 6B BA BD AC 36 12 5B 6<....G..k...6.[\n0x00000030 63 59 07 94 C0 4C 24 BA 49 38 23 2E CF 01 D9 D0 cY...L$.I8#.....\n0x00000040 B1 D7 EB BC 7C 52 3A FE 39 B4 21 BE FD 17 E6 9B ....|R:.9.!.....\n0x00000050 F6 75 E4 1B 53 1C 7E 7D BD D6 95 93 83 33 8B 67 .u..S..}.....3.g\n0x00000060 96 29 C1 39 50 D4 4E 14 E1 99 3D 97 87 09 43 EF .).9P.N...=...C.\n0x00000070 7C 8E 73 F3 FC 98 9C FB 59 17 D1 3B DC 7E 01 AF |.s.....Y..;....","2"]}
I/Xposed  (14650): Droidmon-apimonitor-com.tencent.mobileqq:{"timestamp":1463830472577,"result":{"act":"android.net.conn.CONNECTIVITY_CHANGE","extras":[{"value":"NetworkInfo: type: WIFI[], state: CONNECTED\/CONNECTED, reason: (unspecified), extra: \"WiredSSID\", roaming: false, failover: false, isAvailable: true, isConnectedToProvisioningNetwork: false","key":"networkInfo"},{"value":"1","key":"networkType"},{"value":"0","key":"inetCondition"},{"value":"\"WiredSSID\"","key":"extraInfo"}]},"class":"android.app.ContextImpl","method":"registerReceiver","type":"binder","args":["com.tencent.beacon.a.e@52b30304",{"mPriority":0,"mActions":["android.net.conn.CONNECTIVITY_CHANGE"],"mHasPartialTypes":false}]}
I/Xposed  (14650): Droidmon-apimonitor-com.tencent.mobileqq:{"timestamp":1463830472658,"result":"android.app.SharedPreferencesImpl@52b7db98","hooked_method":"getSystemSharedPreferences","hooked_class":"com.tencent.common.app.BaseApplicationImpl","args":["UserGuide","0"],"class":"java.lang.reflect.Method","method":"invoke","type":"reflection"}
I/Xposed  (14670): Droidmon-apimonitor-com.tencent.mobileqq:{"timestamp":1463830472661,"result":{"descriptor":75},"class":"libcore.io.IoBridge","method":"open","type":"file","args":["\/proc\/14670\/cmdline","0"]}
I/Xposed  (14670): Droidmon-apimonitor-com.tencent.mobileqq:{"timestamp":1463830472662,"result":"\/data\/app-lib\/com.tencent.mobileqq-1\/libNativeRQD.so","class":"dalvik.system.BaseDexClassLoader","method":"findLibrary","type":"dex","args":["NativeRQD"]}
W/linker  (14670): libhoudini.so has text relocations. This is wasting memory and is a security risk. Please fix.
I/Xposed  (14670): Droidmon-apimonitor-com.tencent.mobileqq:{"timestamp":1463830472669,"result":"PERSIST","class":"android.os.SystemProperties","method":"get","type":"content","args":["debug.sqlite.journalmode","PERSIST"]}
I/Xposed  (14670): Droidmon-apimonitor-com.tencent.mobileqq:{"timestamp":1463830472670,"result":"FULL","class":"android.os.SystemProperties","method":"get","type":"content","args":["debug.sqlite.syncmode","FULL"]}
F/libc    (14670): Fatal signal 11 (SIGSEGV) at 0x000000b4 (code=1), thread 14670 (nt.mobileqq:MSF)
I/Xposed  (14670): Droidmon-apimonitor-com.tencent.mobileqq:{"timestamp":1463830472673,"result":"PERSIST","class":"android.os.SystemProperties","method":"get","type":"content","args":["debug.sqlite.journalmode","PERSIST"]}
I/Xposed  (14670): Droidmon-apimonitor-com.tencent.mobileqq:{"timestamp":1463830472674,"result":"FULL","class":"android.os.SystemProperties","method":"get","type":"content","args":["debug.sqlite.syncmode","FULL"]}
I/Xposed  (14670): Droidmon-apimonitor-com.tencent.mobileqq:{"timestamp":1463830472682,"result":"PERSIST","class":"android.os.SystemProperties","method":"get","type":"content","args":["debug.sqlite.journalmode","PERSIST"]}
I/Xposed  (14670): Droidmon-apimonitor-com.tencent.mobileqq:{"timestamp":1463830472682,"result":"FULL","class":"android.os.SystemProperties","method":"get","type":"content","args":["debug.sqlite.syncmode","FULL"]}
I/Xposed  (14670): Droidmon-apimonitor-com.tencent.mobileqq:{"timestamp":1463830472684,"result":"PERSIST","class":"android.os.SystemProperties","method":"get","type":"content","args":["debug.sqlite.journalmode","PERSIST"]}
I/Xposed  (14670): Droidmon-apimonitor-com.tencent.mobileqq:{"timestamp":1463830472684,"result":"FULL","class":"android.os.SystemProperties","method":"get","type":"content","args":["debug.sqlite.syncmode","FULL"]}
I/Xposed  (14670): Droidmon-apimonitor-com.tencent.mobileqq:{"timestamp":1463830472687,"result":"PERSIST","class":"android.os.SystemProperties","method":"get","type":"content","args":["debug.sqlite.journalmode","PERSIST"]}
I/Xposed  (14670): Droidmon-apimonitor-com.tencent.mobileqq:{"timestamp":1463830472687,"result":"FULL","class":"android.os.SystemProperties","method":"get","type":"content","args":["debug.sqlite.syncmode","FULL"]}
I/Xposed  (14650): Droidmon-apimonitor-com.tencent.mobileqq:{"timestamp":1463830472556,"class":"android.app.ContextImpl","method":"registerReceiver","type":"binder","args":[{"mDebugUnregister":false},{"mPriority":0,"mActions":["android.intent.action.PACKAGE_ADDED","android.intent.action.PACKAGE_REPLACED"],"mHasPartialTypes":false,"mDataSchemes":["package"]}]}
I/Xposed  (14650): Droidmon-apimonitor-com.tencent.mobileqq:{"timestamp":1463830472693,"class":"android.app.ContextImpl","method":"registerReceiver","type":"binder","args":[{"mDebugUnregister":false},{"mPriority":0,"mActions":["com.tencent.qfile_unifromdownload"],"mHasPartialTypes":false}]}
I/Xposed  (14650): Droidmon-apimonitor-com.tencent.mobileqq:{"timestamp":1463830472695,"class":"android.app.ContextImpl","method":"registerReceiver","type":"binder","args":[{"mDebugUnregister":false},{"mPriority":0,"mActions":["com.tencent.qfile_unifromdownload"],"mHasPartialTypes":false}]}
I/UniformDownloadMgr<FileAssistant>(14650): [UniformDL] UniformDownloadMgr onAppInit...
I/Xposed  (14650): Droidmon-apimonitor-com.tencent.mobileqq:{"timestamp":1463830472700,"class":"android.app.ContextImpl","method":"registerReceiver","type":"binder","args":[{"mDebugUnregister":false},{"mPriority":0,"mActions":["mqq.intent.action.ACCOUNT_CHANGED","mqq.intent.action.ACCOUNT_KICKED","mqq.intent.action.ACCOUNT_EXPIRED","mqq.intent.action.FORCE_LOGOUT","mqq.intent.action.LOGOUT","mqq.intent.action.EXIT_com.tencent.mobileqq"],"mHasPartialTypes":false}]}
I/Xposed  (14650): Droidmon-apimonitor-com.tencent.mobileqq:{"timestamp":1463830472707,"class":"android.app.ContextImpl","method":"registerReceiver","type":"binder","args":[{"mDebugUnregister":false},{"mPriority":0,"mActions":["mqq.intent.action.ACCOUNT_CHANGED","mqq.intent.action.ACCOUNT_KICKED","mqq.intent.action.ACCOUNT_EXPIRED","mqq.intent.action.FORCE_LOGOUT","mqq.intent.action.LOGOUT","mqq.intent.action.EXIT_com.tencent.mobileqq"],"mHasPartialTypes":false}]}
D/mqq     (14650): doInit finished
I/Xposed  (14650): Droidmon-apimonitor-com.tencent.mobileqq:{"timestamp":1463830472721,"result":"5032","hooked_method":"getUidRxBytes","hooked_class":"","args":["10019"],"class":"java.lang.reflect.Method","method":"invoke","type":"reflection"}
I/Xposed  (14650): Droidmon-apimonitor-com.tencent.mobileqq:{"timestamp":1463830472721,"result":"104938","hooked_method":"getUidTxBytes","hooked_class":"","args":["10019"],"class":"java.lang.reflect.Method","method":"invoke","type":"reflection"}
I/Xposed  (14650): Droidmon-apimonitor-com.tencent.mobileqq:{"timestamp":1463830472723,"class":"android.content.ContentValues","method":"put","type":"globals","args":["_id","5"]}
I/Xposed  (14650): Droidmon-apimonitor-com.tencent.mobileqq:{"timestamp":1463830472723,"class":"android.content.ContentValues","method":"put","type":"globals","args":["_prority","0"]}
I/Xposed  (14650): Droidmon-apimonitor-com.tencent.mobileqq:{"timestamp":1463830472723,"class":"android.content.ContentValues","method":"put","type":"globals","args":["_time","0"]}
I/Xposed  (14650): Droidmon-apimonitor-com.tencent.mobileqq:{"timestamp":1463830472723,"class":"android.content.ContentValues","method":"put","type":"globals","args":["_type","7"]}
I/Xposed  (14650): Droidmon-apimonitor-com.tencent.mobileqq:{"timestamp":1463830472724,"class":"android.content.ContentValues","method":"put","type":"globals","args":["_datas","\n0x00000000 AC ED 00 05 73 72 00 18 63 6F 6D 2E 74 65 6E 63 ....sr..com.tenc\n0x00000010 65 6E 74 2E 62 65 61 63 6F 6E 2E 61 2E 61 2E 66 ent.beacon.a.a.f\n0x00000020 FD DA E3 69 A1 63 C1 48 02 00 0A 49 00 01 61 4A ...i.c.H...I..aJ\n0x00000030 00 01 62 4A 00 01 63 4A 00 01 64 4A 00 01 65 4A ..bJ..cJ..dJ..eJ\n0x00000040 00 01 66 4A 00 01 67 4A 00 01 68 4A 00 01 69 4A ..fJ..gJ..hJ..iJ\n0x00000050 00 01 6A 78 70 00 00 00 02 00 00 01 54 D3 18 68 ..jxp.......T..h\n0x00000060 13 00 00 00 00 00 00 00 00 00 00 00 00 00 01 9D ................\n0x00000070 BE 00 00 00 00 00 00 00 00 00 00 00 00 00 01 8A ................\n0x00000080 CA 00 00 00 00 00 00 12 F4 00 00 00 00 00 01 99 ................\n0x00000090 EA 00 00 00 00 00 00 13 A8 00 00 00 00 00 00 00 ................\n0x000000A0 05                                              ."]}
I/Xposed  (14650): Droidmon-apimonitor-com.tencent.mobileqq:{"timestamp":1463830472724,"class":"android.content.ContentValues","method":"put","type":"globals","args":["_length","161"]}
I/Xposed  (14670): Droidmon-apimonitor-com.tencent.mobileqq:{"timestamp":1463830472730,"result":"Process[pid=14711]","class":"java.lang.Runtime","method":"exec","type":"runtime","args":[["\/system\/bin\/sh","-c","getprop ro.board.platform"]]}
I/Xposed  (14670): Droidmon-apimonitor-com.tencent.mobileqq:{"timestamp":1463830472731,"result":"Process[pid=14711]","class":"java.lang.Runtime","method":"exec","type":"runtime","args":[["\/system\/bin\/sh","-c","getprop ro.board.platform"]]}
I/Xposed  (14670): Droidmon-apimonitor-com.tencent.mobileqq:{"buffer":"","timestamp":1463830472733,"class":"java.io.FileInputStream","method":"read","type":"runtime"}
I/Xposed  (14670): Droidmon-apimonitor-com.tencent.mobileqq:{"buffer":"","timestamp":1463830472735,"class":"java.io.FileInputStream","method":"read","type":"runtime"}
I/Xposed  (14670): Droidmon-apimonitor-com.tencent.mobileqq:{"buffer":"","timestamp":1463830472736,"class":"java.io.FileInputStream","method":"read","type":"runtime"}
I/Xposed  (14670): Droidmon-apimonitor-com.tencent.mobileqq:{"timestamp":1463830472737,"result":{"descriptor":76},"class":"libcore.io.IoBridge","method":"open","type":"file","args":["\/proc\/meminfo","0"]}
I/Xposed  (14670): Droidmon-apimonitor-com.tencent.mobileqq:{"timestamp":1463830472738,"result":"PERSIST","class":"android.os.SystemProperties","method":"get","type":"content","args":["debug.sqlite.journalmode","PERSIST"]}
I/Xposed  (14670): Droidmon-apimonitor-com.tencent.mobileqq:{"timestamp":1463830472740,"result":"PERSIST","class":"android.os.SystemProperties","method":"get","type":"content","args":["debug.sqlite.journalmode","PERSIST"]}
I/Xposed  (14670): Droidmon-apimonitor-com.tencent.mobileqq:{"timestamp":1463830472741,"result":"FULL","class":"android.os.SystemProperties","method":"get","type":"content","args":["debug.sqlite.syncmode","FULL"]}
I/Xposed  (14670): Droidmon-apimonitor-com.tencent.mobileqq:{"timestamp":1463830472741,"class":"android.content.ContentValues","method":"put","type":"globals","args":["_prority","0"]}
I/Xposed  (14670): Droidmon-apimonitor-com.tencent.mobileqq:{"timestamp":1463830472742,"class":"android.content.ContentValues","method":"put","type":"globals","args":["_time","1463830472723"]}
I/Xposed  (14670): Droidmon-apimonitor-com.tencent.mobileqq:{"timestamp":1463830472742,"class":"android.content.ContentValues","method":"put","type":"globals","args":["_type","9"]}
I/Xposed  (14670): Droidmon-apimonitor-com.tencent.mobileqq:{"timestamp":1463830472742,"class":"android.content.ContentValues","method":"put","type":"globals","args":["_datas","\n0x00000000 AC ED 00 05 73 72 00 1F 63 6F 6D 2E 74 65 6E 63 ....sr..com.tenc\n0x00000010 65 6E 74 2E 66 65 65 64 62 61 63 6B 2E 70 72 6F ent.feedback.pro\n0x00000020 67 75 61 72 64 2E 71 02 7D 94 3C 22 37 0F 81 02 guard.q.}.<\"7...\n0x00000030 00 05 4A 00 01 61 4A 00 01 62 49 00 01 63 4C 00 ..J..aJ..bI..cL.\n0x00000040 01 64 74 00 12 4C 6A 61 76 61 2F 6C 61 6E 67 2F .dt..Ljava\/lang\/\n0x00000050 53 74 72 69 6E 67 3B 4C 00 01 65 71 00 7E 00 01 String;L..eq....\n0x00000060 78 70 00 00 00 00 00 00 00 00 00 00 01 54 D3 18 xp...........T..\n0x00000070 68 13 00 00 00 01 74 00 18 63 6F 6D 2E 74 65 6E h.....t..com.ten\n0x00000080 63 65 6E 74 2E 6D 6F 62 69 6C 65 71 71 3A 4D 53 cent.mobileqq:MS\n0x00000090 46 74 00 05 31 30 30 30 30                      Ft..10000"]}
I/Xposed  (14670): Droidmon-apimonitor-com.tencent.mobileqq:{"timestamp":1463830472743,"class":"android.content.ContentValues","method":"put","type":"globals","args":["_length","153"]}
I/Xposed  (14670): Droidmon-apimonitor-com.tencent.mobileqq:{"timestamp":1463830472743,"class":"android.content.ContentValues","method":"put","type":"globals","args":["_key","com.tencent.mobileqq:MSF"]}
I/Xposed  (14650): Droidmon-apimonitor-com.tencent.mobileqq:{"timestamp":1463830472712,"class":"android.app.ContextImpl","method":"registerReceiver","type":"binder","args":["com.tencent.mobileqq.app.GuardManager@52a7041c",{"mPriority":0,"mActions":["com.tencent.process.stopping","com.tencent.process.starting"],"mHasPartialTypes":false}]}
I/Xposed  (14670): Droidmon-apimonitor-com.tencent.mobileqq:{"timestamp":1463830472762,"result":"FULL","class":"android.os.SystemProperties","method":"get","type":"content","args":["debug.sqlite.syncmode","FULL"]}
I/Xposed  (14670): Droidmon-apimonitor-com.tencent.mobileqq:{"timestamp":1463830472768,"class":"javax.crypto.spec.SecretKeySpec","method":"javax.crypto.spec.SecretKeySpec","type":"crypto","args":["*^@K#K@!","DES"]}
I/Xposed  (14670): Droidmon-apimonitor-com.tencent.mobileqq:{"timestamp":1463830472743,"class":"android.content.ContentValues","method":"put","type":"globals","args":["_count","0"]}
I/Xposed  (14670): Droidmon-apimonitor-com.tencent.mobileqq:{"timestamp":1463830472791,"class":"android.content.ContentValues","method":"put","type":"globals","args":["_upCounts","0"]}
I/Xposed  (14670): Droidmon-apimonitor-com.tencent.mobileqq:{"timestamp":1463830472792,"class":"android.content.ContentValues","method":"put","type":"globals","args":["_state","-1"]}
I/Xposed  (14670): Droidmon-apimonitor-com.tencent.mobileqq:{"timestamp":1463830472796,"result":"PERSIST","class":"android.os.SystemProperties","method":"get","type":"content","args":["debug.sqlite.journalmode","PERSIST"]}
I/Xposed  (14670): Droidmon-apimonitor-com.tencent.mobileqq:{"timestamp":1463830472797,"result":"FULL","class":"android.os.SystemProperties","method":"get","type":"content","args":["debug.sqlite.syncmode","FULL"]}
I/Xposed  (14650): Droidmon-apimonitor-com.tencent.mobileqq:{"timestamp":1463830472758,"class":"android.app.ContextImpl","method":"registerReceiver","type":"binder","args":["com.tencent.mobileqq.app.GuardManager@52a7041c",{"mPriority":0,"mActions":["com.tencent.process.stopping","com.tencent.process.starting"],"mHasPartialTypes":false}]}
I/Xposed  (14650): Droidmon-apimonitor-com.tencent.mobileqq:{"timestamp":1463830472815,"class":"android.app.ContextImpl","method":"registerReceiver","type":"binder","args":[{"mDebugUnregister":false},{"mPriority":0,"mActions":["android.intent.action.SCREEN_OFF","android.intent.action.SCREEN_ON"],"mHasPartialTypes":false}]}
I/Xposed  (14670): Droidmon-apimonitor-com.tencent.mobileqq:{"timestamp":1463830472769,"result":"\n0x00000000 48 88 4B 3A BF 87 46 F2 56 8D C1 56 F8 1E 98 73 H.K:..F.V..V...s\n0x00000010 5A C9 EB E8 BF 39 F3 54 D0 2C 90 F8 E5 27 60 4D Z....9.T.,...'`M\n0x00000020 E9 3B 1C 75 60 95 A9 E7 92 17 2F FA C3 C2 43 B4 .;.u`.....\/...C.\n0x00000030 A4 86 3E 75 73 2A 50 14 6B E2 13 6F 2B 91 D0 3B ..>us*P.k..o+..;\n0x00000040 F2 05 63 56 05 D4 3C 18 9E D7 2C 27 29 29 50 78 ..cV..<...,'))Px\n0x00000050 96 9C DD 30 5E C1 DB 70 4B D8 1D 1D E3 EF 0A 5B ...0^..pK......[\n0x00000060 1A 3A BC 48 4C 75 CD C4 BF 54 98 4A 05 75 C2 A6 .:.HLu...T.J.u..\n0x00000070 EF 65 55 E9 97 92 AB D9 B4 5D 3F D2 C8 22 BE 63 .eU......]?..\".c\n0x00000080 45 4E 4F 6E 53 9A 61 4F 85 E4 84 47 14 28 78 8C ENOnS.aO...G.(x.\n0x00000090 F3 6B 1D 3B CE 21 F1 9D 51 21 D3 F5 5F E3 F1 FE .k.;.!..Q!.._...\n0x000000A0 03 91 E6 E9 A4 67 FD 58 E6 8A 3D 22 36 FF 12 55 .....g.X..=\"6..U\n0x000000B0 B7 A5 CA B2 09 59 CC C2                         .....Y..","class":"javax.crypto.Cipher","method":"doFinal","type":"crypto","this":{"mode":1},"args":["\n0x00000000 1F 8B 08 00 00 00 00 00 00 00 63 60 12 93 48 CE ..........c`..H.\n0x00000010 CF D5 2B 49 CD 4B 4E CD 2B D1 CB CD 4F CA CC 49 ..+I.KN.+...O..I\n0x00000020 2D 2C B4 F2 0D 76 53 63 B0 64 60 E4 62 66 60 60 -,...vSc.d`.bf``\n0x00000030 0C B9 2C E1 E0 21 C0 A8 C6 6A 68 00 04 66 38 75 ..,..!...jh..f8u\n0x00000040 B8 31 44 F0 70 7B 30 70 B2 31 39 1A 89 71 19 19 .1D.p{0p.19..q..\n0x00000050 98 1B 1A 59 80 74 00 F9 86 68 7C 33 31 06 20 69 ...Y.t...h|31..i\n0x00000060 2A C6 5C 61 61 06 64 98 8B B1 A5 E7 E7 A7 E7 A4 *.\\aa.d.........\n0x00000070 B2 31 3B 1A 1A 8B B1 94 14 95 82 99 A6 62 4C A1 .1;..........bL.\n0x00000080 C1 40 86 91 89 98 98 63 5E 4A 51 7E 66 8A 82 89 .@.....c^JQ.f...\n0x00000090 9E 89 9E 91 4E 4E 6A 59 6A 8E 82 A1 25 48 95 B9 ....NNjYj...%H..\n0x000000A0 18 B7 A1 B9 A1 B9 A9 99 89 91 A1 A1 11 00 73 4B ..............sK\n0x000000B0 27 09 D4 00 00 00                               '....."]}
I/Xposed  (14650): Droidmon-apimonitor-com.tencent.mobileqq:{"timestamp":1463830472817,"class":"android.app.ContextImpl","method":"registerReceiver","type":"binder","args":[{"mDebugUnregister":false},{"mPriority":0,"mActions":["android.intent.action.SCREEN_OFF","android.intent.action.SCREEN_ON"],"mHasPartialTypes":false}]}
I/Xposed  (14670): Droidmon-apimonitor-com.tencent.mobileqq:{"timestamp":1463830472824,"class":"java.lang.reflect.Method","method":"invoke","hooked_method":"init","hooked_class":"javax.net.ssl.SSLContext","type":"reflection","args":[[{}]]}
I/Xposed  (14650): Droidmon-apimonitor-com.tencent.mobileqq:{"timestamp":1463830472828,"class":"android.app.ContextImpl","method":"registerReceiver","type":"binder","args":["com.tencent.theme.SkinnableActivityProcesser@52a7ca0c",{"mPriority":0,"mActions":["com.tencent.qplus.THEME_INVALIDATE"],"mHasPartialTypes":false},"com.tencent.msg.permission.pushnotify"]}
I/Xposed  (14670): Droidmon-apimonitor-com.tencent.mobileqq:{"timestamp":1463830472841,"result":{"mModified":{"sp_imei":"351451208401216"},"mClear":false},"class":"android.app.SharedPreferencesImpl$EditorImpl","method":"putString","type":"globals","args":["sp_imei","351451208401216"]}
I/Xposed  (14670): Droidmon-apimonitor-com.tencent.mobileqq:{"timestamp":1463830472825,"result":{"sslParameters":{"keyManager":{"hash":{}},"clientSessionContext":{"sslCtxNativePointer":-1202322960,"sessionsByHostAndPort":{},"sessions":{},"timeout":0,"maximumSize":10},"enabledProtocols":["TLSv1","SSLv3"],"client_mode":true,"want_client_auth":false,"enable_session_creation":true,"serverSessionContext":{"sslCtxNativePointer":-1202322488,"timeout":0,"maximumSize":100,"sessions":{}},"trustManager":{},"need_client_auth":false}},"hooked_method":"getSocketFactory","hooked_class":"javax.net.ssl.SSLContext","args":[],"class":"java.lang.reflect.Method","method":"invoke","type":"reflection"}
F/libc    (14650): Fatal signal 11 (SIGSEGV) at 0x00000006 (code=1), thread 14650 (encent.mobileqq)
I/Xposed  (14650): Droidmon-apimonitor-com.tencent.mobileqq:{"timestamp":1463830472895,"result":{"mModified":{"IMEI_DENGTA":"351451208401216"},"mClear":false},"class":"android.app.SharedPreferencesImpl$EditorImpl","method":"putString","type":"globals","args":["IMEI_DENGTA","351451208401216"]}
I/Xposed  (14650): Droidmon-apimonitor-com.tencent.mobileqq:{"timestamp":1463830472896,"result":{"mModified":{"IMEI_DENGTA":"351451208401216","key_channelpath":"channel.ini"},"mClear":false},"class":"android.app.SharedPreferencesImpl$EditorImpl","method":"putString","type":"globals","args":["key_channelpath","channel.ini"]}
I/Xposed  (14650): Droidmon-apimonitor-com.tencent.mobileqq:{"timestamp":1463830472897,"result":{"mModified":{"IMEI_DENGTA":"351451208401216","key_channelpath":""},"mClear":false},"class":"android.app.SharedPreferencesImpl$EditorImpl","method":"putString","type":"globals","args":["key_channelpath",""]}
I/Xposed  (14670): Droidmon-apimonitor-com.tencent.mobileqq:{"timestamp":1463830472912,"result":{"mModified":{"IMEI_DENGTA":"351451208401216"},"mClear":false},"class":"android.app.SharedPreferencesImpl$EditorImpl","method":"putString","type":"globals","args":["IMEI_DENGTA","351451208401216"]}
I/Xposed  (14670): Droidmon-apimonitor-com.tencent.mobileqq:{"timestamp":1463830472913,"result":{"mModified":{"IMEI_DENGTA":"351451208401216","key_channelpath":"channel.ini"},"mClear":false},"class":"android.app.SharedPreferencesImpl$EditorImpl","method":"putString","type":"globals","args":["key_channelpath","channel.ini"]}
I/Xposed  (14670): Droidmon-apimonitor-com.tencent.mobileqq:{"timestamp":1463830472914,"result":{"mModified":{"IMEI_DENGTA":"351451208401216","key_channelpath":""},"mClear":false},"class":"android.app.SharedPreferencesImpl$EditorImpl","method":"putString","type":"globals","args":["key_channelpath",""]}
D/Rdm     (14650): doStep...process: com.tencent.mobileqq
D/StatisticCollector(14650): initCrashReport ... process:com.tencent.mobileqq pid=14650
I/Xposed  (14650): Droidmon-apimonitor-com.tencent.mobileqq:{"timestamp":1463830473128,"result":{"descriptor":90},"class":"libcore.io.IoBridge","method":"open","type":"file","args":["\/proc\/14650\/cmdline","0"]}
D/StatisticCollector(14650): initNativeCrashReport ... process:com.tencent.mobileqq pid=14650
I/Xposed  (14650): Droidmon-apimonitor-com.tencent.mobileqq:{"timestamp":1463830473130,"result":"\/data\/app-lib\/com.tencent.mobileqq-1\/libNativeRQD.so","class":"dalvik.system.BaseDexClassLoader","method":"findLibrary","type":"dex","args":["NativeRQD"]}
I/Xposed  (14650): Droidmon-apimonitor-com.tencent.mobileqq:{"timestamp":1463830473130,"result":"PERSIST","class":"android.os.SystemProperties","method":"get","type":"content","args":["debug.sqlite.journalmode","PERSIST"]}
I/Xposed  (14650): Droidmon-apimonitor-com.tencent.mobileqq:{"timestamp":1463830473131,"result":"FULL","class":"android.os.SystemProperties","method":"get","type":"content","args":["debug.sqlite.syncmode","FULL"]}
I/Xposed  (14650): Droidmon-apimonitor-com.tencent.mobileqq:{"timestamp":1463830473132,"result":"PERSIST","class":"android.os.SystemProperties","method":"get","type":"content","args":["debug.sqlite.journalmode","PERSIST"]}
I/Xposed  (14650): Droidmon-apimonitor-com.tencent.mobileqq:{"timestamp":1463830473133,"result":"FULL","class":"android.os.SystemProperties","method":"get","type":"content","args":["debug.sqlite.syncmode","FULL"]}
I/Xposed  (14670): Droidmon-apimonitor-com.tencent.mobileqq:{"timestamp":1463830473806,"result":"08:00:27:16:c6:be","class":"android.net.wifi.WifiInfo","method":"getMacAddress","type":"fingerprint","args":[]}
I/Xposed  (14670): Droidmon-apimonitor-com.tencent.mobileqq:{"timestamp":1463830473807,"result":"42502132047269","class":"android.telephony.TelephonyManager","method":"getSubscriberId","type":"fingerprint","args":[]}
I/Xposed  (14670): Droidmon-apimonitor-com.tencent.mobileqq:{"timestamp":1463830473811,"class":"javax.crypto.spec.SecretKeySpec","method":"javax.crypto.spec.SecretKeySpec","type":"crypto","args":["3dde9b18192ee23d","AES"]}
I/Xposed  (14670): Droidmon-apimonitor-com.tencent.mobileqq:{"timestamp":1463830473811,"result":"\n0x00000000 8C DE 67 C7 06 7E AC 19 09 F6 78 C5 BF 06 2C 11 ..g.......x...,.\n0x00000010 AB B7 A5 01 F9 4E 5E 3E 02 F9 91 2B ED 55 74 98 .....N^>...+.Ut.\n0x00000020 AA A8 8C 28 4F DC 5F 57 2F E1 7F 05 B8 DB CC E2 ...(O._W\/.......\n0x00000030 43 8F 40 A8 00 1D F5 8E 85 59 EE 7D E3 64 1A 13 C.@......Y.}.d..\n0x00000040 10 B9 5A 62 50 59 D6 41 58 48 BB EA F8 12 9D 4F ..ZbPY.AXH.....O\n0x00000050 47 40 7C 6E DA F4 6A 6B 9D A1 0A 23 13 0C 1C B9 G@|n..jk...#....\n0x00000060 0C 47 70 65 0C 66 74 BB 10 59 45 C7 92 4F A2 1A .Gpe.ft..YE..O..\n0x00000070 B9 73 40 9D 43 5B 79 0D 1A A7 F3 79 FC BF D4 56 .s@.C[y....y...V\n0x00000080 2F 10 0A 4B CA D7 89 28 14 09 5F 0A B7 25 AD B7 \/..K...(.._..%..\n0x00000090 52 50 A8 58 E1 64 A2 44 D6 66 FA BE 6D F4 E0 15 RP.X.d.D.f..m...\n0x000000A0 D3 35 2A A8 C0 D1 71 7F 66 33 7E 5B 7B FE 73 E5 .5*...q.f3.[{.s.\n0x000000B0 31 22 86 0C D5 DD C0 F6 86 FA E1 4F 3A 37 5C 49 1\".........O:7\\I\n0x000000C0 CF 6F 7C 64 BC B8 8F AB 2E 34 23 AD 9E 5D 3B 0F .o|d.....4#..];.\n0x000000D0 6A B6 E0 B6 14 CB 1E 2F 19 F4 75 89 74 20 CB BD j......\/..u.t...\n0x000000E0 5D CC CC F8 AE ED 18 8A FC 14 8B 77 E0 E3 B2 41 ]..........w...A\n0x000000F0 0D 8A 4C E7 A5 DA 6F 89 A9 99 26 84 C5 4F F0 64 ..L...o...&..O.d\n0x00000100 D4 EA 14 9D 42 FA 9F CC D4 07 F1 EB 9B 90 FA 46 ....B..........F\n0x00000110 0A AA 5F 3A 81 FA 2B 13 9A 20 77 33 76 A3 10 FE .._:..+...w3v...\n0x00000120 92 89 3A 9A 42 4D 62 F1 05 24 D2 CA DD 4E C3 1A ..:.BMb..$...N..","class":"javax.crypto.Cipher","method":"doFinal","type":"crypto","this":{"mode":1},"args":["\n0x00000000 1F 8B 08 00 00 00 00 00 00 00 65 8D CD 4A C3 40 ..........e..J.@\n0x00000010 14 85 13 D4 F8 D3 2C BA EA 46 84 AE 66 55 C2 9D ......,..F..fU..\n0x00000020 FF 34 3A E0 2C AC 20 34 08 95 EE DB CC 04 82 E9 .4:.,..4........\n0x00000030 C4 DA D4 BA 11 7C 00 D7 E2 13 88 3B 77 BE 5E 9D .....|.....;w.^.\n0x00000040 BA F5 5E B8 87 73 EE 07 27 08 C2 F3 EE DE E0 E2 ..^..s..'.......\n0x00000050 32 9C EE B7 76 D5 96 7F F7 25 08 C3 D3 A3 20 8C 2...v....%......\n0x00000060 22 63 DB 59 55 9F 79 DF 39 09 C2 5E 17 26 04 60 \"c.YU.y.9..^.&.`\n0x00000070 9C DF DC A5 20 A7 F4 FA 0A 1D 8B 84 EE 96 A7 22 ...............\"\n0x00000080 9A DB 59 D1 B8 D1 01 F1 01 BB 35 8B 20 7E D8 BE ..Y.......5.....\n0x00000090 6E DF 0F 73 FB BC 5E F5 F9 67 4F 3B F3 D8 54 A6 n..s..^..gO;..T.\n0x000000A0 CF 12 96 90 41 6D 9F 6C DD C7 C3 9F 6F 4D 14 E5 ....Am.l....oM..\n0x000000B0 98 71 4C 20 65 80 09 16 48 63 85 C1 0F D2 4C 31 .qL.e...Hc....L1\n0x000000C0 C2 81 60 4A 80 49 22 86 48 D3 FF B4 90 AA 68 16 ..`J.I\".H.....h.\n0x000000D0 49 6B 5D 61 5D 9B 2C 9A 79 55 DB E5 32 1B 4F 46 Ik]a].,.yU..2.OF\n0x000000E0 FE A9 00 32 22 32 2A 33 2C 33 5A 64 12 FB 30 DD ...2\"2*3,3Zd..0.\n0x000000F0 15 78 15 CA 23 52 09 C3 ED BC 28 8C C1 33 A0 50 .x..#R....(..3.P\n0x00000100 96 48 A7 5C E5 BE 8C AA 4D 55 56 48 13 AA D6 EE .H.\\....MUVH....\n0x00000110 DE 35 1B D7 79 FB 88 BF E2 5F FF 71 5B 76 3B 01 .5..y...._.q[v;.\n0x00000120 00 00                                           .."]}
I/Xposed  (14670): Droidmon-apimonitor-com.tencent.mobileqq:{"timestamp":1463830473822,"class":"java.lang.reflect.Method","method":"invoke","hooked_method":"init","hooked_class":"javax.net.ssl.SSLContext","type":"reflection","args":[[{}]]}
I/Xposed  (14670): Droidmon-apimonitor-com.tencent.mobileqq:{"timestamp":1463830473822,"result":{"sslParameters":{"keyManager":{"hash":{}},"clientSessionContext":{"sslCtxNativePointer":-1202331224,"sessionsByHostAndPort":{},"sessions":{},"timeout":0,"maximumSize":10},"enabledProtocols":["TLSv1","SSLv3"],"client_mode":true,"want_client_auth":false,"enable_session_creation":true,"serverSessionContext":{"sslCtxNativePointer":-1202310032,"timeout":0,"maximumSize":100,"sessions":{}},"trustManager":{},"need_client_auth":false}},"hooked_method":"getSocketFactory","hooked_class":"javax.net.ssl.SSLContext","args":[],"class":"java.lang.reflect.Method","method":"invoke","type":"reflection"}
D/MSF.D.QLog(14650): QLog init
I/Xposed  (14650): Droidmon-apimonitor-com.tencent.mobileqq:{"timestamp":1463830474062,"result":{"descriptor":90},"class":"libcore.io.IoBridge","method":"open","type":"file","args":["\/storage\/emulated\/0\/tencent\/msflogs\/com\/tencent\/mobileqq\/com.tencent.mobileqq.16.05.21.17.log","1089"]}
I/Xposed  (14670): Droidmon-apimonitor-com.tencent.mobileqq:{"timestamp":1463830474105,"result":{"mModified":{"querytimes":"17"},"mClear":false},"class":"android.app.SharedPreferencesImpl$EditorImpl","method":"putString","type":"globals","args":["querytimes","17"]}
I/Xposed  (14670): Droidmon-apimonitor-com.tencent.mobileqq:{"timestamp":1463830474106,"result":{"descriptor":78},"class":"libcore.io.IoBridge","method":"open","type":"file","args":["\/data\/data\/com.tencent.mobileqq\/shared_prefs\/DENGTA_META.xml","577"]}
I/DEBUG   (14214): timed out waiting for tid=14521 to stop
I/DEBUG   (14214): cannot get registers: No such process
I/DEBUG   (14214): AM write failure (32 / Broken pipe)
I/DEBUG   (14214): cannot get siginfo for 14521: No such process
I/DEBUG   (14214): ptrace detach from 14521 failed: No such process
I/DEBUG   (14214): debuggerd committing suicide to free the zombie!
F/libc    (14650): Failed while talking to debuggerd: Connection reset by peer
I/BootReceiver(  686): Copying /data/tombstones/tombstone_08 to DropBox (SYSTEM_TOMBSTONE)
F/libc    (14670): Failed while talking to debuggerd: Connection reset by peer
I/DEBUG   (14713): debuggerd: May  6 2014 11:33:51
I/ActivityManager(  686): Process com.tencent.mobileqq:MSF (pid 14670) has died.
I/ActivityManager(  686): Process com.tencent.mobileqq (pid 14650) has died.
W/ActivityManager(  686): Force removing ActivityRecord{52cfad10 u0 com.tencent.mobileqq/.activity.selectmember.SelectMemberActivity t155}: app died, no saved state
D/Zygote  (  295): Process 14670 terminated by signal (11)
W/WindowManager(  686): Rebuild removed 2 windows but added 1
W/WindowManager(  686): java.lang.RuntimeException: here
W/WindowManager(  686): 	at com.android.server.wm.WindowManagerService.rebuildAppWindowListLocked(WindowManagerService.java:8011)
W/WindowManager(  686): 	at com.android.server.wm.WindowManagerService.rebuildAppWindowListLocked(WindowManagerService.java:7947)
W/WindowManager(  686): 	at com.android.server.wm.WindowManagerService.handleAppTransitionReadyLocked(WindowManagerService.java:8430)
W/WindowManager(  686): 	at com.android.server.wm.WindowManagerService.performLayoutAndPlaceSurfacesLockedInner(WindowManagerService.java:9193)
W/WindowManager(  686): 	at com.android.server.wm.WindowManagerService.performLayoutAndPlaceSurfacesLockedLoop(WindowManagerService.java:8163)
W/WindowManager(  686): 	at com.android.server.wm.WindowManagerService.performLayoutAndPlaceSurfacesLocked(WindowManagerService.java:8105)
W/WindowManager(  686): 	at com.android.server.wm.WindowManagerService.executeAppTransition(WindowManagerService.java:3918)
W/WindowManager(  686): 	at com.android.server.am.ActivityStackSupervisor.reportResumedActivityLocked(ActivityStackSupervisor.java:2241)
W/WindowManager(  686): 	at com.android.server.am.ActivityStack.completeResumeLocked(ActivityStack.java:968)
W/WindowManager(  686): 	at com.android.server.am.ActivityStack.resumeTopActivityLocked(ActivityStack.java:1631)
W/WindowManager(  686): 	at com.android.server.am.ActivityStackSupervisor.resumeTopActivitiesLocked(ActivityStackSupervisor.java:2022)
W/WindowManager(  686): 	at com.android.server.am.ActivityStackSupervisor.resumeTopActivitiesLocked(ActivityStackSupervisor.java:2009)
W/WindowManager(  686): 	at com.android.server.am.ActivityManagerService.handleAppDiedLocked(ActivityManagerService.java:3629)
W/WindowManager(  686): 	at com.android.server.am.ActivityManagerService.appDiedLocked(ActivityManagerService.java:3751)
W/WindowManager(  686): 	at com.android.server.am.ActivityManagerService$AppDeathRecipient.binderDied(ActivityManagerService.java:1026)
W/WindowManager(  686): 	at android.os.BinderProxy.sendDeathNotice(Binder.java:493)
W/WindowManager(  686): 	at dalvik.system.NativeStart.run(Native Method)
W/WindowManager(  686): This window was lost: Window{52cdff3c u0 com.tencent.mobileqq/com.tencent.mobileqq.activity.selectmember.SelectMemberActivity}
W/WindowManager(  686): mDisplayId=0 mSession=Session{52db61a8 14650:u0a10019} mClient=android.os.BinderProxy@52f109bc
W/WindowManager(  686): mOwnerUid=10019 mShowToOwnerOnly=true package=com.tencent.mobileqq appop=NONE
W/WindowManager(  686): mAttrs=WM.LayoutParams{(0,0)(fillxfill) sim=#120 ty=1 fl=#41010100 pfl=0x8 fmt=-2 wanim=0x7f0d02ce}
W/WindowManager(  686): Requested w=800 h=1184 mLayoutSeq=2300
W/WindowManager(  686): mBaseLayer=21000 mSubLayer=0 mAnimLayer=21010+0=21010 mLastLayer=21010
W/WindowManager(  686): mToken=AppWindowToken{529cb29c token=Token{52dbc2bc ActivityRecord{52cfad10 u0 com.tencent.mobileqq/.activity.selectmember.SelectMemberActivity t155}}}
W/WindowManager(  686): mRootToken=AppWindowToken{529cb29c token=Token{52dbc2bc ActivityRecord{52cfad10 u0 com.tencent.mobileqq/.activity.selectmember.SelectMemberActivity t155}}}
W/WindowManager(  686): mAppToken=AppWindowToken{529cb29c token=Token{52dbc2bc ActivityRecord{52cfad10 u0 com.tencent.mobileqq/.activity.selectmember.SelectMemberActivity t155}}}
W/WindowManager(  686): mViewVisibility=0x0 mHaveFrame=true mObscured=false
W/WindowManager(  686): mSeq=0 mSystemUiVisibility=0x0
W/WindowManager(  686): mGivenContentInsets=[0,0][0,0] mGivenVisibleInsets=[0,0][0,0]
W/WindowManager(  686): mConfiguration={1.0 ?mcc?mnc en_US ldltr sw400dp w400dp h567dp 320dpi nrml port -touch qwerty/v/v -nav/h s.5}
W/WindowManager(  686): mHasSurface=true mShownFrame=[0.0,0.0][800.0,1184.0] isReadyForDisplay()=false
W/WindowManager(  686): mFrame=[0,0][800,1184] last=[0,0][800,1184]
W/WindowManager(  686): mSystemDecorRect=[0,50][800,1184] last=[0,50][800,1184]
W/WindowManager(  686): Frames: containing=[0,0][800,1184] parent=[0,0][800,1184]
W/WindowManager(  686):     display=[0,0][800,1184] overscan=[0,0][800,1280]
W/WindowManager(  686):     content=[0,50][800,1184] visible=[0,50][800,1184]
W/WindowManager(  686):     decor=[0,50][800,1184]
W/WindowManager(  686): Cur insets: overscan=[0,0][0,0] content=[0,50][0,0] visible=[0,50][0,0]
W/WindowManager(  686): Lst insets: overscan=[0,0][0,0] content=[0,50][0,0] visible=[0,50][0,0]
W/WindowManager(  686): WindowStateAnimator{52abc790 com.tencent.mobileqq/com.tencent.mobileqq.activity.selectmember.SelectMemberActivity}:
W/WindowManager(  686):   mSurface=Surface(name=com.tencent.mobileqq/com.tencent.mobileqq.activity.selectmember.SelectMemberActivity)
W/WindowManager(  686):   mDrawState=HAS_DRAWN mLastHidden=false
W/WindowManager(  686):   Surface: shown=true layer=21010 alpha=1.0 rect=(0.0,0.0) 800.0 x 1184.0
W/WindowManager(  686): Current app token list:
V/WindowManager(  686):   Display 0
V/WindowManager(  686):   #0: Token{529f48d8 ActivityRecord{529f479c u0 com.android.launcher/com.android.launcher2.Launcher t1}}
W/WindowManager(  686): Final window list:
V/WindowManager(  686):   #0: Window{529bd710 u0 SearchPanel}
V/WindowManager(  686):   #1: Window{529cb574 u0 NavigationBar}
V/WindowManager(  686):   #2: Window{52a3a60c u0 StatusBar}
V/WindowManager(  686):   #3: Window{52a12eb0 u0 Keyguard}
V/WindowManager(  686):   #4: Window{529d8a08 u0 KeyguardScrim}
V/WindowManager(  686):   #5: Window{52d794bc u0 Application Error: com.tencent.mobileqq}
V/WindowManager(  686):   #6: Window{52a89e40 u0 Application Error: com.tencent.mobileqq}
V/WindowManager(  686):   #7: Window{52d87978 u0 Application Error: com.tencent.mobileqq}
V/WindowManager(  686):   #8: Window{52d7e150 u0 Application Error: com.tencent.mobileqq}
V/WindowManager(  686):   #9: Window{52d4e99c u0 Application Error: com.tencent.mobileqq}
V/WindowManager(  686):   #10: Window{52efbe08 u0 Application Error: com.tencent.mobileqq}
V/WindowManager(  686):   #11: Window{529903e0 u0 com.android.launcher/com.android.launcher2.Launcher}
V/WindowManager(  686):   #12: Window{529ea8a4 u0 com.android.systemui.ImageWallpaper}
I/WindowState(  686): WIN DEATH: Window{52cdff3c u0 com.tencent.mobileqq/com.tencent.mobileqq.activity.selectmember.SelectMemberActivity}
D/Zygote  (  295): Process 14650 terminated by signal (11)
E/cutils-trace(14714): Error opening trace file: No such file or directory (2)
D/gralloc_vbox86(14714): Emulator without GPU emulation detected.
D/gralloc (  294): Registering a buffer in the process that created it. This may cause memory ordering problems.
E/libEGL  (  294): called unimplemented OpenGL ES API
E/libEGL  (  294): called unimplemented OpenGL ES API
E/libEGL  (  294): called unimplemented OpenGL ES API
E/libEGL  (  294): called unimplemented OpenGL ES API
E/libEGL  (  294): called unimplemented OpenGL ES API
E/libEGL  (  294): called unimplemented OpenGL ES API
E/libEGL  (  294): called unimplemented OpenGL ES API
E/SurfaceFlinger(  294): glCheckFramebufferStatusOES error -847558455
E/SurfaceFlinger(  294): got GL_FRAMEBUFFER_COMPLETE_OES error while taking screenshot
E/libEGL  (  294): called unimplemented OpenGL ES API
E/libEGL  (  294): called unimplemented OpenGL ES API
E/libEGL  (  294): called unimplemented OpenGL ES API
W/linker  (14719): libdvm.so has text relocations. This is wasting memory and is a security risk. Please fix.
W/linker  (14719): app_process has text relocations. This is wasting memory and is a security risk. Please fix.
D/AndroidRuntime(14719): 
D/AndroidRuntime(14719): >>>>>> AndroidRuntime START com.android.internal.os.RuntimeInit <<<<<<
D/AndroidRuntime(14719): CheckJNI is OFF
E/cutils-trace(14719): Error opening trace file: No such file or directory (2)
E/memtrack(14719): Couldn't load memtrack module (No such file or directory)
E/android.os.Debug(14719): failed to load memtrack module: -2
D/AndroidRuntime(14719): Calling main entry com.android.commands.am.Am
D/AndroidRuntime(14719): Shutting down VM
I/AndroidRuntime(14719): NOTE: attach of thread 'Binder_1' failed
I/ActivityManager(  686): Force stopping com.tencent.mobileqq appid=10019 user=0: from pid 14719
I/ActivityManager(  686):   Force stopping service ServiceRecord{52f41f54 u0 com.tencent.mobileqq/.msf.service.MsfService}
W/linker  (14729): libdvm.so has text relocations. This is wasting memory and is a security risk. Please fix.
W/linker  (14729): app_process has text relocations. This is wasting memory and is a security risk. Please fix.
D/AndroidRuntime(14729): 
D/AndroidRuntime(14729): >>>>>> AndroidRuntime START com.android.internal.os.RuntimeInit <<<<<<
D/AndroidRuntime(14729): CheckJNI is OFF
E/cutils-trace(14729): Error opening trace file: No such file or directory (2)
E/memtrack(14729): Couldn't load memtrack module (No such file or directory)
E/android.os.Debug(14729): failed to load memtrack module: -2
D/AndroidRuntime(14729): Calling main entry com.android.commands.am.Am
D/gralloc (  294): Registering a buffer in the process that created it. This may cause memory ordering problems.
E/libEGL  (  294): called unimplemented OpenGL ES API
E/libEGL  (  294): called unimplemented OpenGL ES API
E/libEGL  (  294): called unimplemented OpenGL ES API
E/libEGL  (  294): called unimplemented OpenGL ES API
E/libEGL  (  294): called unimplemented OpenGL ES API
E/libEGL  (  294): called unimplemented OpenGL ES API
E/libEGL  (  294): called unimplemented OpenGL ES API
E/SurfaceFlinger(  294): glCheckFramebufferStatusOES error -847558455
E/SurfaceFlinger(  294): got GL_FRAMEBUFFER_COMPLETE_OES error while taking screenshot
E/libEGL  (  294): called unimplemented OpenGL ES API
E/libEGL  (  294): called unimplemented OpenGL ES API
E/libEGL  (  294): called unimplemented OpenGL ES API
D/AndroidRuntime(14729): Shutting down VM
I/ActivityManager(  686): START u0 {flg=0x10000000 cmp=com.tencent.mobileqq/.activity.selectmember.PhoneContactSelectActivity} from pid 14729
W/WindowManager(  686): Screenshot failure taking screenshot for (328x524) to layer 21005
I/AndroidRuntime(14729): NOTE: attach of thread 'Binder_1' failed
I/ActivityManager(  686): Start proc com.tencent.mobileqq for activity com.tencent.mobileqq/.activity.selectmember.PhoneContactSelectActivity: pid=14739 uid=10019 gids={50019, 3003, 3002, 3001, 1028, 1015}
D/JustTrustMe(14739): Hooking DefaultHTTPClient for: com.tencent.mobileqq
D/JustTrustMe(14739): Hooking DefaultHTTPClient(HttpParams) for: com.tencent.mobileqq
D/JustTrustMe(14739): Hooking DefaultHTTPClient(ClientConnectionManager, HttpParams) for: com.tencent.mobileqq
D/JustTrustMe(14739): Hooking SSLSocketFactory(String, KeyStore, String, KeyStore) for: com.tencent.mobileqq
D/JustTrustMe(14739): Hooking static SSLSocketFactory(String, KeyStore, String, KeyStore) for: com.tencent.mobileqq
D/JustTrustMe(14739): Hooking SSLSocketFactory(Socket) for: com.tencent.mobileqq
D/JustTrustMe(14739): Hooking TrustManagerFactory.getTrustManagers() for: com.tencent.mobileqq
D/JustTrustMe(14739): Hooking HttpsURLConnection.setDefaultHostnameVerifier for: com.tencent.mobileqq
D/JustTrustMe(14739): Hooking HttpsURLConnection.setSSLSocketFactory for: com.tencent.mobileqq
D/JustTrustMe(14739): Hooking HttpsURLConnection.setHostnameVerifier for: com.tencent.mobileqq
D/JustTrustMe(14739): Hooking WebViewClient.onReceivedSslError(WebView, SslErrorHandler, SslError) for: com.tencent.mobileqq
D/JustTrustMe(14739): Hooking WebViewClient.onReceivedSslError(WebView, int, string, string) for: com.tencent.mobileqq
D/JustTrustMe(14739): Hooking com.android.org.conscrypt.TrustManagerImpl.checkServerTrusted(X509Certificate[]) for: com.tencent.mobileqq
I/Xposed  (14739): Droidmon-apimonitor-com.tencent.mobileqq:{"timestamp":1463830475738,"result":"Asia\/Calcutta","class":"android.os.SystemProperties","method":"get","type":"content","args":["persist.sys.timezone"]}
I/Xposed  (14739): Droidmon-apimonitor-com.tencent.mobileqq:{"timestamp":1463830475763,"class":"dalvik.system.DexFile","method":"dalvik.system.DexFile","type":"dex","args":["\/data\/data\/com.tencent.mobileqq\/files\/classes4.jar","\/data\/data\/com.tencent.mobileqq\/app_dex\/classes4.dex","0"]}
I/Xposed  (14739): Droidmon-apimonitor-com.tencent.mobileqq:{"timestamp":1463830475764,"result":{"mCookie":-1203848992,"mFileName":"\/data\/data\/com.tencent.mobileqq\/files\/classes4.jar","guard":{}},"class":"dalvik.system.DexFile","method":"loadDex","type":"dex","args":["\/data\/data\/com.tencent.mobileqq\/files\/classes4.jar","\/data\/data\/com.tencent.mobileqq\/app_dex\/classes4.dex","0"]}
I/Xposed  (14739): Droidmon-apimonitor-com.tencent.mobileqq:{"timestamp":1463830475765,"class":"dalvik.system.DexClassLoader","method":"dalvik.system.DexClassLoader","type":"dex","args":["\/data\/data\/com.tencent.mobileqq\/files\/classes4.jar","\/data\/data\/com.tencent.mobileqq\/app_dex","\/data\/data\/com.tencent.mobileqq\/files\/classes4.jar","dalvik.system.PathClassLoader[DexPathList[[zip file \"\/system\/framework\/com.google.android.media.effects.jar\", zip file \"\/data\/app\/com.tencent.mobileqq-1.apk\"],nativeLibraryDirectories=[\/data\/app-lib\/com.tencent.mobileqq-1, \/system\/lib]]]"]}
D/BaseApplicationImpl(14739): com.tencent.mobileqq, injectHackDex=Success, cost=3 ms.
D/BaseApplicationImpl(14739): injectPatchDex enable=false, isStartup=true
D/JustTrustMe(14739): Hooking com.squareup.okhttp.CertificatePinner.check(String,List) (2.5) for: com.tencent.mobileqq
D/JustTrustMe(14739): OKHTTP 2.5 not found in com.tencent.mobileqq-- not hooking
D/JustTrustMe(14739): Hooking okhttp3.CertificatePinner.check(String,List) (3.x) for: com.tencent.mobileqq
D/JustTrustMe(14739): OKHTTP 3.x not found in com.tencent.mobileqq -- not hooking
D/JustTrustMe(14739): OKHTTP 3.x not found in com.tencent.mobileqq -- not hooking OkHostnameVerifier.verify(String, SSLSession)
D/JustTrustMe(14739): OKHTTP 3.x not found in com.tencent.mobileqq -- not hooking OkHostnameVerifier.verify(String, X509)(
I/Xposed  (14739): Droidmon-apimonitor-com.tencent.mobileqq:{"timestamp":1463830475775,"result":{"descriptor":60},"class":"libcore.io.IoBridge","method":"open","type":"file","args":["\/data\/data\/com.tencent.mobileqq\/files\/classes2.dex.MD5","0"]}
I/Xposed  (14739): Droidmon-apimonitor-com.tencent.mobileqq:{"timestamp":1463830475776,"result":{"descriptor":60},"class":"libcore.io.IoBridge","method":"open","type":"file","args":["\/data\/data\/com.tencent.mobileqq\/app_dex\/classes2\/classes2.dat","0"]}
I/Xposed  (14739): Droidmon-apimonitor-com.tencent.mobileqq:{"timestamp":1463830475777,"result":"\n0x00000000 59 32 78 68 63 33 4E 6C 63 7A 49 75 5A 47 56 34 Y2xhc3NlczIuZGV4\n0x00000010 4F 54 6B 77 4F 44 45 77 4E 44 45 30 4E 6A 4D 34 OTkwODEwNDE0NjM4\n0x00000020 4D 6A 6B 30 4F 44 49 77 4D 44 41 3D 0A          Mjk0ODIwMDA=.","class":"android.util.Base64","method":"encode","type":"generic","args":["classes2.dex99081041463829482000","0","32","0"]}
I/Xposed  (14739): Droidmon-apimonitor-com.tencent.mobileqq:{"timestamp":1463830475777,"result":"\n0x00000000 59 32 78 68 63 33 4E 6C 63 7A 49 75 5A 47 56 34 Y2xhc3NlczIuZGV4\n0x00000010 4F 54 6B 77 4F 44 45 77 4E 44 45 30 4E 6A 4D 34 OTkwODEwNDE0NjM4\n0x00000020 4D 6A 6B 30 4F 44 49 77 4D 44 41 3D 0A          Mjk0ODIwMDA=.","class":"android.util.Base64","method":"encode","type":"generic","args":["classes2.dex99081041463829482000","0"]}
I/Xposed  (14739): Droidmon-apimonitor-com.tencent.mobileqq:{"timestamp":1463830475777,"result":"Y2xhc3NlczIuZGV4OTkwODEwNDE0NjM4Mjk0ODIwMDA=\n","class":"android.util.Base64","method":"encodeToString","type":"generic","args":["classes2.dex99081041463829482000","0"]}
I/Xposed  (14739): Droidmon-apimonitor-com.tencent.mobileqq:{"timestamp":1463830475783,"class":"dalvik.system.DexFile","method":"dalvik.system.DexFile","type":"dex","args":["\/data\/data\/com.tencent.mobileqq\/files\/classes2.jar","\/data\/data\/com.tencent.mobileqq\/app_dex\/classes2\/classes2.dex","0"]}
I/Xposed  (14739): Droidmon-apimonitor-com.tencent.mobileqq:{"timestamp":1463830475784,"result":{"mCookie":-1202577232,"mFileName":"\/data\/data\/com.tencent.mobileqq\/files\/classes2.jar","guard":{}},"class":"dalvik.system.DexFile","method":"loadDex","type":"dex","args":["\/data\/data\/com.tencent.mobileqq\/files\/classes2.jar","\/data\/data\/com.tencent.mobileqq\/app_dex\/classes2\/classes2.dex","0"]}
I/Xposed  (14739): Droidmon-apimonitor-com.tencent.mobileqq:{"timestamp":1463830475784,"class":"dalvik.system.DexClassLoader","method":"dalvik.system.DexClassLoader","type":"dex","args":["\/data\/data\/com.tencent.mobileqq\/files\/classes2.jar","\/data\/data\/com.tencent.mobileqq\/app_dex\/classes2","\/data\/data\/com.tencent.mobileqq\/files\/classes2.jar","dalvik.system.PathClassLoader[DexPathList[[zip file \"\/system\/framework\/com.google.android.media.effects.jar\", zip file \"\/data\/app\/com.tencent.mobileqq-1.apk\", zip file \"\/data\/data\/com.tencent.mobileqq\/files\/classes4.jar\"],nativeLibraryDirectories=[\/data\/app-lib\/com.tencent.mobileqq-1, \/system\/lib]]]"]}
I/Xposed  (14739): Droidmon-apimonitor-com.tencent.mobileqq:{"timestamp":1463830475789,"result":"\n0x00000000 59 32 78 68 63 33 4E 6C 63 7A 49 75 5A 47 56 34 Y2xhc3NlczIuZGV4\n0x00000010 4F 54 6B 77 4F 44 45 77 4E 44 45 30 4E 6A 4D 34 OTkwODEwNDE0NjM4\n0x00000020 4D 6A 6B 30 4F 44 49 77 4D 44 41 3D 0A          Mjk0ODIwMDA=.","class":"android.util.Base64","method":"encode","type":"generic","args":["classes2.dex99081041463829482000","0","32","0"]}
I/Xposed  (14739): Droidmon-apimonitor-com.tencent.mobileqq:{"timestamp":1463830475790,"result":"\n0x00000000 59 32 78 68 63 33 4E 6C 63 7A 49 75 5A 47 56 34 Y2xhc3NlczIuZGV4\n0x00000010 4F 54 6B 77 4F 44 45 77 4E 44 45 30 4E 6A 4D 34 OTkwODEwNDE0NjM4\n0x00000020 4D 6A 6B 30 4F 44 49 77 4D 44 41 3D 0A          Mjk0ODIwMDA=.","class":"android.util.Base64","method":"encode","type":"generic","args":["classes2.dex99081041463829482000","0"]}
I/Xposed  (14739): Droidmon-apimonitor-com.tencent.mobileqq:{"timestamp":1463830475790,"result":"Y2xhc3NlczIuZGV4OTkwODEwNDE0NjM4Mjk0ODIwMDA=\n","class":"android.util.Base64","method":"encodeToString","type":"generic","args":["classes2.dex99081041463829482000","0"]}
E/DexLoadOat(14739): Success
I/Xposed  (14739): Droidmon-apimonitor-com.tencent.mobileqq:{"timestamp":1463830475791,"result":{"descriptor":64},"class":"libcore.io.IoBridge","method":"open","type":"file","args":["\/data\/data\/com.tencent.mobileqq\/files\/classes3.dex.MD5","0"]}
I/Xposed  (14739): Droidmon-apimonitor-com.tencent.mobileqq:{"timestamp":1463830475792,"result":{"descriptor":64},"class":"libcore.io.IoBridge","method":"open","type":"file","args":["\/data\/data\/com.tencent.mobileqq\/app_dex\/classes3\/classes3.dat","0"]}
I/Xposed  (14739): Droidmon-apimonitor-com.tencent.mobileqq:{"timestamp":1463830475793,"result":"\n0x00000000 59 32 78 68 63 33 4E 6C 63 7A 4D 75 5A 47 56 34 Y2xhc3NlczMuZGV4\n0x00000010 4D 54 41 31 4D 44 41 78 4F 54 49 78 4E 44 59 7A MTA1MDAxOTIxNDYz\n0x00000020 4F 44 49 35 4E 44 67 7A 4D 44 41 77 0A          ODI5NDgzMDAw.","class":"android.util.Base64","method":"encode","type":"generic","args":["classes3.dex105001921463829483000","0","33","0"]}
